HEAP DUMP BEGIN (841 objects, 427592 bytes) Sun Jul 28 00:19:32 2019
ROOT 0 (kind=<thread>, id=200000, trace=300000)
ROOT 5000022a (kind=<thread>, id=200004, trace=300001)
ROOT 5000022a (kind=<thread block>, thread=200004)
ROOT 5000023f (kind=<thread>, id=200005, trace=300000)
ROOT 5000023f (kind=<thread block>, thread=200005)
ROOT 5000023f (kind=<JNI local ref>, thread=200000, frame=0)
ROOT 500003a8 (kind=<JNI local ref>, thread=200000, frame=0)
ROOT 5000030f (kind=<JNI local ref>, thread=200000, frame=0)
ROOT 500002ec (kind=<JNI local ref>, thread=200000, frame=0)
ROOT 500002ec (kind=<JNI local ref>, thread=200000, frame=0)
ROOT 5000039b (kind=<Java stack>, thread=200000, frame=1)
ROOT 500002eb (kind=<Java stack>, thread=200000, frame=1)
ROOT 500003a1 (kind=<Java stack>, thread=200000, frame=1)
ROOT 5000039b (kind=<Java stack>, thread=200000, frame=2)
ROOT 500002eb (kind=<Java stack>, thread=200000, frame=2)
ROOT 5000039b (kind=<Java stack>, thread=200000, frame=3)
ROOT 50000208 (kind=<Java stack>, thread=200000, frame=3)
ROOT 50000208 (kind=<Java stack>, thread=200000, frame=3)
ROOT 5000039b (kind=<Java stack>, thread=200000, frame=4)
ROOT 50000208 (kind=<Java stack>, thread=200000, frame=4)
ROOT 50000208 (kind=<Java stack>, thread=200000, frame=4)
ROOT 50000512 (kind=<Java stack>, thread=200000, frame=4)
ROOT 50000530 (kind=<Java stack>, thread=200000, frame=4)
ROOT 50000518 (kind=<Java stack>, thread=200000, frame=4)
ROOT 50000216 (kind=<Java stack>, thread=200000, frame=4)
ROOT 5000022c (kind=<Java stack>, thread=200000, frame=4)
ROOT 500002ee (kind=<Java stack>, thread=200000, frame=5)
ROOT 50000208 (kind=<Java stack>, thread=200000, frame=5)
ROOT 50000208 (kind=<Java stack>, thread=200000, frame=5)
ROOT 500002eb (kind=<Java stack>, thread=200000, frame=5)
ROOT 500002ee (kind=<Java stack>, thread=200000, frame=6)
ROOT 50000208 (kind=<Java stack>, thread=200000, frame=6)
ROOT 500002ee (kind=<Java stack>, thread=200000, frame=7)
ROOT 50000208 (kind=<Java stack>, thread=200000, frame=7)
ROOT 500002ee (kind=<Java stack>, thread=200000, frame=8)
ROOT 50000240 (kind=<Java stack>, thread=200000, frame=8)
ROOT 5000023f (kind=<Java stack>, thread=200000, frame=9)
ROOT 50000241 (kind=<thread>, id=200006, trace=300000)
ROOT 50000241 (kind=<thread block>, thread=200006)
ROOT 50000242 (kind=<thread>, id=200007, trace=300000)
ROOT 50000242 (kind=<thread block>, thread=200007)
ROOT 50000243 (kind=<Java stack>, thread=200000, frame=1)
ROOT 50000244 (kind=<Java stack>, thread=200000, frame=1)
ROOT 50000243 (kind=<Java stack>, thread=200000, frame=2)
ROOT 50000242 (kind=<Java stack>, thread=200000, frame=3)
ROOT 50000245 (kind=<Java stack>, thread=200000, frame=3)
ROOT 50000246 (kind=<thread>, id=200008, trace=300000)
ROOT 50000246 (kind=<thread block>, thread=200008)
ROOT 5000026e (kind=<Java stack>, thread=200000, frame=1)
ROOT 5000026e (kind=<Java stack>, thread=200000, frame=2)
ROOT 50000246 (kind=<Java stack>, thread=200000, frame=3)
ROOT 500001cd (kind=<JNI global ref>, id=1, trace=300000)
ROOT 50000270 (kind=<JNI global ref>, id=2, trace=300000)
ROOT 50000273 (kind=<JNI global ref>, id=3, trace=300000)
ROOT 50000171 (kind=<JNI global ref>, id=4, trace=300000)
ROOT 50000038 (kind=<JNI global ref>, id=5, trace=300000)
ROOT 50000036 (kind=<JNI global ref>, id=6, trace=300000)
ROOT 50000013 (kind=<JNI global ref>, id=7, trace=300000)
ROOT 50000012 (kind=<JNI global ref>, id=8, trace=300000)
ROOT 50000011 (kind=<JNI global ref>, id=9, trace=300000)
ROOT 50000010 (kind=<JNI global ref>, id=a, trace=300000)
ROOT 5000000f (kind=<JNI global ref>, id=b, trace=300000)
ROOT 50000151 (kind=<JNI global ref>, id=c, trace=300000)
ROOT 5000000e (kind=<JNI global ref>, id=d, trace=300000)
ROOT 50000018 (kind=<JNI global ref>, id=e, trace=300000)
ROOT 5000000d (kind=<JNI global ref>, id=f, trace=300000)
ROOT 5000000c (kind=<JNI global ref>, id=10, trace=300000)
ROOT 5000000b (kind=<JNI global ref>, id=11, trace=300000)
ROOT 5000000a (kind=<JNI global ref>, id=12, trace=300000)
ROOT 50000199 (kind=<JNI global ref>, id=13, trace=300000)
ROOT 50000009 (kind=<JNI global ref>, id=14, trace=300000)
ROOT 5000007a (kind=<JNI global ref>, id=15, trace=300000)
ROOT 50000008 (kind=<JNI global ref>, id=16, trace=300000)
ROOT 50000007 (kind=<JNI global ref>, id=17, trace=300000)
ROOT 50000001 (kind=<JNI global ref>, id=18, trace=300000)
ROOT 500001a9 (kind=<JNI global ref>, id=19, trace=300000)
ROOT 50000002 (kind=<JNI global ref>, id=1a, trace=300000)
ROOT 500001d1 (kind=<JNI global ref>, id=1b, trace=300000)
ROOT 50000003 (kind=<JNI global ref>, id=1c, trace=300000)
ROOT 50000004 (kind=<JNI global ref>, id=1d, trace=300000)
ROOT 50000005 (kind=<JNI global ref>, id=1e, trace=300000)
ROOT 50000006 (kind=<JNI global ref>, id=1f, trace=300000)
ROOT 500001bc (kind=<JNI global ref>, id=20, trace=300000)
ROOT 50000014 (kind=<JNI global ref>, id=21, trace=300000)
ROOT 50000015 (kind=<JNI global ref>, id=22, trace=300000)
ROOT 50000016 (kind=<JNI global ref>, id=23, trace=300000)
ROOT 50000017 (kind=<JNI global ref>, id=24, trace=300000)
ROOT 50000019 (kind=<JNI global ref>, id=25, trace=300000)
ROOT 5000001a (kind=<JNI global ref>, id=26, trace=300000)
ROOT 5000001b (kind=<JNI global ref>, id=27, trace=300000)
ROOT 5000001c (kind=<JNI global ref>, id=28, trace=300000)
ROOT 5000001d (kind=<JNI global ref>, id=29, trace=300000)
ROOT 500000dc (kind=<JNI global ref>, id=2a, trace=300000)
ROOT 5000001e (kind=<JNI global ref>, id=2b, trace=300000)
ROOT 5000001f (kind=<JNI global ref>, id=2c, trace=300000)
ROOT 50000020 (kind=<JNI global ref>, id=2d, trace=300000)
ROOT 50000021 (kind=<JNI global ref>, id=2e, trace=300000)
ROOT 50000023 (kind=<JNI global ref>, id=2f, trace=300000)
ROOT 50000022 (kind=<JNI global ref>, id=30, trace=300000)
ROOT 50000024 (kind=<JNI global ref>, id=31, trace=300000)
ROOT 50000025 (kind=<JNI global ref>, id=32, trace=300000)
ROOT 50000051 (kind=<JNI global ref>, id=33, trace=300000)
ROOT 50000026 (kind=<JNI global ref>, id=34, trace=300000)
ROOT 50000027 (kind=<JNI global ref>, id=35, trace=300000)
ROOT 50000028 (kind=<JNI global ref>, id=36, trace=300000)
ROOT 50000029 (kind=<JNI global ref>, id=37, trace=300000)
ROOT 5000002a (kind=<JNI global ref>, id=38, trace=300000)
ROOT 50000143 (kind=<JNI global ref>, id=39, trace=300000)
ROOT 5000002b (kind=<JNI global ref>, id=3a, trace=300000)
ROOT 5000002c (kind=<JNI global ref>, id=3b, trace=300000)
ROOT 5000002d (kind=<JNI global ref>, id=3c, trace=300000)
ROOT 5000002e (kind=<JNI global ref>, id=3d, trace=300000)
ROOT 5000002f (kind=<JNI global ref>, id=3e, trace=300000)
ROOT 5000017c (kind=<JNI global ref>, id=3f, trace=300000)
ROOT 50000030 (kind=<JNI global ref>, id=40, trace=300000)
ROOT 50000031 (kind=<JNI global ref>, id=41, trace=300000)
ROOT 50000032 (kind=<JNI global ref>, id=42, trace=300000)
ROOT 50000033 (kind=<JNI global ref>, id=43, trace=300000)
ROOT 50000034 (kind=<JNI global ref>, id=44, trace=300000)
ROOT 50000035 (kind=<JNI global ref>, id=45, trace=300000)
ROOT 50000171 (kind=<JNI global ref>, id=46, trace=300000)
ROOT 50000036 (kind=<JNI global ref>, id=47, trace=300000)
ROOT 50000037 (kind=<JNI global ref>, id=48, trace=300000)
ROOT 500000cb (kind=<JNI global ref>, id=49, trace=300000)
ROOT 50000038 (kind=<JNI global ref>, id=4a, trace=300000)
ROOT 50000039 (kind=<JNI global ref>, id=4b, trace=300000)
ROOT 5000003a (kind=<JNI global ref>, id=4c, trace=300000)
ROOT 5000003b (kind=<JNI global ref>, id=4d, trace=300000)
ROOT 5000003c (kind=<JNI global ref>, id=4e, trace=300000)
ROOT 5000003d (kind=<JNI global ref>, id=4f, trace=300000)
ROOT 5000003e (kind=<JNI global ref>, id=50, trace=300000)
ROOT 50000144 (kind=<JNI global ref>, id=51, trace=300000)
ROOT 5000003f (kind=<JNI global ref>, id=52, trace=300000)
ROOT 50000040 (kind=<JNI global ref>, id=53, trace=300000)
ROOT 50000041 (kind=<JNI global ref>, id=54, trace=300000)
ROOT 500000ff (kind=<JNI global ref>, id=55, trace=300000)
ROOT 50000042 (kind=<JNI global ref>, id=56, trace=300000)
ROOT 50000043 (kind=<JNI global ref>, id=57, trace=300000)
ROOT 50000044 (kind=<JNI global ref>, id=58, trace=300000)
ROOT 5000011b (kind=<JNI global ref>, id=59, trace=300000)
ROOT 50000045 (kind=<JNI global ref>, id=5a, trace=300000)
ROOT 50000046 (kind=<JNI global ref>, id=5b, trace=300000)
ROOT 50000047 (kind=<JNI global ref>, id=5c, trace=300000)
ROOT 50000048 (kind=<JNI global ref>, id=5d, trace=300000)
ROOT 50000049 (kind=<JNI global ref>, id=5e, trace=300000)
ROOT 5000004e (kind=<JNI global ref>, id=5f, trace=300000)
ROOT 5000004a (kind=<JNI global ref>, id=60, trace=300000)
ROOT 5000004b (kind=<JNI global ref>, id=61, trace=300000)
ROOT 5000004c (kind=<JNI global ref>, id=62, trace=300000)
ROOT 5000004d (kind=<JNI global ref>, id=63, trace=300000)
ROOT 5000004f (kind=<JNI global ref>, id=64, trace=300000)
ROOT 50000050 (kind=<JNI global ref>, id=65, trace=300000)
ROOT 50000052 (kind=<JNI global ref>, id=66, trace=300000)
ROOT 50000053 (kind=<JNI global ref>, id=67, trace=300000)
ROOT 50000054 (kind=<JNI global ref>, id=68, trace=300000)
ROOT 50000055 (kind=<JNI global ref>, id=69, trace=300000)
ROOT 50000056 (kind=<JNI global ref>, id=6a, trace=300000)
ROOT 50000057 (kind=<JNI global ref>, id=6b, trace=300000)
ROOT 50000058 (kind=<JNI global ref>, id=6c, trace=300000)
ROOT 50000059 (kind=<JNI global ref>, id=6d, trace=300000)
ROOT 5000005a (kind=<JNI global ref>, id=6e, trace=300000)
ROOT 500001b6 (kind=<JNI global ref>, id=6f, trace=300000)
ROOT 5000005b (kind=<JNI global ref>, id=70, trace=300000)
ROOT 5000005c (kind=<JNI global ref>, id=71, trace=300000)
ROOT 5000005d (kind=<JNI global ref>, id=72, trace=300000)
ROOT 50000069 (kind=<JNI global ref>, id=73, trace=300000)
ROOT 5000005e (kind=<JNI global ref>, id=74, trace=300000)
ROOT 5000005f (kind=<JNI global ref>, id=75, trace=300000)
ROOT 50000139 (kind=<JNI global ref>, id=76, trace=300000)
ROOT 50000060 (kind=<JNI global ref>, id=77, trace=300000)
ROOT 50000061 (kind=<JNI global ref>, id=78, trace=300000)
ROOT 50000062 (kind=<JNI global ref>, id=79, trace=300000)
ROOT 50000063 (kind=<JNI global ref>, id=7a, trace=300000)
ROOT 50000064 (kind=<JNI global ref>, id=7b, trace=300000)
ROOT 50000065 (kind=<JNI global ref>, id=7c, trace=300000)
ROOT 50000066 (kind=<JNI global ref>, id=7d, trace=300000)
ROOT 50000067 (kind=<JNI global ref>, id=7e, trace=300000)
ROOT 50000068 (kind=<JNI global ref>, id=7f, trace=300000)
ROOT 5000006a (kind=<JNI global ref>, id=80, trace=300000)
ROOT 5000006b (kind=<JNI global ref>, id=81, trace=300000)
ROOT 5000006c (kind=<JNI global ref>, id=82, trace=300000)
ROOT 5000006d (kind=<JNI global ref>, id=83, trace=300000)
ROOT 5000006e (kind=<JNI global ref>, id=84, trace=300000)
ROOT 5000006f (kind=<JNI global ref>, id=85, trace=300000)
ROOT 500001b1 (kind=<JNI global ref>, id=86, trace=300000)
ROOT 50000070 (kind=<JNI global ref>, id=87, trace=300000)
ROOT 50000071 (kind=<JNI global ref>, id=88, trace=300000)
ROOT 50000084 (kind=<JNI global ref>, id=89, trace=300000)
ROOT 50000072 (kind=<JNI global ref>, id=8a, trace=300000)
ROOT 50000073 (kind=<JNI global ref>, id=8b, trace=300000)
ROOT 50000076 (kind=<JNI global ref>, id=8c, trace=300000)
ROOT 50000074 (kind=<JNI global ref>, id=8d, trace=300000)
ROOT 50000075 (kind=<JNI global ref>, id=8e, trace=300000)
ROOT 50000077 (kind=<JNI global ref>, id=8f, trace=300000)
ROOT 50000078 (kind=<JNI global ref>, id=90, trace=300000)
ROOT 50000079 (kind=<JNI global ref>, id=91, trace=300000)
ROOT 5000007b (kind=<JNI global ref>, id=92, trace=300000)
ROOT 5000007c (kind=<JNI global ref>, id=93, trace=300000)
ROOT 5000007d (kind=<JNI global ref>, id=94, trace=300000)
ROOT 5000007e (kind=<JNI global ref>, id=95, trace=300000)
ROOT 5000007f (kind=<JNI global ref>, id=96, trace=300000)
ROOT 50000080 (kind=<JNI global ref>, id=97, trace=300000)
ROOT 50000081 (kind=<JNI global ref>, id=98, trace=300000)
ROOT 50000136 (kind=<JNI global ref>, id=99, trace=300000)
ROOT 50000082 (kind=<JNI global ref>, id=9a, trace=300000)
ROOT 50000083 (kind=<JNI global ref>, id=9b, trace=300000)
ROOT 50000085 (kind=<JNI global ref>, id=9c, trace=300000)
ROOT 50000086 (kind=<JNI global ref>, id=9d, trace=300000)
ROOT 50000087 (kind=<JNI global ref>, id=9e, trace=300000)
ROOT 50000088 (kind=<JNI global ref>, id=9f, trace=300000)
ROOT 50000089 (kind=<JNI global ref>, id=a0, trace=300000)
ROOT 500000b4 (kind=<JNI global ref>, id=a1, trace=300000)
ROOT 5000008a (kind=<JNI global ref>, id=a2, trace=300000)
ROOT 5000008b (kind=<JNI global ref>, id=a3, trace=300000)
ROOT 5000008d (kind=<JNI global ref>, id=a4, trace=300000)
ROOT 5000008c (kind=<JNI global ref>, id=a5, trace=300000)
ROOT 5000008e (kind=<JNI global ref>, id=a6, trace=300000)
ROOT 5000008f (kind=<JNI global ref>, id=a7, trace=300000)
ROOT 50000090 (kind=<JNI global ref>, id=a8, trace=300000)
ROOT 50000091 (kind=<JNI global ref>, id=a9, trace=300000)
ROOT 50000095 (kind=<JNI global ref>, id=aa, trace=300000)
ROOT 50000092 (kind=<JNI global ref>, id=ab, trace=300000)
ROOT 50000093 (kind=<JNI global ref>, id=ac, trace=300000)
ROOT 50000094 (kind=<JNI global ref>, id=ad, trace=300000)
ROOT 50000096 (kind=<JNI global ref>, id=ae, trace=300000)
ROOT 50000097 (kind=<JNI global ref>, id=af, trace=300000)
ROOT 50000098 (kind=<JNI global ref>, id=b0, trace=300000)
ROOT 50000099 (kind=<JNI global ref>, id=b1, trace=300000)
ROOT 5000009a (kind=<JNI global ref>, id=b2, trace=300000)
ROOT 5000009b (kind=<JNI global ref>, id=b3, trace=300000)
ROOT 5000009c (kind=<JNI global ref>, id=b4, trace=300000)
ROOT 5000009d (kind=<JNI global ref>, id=b5, trace=300000)
ROOT 5000009e (kind=<JNI global ref>, id=b6, trace=300000)
ROOT 5000009f (kind=<JNI global ref>, id=b7, trace=300000)
ROOT 500000a0 (kind=<JNI global ref>, id=b8, trace=300000)
ROOT 500001b0 (kind=<JNI global ref>, id=b9, trace=300000)
ROOT 500000a1 (kind=<JNI global ref>, id=ba, trace=300000)
ROOT 500000a2 (kind=<JNI global ref>, id=bb, trace=300000)
ROOT 500000a3 (kind=<JNI global ref>, id=bc, trace=300000)
ROOT 500000a4 (kind=<JNI global ref>, id=bd, trace=300000)
ROOT 500000a5 (kind=<JNI global ref>, id=be, trace=300000)
ROOT 500000a6 (kind=<JNI global ref>, id=bf, trace=300000)
ROOT 500000a7 (kind=<JNI global ref>, id=c0, trace=300000)
ROOT 500001c1 (kind=<JNI global ref>, id=c1, trace=300000)
ROOT 500000a8 (kind=<JNI global ref>, id=c2, trace=300000)
ROOT 500000a9 (kind=<JNI global ref>, id=c3, trace=300000)
ROOT 500000aa (kind=<JNI global ref>, id=c4, trace=300000)
ROOT 500000ab (kind=<JNI global ref>, id=c5, trace=300000)
ROOT 500000ac (kind=<JNI global ref>, id=c6, trace=300000)
ROOT 500000ad (kind=<JNI global ref>, id=c7, trace=300000)
ROOT 500000ae (kind=<JNI global ref>, id=c8, trace=300000)
ROOT 500000af (kind=<JNI global ref>, id=c9, trace=300000)
ROOT 500000b0 (kind=<JNI global ref>, id=ca, trace=300000)
ROOT 500000b1 (kind=<JNI global ref>, id=cb, trace=300000)
ROOT 500000b2 (kind=<JNI global ref>, id=cc, trace=300000)
ROOT 500000b3 (kind=<JNI global ref>, id=cd, trace=300000)
ROOT 50000123 (kind=<JNI global ref>, id=ce, trace=300000)
ROOT 500000b5 (kind=<JNI global ref>, id=cf, trace=300000)
ROOT 500000b6 (kind=<JNI global ref>, id=d0, trace=300000)
ROOT 500000b7 (kind=<JNI global ref>, id=d1, trace=300000)
ROOT 500000b8 (kind=<JNI global ref>, id=d2, trace=300000)
ROOT 500000b9 (kind=<JNI global ref>, id=d3, trace=300000)
ROOT 500000ba (kind=<JNI global ref>, id=d4, trace=300000)
ROOT 500000bb (kind=<JNI global ref>, id=d5, trace=300000)
ROOT 500000bc (kind=<JNI global ref>, id=d6, trace=300000)
ROOT 500000bd (kind=<JNI global ref>, id=d7, trace=300000)
ROOT 500000be (kind=<JNI global ref>, id=d8, trace=300000)
ROOT 500000bf (kind=<JNI global ref>, id=d9, trace=300000)
ROOT 50000125 (kind=<JNI global ref>, id=da, trace=300000)
ROOT 500000c0 (kind=<JNI global ref>, id=db, trace=300000)
ROOT 500000c1 (kind=<JNI global ref>, id=dc, trace=300000)
ROOT 500000c2 (kind=<JNI global ref>, id=dd, trace=300000)
ROOT 500000c3 (kind=<JNI global ref>, id=de, trace=300000)
ROOT 500000c4 (kind=<JNI global ref>, id=df, trace=300000)
ROOT 500000d2 (kind=<JNI global ref>, id=e0, trace=300000)
ROOT 500000c5 (kind=<JNI global ref>, id=e1, trace=300000)
ROOT 500000c6 (kind=<JNI global ref>, id=e2, trace=300000)
ROOT 500000c7 (kind=<JNI global ref>, id=e3, trace=300000)
ROOT 5000016e (kind=<JNI global ref>, id=e4, trace=300000)
ROOT 500000c8 (kind=<JNI global ref>, id=e5, trace=300000)
ROOT 500000c9 (kind=<JNI global ref>, id=e6, trace=300000)
ROOT 500000ca (kind=<JNI global ref>, id=e7, trace=300000)
ROOT 500000cc (kind=<JNI global ref>, id=e8, trace=300000)
ROOT 500000cd (kind=<JNI global ref>, id=e9, trace=300000)
ROOT 500000ce (kind=<JNI global ref>, id=ea, trace=300000)
ROOT 500000cf (kind=<JNI global ref>, id=eb, trace=300000)
ROOT 500000d0 (kind=<JNI global ref>, id=ec, trace=300000)
ROOT 500000d1 (kind=<JNI global ref>, id=ed, trace=300000)
ROOT 500000d3 (kind=<JNI global ref>, id=ee, trace=300000)
ROOT 500000d5 (kind=<JNI global ref>, id=ef, trace=300000)
ROOT 500000d4 (kind=<JNI global ref>, id=f0, trace=300000)
ROOT 500000de (kind=<JNI global ref>, id=f1, trace=300000)
ROOT 500000d6 (kind=<JNI global ref>, id=f2, trace=300000)
ROOT 500000d7 (kind=<JNI global ref>, id=f3, trace=300000)
ROOT 500000d8 (kind=<JNI global ref>, id=f4, trace=300000)
ROOT 500000d9 (kind=<JNI global ref>, id=f5, trace=300000)
ROOT 500000da (kind=<JNI global ref>, id=f6, trace=300000)
ROOT 500000db (kind=<JNI global ref>, id=f7, trace=300000)
ROOT 500000dd (kind=<JNI global ref>, id=f8, trace=300000)
ROOT 500000df (kind=<JNI global ref>, id=f9, trace=300000)
ROOT 500000e0 (kind=<JNI global ref>, id=fa, trace=300000)
ROOT 500000e1 (kind=<JNI global ref>, id=fb, trace=300000)
ROOT 500000e2 (kind=<JNI global ref>, id=fc, trace=300000)
ROOT 500000e3 (kind=<JNI global ref>, id=fd, trace=300000)
ROOT 500000e4 (kind=<JNI global ref>, id=fe, trace=300000)
ROOT 500000e5 (kind=<JNI global ref>, id=ff, trace=300000)
ROOT 500000e6 (kind=<JNI global ref>, id=100, trace=300000)
ROOT 500000e7 (kind=<JNI global ref>, id=101, trace=300000)
ROOT 500000e8 (kind=<JNI global ref>, id=102, trace=300000)
ROOT 500000e9 (kind=<JNI global ref>, id=103, trace=300000)
ROOT 500000ea (kind=<JNI global ref>, id=104, trace=300000)
ROOT 500000eb (kind=<JNI global ref>, id=105, trace=300000)
ROOT 500000ec (kind=<JNI global ref>, id=106, trace=300000)
ROOT 500000ed (kind=<JNI global ref>, id=107, trace=300000)
ROOT 500000ee (kind=<JNI global ref>, id=108, trace=300000)
ROOT 500000ef (kind=<JNI global ref>, id=109, trace=300000)
ROOT 500000f0 (kind=<JNI global ref>, id=10a, trace=300000)
ROOT 500000f1 (kind=<JNI global ref>, id=10b, trace=300000)
ROOT 500000f2 (kind=<JNI global ref>, id=10c, trace=300000)
ROOT 500000f3 (kind=<JNI global ref>, id=10d, trace=300000)
ROOT 500000f4 (kind=<JNI global ref>, id=10e, trace=300000)
ROOT 500000f5 (kind=<JNI global ref>, id=10f, trace=300000)
ROOT 500000f6 (kind=<JNI global ref>, id=110, trace=300000)
ROOT 500000f7 (kind=<JNI global ref>, id=111, trace=300000)
ROOT 500000f8 (kind=<JNI global ref>, id=112, trace=300000)
ROOT 50000197 (kind=<JNI global ref>, id=113, trace=300000)
ROOT 500000f9 (kind=<JNI global ref>, id=114, trace=300000)
ROOT 500000fa (kind=<JNI global ref>, id=115, trace=300000)
ROOT 500000fb (kind=<JNI global ref>, id=116, trace=300000)
ROOT 500000fc (kind=<JNI global ref>, id=117, trace=300000)
ROOT 500000fd (kind=<JNI global ref>, id=118, trace=300000)
ROOT 500000fe (kind=<JNI global ref>, id=119, trace=300000)
ROOT 50000100 (kind=<JNI global ref>, id=11a, trace=300000)
ROOT 50000101 (kind=<JNI global ref>, id=11b, trace=300000)
ROOT 50000102 (kind=<JNI global ref>, id=11c, trace=300000)
ROOT 50000103 (kind=<JNI global ref>, id=11d, trace=300000)
ROOT 50000104 (kind=<JNI global ref>, id=11e, trace=300000)
ROOT 50000105 (kind=<JNI global ref>, id=11f, trace=300000)
ROOT 50000106 (kind=<JNI global ref>, id=120, trace=300000)
ROOT 50000107 (kind=<JNI global ref>, id=121, trace=300000)
ROOT 50000108 (kind=<JNI global ref>, id=122, trace=300000)
ROOT 50000109 (kind=<JNI global ref>, id=123, trace=300000)
ROOT 5000010a (kind=<JNI global ref>, id=124, trace=300000)
ROOT 5000010b (kind=<JNI global ref>, id=125, trace=300000)
ROOT 5000010c (kind=<JNI global ref>, id=126, trace=300000)
ROOT 5000010d (kind=<JNI global ref>, id=127, trace=300000)
ROOT 5000010e (kind=<JNI global ref>, id=128, trace=300000)
ROOT 5000010f (kind=<JNI global ref>, id=129, trace=300000)
ROOT 50000110 (kind=<JNI global ref>, id=12a, trace=300000)
ROOT 50000111 (kind=<JNI global ref>, id=12b, trace=300000)
ROOT 50000112 (kind=<JNI global ref>, id=12c, trace=300000)
ROOT 50000113 (kind=<JNI global ref>, id=12d, trace=300000)
ROOT 50000114 (kind=<JNI global ref>, id=12e, trace=300000)
ROOT 50000117 (kind=<JNI global ref>, id=12f, trace=300000)
ROOT 50000115 (kind=<JNI global ref>, id=130, trace=300000)
ROOT 50000116 (kind=<JNI global ref>, id=131, trace=300000)
ROOT 50000118 (kind=<JNI global ref>, id=132, trace=300000)
ROOT 50000119 (kind=<JNI global ref>, id=133, trace=300000)
ROOT 5000011a (kind=<JNI global ref>, id=134, trace=300000)
ROOT 5000011c (kind=<JNI global ref>, id=135, trace=300000)
ROOT 5000011d (kind=<JNI global ref>, id=136, trace=300000)
ROOT 5000011e (kind=<JNI global ref>, id=137, trace=300000)
ROOT 5000011f (kind=<JNI global ref>, id=138, trace=300000)
ROOT 50000120 (kind=<JNI global ref>, id=139, trace=300000)
ROOT 50000121 (kind=<JNI global ref>, id=13a, trace=300000)
ROOT 50000122 (kind=<JNI global ref>, id=13b, trace=300000)
ROOT 50000124 (kind=<JNI global ref>, id=13c, trace=300000)
ROOT 50000126 (kind=<JNI global ref>, id=13d, trace=300000)
ROOT 50000127 (kind=<JNI global ref>, id=13e, trace=300000)
ROOT 50000128 (kind=<JNI global ref>, id=13f, trace=300000)
ROOT 50000129 (kind=<JNI global ref>, id=140, trace=300000)
ROOT 5000012a (kind=<JNI global ref>, id=141, trace=300000)
ROOT 500001ba (kind=<JNI global ref>, id=142, trace=300000)
ROOT 5000012b (kind=<JNI global ref>, id=143, trace=300000)
ROOT 5000012c (kind=<JNI global ref>, id=144, trace=300000)
ROOT 5000012d (kind=<JNI global ref>, id=145, trace=300000)
ROOT 5000012e (kind=<JNI global ref>, id=146, trace=300000)
ROOT 5000012f (kind=<JNI global ref>, id=147, trace=300000)
ROOT 50000130 (kind=<JNI global ref>, id=148, trace=300000)
ROOT 50000131 (kind=<JNI global ref>, id=149, trace=300000)
ROOT 500001ab (kind=<JNI global ref>, id=14a, trace=300000)
ROOT 50000132 (kind=<JNI global ref>, id=14b, trace=300000)
ROOT 50000133 (kind=<JNI global ref>, id=14c, trace=300000)
ROOT 50000134 (kind=<JNI global ref>, id=14d, trace=300000)
ROOT 50000135 (kind=<JNI global ref>, id=14e, trace=300000)
ROOT 50000137 (kind=<JNI global ref>, id=14f, trace=300000)
ROOT 50000138 (kind=<JNI global ref>, id=150, trace=300000)
ROOT 5000013a (kind=<JNI global ref>, id=151, trace=300000)
ROOT 5000013b (kind=<JNI global ref>, id=152, trace=300000)
ROOT 5000013c (kind=<JNI global ref>, id=153, trace=300000)
ROOT 5000013d (kind=<JNI global ref>, id=154, trace=300000)
ROOT 500001c2 (kind=<JNI global ref>, id=155, trace=300000)
ROOT 5000013e (kind=<JNI global ref>, id=156, trace=300000)
ROOT 5000013f (kind=<JNI global ref>, id=157, trace=300000)
ROOT 50000140 (kind=<JNI global ref>, id=158, trace=300000)
ROOT 50000141 (kind=<JNI global ref>, id=159, trace=300000)
ROOT 50000142 (kind=<JNI global ref>, id=15a, trace=300000)
ROOT 50000145 (kind=<JNI global ref>, id=15b, trace=300000)
ROOT 50000146 (kind=<JNI global ref>, id=15c, trace=300000)
ROOT 50000147 (kind=<JNI global ref>, id=15d, trace=300000)
ROOT 50000148 (kind=<JNI global ref>, id=15e, trace=300000)
ROOT 50000149 (kind=<JNI global ref>, id=15f, trace=300000)
ROOT 5000014a (kind=<JNI global ref>, id=160, trace=300000)
ROOT 5000014b (kind=<JNI global ref>, id=161, trace=300000)
ROOT 5000014c (kind=<JNI global ref>, id=162, trace=300000)
ROOT 5000014d (kind=<JNI global ref>, id=163, trace=300000)
ROOT 50000150 (kind=<JNI global ref>, id=164, trace=300000)
ROOT 5000014e (kind=<JNI global ref>, id=165, trace=300000)
ROOT 5000014f (kind=<JNI global ref>, id=166, trace=300000)
ROOT 50000152 (kind=<JNI global ref>, id=167, trace=300000)
ROOT 50000153 (kind=<JNI global ref>, id=168, trace=300000)
ROOT 50000154 (kind=<JNI global ref>, id=169, trace=300000)
ROOT 50000155 (kind=<JNI global ref>, id=16a, trace=300000)
ROOT 50000156 (kind=<JNI global ref>, id=16b, trace=300000)
ROOT 50000157 (kind=<JNI global ref>, id=16c, trace=300000)
ROOT 50000158 (kind=<JNI global ref>, id=16d, trace=300000)
ROOT 50000159 (kind=<JNI global ref>, id=16e, trace=300000)
ROOT 5000015a (kind=<JNI global ref>, id=16f, trace=300000)
ROOT 5000015b (kind=<JNI global ref>, id=170, trace=300000)
ROOT 5000015c (kind=<JNI global ref>, id=171, trace=300000)
ROOT 5000015d (kind=<JNI global ref>, id=172, trace=300000)
ROOT 5000015e (kind=<JNI global ref>, id=173, trace=300000)
ROOT 5000015f (kind=<JNI global ref>, id=174, trace=300000)
ROOT 50000160 (kind=<JNI global ref>, id=175, trace=300000)
ROOT 50000161 (kind=<JNI global ref>, id=176, trace=300000)
ROOT 50000162 (kind=<JNI global ref>, id=177, trace=300000)
ROOT 50000163 (kind=<JNI global ref>, id=178, trace=300000)
ROOT 50000164 (kind=<JNI global ref>, id=179, trace=300000)
ROOT 50000165 (kind=<JNI global ref>, id=17a, trace=300000)
ROOT 50000166 (kind=<JNI global ref>, id=17b, trace=300000)
ROOT 50000167 (kind=<JNI global ref>, id=17c, trace=300000)
ROOT 50000168 (kind=<JNI global ref>, id=17d, trace=300000)
ROOT 50000169 (kind=<JNI global ref>, id=17e, trace=300000)
ROOT 5000016a (kind=<JNI global ref>, id=17f, trace=300000)
ROOT 5000016b (kind=<JNI global ref>, id=180, trace=300000)
ROOT 5000016c (kind=<JNI global ref>, id=181, trace=300000)
ROOT 5000016d (kind=<JNI global ref>, id=182, trace=300000)
ROOT 5000016f (kind=<JNI global ref>, id=183, trace=300000)
ROOT 50000170 (kind=<JNI global ref>, id=184, trace=300000)
ROOT 50000172 (kind=<JNI global ref>, id=185, trace=300000)
ROOT 50000173 (kind=<JNI global ref>, id=186, trace=300000)
ROOT 50000174 (kind=<JNI global ref>, id=187, trace=300000)
ROOT 50000179 (kind=<JNI global ref>, id=188, trace=300000)
ROOT 50000175 (kind=<JNI global ref>, id=189, trace=300000)
ROOT 50000176 (kind=<JNI global ref>, id=18a, trace=300000)
ROOT 50000177 (kind=<JNI global ref>, id=18b, trace=300000)
ROOT 50000178 (kind=<JNI global ref>, id=18c, trace=300000)
ROOT 500001bd (kind=<JNI global ref>, id=18d, trace=300000)
ROOT 5000017a (kind=<JNI global ref>, id=18e, trace=300000)
ROOT 5000017b (kind=<JNI global ref>, id=18f, trace=300000)
ROOT 5000017d (kind=<JNI global ref>, id=190, trace=300000)
ROOT 5000017e (kind=<JNI global ref>, id=191, trace=300000)
ROOT 5000017f (kind=<JNI global ref>, id=192, trace=300000)
ROOT 50000180 (kind=<JNI global ref>, id=193, trace=300000)
ROOT 50000182 (kind=<JNI global ref>, id=194, trace=300000)
ROOT 50000181 (kind=<JNI global ref>, id=195, trace=300000)
ROOT 50000183 (kind=<JNI global ref>, id=196, trace=300000)
ROOT 50000184 (kind=<JNI global ref>, id=197, trace=300000)
ROOT 50000187 (kind=<JNI global ref>, id=198, trace=300000)
ROOT 50000185 (kind=<JNI global ref>, id=199, trace=300000)
ROOT 50000186 (kind=<JNI global ref>, id=19a, trace=300000)
ROOT 50000188 (kind=<JNI global ref>, id=19b, trace=300000)
ROOT 50000189 (kind=<JNI global ref>, id=19c, trace=300000)
ROOT 5000018a (kind=<JNI global ref>, id=19d, trace=300000)
ROOT 5000018b (kind=<JNI global ref>, id=19e, trace=300000)
ROOT 5000018c (kind=<JNI global ref>, id=19f, trace=300000)
ROOT 5000018d (kind=<JNI global ref>, id=1a0, trace=300000)
ROOT 5000018e (kind=<JNI global ref>, id=1a1, trace=300000)
ROOT 5000018f (kind=<JNI global ref>, id=1a2, trace=300000)
ROOT 50000190 (kind=<JNI global ref>, id=1a3, trace=300000)
ROOT 50000191 (kind=<JNI global ref>, id=1a4, trace=300000)
ROOT 50000192 (kind=<JNI global ref>, id=1a5, trace=300000)
ROOT 50000193 (kind=<JNI global ref>, id=1a6, trace=300000)
ROOT 5000019b (kind=<JNI global ref>, id=1a7, trace=300000)
ROOT 50000194 (kind=<JNI global ref>, id=1a8, trace=300000)
ROOT 50000195 (kind=<JNI global ref>, id=1a9, trace=300000)
ROOT 50000196 (kind=<JNI global ref>, id=1aa, trace=300000)
ROOT 500001c7 (kind=<JNI global ref>, id=1ab, trace=300000)
ROOT 50000198 (kind=<JNI global ref>, id=1ac, trace=300000)
ROOT 5000019a (kind=<JNI global ref>, id=1ad, trace=300000)
ROOT 5000019c (kind=<JNI global ref>, id=1ae, trace=300000)
ROOT 5000019e (kind=<JNI global ref>, id=1af, trace=300000)
ROOT 5000019d (kind=<JNI global ref>, id=1b0, trace=300000)
ROOT 500001a2 (kind=<JNI global ref>, id=1b1, trace=300000)
ROOT 5000019f (kind=<JNI global ref>, id=1b2, trace=300000)
ROOT 500001a0 (kind=<JNI global ref>, id=1b3, trace=300000)
ROOT 500001a1 (kind=<JNI global ref>, id=1b4, trace=300000)
ROOT 500001a3 (kind=<JNI global ref>, id=1b5, trace=300000)
ROOT 500001a4 (kind=<JNI global ref>, id=1b6, trace=300000)
ROOT 500001a5 (kind=<JNI global ref>, id=1b7, trace=300000)
ROOT 500001a6 (kind=<JNI global ref>, id=1b8, trace=300000)
ROOT 500001a7 (kind=<JNI global ref>, id=1b9, trace=300000)
ROOT 500001a8 (kind=<JNI global ref>, id=1ba, trace=300000)
ROOT 500001aa (kind=<JNI global ref>, id=1bb, trace=300000)
ROOT 500001ac (kind=<JNI global ref>, id=1bc, trace=300000)
ROOT 500001af (kind=<JNI global ref>, id=1bd, trace=300000)
ROOT 500001ad (kind=<JNI global ref>, id=1be, trace=300000)
ROOT 500001ae (kind=<JNI global ref>, id=1bf, trace=300000)
ROOT 500001b2 (kind=<JNI global ref>, id=1c0, trace=300000)
ROOT 500001b3 (kind=<JNI global ref>, id=1c1, trace=300000)
ROOT 500001b4 (kind=<JNI global ref>, id=1c2, trace=300000)
ROOT 500001b5 (kind=<JNI global ref>, id=1c3, trace=300000)
ROOT 500001c4 (kind=<JNI global ref>, id=1c4, trace=300000)
ROOT 500001b7 (kind=<JNI global ref>, id=1c5, trace=300000)
ROOT 500001b8 (kind=<JNI global ref>, id=1c6, trace=300000)
ROOT 500001b9 (kind=<JNI global ref>, id=1c7, trace=300000)
ROOT 500001bb (kind=<JNI global ref>, id=1c8, trace=300000)
ROOT 500001be (kind=<JNI global ref>, id=1c9, trace=300000)
ROOT 500001bf (kind=<JNI global ref>, id=1ca, trace=300000)
ROOT 500001c0 (kind=<JNI global ref>, id=1cb, trace=300000)
ROOT 500001c5 (kind=<JNI global ref>, id=1cc, trace=300000)
ROOT 500001c3 (kind=<JNI global ref>, id=1cd, trace=300000)
ROOT 500001c6 (kind=<JNI global ref>, id=1ce, trace=300000)
ROOT 500001c8 (kind=<JNI global ref>, id=1cf, trace=300000)
ROOT 500001c9 (kind=<JNI global ref>, id=1d0, trace=300000)
ROOT 500001ca (kind=<JNI global ref>, id=1d1, trace=300000)
ROOT 500001cb (kind=<JNI global ref>, id=1d2, trace=300000)
ROOT 500001cc (kind=<JNI global ref>, id=1d3, trace=300000)
ROOT 500001cd (kind=<JNI global ref>, id=1d4, trace=300000)
ROOT 500001ce (kind=<JNI global ref>, id=1d5, trace=300000)
ROOT 500001cf (kind=<JNI global ref>, id=1d6, trace=300000)
ROOT 500001d0 (kind=<JNI global ref>, id=1d7, trace=300000)
ROOT 500001d2 (kind=<JNI global ref>, id=1d8, trace=300000)
ROOT 500001d3 (kind=<JNI global ref>, id=1d9, trace=300000)
ROOT 500001d4 (kind=<JNI global ref>, id=1da, trace=300000)
ROOT 500001d5 (kind=<JNI global ref>, id=1db, trace=300000)
ROOT 500001d6 (kind=<JNI global ref>, id=1dc, trace=300000)
ROOT 500001d7 (kind=<JNI global ref>, id=1dd, trace=300000)
ROOT 500001d8 (kind=<JNI global ref>, id=1de, trace=300000)
ROOT 500001d9 (kind=<JNI global ref>, id=1df, trace=300000)
ROOT 500001df (kind=<JNI global ref>, id=1e0, trace=300003)
ROOT 500001e0 (kind=<JNI global ref>, id=1e1, trace=300003)
ROOT 500001f1 (kind=<JNI global ref>, id=1e2, trace=300017)
ROOT 50000206 (kind=<JNI global ref>, id=1e3, trace=300022)
ROOT 50000209 (kind=<JNI global ref>, id=1e4, trace=300025)
ROOT 5000020b (kind=<JNI global ref>, id=1e5, trace=300027)
ROOT 5000020e (kind=<JNI global ref>, id=1e6, trace=300030)
ROOT 50000223 (kind=<JNI global ref>, id=1e7, trace=300051)
ROOT 50000247 (kind=<JNI global ref>, id=1e8, trace=300077)
ROOT 50000248 (kind=<JNI global ref>, id=1e9, trace=300077)
ROOT 5000024a (kind=<JNI global ref>, id=1ea, trace=300079)
ROOT 5000024c (kind=<JNI global ref>, id=1eb, trace=300081)
ROOT 50000250 (kind=<JNI global ref>, id=1ec, trace=300084)
ROOT 50000251 (kind=<JNI global ref>, id=1ed, trace=300084)
ROOT 500001f1 (kind=<JNI global ref>, id=1ee, trace=300017)
ROOT 50000252 (kind=<JNI global ref>, id=1ef, trace=300085)
ROOT 50000253 (kind=<JNI global ref>, id=1f0, trace=300086)
ROOT 50000257 (kind=<JNI global ref>, id=1f1, trace=300089)
ROOT 50000257 (kind=<JNI global ref>, id=1f2, trace=300089)
ROOT 50000259 (kind=<JNI global ref>, id=1f3, trace=300091)
ROOT 5000025a (kind=<JNI global ref>, id=1f4, trace=300092)
ROOT 5000025c (kind=<JNI global ref>, id=1f5, trace=300094)
ROOT 5000025d (kind=<JNI global ref>, id=1f6, trace=300095)
ROOT 50000261 (kind=<JNI global ref>, id=1f7, trace=300099)
ROOT 5000026a (kind=<JNI global ref>, id=1f8, trace=300106)
ROOT 5000026b (kind=<JNI global ref>, id=1f9, trace=300107)
ROOT 5000026d (kind=<JNI global ref>, id=1fa, trace=300109)
ROOT 5000026f (kind=<JNI global ref>, id=1fb, trace=300111)
ROOT 5000027c (kind=<JNI global ref>, id=1fc, trace=300118)
ROOT 5000027d (kind=<JNI global ref>, id=1fd, trace=300118)
ROOT 50000281 (kind=<JNI global ref>, id=1fe, trace=300000)
ROOT 50000298 (kind=<JNI global ref>, id=1ff, trace=300140)
ROOT 50000299 (kind=<JNI global ref>, id=200, trace=300141)
ROOT 5000029a (kind=<JNI global ref>, id=201, trace=300141)
ROOT 500002ba (kind=<JNI global ref>, id=202, trace=300151)
ROOT 500002ca (kind=<JNI global ref>, id=203, trace=300155)
ROOT 500002cb (kind=<JNI global ref>, id=204, trace=300156)
ROOT 500002cf (kind=<JNI global ref>, id=205, trace=300158)
ROOT 500002d3 (kind=<JNI global ref>, id=206, trace=300160)
ROOT 500002d4 (kind=<JNI global ref>, id=207, trace=300161)
ROOT 500002e2 (kind=<JNI global ref>, id=208, trace=300172)
ROOT 500002d4 (kind=<JNI global ref>, id=209, trace=300161)
ROOT 500002f0 (kind=<JNI global ref>, id=20a, trace=300185)
ROOT 500002f9 (kind=<JNI global ref>, id=20b, trace=300191)
ROOT 50000306 (kind=<JNI global ref>, id=20c, trace=300185)
ROOT 5000030a (kind=<JNI global ref>, id=20d, trace=300185)
ROOT 5000030b (kind=<JNI global ref>, id=20e, trace=300185)
ROOT 5000030d (kind=<JNI global ref>, id=20f, trace=300185)
ROOT 5000030f (kind=<JNI global ref>, id=210, trace=300185)
ROOT 5000031d (kind=<JNI global ref>, id=211, trace=300206)
ROOT 50000345 (kind=<JNI global ref>, id=212, trace=300217)
ROOT 5000034e (kind=<JNI global ref>, id=213, trace=300223)
ROOT 50000345 (kind=<JNI global ref>, id=214, trace=300217)
ROOT 50000351 (kind=<JNI global ref>, id=215, trace=300225)
ROOT 50000357 (kind=<JNI global ref>, id=216, trace=300000)
ROOT 50000367 (kind=<JNI global ref>, id=217, trace=300232)
ROOT 50000345 (kind=<JNI global ref>, id=218, trace=300217)
ROOT 500003f3 (kind=<JNI global ref>, id=219, trace=300275)
ROOT 500003f5 (kind=<JNI global ref>, id=21a, trace=300278)
ROOT 500003f9 (kind=<JNI global ref>, id=21b, trace=300278)
ROOT 500003f9 (kind=<JNI global ref>, id=21c, trace=300278)
ROOT 50000408 (kind=<JNI global ref>, id=21d, trace=300290)
ROOT 5000040e (kind=<JNI global ref>, id=21e, trace=300294)
ROOT 5000041d (kind=<JNI global ref>, id=21f, trace=300308)
ROOT 50000423 (kind=<JNI global ref>, id=220, trace=300309)
ROOT 50000436 (kind=<JNI global ref>, id=221, trace=300315)
ROOT 50000445 (kind=<JNI global ref>, id=222, trace=300319)
ROOT 50000467 (kind=<JNI global ref>, id=223, trace=300322)
ROOT 5000049c (kind=<JNI global ref>, id=224, trace=300350)
ROOT 5000051b (kind=<JNI global ref>, id=225, trace=300398)
ROOT 5000051c (kind=<JNI global ref>, id=226, trace=300399)
ROOT 5000051d (kind=<JNI global ref>, id=227, trace=300400)
ROOT 5000051f (kind=<JNI global ref>, id=228, trace=300402)
ROOT 50000534 (kind=<JNI global ref>, id=229, trace=300417)
ROOT 50000535 (kind=<JNI global ref>, id=22a, trace=300418)
ROOT 50000558 (kind=<JNI global ref>, id=22b, trace=300433)
ROOT 500001e5 (kind=<JNI global ref>, id=22c, trace=300437)
ROOT 500001e6 (kind=<JNI global ref>, id=22d, trace=300000)
ROOT 500001e7 (kind=<JNI global ref>, id=22e, trace=300000)
ROOT 500001e8 (kind=<JNI global ref>, id=22f, trace=300000)
ROOT 500001e9 (kind=<JNI global ref>, id=230, trace=300000)
ROOT 500001ea (kind=<JNI global ref>, id=231, trace=300000)
ROOT 50000213 (kind=<JNI global ref>, id=232, trace=300453)
ROOT 50000221 (kind=<JNI global ref>, id=233, trace=300457)
ROOT 50000226 (kind=<JNI global ref>, id=234, trace=300461)
ROOT 50000229 (kind=<JNI global ref>, id=235, trace=300462)
ROOT 5000022d (kind=<JNI global ref>, id=236, trace=300464)
ROOT 5000022e (kind=<JNI global ref>, id=237, trace=300000)
ROOT 50000230 (kind=<JNI global ref>, id=238, trace=300466)
ROOT 50000235 (kind=<JNI global ref>, id=239, trace=300469)
ROOT 50000236 (kind=<JNI global ref>, id=23a, trace=300469)
ROOT 50000274 (kind=<unknown>)
ROOT 50000275 (kind=<unknown>)
ROOT 50000276 (kind=<unknown>)
ROOT 50000277 (kind=<unknown>)
ROOT 50000278 (kind=<unknown>)
ROOT 50000279 (kind=<unknown>)
ROOT 5000027e (kind=<unknown>)
ROOT 50000283 (kind=<unknown>)
ROOT 50000284 (kind=<unknown>)
ROOT 50000286 (kind=<unknown>)
ROOT 50000288 (kind=<unknown>)
ROOT 5000028a (kind=<unknown>)
ROOT 5000028c (kind=<unknown>)
ROOT 5000028d (kind=<unknown>)
ROOT 5000028e (kind=<unknown>)
ROOT 5000028f (kind=<unknown>)
ROOT 50000290 (kind=<unknown>)
ROOT 50000291 (kind=<unknown>)
ROOT 50000292 (kind=<unknown>)
ROOT 50000293 (kind=<unknown>)
ROOT 50000294 (kind=<unknown>)
ROOT 50000295 (kind=<unknown>)
ROOT 50000296 (kind=<unknown>)
ROOT 50000297 (kind=<unknown>)
ROOT 5000029e (kind=<unknown>)
ROOT 500002a1 (kind=<unknown>)
ROOT 500002a2 (kind=<unknown>)
ROOT 500002a3 (kind=<unknown>)
ROOT 500002a5 (kind=<unknown>)
ROOT 500002a7 (kind=<unknown>)
ROOT 500002a9 (kind=<unknown>)
ROOT 500002aa (kind=<unknown>)
ROOT 500002ab (kind=<unknown>)
ROOT 500002ac (kind=<unknown>)
ROOT 500002ad (kind=<unknown>)
ROOT 500002ae (kind=<unknown>)
ROOT 500002af (kind=<unknown>)
ROOT 500002b0 (kind=<unknown>)
ROOT 500002b1 (kind=<unknown>)
ROOT 500002b2 (kind=<unknown>)
ROOT 500002b3 (kind=<unknown>)
ROOT 500002b4 (kind=<unknown>)
ROOT 500002b5 (kind=<unknown>)
ROOT 500002b6 (kind=<unknown>)
ROOT 500002b7 (kind=<unknown>)
ROOT 500002b8 (kind=<unknown>)
ROOT 500002b9 (kind=<unknown>)
ROOT 500002bb (kind=<unknown>)
ROOT 500002bc (kind=<unknown>)
ROOT 500002bd (kind=<unknown>)
ROOT 500002be (kind=<unknown>)
ROOT 500002c0 (kind=<unknown>)
ROOT 500002c1 (kind=<unknown>)
ROOT 500002c2 (kind=<unknown>)
ROOT 500002c3 (kind=<unknown>)
ROOT 500002c6 (kind=<unknown>)
ROOT 500002c7 (kind=<unknown>)
ROOT 500002c8 (kind=<unknown>)
ROOT 500002c9 (kind=<unknown>)
ROOT 500002cc (kind=<unknown>)
ROOT 500002d0 (kind=<unknown>)
ROOT 500002d1 (kind=<unknown>)
ROOT 500002d5 (kind=<unknown>)
ROOT 500002d6 (kind=<unknown>)
ROOT 500002d7 (kind=<unknown>)
ROOT 500002d8 (kind=<unknown>)
ROOT 500002d9 (kind=<unknown>)
ROOT 500002da (kind=<unknown>)
ROOT 500002db (kind=<unknown>)
ROOT 500002dc (kind=<unknown>)
ROOT 500002dd (kind=<unknown>)
ROOT 500002de (kind=<unknown>)
ROOT 500002df (kind=<unknown>)
ROOT 500002e0 (kind=<unknown>)
ROOT 500002e1 (kind=<unknown>)
ROOT 500002e3 (kind=<unknown>)
ROOT 500002e4 (kind=<unknown>)
ROOT 500002e5 (kind=<unknown>)
ROOT 500002e6 (kind=<unknown>)
ROOT 500002e7 (kind=<unknown>)
ROOT 500002e8 (kind=<unknown>)
ROOT 500002e9 (kind=<unknown>)
ROOT 500002ea (kind=<unknown>)
ROOT 500002f1 (kind=<unknown>)
ROOT 500002f2 (kind=<unknown>)
ROOT 500002f3 (kind=<unknown>)
ROOT 500002f4 (kind=<unknown>)
ROOT 500002f5 (kind=<unknown>)
ROOT 500002f6 (kind=<unknown>)
ROOT 500002f7 (kind=<unknown>)
ROOT 500002f8 (kind=<unknown>)
ROOT 500002fa (kind=<unknown>)
ROOT 500002fb (kind=<unknown>)
ROOT 500002fc (kind=<unknown>)
ROOT 500002fd (kind=<unknown>)
ROOT 500002fe (kind=<unknown>)
ROOT 500002ff (kind=<unknown>)
ROOT 50000300 (kind=<unknown>)
ROOT 50000301 (kind=<unknown>)
ROOT 50000302 (kind=<unknown>)
ROOT 50000303 (kind=<unknown>)
ROOT 50000304 (kind=<unknown>)
ROOT 50000305 (kind=<unknown>)
ROOT 50000307 (kind=<unknown>)
ROOT 50000308 (kind=<unknown>)
ROOT 50000309 (kind=<unknown>)
ROOT 5000030c (kind=<unknown>)
ROOT 5000030e (kind=<unknown>)
ROOT 50000312 (kind=<unknown>)
ROOT 50000313 (kind=<unknown>)
ROOT 50000314 (kind=<unknown>)
ROOT 50000315 (kind=<unknown>)
ROOT 50000316 (kind=<unknown>)
ROOT 50000317 (kind=<unknown>)
ROOT 50000318 (kind=<unknown>)
ROOT 50000319 (kind=<unknown>)
ROOT 5000031a (kind=<unknown>)
ROOT 5000031b (kind=<unknown>)
ROOT 5000031c (kind=<unknown>)
ROOT 5000031e (kind=<unknown>)
ROOT 5000031f (kind=<unknown>)
ROOT 50000320 (kind=<unknown>)
ROOT 50000321 (kind=<unknown>)
ROOT 50000322 (kind=<unknown>)
ROOT 50000323 (kind=<unknown>)
ROOT 50000324 (kind=<unknown>)
ROOT 50000325 (kind=<unknown>)
ROOT 50000326 (kind=<unknown>)
ROOT 50000327 (kind=<unknown>)
ROOT 50000328 (kind=<unknown>)
ROOT 50000329 (kind=<unknown>)
ROOT 5000032a (kind=<unknown>)
ROOT 5000032b (kind=<unknown>)
ROOT 5000032c (kind=<unknown>)
ROOT 5000032d (kind=<unknown>)
ROOT 5000032e (kind=<unknown>)
ROOT 5000032f (kind=<unknown>)
ROOT 50000330 (kind=<unknown>)
ROOT 50000331 (kind=<unknown>)
ROOT 50000332 (kind=<unknown>)
ROOT 50000333 (kind=<unknown>)
ROOT 50000334 (kind=<unknown>)
ROOT 50000335 (kind=<unknown>)
ROOT 50000336 (kind=<unknown>)
ROOT 50000337 (kind=<unknown>)
ROOT 50000338 (kind=<unknown>)
ROOT 5000033b (kind=<unknown>)
ROOT 5000033c (kind=<unknown>)
ROOT 5000033d (kind=<unknown>)
ROOT 5000033e (kind=<unknown>)
ROOT 50000343 (kind=<unknown>)
ROOT 50000344 (kind=<unknown>)
ROOT 50000346 (kind=<unknown>)
ROOT 50000347 (kind=<unknown>)
ROOT 50000348 (kind=<unknown>)
ROOT 50000349 (kind=<unknown>)
ROOT 5000034a (kind=<unknown>)
ROOT 5000034b (kind=<unknown>)
ROOT 5000034c (kind=<unknown>)
ROOT 5000034d (kind=<unknown>)
ROOT 5000034f (kind=<unknown>)
ROOT 50000354 (kind=<unknown>)
ROOT 50000355 (kind=<unknown>)
ROOT 5000035a (kind=<unknown>)
ROOT 5000035b (kind=<unknown>)
ROOT 5000035c (kind=<unknown>)
ROOT 5000035d (kind=<unknown>)
ROOT 5000035f (kind=<unknown>)
ROOT 50000360 (kind=<unknown>)
ROOT 50000361 (kind=<unknown>)
ROOT 50000362 (kind=<unknown>)
ROOT 50000365 (kind=<unknown>)
ROOT 50000366 (kind=<unknown>)
ROOT 50000369 (kind=<unknown>)
ROOT 5000036b (kind=<unknown>)
ROOT 5000036e (kind=<unknown>)
ROOT 5000036f (kind=<unknown>)
ROOT 50000370 (kind=<unknown>)
ROOT 50000371 (kind=<unknown>)
ROOT 50000372 (kind=<unknown>)
ROOT 50000373 (kind=<unknown>)
ROOT 50000375 (kind=<unknown>)
ROOT 50000376 (kind=<unknown>)
ROOT 50000377 (kind=<unknown>)
ROOT 50000379 (kind=<unknown>)
ROOT 5000037a (kind=<unknown>)
ROOT 5000037b (kind=<unknown>)
ROOT 50000382 (kind=<unknown>)
ROOT 50000383 (kind=<unknown>)
ROOT 50000384 (kind=<unknown>)
ROOT 50000385 (kind=<unknown>)
ROOT 50000386 (kind=<unknown>)
ROOT 50000387 (kind=<unknown>)
ROOT 50000388 (kind=<unknown>)
ROOT 50000389 (kind=<unknown>)
ROOT 5000038a (kind=<unknown>)
ROOT 5000038b (kind=<unknown>)
ROOT 5000038c (kind=<unknown>)
ROOT 5000038d (kind=<unknown>)
ROOT 5000038e (kind=<unknown>)
ROOT 5000038f (kind=<unknown>)
ROOT 50000390 (kind=<unknown>)
ROOT 50000391 (kind=<unknown>)
ROOT 50000392 (kind=<unknown>)
ROOT 50000393 (kind=<unknown>)
ROOT 50000394 (kind=<unknown>)
ROOT 50000395 (kind=<unknown>)
ROOT 50000396 (kind=<unknown>)
ROOT 50000397 (kind=<unknown>)
ROOT 50000398 (kind=<unknown>)
ROOT 50000399 (kind=<unknown>)
ROOT 5000039a (kind=<unknown>)
ROOT 5000039c (kind=<unknown>)
ROOT 5000039d (kind=<unknown>)
ROOT 5000039f (kind=<unknown>)
ROOT 500003a0 (kind=<unknown>)
ROOT 500003a2 (kind=<unknown>)
ROOT 500003a3 (kind=<unknown>)
ROOT 500003a5 (kind=<unknown>)
ROOT 500003a6 (kind=<unknown>)
ROOT 500003a7 (kind=<unknown>)
ROOT 500003a9 (kind=<unknown>)
ROOT 500003aa (kind=<unknown>)
ROOT 500003ab (kind=<unknown>)
ROOT 500003ac (kind=<unknown>)
ROOT 500003ad (kind=<unknown>)
ROOT 500003ae (kind=<unknown>)
ROOT 500003af (kind=<unknown>)
ROOT 500003b0 (kind=<unknown>)
ROOT 500003b1 (kind=<unknown>)
ROOT 500003b2 (kind=<unknown>)
ROOT 500003b3 (kind=<unknown>)
ROOT 500003b4 (kind=<unknown>)
ROOT 500003b5 (kind=<unknown>)
ROOT 500003b6 (kind=<unknown>)
ROOT 500003b7 (kind=<unknown>)
ROOT 500003b8 (kind=<unknown>)
ROOT 500003b9 (kind=<unknown>)
ROOT 500003ba (kind=<unknown>)
ROOT 500003bb (kind=<unknown>)
ROOT 500003bc (kind=<unknown>)
ROOT 50000236 (kind=<system class>, name=sun.net.sdp.SdpProvider)
ROOT 50000235 (kind=<system class>, name=sun.net.NetHooks$Provider)
ROOT 50000230 (kind=<system class>, name=java.lang.Shutdown$Lock)
ROOT 5000022d (kind=<system class>, name=sun.net.NetHooks)
ROOT 5000022e (kind=<system class>, name=java.lang.Shutdown)
ROOT 50000229 (kind=<system class>, name=java.util.ArrayList$Itr)
ROOT 50000226 (kind=<system class>, name=java.net.Proxy$Type[])
ROOT 50000221 (kind=<system class>, name=java.net.Proxy$Type)
ROOT 50000221 (kind=<system class>, name=java.net.Proxy$Type)
ROOT 50000213 (kind=<system class>, name=java.net.Proxy)
ROOT 500001e5 (kind=<system class>, name=sun.net.spi.DefaultProxySelector$3)
ROOT 50000558 (kind=<system class>, name=sun.net.spi.DefaultProxySelector$NonProxyInfo)
ROOT 50000535 (kind=<system class>, name=java.net.URI$Parser)
ROOT 50000534 (kind=<system class>, name=java.lang.Void)
ROOT 5000051f (kind=<system class>, name=java.lang.Class$MethodArray)
ROOT 5000051d (kind=<system class>, name=sun.launcher.LauncherHelper$FXHelper)
ROOT 5000051c (kind=<system class>, name=java.net.URI)
ROOT 5000049c (kind=<system class>, name=java.util.Properties$LineReader)
ROOT 50000467 (kind=<system class>, name=sun.net.NetProperties$1)
ROOT 50000445 (kind=<system class>, name=sun.net.NetProperties)
ROOT 50000436 (kind=<system class>, name=sun.net.spi.DefaultProxySelector$1)
ROOT 50000423 (kind=<system class>, name=java.lang.String[][])
ROOT 50000127 (kind=<system class>, name=java.lang.String[])
ROOT 500001e6 (kind=<system class>, name=java.io.Serializable[][])
ROOT 50000163 (kind=<system class>, name=java.io.Serializable[])
ROOT 500001e7 (kind=<system class>, name=java.lang.Comparable[][])
ROOT 5000015a (kind=<system class>, name=java.lang.Comparable[])
ROOT 500001e8 (kind=<system class>, name=java.lang.CharSequence[][])
ROOT 50000128 (kind=<system class>, name=java.lang.CharSequence[])
ROOT 500001e9 (kind=<system class>, name=java.lang.Object[][])
ROOT 50000167 (kind=<system class>, name=java.lang.Object[])
ROOT 500001ea (kind=<system class>, name=java.lang.Cloneable[])
ROOT 500001c8 (kind=<system class>, name=java.lang.Cloneable)
ROOT 5000041d (kind=<system class>, name=sun.net.spi.DefaultProxySelector)
ROOT 5000040e (kind=<system class>, name=java.net.ProxySelector)
ROOT 50000408 (kind=<system class>, name=java.net.SocksSocketImpl$3)
ROOT 500003f9 (kind=<system class>, name=java.net.SocketException)
ROOT 500003f5 (kind=<system class>, name=java.io.IOException)
ROOT 500003f3 (kind=<system class>, name=sun.misc.URLClassPath$FileLoader$1)
ROOT 50000367 (kind=<system class>, name=sun.launcher.LauncherHelper[])
ROOT 50000357 (kind=<system class>, name=sun.launcher.LauncherHelper)
ROOT 50000357 (kind=<system class>, name=sun.launcher.LauncherHelper)
ROOT 50000351 (kind=<system class>, name=java.net.Inet6Address$Inet6AddressHolder)
ROOT 5000034e (kind=<system class>, name=java.io.FileOutputStream$1)
ROOT 50000345 (kind=<system class>, name=java.net.Inet6Address)
ROOT 5000031d (kind=<system class>, name=java.net.AbstractPlainSocketImpl$1)
ROOT 5000030f (kind=<system class>, name=java.net.SocksSocketImpl)
ROOT 5000030d (kind=<system class>, name=java.net.PlainSocketImpl)
ROOT 5000030b (kind=<system class>, name=java.net.AbstractPlainSocketImpl)
ROOT 5000030a (kind=<system class>, name=java.net.SocketImpl)
ROOT 50000306 (kind=<system class>, name=java.net.SocketOptions)
ROOT 500002f9 (kind=<system class>, name=sun.usagetracker.UsageTrackerClient$3)
ROOT 500002f0 (kind=<system class>, name=java.net.SocksConsts)
ROOT 500002e2 (kind=<system class>, name=sun.usagetracker.UsageTrackerClient$4)
ROOT 500002d3 (kind=<system class>, name=sun.usagetracker.UsageTrackerClient$1)
ROOT 500002d4 (kind=<system class>, name=java.net.Inet4Address)
ROOT 500002cb (kind=<system class>, name=sun.net.util.IPAddressUtil)
ROOT 500002ca (kind=<system class>, name=java.util.concurrent.atomic.AtomicBoolean)
ROOT 500002ba (kind=<system class>, name=sun.usagetracker.UsageTrackerClient)
ROOT 500002cf (kind=<system class>, name=java.net.InetAddress[])
ROOT 500001f1 (kind=<system class>, name=java.net.InetAddress)
ROOT 5000029a (kind=<system class>, name=java.net.InetAddress$2)
ROOT 50000299 (kind=<system class>, name=sun.net.spi.nameservice.NameService)
ROOT 50000298 (kind=<system class>, name=sun.misc.PostVMInitHook$1)
ROOT 50000281 (kind=<system class>, name=sun.misc.PostVMInitHook)
ROOT 5000027d (kind=<system class>, name=java.net.Inet6AddressImpl)
ROOT 5000027c (kind=<system class>, name=java.net.InetAddressImpl)
ROOT 5000026f (kind=<system class>, name=java.lang.invoke.MethodHandleStatics$1)
ROOT 5000026d (kind=<system class>, name=java.lang.invoke.MethodHandleStatics)
ROOT 5000026b (kind=<system class>, name=java.lang.invoke.MemberName$Factory)
ROOT 5000026a (kind=<system class>, name=java.net.InetAddressImplFactory)
ROOT 50000261 (kind=<system class>, name=java.net.InetAddress$Cache$Type[])
ROOT 5000025c (kind=<system class>, name=java.net.InetAddress$Cache$Type)
ROOT 5000025d (kind=<system class>, name=java.lang.ClassValue$Version)
ROOT 5000025c (kind=<system class>, name=java.net.InetAddress$Cache$Type)
ROOT 5000025a (kind=<system class>, name=java.net.InetAddress$Cache)
ROOT 50000259 (kind=<system class>, name=java.lang.ClassValue$Identity)
ROOT 50000257 (kind=<system class>, name=java.net.InetAddress$InetAddressHolder)
ROOT 50000253 (kind=<system class>, name=java.lang.ClassValue$Entry[])
ROOT 50000252 (kind=<system class>, name=java.lang.ClassValue$Entry)
ROOT 50000252 (kind=<system class>, name=java.lang.ClassValue$Entry)
ROOT 50000251 (kind=<system class>, name=java.lang.invoke.MethodHandleImpl$4)
ROOT 50000250 (kind=<system class>, name=java.lang.ClassValue)
ROOT 5000024c (kind=<system class>, name=java.lang.invoke.MethodHandle[])
ROOT 5000018e (kind=<system class>, name=java.lang.invoke.MethodHandle)
ROOT 5000024a (kind=<system class>, name=java.lang.invoke.MethodHandleImpl$3)
ROOT 50000248 (kind=<system class>, name=java.lang.invoke.MethodHandleImpl$2)
ROOT 50000247 (kind=<system class>, name=java.util.function.Function)
ROOT 50000223 (kind=<system class>, name=java.lang.invoke.MethodHandleImpl$1)
ROOT 5000020e (kind=<system class>, name=java.lang.invoke.MethodHandleImpl)
ROOT 5000020b (kind=<system class>, name=java.net.InetAddress$1)
ROOT 50000209 (kind=<system class>, name=sun.security.action.GetBooleanAction)
ROOT 50000206 (kind=<system class>, name=java.net.InetSocketAddress$InetSocketAddressHolder)
ROOT 500001f1 (kind=<system class>, name=java.net.InetAddress)
ROOT 500001e0 (kind=<system class>, name=java.net.InetSocketAddress)
ROOT 500001df (kind=<system class>, name=java.net.SocketAddress)
ROOT 50000004 (kind=<system class>, name=java.net.Socket)
ROOT 50000005 (kind=<system class>, name=java.security.ProtectionDomain[])
ROOT 500001bf (kind=<system class>, name=java.security.ProtectionDomain)
ROOT 50000006 (kind=<system class>, name=java.lang.NoSuchMethodException)
ROOT 50000007 (kind=<system class>, name=java.lang.reflect.InvocationTargetException)
ROOT 50000008 (kind=<system class>, name=java.util.concurrent.ConcurrentHashMap$ForwardingNode)
ROOT 50000009 (kind=<system class>, name=sun.reflect.DelegatingMethodAccessorImpl)
ROOT 5000000a (kind=<system class>, name=sun.reflect.NativeMethodAccessorImpl)
ROOT 5000000b (kind=<system class>, name=sun.instrument.InstrumentationImpl$1)
ROOT 5000000c (kind=<system class>, name=java.lang.reflect.Method[])
ROOT 5000019d (kind=<system class>, name=java.lang.reflect.Method)
ROOT 5000000d (kind=<system class>, name=java.security.BasicPermissionCollection)
ROOT 5000000e (kind=<system class>, name=java.security.UnresolvedPermission)
ROOT 5000000f (kind=<system class>, name=java.security.AllPermission)
ROOT 50000010 (kind=<system class>, name=java.io.FilePermissionCollection)
ROOT 50000011 (kind=<system class>, name=java.io.FilePermission$1)
ROOT 50000012 (kind=<system class>, name=java.io.FilePermission)
ROOT 50000013 (kind=<system class>, name=sun.net.www.MessageHeader)
ROOT 50000014 (kind=<system class>, name=sun.net.www.protocol.file.FileURLConnection)
ROOT 50000015 (kind=<system class>, name=sun.net.www.URLConnection)
ROOT 50000016 (kind=<system class>, name=java.net.URLConnection)
ROOT 50000017 (kind=<system class>, name=java.security.Permissions)
ROOT 50000018 (kind=<system class>, name=java.security.PermissionCollection)
ROOT 50000019 (kind=<system class>, name=sun.nio.ByteBuffered)
ROOT 5000001a (kind=<system class>, name=java.lang.Package)
ROOT 5000001b (kind=<system class>, name=sun.misc.ASCIICaseInsensitiveComparator)
ROOT 5000001c (kind=<system class>, name=java.util.jar.Attributes$Name)
ROOT 5000001d (kind=<system class>, name=java.util.jar.Manifest$FastInputStream)
ROOT 5000001e (kind=<system class>, name=java.util.jar.Attributes)
ROOT 5000001f (kind=<system class>, name=sun.misc.URLClassPath$JarLoader$2)
ROOT 50000020 (kind=<system class>, name=sun.misc.Resource)
ROOT 50000021 (kind=<system class>, name=sun.nio.cs.ThreadLocalCoders$2)
ROOT 50000022 (kind=<system class>, name=sun.nio.cs.ThreadLocalCoders$1)
ROOT 50000023 (kind=<system class>, name=sun.nio.cs.ThreadLocalCoders$Cache)
ROOT 50000024 (kind=<system class>, name=sun.nio.cs.ThreadLocalCoders)
ROOT 50000025 (kind=<system class>, name=sun.misc.URLClassPath$FileLoader)
ROOT 50000026 (kind=<system class>, name=sun.misc.IOUtils)
ROOT 50000027 (kind=<system class>, name=sun.misc.ExtensionDependency)
ROOT 50000028 (kind=<system class>, name=java.util.LinkedList$Node)
ROOT 50000029 (kind=<system class>, name=java.util.LinkedList)
ROOT 5000002a (kind=<system class>, name=java.util.AbstractSequentialList)
ROOT 5000002b (kind=<system class>, name=java.util.zip.ZipFile$ZipFileInflaterInputStream)
ROOT 5000002c (kind=<system class>, name=java.util.zip.InflaterInputStream)
ROOT 5000002d (kind=<system class>, name=java.util.zip.ZStreamRef)
ROOT 5000002e (kind=<system class>, name=java.util.zip.Inflater)
ROOT 5000002f (kind=<system class>, name=java.util.zip.ZipFile$ZipFileInputStream)
ROOT 50000030 (kind=<system class>, name=java.util.jar.JarFile$JarFileEntry)
ROOT 50000031 (kind=<system class>, name=java.util.jar.JarEntry)
ROOT 50000032 (kind=<system class>, name=java.util.zip.ZipEntry)
ROOT 50000033 (kind=<system class>, name=sun.misc.JarIndex)
ROOT 50000034 (kind=<system class>, name=java.nio.DirectLongBufferU)
ROOT 50000035 (kind=<system class>, name=java.nio.LongBuffer)
ROOT 50000036 (kind=<system class>, name=java.nio.DirectByteBuffer)
ROOT 50000037 (kind=<system class>, name=java.nio.MappedByteBuffer)
ROOT 50000038 (kind=<system class>, name=sun.nio.ch.DirectBuffer)
ROOT 50000039 (kind=<system class>, name=sun.misc.PerfCounter$CoreCounters)
ROOT 5000003a (kind=<system class>, name=sun.misc.Perf)
ROOT 5000003b (kind=<system class>, name=sun.misc.Perf$GetPerfAction)
ROOT 5000003c (kind=<system class>, name=sun.misc.PerfCounter)
ROOT 5000003d (kind=<system class>, name=java.util.zip.ZipCoder)
ROOT 5000003e (kind=<system class>, name=java.util.ArrayDeque)
ROOT 5000003f (kind=<system class>, name=java.util.Deque)
ROOT 50000040 (kind=<system class>, name=java.util.Queue)
ROOT 50000041 (kind=<system class>, name=sun.nio.cs.UTF_16)
ROOT 50000042 (kind=<system class>, name=sun.nio.cs.UTF_16LE)
ROOT 50000043 (kind=<system class>, name=sun.nio.cs.UTF_16BE)
ROOT 50000044 (kind=<system class>, name=sun.nio.cs.ISO_8859_1)
ROOT 50000045 (kind=<system class>, name=sun.nio.cs.US_ASCII)
ROOT 50000046 (kind=<system class>, name=java.nio.charset.StandardCharsets)
ROOT 50000047 (kind=<system class>, name=java.util.jar.JavaUtilJarAccessImpl)
ROOT 50000048 (kind=<system class>, name=sun.misc.JavaUtilJarAccess)
ROOT 50000049 (kind=<system class>, name=java.util.jar.JarFile)
ROOT 5000004a (kind=<system class>, name=sun.misc.FileURLMapper)
ROOT 5000004b (kind=<system class>, name=sun.misc.URLClassPath$JarLoader$1)
ROOT 5000004c (kind=<system class>, name=java.util.zip.ZipFile$1)
ROOT 5000004d (kind=<system class>, name=sun.misc.JavaUtilZipFileAccess)
ROOT 5000004e (kind=<system class>, name=java.util.zip.ZipFile)
ROOT 5000004f (kind=<system class>, name=java.util.zip.ZipConstants)
ROOT 50000050 (kind=<system class>, name=sun.misc.URLClassPath$JarLoader)
ROOT 50000051 (kind=<system class>, name=sun.misc.URLClassPath$Loader)
ROOT 50000052 (kind=<system class>, name=sun.misc.URLClassPath$3)
ROOT 50000053 (kind=<system class>, name=sun.net.util.URLUtil)
ROOT 50000054 (kind=<system class>, name=java.net.URLClassLoader$1)
ROOT 50000055 (kind=<system class>, name=sun.instrument.TransformerManager$TransformerInfo[])
ROOT 50000056 (kind=<system class>, name=sun.instrument.TransformerManager$TransformerInfo)
ROOT 50000056 (kind=<system class>, name=sun.instrument.TransformerManager$TransformerInfo)
ROOT 50000057 (kind=<system class>, name=sun.instrument.TransformerManager)
ROOT 50000058 (kind=<system class>, name=sun.instrument.InstrumentationImpl)
ROOT 50000059 (kind=<system class>, name=java.lang.instrument.Instrumentation)
ROOT 5000005a (kind=<system class>, name=java.lang.InternalError)
ROOT 5000005b (kind=<system class>, name=java.lang.SystemClassLoaderAction)
ROOT 5000005c (kind=<system class>, name=sun.misc.Launcher$AppClassLoader$1)
ROOT 5000005d (kind=<system class>, name=sun.net.www.protocol.jar.Handler)
ROOT 5000005e (kind=<system class>, name=sun.misc.URLClassPath)
ROOT 5000005f (kind=<system class>, name=java.util.HashSet)
ROOT 50000060 (kind=<system class>, name=java.security.Principal[])
ROOT 50000061 (kind=<system class>, name=java.security.Principal)
ROOT 50000061 (kind=<system class>, name=java.security.Principal)
ROOT 50000062 (kind=<system class>, name=java.security.ProtectionDomain$Key)
ROOT 50000063 (kind=<system class>, name=java.security.ProtectionDomain$2)
ROOT 50000064 (kind=<system class>, name=sun.misc.JavaSecurityProtectionDomainAccess)
ROOT 50000065 (kind=<system class>, name=java.security.ProtectionDomain$JavaSecurityAccessImpl)
ROOT 50000066 (kind=<system class>, name=sun.misc.JavaSecurityAccess)
ROOT 50000067 (kind=<system class>, name=java.net.URL[])
ROOT 50000178 (kind=<system class>, name=java.net.URL)
ROOT 50000068 (kind=<system class>, name=sun.net.www.protocol.file.Handler)
ROOT 50000069 (kind=<system class>, name=java.net.URLStreamHandler)
ROOT 5000006a (kind=<system class>, name=java.net.Parts)
ROOT 5000006b (kind=<system class>, name=java.lang.CharacterDataLatin1)
ROOT 5000006c (kind=<system class>, name=java.lang.CharacterData)
ROOT 5000006d (kind=<system class>, name=sun.util.locale.LocaleUtils)
ROOT 5000006e (kind=<system class>, name=java.util.Locale$LocaleKey)
ROOT 5000006f (kind=<system class>, name=sun.util.locale.LocaleObjectCache$CacheEntry)
ROOT 50000070 (kind=<system class>, name=sun.util.locale.BaseLocale$Key)
ROOT 50000071 (kind=<system class>, name=sun.util.locale.BaseLocale$Cache)
ROOT 50000072 (kind=<system class>, name=sun.util.locale.BaseLocale)
ROOT 50000073 (kind=<system class>, name=java.util.concurrent.ConcurrentHashMap$EntrySetView)
ROOT 50000074 (kind=<system class>, name=java.util.concurrent.ConcurrentHashMap$ValuesView)
ROOT 50000075 (kind=<system class>, name=java.util.concurrent.ConcurrentHashMap$KeySetView)
ROOT 50000076 (kind=<system class>, name=java.util.concurrent.ConcurrentHashMap$CollectionView)
ROOT 50000077 (kind=<system class>, name=java.util.concurrent.ConcurrentHashMap$CounterCell[])
ROOT 50000078 (kind=<system class>, name=java.util.concurrent.ConcurrentHashMap$CounterCell)
ROOT 50000078 (kind=<system class>, name=java.util.concurrent.ConcurrentHashMap$CounterCell)
ROOT 50000079 (kind=<system class>, name=java.util.concurrent.ConcurrentHashMap$Node[])
ROOT 5000007a (kind=<system class>, name=java.util.concurrent.ConcurrentHashMap$Node)
ROOT 5000007a (kind=<system class>, name=java.util.concurrent.ConcurrentHashMap$Node)
ROOT 5000007b (kind=<system class>, name=java.util.concurrent.ConcurrentHashMap$Segment[])
ROOT 5000007e (kind=<system class>, name=java.util.concurrent.ConcurrentHashMap$Segment)
ROOT 5000007c (kind=<system class>, name=java.util.concurrent.locks.ReentrantLock[])
ROOT 5000007f (kind=<system class>, name=java.util.concurrent.locks.ReentrantLock)
ROOT 5000007d (kind=<system class>, name=java.util.concurrent.locks.Lock[])
ROOT 50000080 (kind=<system class>, name=java.util.concurrent.locks.Lock)
ROOT 5000007e (kind=<system class>, name=java.util.concurrent.ConcurrentHashMap$Segment)
ROOT 5000007f (kind=<system class>, name=java.util.concurrent.locks.ReentrantLock)
ROOT 50000080 (kind=<system class>, name=java.util.concurrent.locks.Lock)
ROOT 50000081 (kind=<system class>, name=java.util.concurrent.ConcurrentHashMap)
ROOT 50000082 (kind=<system class>, name=java.util.concurrent.ConcurrentMap)
ROOT 50000083 (kind=<system class>, name=java.util.Locale$Cache)
ROOT 50000084 (kind=<system class>, name=sun.util.locale.LocaleObjectCache)
ROOT 50000085 (kind=<system class>, name=java.util.Locale)
ROOT 50000086 (kind=<system class>, name=java.util.BitSet)
ROOT 50000087 (kind=<system class>, name=sun.net.www.ParseUtil)
ROOT 50000088 (kind=<system class>, name=java.io.FileInputStream$1)
ROOT 50000089 (kind=<system class>, name=java.util.HashMap$TreeNode)
ROOT 5000008a (kind=<system class>, name=java.lang.reflect.Array)
ROOT 5000008b (kind=<system class>, name=java.nio.charset.CoderResult$2)
ROOT 5000008c (kind=<system class>, name=java.nio.charset.CoderResult$1)
ROOT 5000008d (kind=<system class>, name=java.nio.charset.CoderResult$Cache)
ROOT 5000008e (kind=<system class>, name=java.nio.charset.CoderResult)
ROOT 5000008f (kind=<system class>, name=java.nio.HeapCharBuffer)
ROOT 50000090 (kind=<system class>, name=java.nio.CharBuffer)
ROOT 50000091 (kind=<system class>, name=sun.nio.cs.StreamDecoder)
ROOT 50000092 (kind=<system class>, name=java.io.FileReader)
ROOT 50000093 (kind=<system class>, name=java.io.InputStreamReader)
ROOT 50000094 (kind=<system class>, name=java.io.BufferedReader)
ROOT 50000095 (kind=<system class>, name=java.io.Reader)
ROOT 50000096 (kind=<system class>, name=java.lang.Readable)
ROOT 50000097 (kind=<system class>, name=sun.misc.MetaIndex)
ROOT 50000098 (kind=<system class>, name=java.io.File[])
ROOT 5000017a (kind=<system class>, name=java.io.File)
ROOT 50000099 (kind=<system class>, name=java.util.StringTokenizer)
ROOT 5000009a (kind=<system class>, name=sun.misc.Launcher$ExtClassLoader$1)
ROOT 5000009b (kind=<system class>, name=java.net.URLClassLoader$7)
ROOT 5000009c (kind=<system class>, name=sun.misc.JavaNetAccess)
ROOT 5000009d (kind=<system class>, name=java.util.WeakHashMap$KeySet)
ROOT 5000009e (kind=<system class>, name=java.util.Collections$SetFromMap)
ROOT 5000009f (kind=<system class>, name=java.util.WeakHashMap$Entry[])
ROOT 500000a0 (kind=<system class>, name=java.util.WeakHashMap$Entry)
ROOT 500000a0 (kind=<system class>, name=java.util.WeakHashMap$Entry)
ROOT 500000a1 (kind=<system class>, name=java.lang.ClassLoader$ParallelLoaders)
ROOT 500000a2 (kind=<system class>, name=sun.security.util.Debug)
ROOT 500000a3 (kind=<system class>, name=sun.misc.Launcher$Factory)
ROOT 500000a4 (kind=<system class>, name=java.net.URLStreamHandlerFactory)
ROOT 500000a5 (kind=<system class>, name=java.lang.Compiler$1)
ROOT 500000a6 (kind=<system class>, name=java.lang.Compiler)
ROOT 500000a7 (kind=<system class>, name=java.lang.IllegalArgumentException)
ROOT 500000a8 (kind=<system class>, name=java.lang.System$2)
ROOT 500000a9 (kind=<system class>, name=sun.misc.JavaLangAccess)
ROOT 500000aa (kind=<system class>, name=sun.misc.OSEnvironment)
ROOT 500000ab (kind=<system class>, name=java.lang.Integer[])
ROOT 50000169 (kind=<system class>, name=java.lang.Integer)
ROOT 500000ac (kind=<system class>, name=java.lang.Number[])
ROOT 5000016e (kind=<system class>, name=java.lang.Number)
ROOT 500000ad (kind=<system class>, name=java.lang.Integer$IntegerCache)
ROOT 500000ae (kind=<system class>, name=sun.misc.NativeSignalHandler)
ROOT 500000af (kind=<system class>, name=sun.misc.Signal)
ROOT 500000b0 (kind=<system class>, name=java.lang.Terminator$1)
ROOT 500000b1 (kind=<system class>, name=sun.misc.SignalHandler)
ROOT 500000b2 (kind=<system class>, name=java.lang.Terminator)
ROOT 500000b3 (kind=<system class>, name=java.lang.ClassLoader$NativeLibrary)
ROOT 500000b4 (kind=<system class>, name=java.util.LinkedHashMap$Entry)
ROOT 500000b5 (kind=<system class>, name=java.io.ExpiringCache$Entry)
ROOT 500000b6 (kind=<system class>, name=java.io.File$PathStatus[])
ROOT 500000bc (kind=<system class>, name=java.io.File$PathStatus)
ROOT 500000b7 (kind=<system class>, name=java.lang.Enum[])
ROOT 500000bd (kind=<system class>, name=java.lang.Enum)
ROOT 500000b8 (kind=<system class>, name=java.lang.ClassLoader$3)
ROOT 500000b9 (kind=<system class>, name=java.lang.StringCoding$StringEncoder)
ROOT 500000ba (kind=<system class>, name=java.nio.file.Path)
ROOT 500000bb (kind=<system class>, name=java.nio.file.Watchable)
ROOT 500000bc (kind=<system class>, name=java.io.File$PathStatus)
ROOT 500000bd (kind=<system class>, name=java.lang.Enum)
ROOT 500000be (kind=<system class>, name=java.io.ExpiringCache$1)
ROOT 500000bf (kind=<system class>, name=java.util.LinkedHashMap)
ROOT 500000c0 (kind=<system class>, name=java.io.ExpiringCache)
ROOT 500000c1 (kind=<system class>, name=java.io.UnixFileSystem)
ROOT 500000c2 (kind=<system class>, name=java.io.FileSystem)
ROOT 500000c3 (kind=<system class>, name=java.io.DefaultFileSystem)
ROOT 500000c4 (kind=<system class>, name=java.io.BufferedWriter)
ROOT 500000c5 (kind=<system class>, name=java.nio.Bits$1)
ROOT 500000c6 (kind=<system class>, name=sun.misc.JavaNioAccess)
ROOT 500000c7 (kind=<system class>, name=java.util.concurrent.atomic.AtomicLong)
ROOT 500000c8 (kind=<system class>, name=java.nio.ByteOrder)
ROOT 500000c9 (kind=<system class>, name=java.nio.Bits)
ROOT 500000ca (kind=<system class>, name=java.nio.HeapByteBuffer)
ROOT 500000cb (kind=<system class>, name=java.nio.ByteBuffer)
ROOT 500000cc (kind=<system class>, name=sun.nio.cs.UTF_8$Encoder)
ROOT 500000cd (kind=<system class>, name=java.nio.charset.CharsetEncoder)
ROOT 500000ce (kind=<system class>, name=sun.nio.cs.ArrayEncoder)
ROOT 500000cf (kind=<system class>, name=sun.security.action.GetPropertyAction)
ROOT 500000d0 (kind=<system class>, name=sun.nio.cs.StreamEncoder)
ROOT 500000d1 (kind=<system class>, name=java.io.OutputStreamWriter)
ROOT 500000d2 (kind=<system class>, name=java.io.Writer)
ROOT 500000d3 (kind=<system class>, name=java.io.BufferedOutputStream)
ROOT 500000d4 (kind=<system class>, name=java.io.PrintStream)
ROOT 500000d5 (kind=<system class>, name=java.io.FilterOutputStream)
ROOT 500000d6 (kind=<system class>, name=sun.reflect.misc.ReflectUtil)
ROOT 500000d7 (kind=<system class>, name=java.util.concurrent.atomic.AtomicReferenceFieldUpdater$AtomicReferenceFieldUpdaterImpl$1)
ROOT 500000d8 (kind=<system class>, name=java.security.PrivilegedExceptionAction)
ROOT 500000d9 (kind=<system class>, name=java.util.concurrent.atomic.AtomicReferenceFieldUpdater$AtomicReferenceFieldUpdaterImpl)
ROOT 500000da (kind=<system class>, name=java.util.concurrent.atomic.AtomicReferenceFieldUpdater)
ROOT 500000db (kind=<system class>, name=java.io.BufferedInputStream)
ROOT 500000dc (kind=<system class>, name=java.io.FilterInputStream)
ROOT 500000dd (kind=<system class>, name=java.io.FileOutputStream)
ROOT 500000de (kind=<system class>, name=java.io.OutputStream)
ROOT 500000df (kind=<system class>, name=java.io.Flushable)
ROOT 500000e0 (kind=<system class>, name=java.io.FileDescriptor$1)
ROOT 500000e1 (kind=<system class>, name=sun.misc.JavaIOFileDescriptorAccess)
ROOT 500000e2 (kind=<system class>, name=java.io.FileDescriptor)
ROOT 500000e3 (kind=<system class>, name=java.io.FileInputStream)
ROOT 500000e4 (kind=<system class>, name=sun.misc.Version)
ROOT 500000e5 (kind=<system class>, name=java.lang.Runtime)
ROOT 500000e6 (kind=<system class>, name=java.util.Hashtable$Enumerator)
ROOT 500000e7 (kind=<system class>, name=java.util.Iterator)
ROOT 500000e8 (kind=<system class>, name=java.util.Enumeration)
ROOT 500000e9 (kind=<system class>, name=java.util.Objects)
ROOT 500000ea (kind=<system class>, name=java.util.Collections$SynchronizedSet)
ROOT 500000eb (kind=<system class>, name=java.util.Collections$SynchronizedCollection)
ROOT 500000ec (kind=<system class>, name=java.util.Hashtable$EntrySet)
ROOT 500000ed (kind=<system class>, name=java.nio.charset.CodingErrorAction)
ROOT 500000ee (kind=<system class>, name=sun.nio.cs.UTF_8$Decoder)
ROOT 500000ef (kind=<system class>, name=java.nio.charset.CharsetDecoder)
ROOT 500000f0 (kind=<system class>, name=sun.nio.cs.ArrayDecoder)
ROOT 500000f1 (kind=<system class>, name=java.lang.StringCoding$StringDecoder)
ROOT 500000f2 (kind=<system class>, name=java.lang.ThreadLocal$ThreadLocalMap$Entry[])
ROOT 500000f5 (kind=<system class>, name=java.lang.ThreadLocal$ThreadLocalMap$Entry)
ROOT 500000f3 (kind=<system class>, name=java.lang.ref.WeakReference[])
ROOT 500001b0 (kind=<system class>, name=java.lang.ref.WeakReference)
ROOT 500000f4 (kind=<system class>, name=java.lang.ref.Reference[])
ROOT 500001b2 (kind=<system class>, name=java.lang.ref.Reference)
ROOT 500000f5 (kind=<system class>, name=java.lang.ThreadLocal$ThreadLocalMap$Entry)
ROOT 500000f6 (kind=<system class>, name=java.lang.ThreadLocal$ThreadLocalMap)
ROOT 500000f7 (kind=<system class>, name=java.lang.StringCoding)
ROOT 500000f8 (kind=<system class>, name=sun.reflect.DelegatingConstructorAccessorImpl)
ROOT 500000f9 (kind=<system class>, name=sun.reflect.NativeConstructorAccessorImpl)
ROOT 500000fa (kind=<system class>, name=sun.reflect.ReflectionFactory$1)
ROOT 500000fb (kind=<system class>, name=java.lang.Class$1)
ROOT 500000fc (kind=<system class>, name=java.lang.reflect.Constructor[])
ROOT 5000019c (kind=<system class>, name=java.lang.reflect.Constructor)
ROOT 500000fd (kind=<system class>, name=java.lang.reflect.Executable[])
ROOT 5000019e (kind=<system class>, name=java.lang.reflect.Executable)
ROOT 500000fe (kind=<system class>, name=sun.nio.cs.UTF_8)
ROOT 500000ff (kind=<system class>, name=sun.nio.cs.Unicode)
ROOT 50000100 (kind=<system class>, name=sun.nio.cs.HistoricallyNamedCharset)
ROOT 50000101 (kind=<system class>, name=java.util.Arrays)
ROOT 50000102 (kind=<system class>, name=java.lang.reflect.ReflectAccess)
ROOT 50000103 (kind=<system class>, name=sun.reflect.LangReflectAccess)
ROOT 50000104 (kind=<system class>, name=java.lang.reflect.Modifier)
ROOT 50000105 (kind=<system class>, name=java.lang.ClassValue$ClassValueMap)
ROOT 50000106 (kind=<system class>, name=java.util.WeakHashMap)
ROOT 50000107 (kind=<system class>, name=sun.reflect.annotation.AnnotationType)
ROOT 50000108 (kind=<system class>, name=java.lang.Class$AnnotationData)
ROOT 50000109 (kind=<system class>, name=sun.reflect.generics.repository.ClassRepository)
ROOT 5000010a (kind=<system class>, name=sun.reflect.generics.repository.GenericDeclRepository)
ROOT 5000010b (kind=<system class>, name=sun.reflect.generics.repository.AbstractRepository)
ROOT 5000010c (kind=<system class>, name=java.lang.reflect.Field[])
ROOT 500001a0 (kind=<system class>, name=java.lang.reflect.Field)
ROOT 5000010d (kind=<system class>, name=java.lang.reflect.Member[])
ROOT 500001a1 (kind=<system class>, name=java.lang.reflect.Member)
ROOT 5000010e (kind=<system class>, name=java.lang.reflect.AccessibleObject[])
ROOT 500001a2 (kind=<system class>, name=java.lang.reflect.AccessibleObject)
ROOT 5000010f (kind=<system class>, name=java.lang.Class$Atomic)
ROOT 50000110 (kind=<system class>, name=java.lang.Class$ReflectionData)
ROOT 50000111 (kind=<system class>, name=java.lang.Class$3)
ROOT 50000112 (kind=<system class>, name=java.util.concurrent.atomic.AtomicInteger)
ROOT 50000113 (kind=<system class>, name=java.lang.ThreadLocal)
ROOT 50000114 (kind=<system class>, name=sun.nio.cs.StandardCharsets$Cache)
ROOT 50000115 (kind=<system class>, name=sun.nio.cs.StandardCharsets$Classes)
ROOT 50000116 (kind=<system class>, name=sun.nio.cs.StandardCharsets$Aliases)
ROOT 50000117 (kind=<system class>, name=sun.util.PreHashedMap)
ROOT 50000118 (kind=<system class>, name=sun.nio.cs.StandardCharsets)
ROOT 50000119 (kind=<system class>, name=sun.nio.cs.FastCharsetProvider)
ROOT 5000011a (kind=<system class>, name=java.nio.charset.spi.CharsetProvider)
ROOT 5000011b (kind=<system class>, name=java.nio.charset.Charset)
ROOT 5000011c (kind=<system class>, name=java.lang.ref.Finalizer$FinalizerThread)
ROOT 5000011d (kind=<system class>, name=java.lang.Math)
ROOT 5000011e (kind=<system class>, name=java.util.Hashtable$Entry[])
ROOT 5000011f (kind=<system class>, name=java.util.Hashtable$Entry)
ROOT 5000011f (kind=<system class>, name=java.util.Hashtable$Entry)
ROOT 50000120 (kind=<system class>, name=sun.misc.VM)
ROOT 50000121 (kind=<system class>, name=java.util.HashMap$Node[])
ROOT 50000123 (kind=<system class>, name=java.util.HashMap$Node)
ROOT 50000122 (kind=<system class>, name=java.util.Map$Entry[])
ROOT 50000124 (kind=<system class>, name=java.util.Map$Entry)
ROOT 50000123 (kind=<system class>, name=java.util.HashMap$Node)
ROOT 50000124 (kind=<system class>, name=java.util.Map$Entry)
ROOT 50000125 (kind=<system class>, name=java.util.HashMap)
ROOT 50000126 (kind=<system class>, name=sun.reflect.Reflection)
ROOT 50000127 (kind=<system class>, name=java.lang.String[])
ROOT 500001cd (kind=<system class>, name=java.lang.String)
ROOT 50000128 (kind=<system class>, name=java.lang.CharSequence[])
ROOT 500001ce (kind=<system class>, name=java.lang.CharSequence)
ROOT 50000129 (kind=<system class>, name=java.lang.NoSuchMethodError)
ROOT 5000012a (kind=<system class>, name=java.lang.IncompatibleClassChangeError)
ROOT 5000012b (kind=<system class>, name=sun.misc.SharedSecrets)
ROOT 5000012c (kind=<system class>, name=java.lang.ref.Reference$1)
ROOT 5000012d (kind=<system class>, name=sun.misc.JavaLangRefAccess)
ROOT 5000012e (kind=<system class>, name=java.lang.Thread[])
ROOT 500001a9 (kind=<system class>, name=java.lang.Thread)
ROOT 5000012f (kind=<system class>, name=java.lang.Runnable[])
ROOT 500001aa (kind=<system class>, name=java.lang.Runnable)
ROOT 50000130 (kind=<system class>, name=java.lang.ref.ReferenceQueue$Lock)
ROOT 50000131 (kind=<system class>, name=java.lang.ref.ReferenceQueue$Null)
ROOT 50000132 (kind=<system class>, name=java.util.Collections$UnmodifiableRandomAccessList)
ROOT 50000133 (kind=<system class>, name=java.util.Collections$UnmodifiableList)
ROOT 50000134 (kind=<system class>, name=java.util.Collections$UnmodifiableCollection)
ROOT 50000135 (kind=<system class>, name=java.util.Collections$EmptyMap)
ROOT 50000136 (kind=<system class>, name=java.util.AbstractMap)
ROOT 50000137 (kind=<system class>, name=java.util.Collections$EmptyList)
ROOT 50000138 (kind=<system class>, name=java.util.Collections$EmptySet)
ROOT 50000139 (kind=<system class>, name=java.util.AbstractSet)
ROOT 5000013a (kind=<system class>, name=java.util.Set)
ROOT 5000013b (kind=<system class>, name=java.util.Collections)
ROOT 5000013c (kind=<system class>, name=java.util.ArrayList)
ROOT 5000013d (kind=<system class>, name=java.lang.InterruptedException)
ROOT 5000013e (kind=<system class>, name=java.lang.ref.Reference$ReferenceHandler)
ROOT 5000013f (kind=<system class>, name=java.lang.ref.Reference$Lock)
ROOT 50000140 (kind=<system class>, name=sun.reflect.ReflectionFactory)
ROOT 50000141 (kind=<system class>, name=java.util.Stack)
ROOT 50000142 (kind=<system class>, name=java.util.Vector)
ROOT 50000143 (kind=<system class>, name=java.util.AbstractList)
ROOT 50000144 (kind=<system class>, name=java.util.AbstractCollection)
ROOT 50000145 (kind=<system class>, name=java.util.RandomAccess)
ROOT 50000146 (kind=<system class>, name=java.util.List)
ROOT 50000147 (kind=<system class>, name=java.util.Collection)
ROOT 50000148 (kind=<system class>, name=java.lang.Iterable)
ROOT 50000149 (kind=<system class>, name=java.security.cert.Certificate[])
ROOT 5000014a (kind=<system class>, name=java.security.cert.Certificate)
ROOT 5000014a (kind=<system class>, name=java.security.cert.Certificate)
ROOT 5000014b (kind=<system class>, name=sun.reflect.ReflectionFactory$GetReflectionFactoryAction)
ROOT 5000014c (kind=<system class>, name=java.security.PrivilegedAction)
ROOT 5000014d (kind=<system class>, name=java.lang.reflect.ReflectPermission)
ROOT 5000014e (kind=<system class>, name=java.security.AccessController)
ROOT 5000014f (kind=<system class>, name=java.lang.RuntimePermission)
ROOT 50000150 (kind=<system class>, name=java.security.BasicPermission)
ROOT 50000151 (kind=<system class>, name=java.security.Permission)
ROOT 50000152 (kind=<system class>, name=java.security.Guard)
ROOT 50000153 (kind=<system class>, name=java.lang.StackTraceElement[])
ROOT 50000172 (kind=<system class>, name=java.lang.StackTraceElement)
ROOT 50000154 (kind=<system class>, name=java.lang.ThreadGroup[])
ROOT 500001a7 (kind=<system class>, name=java.lang.ThreadGroup)
ROOT 50000155 (kind=<system class>, name=java.lang.Thread$UncaughtExceptionHandler[])
ROOT 500001a8 (kind=<system class>, name=java.lang.Thread$UncaughtExceptionHandler)
ROOT 50000156 (kind=<system class>, name=com.sun.demo.jvmti.hprof.Tracker)
ROOT 50000157 (kind=<system class>, name=java.lang.String$CaseInsensitiveComparator)
ROOT 50000158 (kind=<system class>, name=java.util.Comparator)
ROOT 50000159 (kind=<system class>, name=java.io.ObjectStreamField[])
ROOT 5000015b (kind=<system class>, name=java.io.ObjectStreamField)
ROOT 5000015a (kind=<system class>, name=java.lang.Comparable[])
ROOT 500001cf (kind=<system class>, name=java.lang.Comparable)
ROOT 5000015b (kind=<system class>, name=java.io.ObjectStreamField)
ROOT 5000015c (kind=<system class>, name=java.lang.OutOfMemoryError[])
ROOT 500001b5 (kind=<system class>, name=java.lang.OutOfMemoryError)
ROOT 5000015d (kind=<system class>, name=java.lang.VirtualMachineError[])
ROOT 500001b6 (kind=<system class>, name=java.lang.VirtualMachineError)
ROOT 5000015e (kind=<system class>, name=java.lang.Error[])
ROOT 500001c4 (kind=<system class>, name=java.lang.Error)
ROOT 5000015f (kind=<system class>, name=java.lang.Throwable[])
ROOT 500001c5 (kind=<system class>, name=java.lang.Throwable)
ROOT 50000160 (kind=<system class>, name=java.lang.ArithmeticException)
ROOT 50000161 (kind=<system class>, name=java.lang.NullPointerException)
ROOT 50000162 (kind=<system class>, name=java.lang.Class[])
ROOT 500001c9 (kind=<system class>, name=java.lang.Class)
ROOT 50000163 (kind=<system class>, name=java.io.Serializable[])
ROOT 500001d0 (kind=<system class>, name=java.io.Serializable)
ROOT 50000164 (kind=<system class>, name=java.lang.reflect.GenericDeclaration[])
ROOT 500001cb (kind=<system class>, name=java.lang.reflect.GenericDeclaration)
ROOT 50000165 (kind=<system class>, name=java.lang.reflect.AnnotatedElement[])
ROOT 500001cc (kind=<system class>, name=java.lang.reflect.AnnotatedElement)
ROOT 50000166 (kind=<system class>, name=java.lang.reflect.Type[])
ROOT 500001ca (kind=<system class>, name=java.lang.reflect.Type)
ROOT 50000167 (kind=<system class>, name=java.lang.Object[])
ROOT 500001d1 (kind=<system class>, name=java.lang.Object)
ROOT 50000168 (kind=<system class>, name=java.lang.Long)
ROOT 50000169 (kind=<system class>, name=java.lang.Integer)
ROOT 5000016a (kind=<system class>, name=java.lang.Short)
ROOT 5000016b (kind=<system class>, name=java.lang.Byte)
ROOT 5000016c (kind=<system class>, name=java.lang.Double)
ROOT 5000016d (kind=<system class>, name=java.lang.Float)
ROOT 5000016e (kind=<system class>, name=java.lang.Number)
ROOT 5000016f (kind=<system class>, name=java.lang.Character)
ROOT 50000170 (kind=<system class>, name=java.lang.Boolean)
ROOT 50000171 (kind=<system class>, name=java.nio.Buffer)
ROOT 50000172 (kind=<system class>, name=java.lang.StackTraceElement)
ROOT 50000173 (kind=<system class>, name=java.security.CodeSource)
ROOT 50000174 (kind=<system class>, name=sun.misc.Launcher$ExtClassLoader)
ROOT 50000175 (kind=<system class>, name=sun.misc.Launcher$AppClassLoader)
ROOT 50000176 (kind=<system class>, name=sun.misc.Launcher)
ROOT 50000177 (kind=<system class>, name=java.util.jar.Manifest)
ROOT 50000178 (kind=<system class>, name=java.net.URL)
ROOT 50000179 (kind=<system class>, name=java.net.URLClassLoader)
ROOT 5000017a (kind=<system class>, name=java.io.File)
ROOT 5000017b (kind=<system class>, name=java.io.ByteArrayInputStream)
ROOT 5000017c (kind=<system class>, name=java.io.InputStream)
ROOT 5000017d (kind=<system class>, name=java.io.Closeable)
ROOT 5000017e (kind=<system class>, name=java.lang.AutoCloseable)
ROOT 5000017f (kind=<system class>, name=sun.misc.Unsafe)
ROOT 50000180 (kind=<system class>, name=java.lang.StringBuilder)
ROOT 50000181 (kind=<system class>, name=java.lang.StringBuffer)
ROOT 50000182 (kind=<system class>, name=java.lang.AbstractStringBuilder)
ROOT 50000183 (kind=<system class>, name=java.lang.Appendable)
ROOT 50000184 (kind=<system class>, name=java.lang.invoke.VolatileCallSite)
ROOT 50000185 (kind=<system class>, name=java.lang.invoke.MutableCallSite)
ROOT 50000186 (kind=<system class>, name=java.lang.invoke.ConstantCallSite)
ROOT 50000187 (kind=<system class>, name=java.lang.invoke.CallSite)
ROOT 50000188 (kind=<system class>, name=java.lang.BootstrapMethodError)
ROOT 50000189 (kind=<system class>, name=java.lang.invoke.MethodType)
ROOT 5000018a (kind=<system class>, name=java.lang.invoke.LambdaForm)
ROOT 5000018b (kind=<system class>, name=java.lang.invoke.MethodHandleNatives)
ROOT 5000018c (kind=<system class>, name=java.lang.invoke.MemberName)
ROOT 5000018d (kind=<system class>, name=java.lang.invoke.DirectMethodHandle)
ROOT 5000018e (kind=<system class>, name=java.lang.invoke.MethodHandle)
ROOT 5000018f (kind=<system class>, name=sun.reflect.CallerSensitive)
ROOT 50000190 (kind=<system class>, name=java.lang.annotation.Annotation)
ROOT 50000191 (kind=<system class>, name=sun.reflect.UnsafeStaticFieldAccessorImpl)
ROOT 50000192 (kind=<system class>, name=sun.reflect.UnsafeFieldAccessorImpl)
ROOT 50000193 (kind=<system class>, name=sun.reflect.FieldAccessorImpl)
ROOT 50000194 (kind=<system class>, name=sun.reflect.FieldAccessor)
ROOT 50000195 (kind=<system class>, name=sun.reflect.ConstantPool)
ROOT 50000196 (kind=<system class>, name=sun.reflect.DelegatingClassLoader)
ROOT 50000197 (kind=<system class>, name=sun.reflect.ConstructorAccessorImpl)
ROOT 50000198 (kind=<system class>, name=sun.reflect.ConstructorAccessor)
ROOT 50000199 (kind=<system class>, name=sun.reflect.MethodAccessorImpl)
ROOT 5000019a (kind=<system class>, name=sun.reflect.MethodAccessor)
ROOT 5000019b (kind=<system class>, name=sun.reflect.MagicAccessorImpl)
ROOT 5000019c (kind=<system class>, name=java.lang.reflect.Constructor)
ROOT 5000019d (kind=<system class>, name=java.lang.reflect.Method)
ROOT 5000019e (kind=<system class>, name=java.lang.reflect.Executable)
ROOT 5000019f (kind=<system class>, name=java.lang.reflect.Parameter)
ROOT 500001a0 (kind=<system class>, name=java.lang.reflect.Field)
ROOT 500001a1 (kind=<system class>, name=java.lang.reflect.Member)
ROOT 500001a2 (kind=<system class>, name=java.lang.reflect.AccessibleObject)
ROOT 500001a3 (kind=<system class>, name=java.util.Properties)
ROOT 500001a4 (kind=<system class>, name=java.util.Hashtable)
ROOT 500001a5 (kind=<system class>, name=java.util.Dictionary)
ROOT 500001a6 (kind=<system class>, name=java.util.Map)
ROOT 500001a7 (kind=<system class>, name=java.lang.ThreadGroup)
ROOT 500001a8 (kind=<system class>, name=java.lang.Thread$UncaughtExceptionHandler)
ROOT 500001a9 (kind=<system class>, name=java.lang.Thread)
ROOT 500001aa (kind=<system class>, name=java.lang.Runnable)
ROOT 500001ab (kind=<system class>, name=java.lang.ref.ReferenceQueue)
ROOT 500001ac (kind=<system class>, name=java.lang.ref.Finalizer)
ROOT 500001ad (kind=<system class>, name=sun.misc.Cleaner)
ROOT 500001ae (kind=<system class>, name=java.lang.ref.PhantomReference)
ROOT 500001af (kind=<system class>, name=java.lang.ref.FinalReference)
ROOT 500001b0 (kind=<system class>, name=java.lang.ref.WeakReference)
ROOT 500001b1 (kind=<system class>, name=java.lang.ref.SoftReference)
ROOT 500001b2 (kind=<system class>, name=java.lang.ref.Reference)
ROOT 500001b3 (kind=<system class>, name=java.lang.IllegalMonitorStateException)
ROOT 500001b4 (kind=<system class>, name=java.lang.StackOverflowError)
ROOT 500001b5 (kind=<system class>, name=java.lang.OutOfMemoryError)
ROOT 500001b6 (kind=<system class>, name=java.lang.VirtualMachineError)
ROOT 500001b7 (kind=<system class>, name=java.lang.ArrayStoreException)
ROOT 500001b8 (kind=<system class>, name=java.lang.ClassCastException)
ROOT 500001b9 (kind=<system class>, name=java.lang.NoClassDefFoundError)
ROOT 500001ba (kind=<system class>, name=java.lang.LinkageError)
ROOT 500001bb (kind=<system class>, name=java.lang.ClassNotFoundException)
ROOT 500001bc (kind=<system class>, name=java.lang.ReflectiveOperationException)
ROOT 500001bd (kind=<system class>, name=java.security.SecureClassLoader)
ROOT 500001be (kind=<system class>, name=java.security.AccessControlContext)
ROOT 500001bf (kind=<system class>, name=java.security.ProtectionDomain)
ROOT 500001c0 (kind=<system class>, name=java.lang.SecurityManager)
ROOT 500001c1 (kind=<system class>, name=java.lang.RuntimeException)
ROOT 500001c2 (kind=<system class>, name=java.lang.Exception)
ROOT 500001c3 (kind=<system class>, name=java.lang.ThreadDeath)
ROOT 500001c4 (kind=<system class>, name=java.lang.Error)
ROOT 500001c5 (kind=<system class>, name=java.lang.Throwable)
ROOT 500001c6 (kind=<system class>, name=java.lang.System)
ROOT 500001c7 (kind=<system class>, name=java.lang.ClassLoader)
ROOT 500001c8 (kind=<system class>, name=java.lang.Cloneable)
ROOT 500001c9 (kind=<system class>, name=java.lang.Class)
ROOT 500001ca (kind=<system class>, name=java.lang.reflect.Type)
ROOT 500001cb (kind=<system class>, name=java.lang.reflect.GenericDeclaration)
ROOT 500001cc (kind=<system class>, name=java.lang.reflect.AnnotatedElement)
ROOT 500001cd (kind=<system class>, name=java.lang.String)
ROOT 500001ce (kind=<system class>, name=java.lang.CharSequence)
ROOT 500001cf (kind=<system class>, name=java.lang.Comparable)
ROOT 500001d0 (kind=<system class>, name=java.io.Serializable)
ROOT 500001d1 (kind=<system class>, name=java.lang.Object)
ROOT 500001d2 (kind=<system class>, name=long[])
ROOT 500003bd (kind=<system class>, name=java.lang.Class)
ROOT 500001d3 (kind=<system class>, name=int[])
ROOT 500003be (kind=<system class>, name=java.lang.Class)
ROOT 500001d4 (kind=<system class>, name=short[])
ROOT 500003bf (kind=<system class>, name=java.lang.Class)
ROOT 500001d5 (kind=<system class>, name=byte[])
ROOT 500003c0 (kind=<system class>, name=java.lang.Class)
ROOT 500001d6 (kind=<system class>, name=double[])
ROOT 500003c1 (kind=<system class>, name=java.lang.Class)
ROOT 500001d7 (kind=<system class>, name=float[])
ROOT 500003c2 (kind=<system class>, name=java.lang.Class)
ROOT 500001d8 (kind=<system class>, name=char[])
ROOT 500003c3 (kind=<system class>, name=java.lang.Class)
ROOT 500001d9 (kind=<system class>, name=boolean[])
ROOT 500003c4 (kind=<system class>, name=java.lang.Class)
ROOT 5000026e (kind=<busy monitor>)
ROOT 50000244 (kind=<busy monitor>)
ROOT 500003be (kind=<unknown>)
ROOT 500003c2 (kind=<unknown>)
ROOT 500003c1 (kind=<unknown>)
ROOT 500003c0 (kind=<unknown>)
ROOT 500003c4 (kind=<unknown>)
ROOT 500003c3 (kind=<unknown>)
ROOT 500003bd (kind=<unknown>)
ROOT 500003bf (kind=<unknown>)
ROOT 500003c5 (kind=<unknown>)
ROOT 500003c4 (kind=<unknown>)
ROOT 500003c3 (kind=<unknown>)
ROOT 500003c2 (kind=<unknown>)
ROOT 500003c1 (kind=<unknown>)
ROOT 500003c0 (kind=<unknown>)
ROOT 500003bf (kind=<unknown>)
ROOT 500003be (kind=<unknown>)
ROOT 500003bd (kind=<unknown>)
ROOT 500003c5 (kind=<unknown>)
ROOT 500003c6 (kind=<unknown>)
ROOT 500003c7 (kind=<unknown>)
ROOT 500003c8 (kind=<unknown>)
ROOT 500003c9 (kind=<unknown>)
ROOT 500003ca (kind=<unknown>)
ROOT 500003cb (kind=<unknown>)
ROOT 500003cc (kind=<unknown>)
ROOT 500003cd (kind=<unknown>)
ROOT 500003ce (kind=<unknown>)
ROOT 500003cf (kind=<unknown>)
ROOT 500003d0 (kind=<unknown>)
ROOT 500003d1 (kind=<unknown>)
ROOT 500003d2 (kind=<unknown>)
ROOT 500003d3 (kind=<unknown>)
ROOT 500003d4 (kind=<unknown>)
ROOT 500003d5 (kind=<unknown>)
OBJ 500001da (sz=376, trace=300000, class=java.lang.Thread@500001a9)
OBJ 500001db (sz=376, trace=300001, class=java.lang.Thread@500001a9)
OBJ 500001dc (sz=16, trace=300002, class=java.lang.Object@500001d1)
OBJ 500001dd (sz=376, trace=300001, class=java.lang.Thread@500001a9)
OBJ 500001de (sz=16, trace=300002, class=java.lang.Object@500001d1)
OBJ 500001e1 (sz=376, trace=300001, class=java.lang.Thread@500001a9)
OBJ 500001e2 (sz=16, trace=300002, class=java.lang.Object@500001d1)
ARR 500001e3 (sz=32, trace=300004, nelems=3, elem type=java.io.ObjectStreamField[]@50000159)
	[0]		500001e4
	[1]		500001f2
	[2]		500001ff
OBJ 500001e4 (sz=40, trace=300005, class=java.io.ObjectStreamField@5000015b)
	name		5000101c
	signature	5000097b
	type		500001cd
OBJ 500001eb (sz=16, trace=300238, class=java.lang.Object@500001d1)
OBJ 500001ec (sz=32, trace=300239, class=java.util.concurrent.ConcurrentHashMap$Node@5000007a)
	key		50000723
	val		500001eb
ARR 500001ed (sz=272, trace=300438, nelems=59, elem type=java.util.concurrent.ConcurrentHashMap$Node[]@50000079)
	[0]		50000fc5
	[2]		50000fc6
	[6]		50000fc7
	[13]		500001f0
	[21]		500001ef
	[22]		50000fc8
	[23]		50000fc9
	[25]		50000fca
	[27]		50000fcb
	[32]		50000215
	[36]		50000fcc
	[38]		500001f4
	[43]		50000fcd
	[44]		50000fce
	[45]		50000fcf
	[46]		50000fd0
	[47]		50000fd1
	[50]		50000fd2
	[53]		5000052f
	[58]		50000fd3
OBJ 500001ee (sz=32, trace=300439, class=java.util.concurrent.ConcurrentHashMap$ForwardingNode@50000008)
OBJ 500001ef (sz=32, trace=300440, class=java.util.concurrent.ConcurrentHashMap$Node@5000007a)
	key		50000753
	val		50000fe2
OBJ 500001f0 (sz=32, trace=300440, class=java.util.concurrent.ConcurrentHashMap$Node@5000007a)
	key		50000756
	val		50000fe3
OBJ 500001f2 (sz=40, trace=300018, class=java.io.ObjectStreamField@5000015b)
	name		5000101d
	signature	500001fd
	type		500001f1
OBJ 500001f3 (sz=32, trace=300441, class=java.util.concurrent.ConcurrentHashMap$Node@5000007a)
	key		5000073d
	val		50000fdc
OBJ 500001f4 (sz=32, trace=300441, class=java.util.concurrent.ConcurrentHashMap$Node@5000007a)
	key		5000073a
	val		50000fdb
	next		500001f3
OBJ 500001f5 (sz=16, trace=300240, class=java.lang.Object@500001d1)
OBJ 500001f6 (sz=32, trace=300239, class=java.util.concurrent.ConcurrentHashMap$Node@5000007a)
	key		50000723
	val		500001f5
ARR 500001f7 (sz=272, trace=300438, nelems=59, elem type=java.util.concurrent.ConcurrentHashMap$Node[]@50000079)
	[0]		50000711
	[2]		50000712
	[6]		50000713
	[13]		500001fa
	[21]		500001f9
	[22]		50000714
	[23]		50000715
	[25]		50000716
	[27]		50000717
	[32]		5000021c
	[36]		50000718
	[38]		500001fc
	[43]		50000719
	[44]		5000071a
	[45]		5000071b
	[46]		5000071c
	[47]		5000071d
	[50]		5000071e
	[53]		50000532
	[58]		5000071f
OBJ 500001f8 (sz=32, trace=300439, class=java.util.concurrent.ConcurrentHashMap$ForwardingNode@50000008)
OBJ 500001f9 (sz=32, trace=300440, class=java.util.concurrent.ConcurrentHashMap$Node@5000007a)
	key		50000753
	val		50000752
OBJ 500001fa (sz=32, trace=300440, class=java.util.concurrent.ConcurrentHashMap$Node@5000007a)
	key		50000756
	val		50000755
OBJ 500001fb (sz=32, trace=300441, class=java.util.concurrent.ConcurrentHashMap$Node@5000007a)
	key		5000073d
	val		5000073c
OBJ 500001fc (sz=32, trace=300441, class=java.util.concurrent.ConcurrentHashMap$Node@5000007a)
	key		5000073a
	val		50000739
	next		500001fb
OBJ 500001fd (sz=24, trace=300015, class=java.lang.String@500001cd)
	value		500001fe
ARR 500001fe (sz=44, trace=300016, nelems=22, elem type=char[])
OBJ 500001ff (sz=40, trace=300019, class=java.io.ObjectStreamField@5000015b)
	name		50000785
	signature	500005ba
	type		500003be
OBJ 50000200 (sz=32, trace=300442, class=sun.net.spi.DefaultProxySelector$3@500001e5)
OBJ 50000201 (sz=24, trace=300443, class=java.lang.StringBuilder@50000180)
ARR 50000202 (sz=48, trace=300444, nelems=0, elem type=char[])
OBJ 50000203 (sz=24, trace=300445, class=java.lang.String@500001cd)
OBJ 50000204 (sz=56, trace=300020, class=java.lang.Class$ReflectionData@50000110)
OBJ 50000205 (sz=40, trace=300021, class=java.lang.ref.SoftReference@500001b1)
ARR 50000207 (sz=48, trace=300446, nelems=0, elem type=char[])
OBJ 50000208 (sz=16, trace=300024, class=java.net.InetSocketAddress@500001e0)
	holder		500002ed
OBJ 5000020a (sz=24, trace=300447, class=java.lang.StringBuilder@50000180)
ARR 5000020c (sz=48, trace=300448, nelems=0, elem type=char[])
ARR 5000020d (sz=88, trace=300012, nelems=0, elem type=char[])
ARR 5000020f (sz=24, trace=300449, nelems=0, elem type=char[])
OBJ 50000210 (sz=24, trace=300450, class=java.lang.String@500001cd)
OBJ 50000211 (sz=24, trace=300451, class=java.lang.String@500001cd)
ARR 50000212 (sz=56, trace=300452, nelems=0, elem type=char[])
OBJ 50000214 (sz=16, trace=300238, class=java.lang.Object@500001d1)
OBJ 50000215 (sz=32, trace=300454, class=java.util.concurrent.ConcurrentHashMap$Node@5000007a)
	key		50000742
	val		50000214
OBJ 50000216 (sz=24, trace=300455, class=java.net.Proxy@50000213)
	type		50000222
OBJ 50000217 (sz=24, trace=300038, class=java.lang.ThreadLocal$ThreadLocalMap@500000f6)
	table		50000218
ARR 50000218 (sz=80, trace=300039, nelems=15, elem type=java.lang.ThreadLocal$ThreadLocalMap$Entry[]@500000f2)
	[14]		50000219
OBJ 50000219 (sz=32, trace=300040, class=java.lang.ThreadLocal$ThreadLocalMap$Entry@500000f5)
	referent	5000153e
	queue		500008a2
	value		50000220
OBJ 5000021a (sz=32, trace=300041, class=java.lang.StringCoding$StringEncoder@500000b9)
	cs		500009c2
	ce		5000021d
	requestedCharsetName	50000270
OBJ 5000021b (sz=16, trace=300240, class=java.lang.Object@500001d1)
OBJ 5000021c (sz=32, trace=300454, class=java.util.concurrent.ConcurrentHashMap$Node@5000007a)
	key		50000742
	val		5000021b
OBJ 5000021d (sz=56, trace=300044, class=sun.nio.cs.UTF_8$Encoder@500000cc)
	charset		500009c2
	replacement	5000021f
	malformedInputAction	500009bb
	unmappableCharacterAction	500009bb
OBJ 5000021e (sz=48, trace=300456, class=java.nio.HeapCharBuffer@5000008f)
ARR 5000021f (sz=1, trace=300046, nelems=1, elem type=byte[])
OBJ 50000220 (sz=40, trace=300047, class=java.lang.ref.SoftReference@500001b1)
	referent	5000021a
	queue		500008a2
OBJ 50000222 (sz=24, trace=300458, class=java.net.Proxy$Type@50000221)
	name		50001014
OBJ 50000224 (sz=24, trace=300459, class=java.net.Proxy$Type@50000221)
	name		50001015
OBJ 50000225 (sz=24, trace=300460, class=java.net.Proxy$Type@50000221)
	name		50001016
ARR 50000227 (sz=32, trace=300461, nelems=3, elem type=java.net.Proxy$Type[]@50000226)
	[0]		50000222
	[1]		50000224
	[2]		50000225
OBJ 50000228 (sz=48, trace=300456, class=java.nio.HeapCharBuffer@5000008f)
OBJ 5000022a (sz=376, trace=300001, class=java.lang.Thread@500001a9)
	name		5000158f
	group		500003d3
	inheritedAccessControlContext	5000158e
	blockerLock	5000022b
OBJ 5000022b (sz=16, trace=300002, class=java.lang.Object@500001d1)
OBJ 5000022c (sz=32, trace=300463, class=java.util.ArrayList$Itr@50000229)
	this$0		50000555
ARR 5000022f (sz=56, trace=300465, nelems=0, elem type=java.lang.Runnable[]@5000012f)
OBJ 50000231 (sz=24, trace=300060, class=java.lang.String@500001cd)
	value		50000232
ARR 50000232 (sz=170, trace=300061, nelems=85, elem type=char[])
OBJ 50000233 (sz=16, trace=300467, class=java.lang.Shutdown$Lock@50000230)
OBJ 50000234 (sz=16, trace=300468, class=java.lang.Shutdown$Lock@50000230)
OBJ 50000237 (sz=24, trace=300064, class=java.lang.String@500001cd)
	value		50000238
ARR 50000238 (sz=170, trace=300065, nelems=85, elem type=char[])
OBJ 50000239 (sz=24, trace=300066, class=java.io.ExpiringCache$Entry@500000b5)
	val		50000231
OBJ 5000023a (sz=40, trace=300067, class=java.util.LinkedHashMap$Entry@500000b4)
	key		50000237
	value		50000239
	before		50000495
	after		50000311
OBJ 5000023b (sz=40, trace=300068, class=java.lang.ClassLoader$NativeLibrary@500000b3)
	fromClass	5000020b
	name		50000231
OBJ 5000023c (sz=40, trace=300069, class=java.lang.ref.Finalizer@500001ac)
	referent	5000023b
	queue		50000243
	next		50001558
	prev		5000039e
OBJ 5000023d (sz=24, trace=300470, class=sun.net.sdp.SdpProvider@50000236)
OBJ 5000023e (sz=24, trace=300471, class=sun.security.action.GetPropertyAction@500000cf)
OBJ 5000023f (sz=384, trace=300000, class=com.intellij.rt.execution.application.AppMainV2$1@50000001)
	name		500010a3
	group		500003d3
	contextClassLoader	50000274
	inheritedAccessControlContext	50001592
	threadLocals	50000217
	blockerLock	50001591
OBJ 50000240 (sz=24, trace=300000, class=java.lang.String@500001cd)
	value		50000ff8
OBJ 50000241 (sz=376, trace=300000, class=java.lang.Thread@500001a9)
	name		50001551
	group		500003d4
	contextClassLoader	50000274
	inheritedAccessControlContext	50001550
	blockerLock	5000154f
OBJ 50000242 (sz=384, trace=300000, class=java.lang.ref.Finalizer$FinalizerThread@5000011c)
	name		50001555
	group		500003d4
	inheritedAccessControlContext	50001554
	blockerLock	50001553
OBJ 50000243 (sz=32, trace=300000, class=java.lang.ref.ReferenceQueue@500001ab)
	lock		50000244
OBJ 50000244 (sz=16, trace=300000, class=java.lang.ref.ReferenceQueue$Lock@50000130)
OBJ 50000245 (sz=16, trace=300000, class=java.lang.System$2@500000a8)
OBJ 50000246 (sz=376, trace=300000, class=java.lang.ref.Reference$ReferenceHandler@5000013e)
	name		500008a7
	group		500003d4
	inheritedAccessControlContext	5000158a
	blockerLock	50001589
OBJ 50000249 (sz=16, trace=300078, class=java.lang.invoke.MethodHandleImpl$2@50000248)
OBJ 5000024b (sz=16, trace=300080, class=java.lang.invoke.MethodHandleImpl$3@5000024a)
ARR 5000024d (sz=24, trace=300081, nelems=0, elem type=java.lang.invoke.MethodHandle[]@5000024c)
ARR 5000024e (sz=16, trace=300082, nelems=0, elem type=java.lang.Object[]@50000167)
ARR 5000024f (sz=1040, trace=300083, nelems=0, elem type=java.lang.invoke.MethodHandle[]@5000024c)
ARR 50000254 (sz=24, trace=300086, nelems=0, elem type=java.lang.ClassValue$Entry[]@50000253)
OBJ 50000255 (sz=16, trace=300087, class=java.util.concurrent.atomic.AtomicInteger@50000112)
OBJ 50000256 (sz=16, trace=300088, class=java.lang.Object@500001d1)
OBJ 50000258 (sz=24, trace=300090, class=java.lang.invoke.MethodHandleImpl$4@50000251)
	identity	5000025b
	version		50000260
OBJ 5000025b (sz=16, trace=300093, class=java.lang.ClassValue$Identity@50000259)
OBJ 5000025e (sz=24, trace=300096, class=java.net.InetAddress$Cache$Type@5000025c)
	name		50001002
OBJ 5000025f (sz=24, trace=300097, class=java.net.InetAddress$Cache$Type@5000025c)
	name		50001004
OBJ 50000260 (sz=24, trace=300098, class=java.lang.ClassValue$Version@5000025d)
	classValue	50000258
	promise		50000268
ARR 50000262 (sz=24, trace=300099, nelems=2, elem type=java.net.InetAddress$Cache$Type[]@50000261)
	[0]		5000025e
	[1]		5000025f
OBJ 50000263 (sz=24, trace=300100, class=java.net.InetAddress$Cache@5000025a)
	cache		50000264
	type		5000025e
OBJ 50000264 (sz=56, trace=300101, class=java.util.LinkedHashMap@500000bf)
OBJ 50000265 (sz=32, trace=300102, class=java.lang.ClassValue$Entry@50000252)
	queue		500008a2
OBJ 50000266 (sz=24, trace=300104, class=java.net.InetAddress$Cache@5000025a)
	cache		50000267
	type		5000025f
OBJ 50000267 (sz=56, trace=300101, class=java.util.LinkedHashMap@500000bf)
OBJ 50000268 (sz=32, trace=300103, class=java.lang.ClassValue$Entry@50000252)
	referent	50000260
	queue		500008a2
	value		50000268
OBJ 50000269 (sz=48, trace=300105, class=java.util.HashMap@50000125)
OBJ 5000026c (sz=16, trace=300108, class=java.lang.invoke.MemberName$Factory@5000026b)
OBJ 5000026e (sz=16, trace=300000, class=java.lang.ref.Reference$Lock@5000013f)
OBJ 50000270 (sz=24, trace=300000, class=java.lang.String@500001cd)
	value		5000065c
OBJ 50000271 (sz=56, trace=300020, class=java.lang.Class$ReflectionData@50000110)
OBJ 50000272 (sz=40, trace=300021, class=java.lang.ref.SoftReference@500001b1)
OBJ 50000273 (sz=32, trace=300000, class=sun.instrument.InstrumentationImpl@50000058)
	mTransformerManager	5000162b
OBJ 50000274 (sz=96, trace=300000, class=sun.misc.Launcher$AppClassLoader@50000175)
	parent		50000276
	parallelLockMap	50000704
	package2certs	50000703
	classes		50000702
	defaultDomain	50000701
	domains		50000700
	packages	500006ff
	nativeLibraries	500006fe
	assertionLock	500006fd
	pdcache		500006fc
	ucp		500006f9
	acc		500006fb
	closeables	500006fa
	ucp		500006f9
ARR 50000275 (sz=0, trace=300000, nelems=0, elem type=int[])
OBJ 50000276 (sz=88, trace=300000, class=sun.misc.Launcher$ExtClassLoader@50000174)
	parallelLockMap	50000710
	package2certs	5000070f
	classes		5000070e
	defaultDomain	5000070d
	domains		5000070c
	packages	5000070b
	nativeLibraries	5000070a
	assertionLock	50000709
	pdcache		50000708
	ucp		50000707
	acc		50000706
	closeables	50000705
ARR 50000277 (sz=24, trace=300000, nelems=0, elem type=java.lang.Object[]@50000167)
ARR 50000278 (sz=24, trace=300000, nelems=1, elem type=java.lang.Object[]@50000167)
	[0]		50001065
ARR 50000279 (sz=32, trace=300000, nelems=4, elem type=java.lang.Object[]@50000167)
	[0]		500005a7
	[2]		50001066
	[3]		50001067
OBJ 5000027a (sz=376, trace=300001, class=java.lang.Thread@500001a9)
OBJ 5000027b (sz=16, trace=300002, class=java.lang.Object@500001d1)
ARR 5000027e (sz=56, trace=300000, nelems=8, elem type=java.lang.Object[]@50000167)
	[7]		50001623
OBJ 5000027f (sz=56, trace=300120, class=java.lang.Class$ReflectionData@50000110)
OBJ 50000280 (sz=40, trace=300021, class=java.lang.ref.SoftReference@500001b1)
OBJ 50000282 (sz=80, trace=300121, class=java.lang.reflect.Constructor@5000019c)
ARR 50000283 (sz=112, trace=300000, nelems=23, elem type=java.lang.Object[]@50000167)
	[4]		50001021
	[11]		50000799
	[12]		5000079a
	[13]		5000079c
	[14]		5000079d
	[15]		5000079b
	[16]		50000781
	[17]		5000079e
	[18]		5000079f
	[19]		500007a0
	[20]		50001022
	[21]		50001023
	[22]		50001024
ARR 50000284 (sz=24, trace=300000, nelems=0, elem type=java.lang.Object[]@50000167)
OBJ 50000285 (sz=24, trace=300124, class=sun.reflect.NativeConstructorAccessorImpl@500000f9)
ARR 50000286 (sz=24, trace=300000, nelems=1, elem type=java.lang.Object[]@50000167)
	[0]		50001620
OBJ 50000287 (sz=16, trace=300126, class=sun.reflect.DelegatingConstructorAccessorImpl@500000f8)
ARR 50000288 (sz=176, trace=300000, nelems=28, elem type=java.lang.Object[]@50000167)
	[4]		50001029
	[5]		50000ef7
	[6]		5000102a
	[7]		500003e5
	[14]		5000102b
	[15]		5000043b
	[17]		5000102c
	[20]		5000102d
	[26]		500005a8
	[27]		5000102e
OBJ 50000289 (sz=24, trace=300128, class=java.net.Inet6AddressImpl@5000027d)
ARR 5000028a (sz=32, trace=300000, nelems=4, elem type=java.lang.Object[]@50000167)
	[0]		5000105d
	[1]		5000105e
	[2]		5000105f
	[3]		50001060
OBJ 5000028b (sz=24, trace=300130, class=java.util.ArrayList@5000013c)
	elementData	5000029c
ARR 5000028c (sz=40, trace=300000, nelems=1, elem type=java.lang.Object[]@50000167)
	[0]		50001088
ARR 5000028d (sz=32, trace=300000, nelems=0, elem type=java.lang.Object[]@50000167)
ARR 5000028e (sz=32, trace=300000, nelems=3, elem type=java.lang.Object[]@50000167)
	[0]		50001014
	[1]		50001015
	[2]		50001016
ARR 5000028f (sz=32, trace=300000, nelems=0, elem type=java.lang.Object[]@50000167)
ARR 50000290 (sz=72, trace=300000, nelems=1, elem type=java.lang.Object[]@50000167)
	[0]		5000101a
ARR 50000291 (sz=80, trace=300000, nelems=13, elem type=java.lang.Object[]@50000167)
	[12]		500015a7
ARR 50000292 (sz=128, trace=300000, nelems=28, elem type=java.lang.Object[]@50000167)
	[2]		500003e5
	[4]		50000be0
	[13]		50000ffa
	[14]		50000ffb
	[21]		50000ffc
	[22]		50000ffd
	[23]		50000ffe
	[25]		50000fff
	[26]		50001000
	[27]		50001001
ARR 50000293 (sz=24, trace=300000, nelems=1, elem type=java.lang.Object[]@50000167)
	[0]		5000100d
ARR 50000294 (sz=120, trace=300000, nelems=0, elem type=java.lang.Object[]@50000167)
ARR 50000295 (sz=24, trace=300000, nelems=1, elem type=java.lang.Object[]@50000167)
	[0]		500015bc
ARR 50000296 (sz=64, trace=300000, nelems=0, elem type=java.lang.Object[]@50000167)
ARR 50000297 (sz=24, trace=300000, nelems=0, elem type=java.lang.Object[]@50000167)
OBJ 5000029b (sz=16, trace=300142, class=java.net.InetAddress$2@5000029a)
ARR 5000029c (sz=56, trace=300143, nelems=1, elem type=java.lang.Object[]@50000167)
	[0]		5000029b
OBJ 5000029d (sz=16, trace=300144, class=java.lang.Object@500001d1)
ARR 5000029e (sz=24, trace=300000, nelems=2, elem type=java.lang.Object[]@50000167)
	[0]		50001002
	[1]		50001004
OBJ 5000029f (sz=56, trace=300020, class=java.lang.Class$ReflectionData@50000110)
OBJ 500002a0 (sz=40, trace=300021, class=java.lang.ref.SoftReference@500001b1)
ARR 500002a1 (sz=24, trace=300000, nelems=1, elem type=java.lang.Object[]@50000167)
	[0]		50001009
ARR 500002a2 (sz=24, trace=300000, nelems=0, elem type=java.lang.Object[]@50000167)
ARR 500002a3 (sz=40, trace=300000, nelems=0, elem type=java.lang.Object[]@50000167)
OBJ 500002a4 (sz=32, trace=300436, class=sun.net.spi.DefaultProxySelector$NonProxyInfo@50000558)
	property	50001060
	defaultVal	5000105e
ARR 500002a5 (sz=56, trace=300000, nelems=10, elem type=java.lang.Object[]@50000167)
	[0]		500015a8
	[1]		500015a9
	[2]		500015aa
	[3]		500015ab
	[4]		500015ac
	[5]		500015ad
	[6]		500015ae
	[7]		500015af
	[8]		500003ec
	[9]		500015b0
ARR 500002a6 (sz=32, trace=300147, nelems=3, elem type=java.io.ObjectStreamField[]@50000159)
	[0]		500002a8
	[1]		500002bf
	[2]		500002c4
ARR 500002a7 (sz=144, trace=300000, nelems=0, elem type=java.lang.Object[]@50000167)
OBJ 500002a8 (sz=40, trace=300148, class=java.io.ObjectStreamField@5000015b)
	name		50000ffc
	signature	5000097b
	type		500001cd
ARR 500002a9 (sz=128, trace=300000, nelems=0, elem type=java.lang.Object[]@50000167)
ARR 500002aa (sz=24, trace=300000, nelems=0, elem type=java.lang.Object[]@50000167)
ARR 500002ab (sz=88, trace=300000, nelems=14, elem type=java.lang.Object[]@50000167)
	[0]		500010a1
	[1]		500015c5
	[2]		500015c6
	[3]		500015c7
	[4]		500015c8
	[5]		500015c9
	[6]		500005a7
	[7]		500015ca
	[8]		500015cb
	[9]		500015cc
	[10]		500015cd
	[12]		500015ce
	[13]		500015cf
ARR 500002ac (sz=240, trace=300000, nelems=54, elem type=java.lang.Object[]@50000167)
	[0]		500015d9
	[1]		500010a1
	[2]		500015cd
	[3]		500015da
	[5]		500015c9
	[6]		50001066
	[7]		500015cb
	[8]		500015cc
	[10]		500015ce
	[11]		500015cf
	[12]		500015c5
	[18]		500015db
	[26]		500015dc
	[27]		500015dd
	[42]		500005a7
	[46]		500015de
	[47]		500015df
	[53]		50000794
ARR 500002ad (sz=24, trace=300000, nelems=1, elem type=java.lang.Object[]@50000167)
	[0]		500005b0
ARR 500002ae (sz=24, trace=300000, nelems=0, elem type=java.lang.Object[]@50000167)
ARR 500002af (sz=24, trace=300000, nelems=1, elem type=java.lang.Object[]@50000167)
	[0]		50000781
ARR 500002b0 (sz=32, trace=300000, nelems=3, elem type=java.lang.Object[]@50000167)
	[0]		500015f1
	[1]		500003ec
	[2]		50001609
ARR 500002b1 (sz=24, trace=300000, nelems=0, elem type=java.lang.Object[]@50000167)
ARR 500002b2 (sz=40, trace=300000, nelems=0, elem type=java.lang.Object[]@50000167)
ARR 500002b3 (sz=88, trace=300000, nelems=0, elem type=java.lang.Object[]@50000167)
ARR 500002b4 (sz=24, trace=300000, nelems=0, elem type=java.lang.Object[]@50000167)
ARR 500002b5 (sz=160, trace=300000, nelems=16, elem type=java.lang.Object[]@50000167)
	[13]		50000ef7
	[15]		50001013
ARR 500002b6 (sz=24, trace=300000, nelems=1, elem type=java.lang.Object[]@50000167)
	[0]		5000100d
ARR 500002b7 (sz=88, trace=300000, nelems=17, elem type=java.lang.Object[]@50000167)
	[7]		50001036
	[8]		50001037
	[9]		50001038
	[10]		50001039
	[11]		5000103a
	[16]		5000103b
ARR 500002b8 (sz=24, trace=300000, nelems=0, elem type=java.lang.Object[]@50000167)
ARR 500002b9 (sz=296, trace=300000, nelems=68, elem type=java.lang.Object[]@50000167)
	[55]		50001611
	[61]		50001612
	[66]		50001613
	[67]		500005d2
ARR 500002bb (sz=24, trace=300000, nelems=1, elem type=java.lang.Object[]@50000167)
	[0]		50001042
ARR 500002bc (sz=104, trace=300000, nelems=20, elem type=java.lang.Object[]@50000167)
	[3]		50001043
	[4]		50001044
	[5]		50001045
	[6]		50001046
	[8]		50001047
	[13]		50001048
	[14]		50001049
	[15]		5000104a
	[16]		5000104b
	[17]		5000104c
	[18]		5000104d
	[19]		5000104e
ARR 500002bd (sz=24, trace=300000, nelems=0, elem type=java.lang.Object[]@50000167)
ARR 500002be (sz=24, trace=300000, nelems=0, elem type=java.lang.Object[]@50000167)
OBJ 500002bf (sz=40, trace=300152, class=java.io.ObjectStreamField@5000015b)
	name		50000ffd
	signature	500005ba
	type		500003be
ARR 500002c0 (sz=24, trace=300000, nelems=0, elem type=java.lang.Object[]@50000167)
ARR 500002c1 (sz=40, trace=300000, nelems=0, elem type=java.lang.Object[]@50000167)
ARR 500002c2 (sz=40, trace=300000, nelems=6, elem type=java.lang.Object[]@50000167)
	[0]		50000999
	[1]		5000099a
	[2]		5000099b
	[3]		5000099c
	[4]		5000099d
	[5]		5000099e
ARR 500002c3 (sz=32, trace=300000, nelems=0, elem type=java.lang.Object[]@50000167)
OBJ 500002c4 (sz=40, trace=300153, class=java.io.ObjectStreamField@5000015b)
	name		50000ffe
	signature	500005ba
	type		500003be
OBJ 500002c5 (sz=16, trace=300154, class=java.lang.Object@500001d1)
ARR 500002c6 (sz=56, trace=300000, nelems=10, elem type=java.lang.Object[]@50000167)
	[0]		50000e27
	[1]		500005a8
	[4]		500007d8
	[7]		50000e28
	[8]		500003ec
	[9]		50000e29
ARR 500002c7 (sz=64, trace=300000, nelems=3, elem type=java.lang.Object[]@50000167)
	[2]		50000838
ARR 500002c8 (sz=24, trace=300000, nelems=0, elem type=java.lang.Object[]@50000167)
ARR 500002c9 (sz=40, trace=300000, nelems=0, elem type=java.lang.Object[]@50000167)
ARR 500002cc (sz=24, trace=300000, nelems=0, elem type=java.lang.Object[]@50000167)
OBJ 500002cd (sz=56, trace=300020, class=java.lang.Class$ReflectionData@50000110)
OBJ 500002ce (sz=40, trace=300021, class=java.lang.ref.SoftReference@500001b1)
ARR 500002d0 (sz=24, trace=300000, nelems=0, elem type=java.lang.Object[]@50000167)
ARR 500002d1 (sz=24, trace=300000, nelems=0, elem type=java.lang.Object[]@50000167)
OBJ 500002d2 (sz=16, trace=300159, class=java.util.concurrent.atomic.AtomicBoolean@500002ca)
ARR 500002d5 (sz=160, trace=300000, nelems=0, elem type=java.lang.Object[]@50000167)
ARR 500002d6 (sz=24, trace=300000, nelems=0, elem type=java.lang.Object[]@50000167)
ARR 500002d7 (sz=32, trace=300000, nelems=4, elem type=java.lang.Object[]@50000167)
	[0]		50000787
	[2]		50000781
	[3]		50000ed5
ARR 500002d8 (sz=24, trace=300000, nelems=0, elem type=java.lang.Object[]@50000167)
ARR 500002d9 (sz=56, trace=300000, nelems=2, elem type=java.lang.Object[]@50000167)
	[1]		500007d8
ARR 500002da (sz=88, trace=300000, nelems=18, elem type=java.lang.Object[]@50000167)
	[1]		500007da
	[2]		500007db
	[3]		500007dc
	[4]		500007dd
	[5]		500007de
	[6]		500007df
	[7]		500007e0
	[8]		500007e1
	[9]		500007e2
	[10]		500007e3
	[11]		500007e4
	[12]		500007e5
	[13]		500007e6
	[14]		500007e7
	[15]		500007e8
	[16]		500007e9
	[17]		500007ea
ARR 500002db (sz=56, trace=300000, nelems=8, elem type=java.lang.Object[]@50000167)
	[7]		500005a8
ARR 500002dc (sz=32, trace=300000, nelems=0, elem type=java.lang.Object[]@50000167)
ARR 500002dd (sz=32, trace=300000, nelems=3, elem type=java.lang.Object[]@50000167)
	[1]		50000dfa
	[2]		50000dfb
ARR 500002de (sz=144, trace=300000, nelems=0, elem type=java.lang.Object[]@50000167)
ARR 500002df (sz=64, trace=300000, nelems=0, elem type=java.lang.Object[]@50000167)
ARR 500002e0 (sz=56, trace=300000, nelems=10, elem type=java.lang.Object[]@50000167)
	[5]		50000de5
	[6]		50000efa
	[7]		50000efb
	[8]		50000efc
	[9]		50000efd
ARR 500002e1 (sz=56, trace=300000, nelems=0, elem type=java.lang.Object[]@50000167)
ARR 500002e3 (sz=56, trace=300000, nelems=5, elem type=java.lang.Object[]@50000167)
	[2]		50000e07
	[4]		50000de5
ARR 500002e4 (sz=24, trace=300000, nelems=1, elem type=java.lang.Object[]@50000167)
	[0]		50000409
ARR 500002e5 (sz=32, trace=300000, nelems=3, elem type=java.lang.Object[]@50000167)
	[2]		5000040b
ARR 500002e6 (sz=48, trace=300000, nelems=7, elem type=java.lang.Object[]@50000167)
	[2]		50000409
	[4]		5000040a
	[5]		5000040b
	[6]		5000040c
ARR 500002e7 (sz=136, trace=300000, nelems=8, elem type=java.lang.Object[]@50000167)
	[7]		50000ff9
ARR 500002e8 (sz=48, trace=300000, nelems=8, elem type=java.lang.Object[]@50000167)
	[2]		5000101c
	[3]		5000101d
	[4]		50000785
	[7]		50001001
ARR 500002e9 (sz=24, trace=300000, nelems=1, elem type=java.lang.Object[]@50000167)
	[0]		500003e5
ARR 500002ea (sz=24, trace=300000, nelems=0, elem type=java.lang.Object[]@50000167)
OBJ 500002eb (sz=24, trace=300180, class=java.net.Inet4Address@500002d4)
	holder		500002ec
OBJ 500002ec (sz=32, trace=300181, class=java.net.InetAddress$InetAddressHolder@50000257)
OBJ 500002ed (sz=24, trace=300182, class=java.net.InetSocketAddress$InetSocketAddressHolder@50000206)
	addr		500002eb
OBJ 500002ee (sz=32, trace=300183, class=java.net.Socket@50000004)
	closeLock	500002ef
	impl		5000039b
OBJ 500002ef (sz=16, trace=300184, class=java.lang.Object@500001d1)
ARR 500002f1 (sz=24, trace=300000, nelems=2, elem type=java.lang.Object[]@50000167)
	[0]		50000ee2
	[1]		50000ee3
ARR 500002f2 (sz=80, trace=300000, nelems=12, elem type=java.lang.Object[]@50000167)
	[3]		500003e5
	[6]		50000796
	[7]		50000795
	[8]		50000797
	[9]		50000ef6
	[10]		50000798
	[11]		50000ef7
ARR 500002f3 (sz=40, trace=300000, nelems=3, elem type=java.lang.Object[]@50000167)
	[0]		500003e5
	[2]		50000793
ARR 500002f4 (sz=72, trace=300000, nelems=0, elem type=java.lang.Object[]@50000167)
ARR 500002f5 (sz=32, trace=300000, nelems=0, elem type=java.lang.Object[]@50000167)
ARR 500002f6 (sz=120, trace=300000, nelems=25, elem type=java.lang.Object[]@50000167)
	[0]		50000e10
	[15]		50000e11
	[16]		50000e12
	[17]		50000e13
	[18]		50000e14
	[19]		500003ec
	[21]		50000e15
	[22]		50000e16
	[23]		50000e17
	[24]		500005d3
ARR 500002f7 (sz=64, trace=300000, nelems=9, elem type=java.lang.Object[]@50000167)
	[0]		50000e10
	[2]		50000f50
	[3]		500003e5
	[8]		500005a8
ARR 500002f8 (sz=24, trace=300000, nelems=2, elem type=java.lang.Object[]@50000167)
	[0]		50000fbf
	[1]		500003fe
ARR 500002fa (sz=24, trace=300000, nelems=1, elem type=java.lang.Object[]@50000167)
	[0]		500013a3
ARR 500002fb (sz=48, trace=300000, nelems=0, elem type=java.lang.Object[]@50000167)
ARR 500002fc (sz=80, trace=300000, nelems=15, elem type=java.lang.Object[]@50000167)
	[12]		50001385
	[14]		50001386
ARR 500002fd (sz=24, trace=300000, nelems=1, elem type=java.lang.Object[]@50000167)
	[0]		50000e0f
ARR 500002fe (sz=48, trace=300000, nelems=1, elem type=java.lang.Object[]@50000167)
	[0]		50000e1c
ARR 500002ff (sz=24, trace=300000, nelems=2, elem type=java.lang.Object[]@50000167)
	[0]		500005a8
	[1]		50000787
ARR 50000300 (sz=24, trace=300000, nelems=0, elem type=java.lang.Object[]@50000167)
ARR 50000301 (sz=64, trace=300000, nelems=4, elem type=java.lang.Object[]@50000167)
	[0]		50000e10
	[1]		500003e5
	[2]		50000e26
	[3]		50000787
ARR 50000302 (sz=72, trace=300000, nelems=12, elem type=java.lang.Object[]@50000167)
	[9]		500005d1
	[11]		50000997
ARR 50000303 (sz=32, trace=300000, nelems=3, elem type=java.lang.Object[]@50000167)
	[0]		500005b0
	[1]		500005b1
	[2]		500005b2
ARR 50000304 (sz=40, trace=300000, nelems=5, elem type=java.lang.Object[]@50000167)
	[4]		5000152c
ARR 50000305 (sz=24, trace=300000, nelems=0, elem type=java.lang.Object[]@50000167)
ARR 50000307 (sz=24, trace=300000, nelems=1, elem type=java.lang.Object[]@50000167)
	[0]		500003e5
ARR 50000308 (sz=104, trace=300000, nelems=21, elem type=java.lang.Object[]@50000167)
	[0]		5000080e
	[1]		5000080f
	[2]		50000810
	[3]		50000811
	[4]		50000812
	[9]		500005a7
	[10]		50000813
	[11]		50000814
	[12]		50000815
	[13]		50000816
	[14]		50000817
	[15]		50000818
	[16]		50000819
	[17]		5000081a
	[18]		5000081b
	[19]		5000081c
	[20]		5000081d
ARR 50000309 (sz=48, trace=300000, nelems=7, elem type=java.lang.Object[]@50000167)
	[1]		50000d17
	[2]		50000dcd
	[3]		50000794
	[4]		50000dd0
	[5]		50000ddc
	[6]		50000dd4
ARR 5000030c (sz=24, trace=300000, nelems=1, elem type=java.lang.Object[]@50000167)
	[0]		50000d17
ARR 5000030e (sz=24, trace=300000, nelems=1, elem type=java.lang.Object[]@50000167)
	[0]		50000dcd
OBJ 50000310 (sz=24, trace=300196, class=java.io.ExpiringCache$Entry@500000b5)
	val		500004ab
OBJ 50000311 (sz=40, trace=300067, class=java.util.LinkedHashMap$Entry@500000b4)
	key		50000443
	value		50000310
	before		5000023a
	after		50000488
ARR 50000312 (sz=24, trace=300000, nelems=1, elem type=java.lang.Object[]@50000167)
	[0]		50000dd0
ARR 50000313 (sz=24, trace=300000, nelems=1, elem type=java.lang.Object[]@50000167)
	[0]		50000ddc
ARR 50000314 (sz=24, trace=300000, nelems=1, elem type=java.lang.Object[]@50000167)
	[0]		50000dd4
ARR 50000315 (sz=64, trace=300000, nelems=0, elem type=java.lang.Object[]@50000167)
ARR 50000316 (sz=48, trace=300000, nelems=0, elem type=java.lang.Object[]@50000167)
ARR 50000317 (sz=80, trace=300000, nelems=16, elem type=java.lang.Object[]@50000167)
	[15]		5000041c
ARR 50000318 (sz=24, trace=300000, nelems=1, elem type=java.lang.Object[]@50000167)
	[0]		500005d0
ARR 50000319 (sz=48, trace=300000, nelems=8, elem type=java.lang.Object[]@50000167)
	[0]		500015bf
	[5]		500015c0
	[7]		500015c1
ARR 5000031a (sz=48, trace=300000, nelems=8, elem type=java.lang.Object[]@50000167)
	[2]		50000fbb
	[7]		50000fbc
ARR 5000031b (sz=40, trace=300000, nelems=5, elem type=java.lang.Object[]@50000167)
	[0]		50000781
	[1]		50000782
	[4]		50000780
ARR 5000031c (sz=32, trace=300000, nelems=4, elem type=java.lang.Object[]@50000167)
	[3]		50000def
ARR 5000031e (sz=64, trace=300000, nelems=10, elem type=java.lang.Object[]@50000167)
	[6]		500005a8
	[7]		500003ec
	[8]		5000079b
	[9]		50000de5
ARR 5000031f (sz=32, trace=300000, nelems=2, elem type=java.lang.Object[]@50000167)
	[0]		50000fba
	[1]		50000e2d
ARR 50000320 (sz=264, trace=300000, nelems=62, elem type=java.lang.Object[]@50000167)
	[57]		50000df0
	[58]		50000df1
	[61]		50000df2
ARR 50000321 (sz=24, trace=300000, nelems=0, elem type=java.lang.Object[]@50000167)
ARR 50000322 (sz=24, trace=300000, nelems=0, elem type=java.lang.Object[]@50000167)
ARR 50000323 (sz=24, trace=300000, nelems=0, elem type=java.lang.Object[]@50000167)
ARR 50000324 (sz=24, trace=300000, nelems=0, elem type=java.lang.Object[]@50000167)
ARR 50000325 (sz=24, trace=300000, nelems=2, elem type=java.lang.Object[]@50000167)
	[1]		50000ee1
ARR 50000326 (sz=32, trace=300000, nelems=3, elem type=java.lang.Object[]@50000167)
	[0]		50000e2d
	[1]		50000e2e
	[2]		50000e0f
ARR 50000327 (sz=32, trace=300000, nelems=0, elem type=java.lang.Object[]@50000167)
ARR 50000328 (sz=40, trace=300000, nelems=0, elem type=java.lang.Object[]@50000167)
ARR 50000329 (sz=32, trace=300000, nelems=0, elem type=java.lang.Object[]@50000167)
ARR 5000032a (sz=32, trace=300000, nelems=0, elem type=java.lang.Object[]@50000167)
ARR 5000032b (sz=48, trace=300000, nelems=0, elem type=java.lang.Object[]@50000167)
ARR 5000032c (sz=40, trace=300000, nelems=6, elem type=java.lang.Object[]@50000167)
	[2]		500007aa
	[3]		500007ab
	[4]		500007ac
	[5]		500007ad
ARR 5000032d (sz=24, trace=300000, nelems=0, elem type=java.lang.Object[]@50000167)
ARR 5000032e (sz=112, trace=300000, nelems=24, elem type=java.lang.Object[]@50000167)
	[0]		50000794
	[2]		50000795
	[3]		50000796
	[4]		50000797
	[5]		50000798
	[6]		500005a8
	[7]		50000787
	[8]		500003e5
	[16]		50000799
	[17]		5000079a
	[18]		5000079b
	[19]		5000079c
	[20]		5000079d
	[21]		5000079e
	[22]		5000079f
	[23]		500007a0
ARR 5000032f (sz=80, trace=300000, nelems=8, elem type=java.lang.Object[]@50000167)
	[7]		500007a4
ARR 50000330 (sz=24, trace=300000, nelems=0, elem type=java.lang.Object[]@50000167)
ARR 50000331 (sz=40, trace=300000, nelems=5, elem type=java.lang.Object[]@50000167)
	[4]		5000152e
ARR 50000332 (sz=88, trace=300000, nelems=17, elem type=java.lang.Object[]@50000167)
	[16]		500003f2
ARR 50000333 (sz=120, trace=300000, nelems=24, elem type=java.lang.Object[]@50000167)
	[6]		5000077d
	[7]		500005a8
	[11]		5000077e
	[12]		500003e5
	[13]		5000077f
	[14]		50000780
	[15]		50000781
	[16]		50000782
	[17]		50000783
	[18]		50000784
	[19]		50000785
	[20]		50000786
	[21]		50000787
	[22]		50000788
	[23]		50000789
ARR 50000334 (sz=256, trace=300000, nelems=60, elem type=java.lang.Object[]@50000167)
	[0]		500003e5
	[2]		5000083a
	[3]		5000083b
	[4]		5000083c
	[5]		5000083d
	[6]		5000083e
	[7]		5000083f
	[29]		50000840
	[30]		50000841
	[31]		50000842
	[32]		50000843
	[33]		50000844
	[34]		50000845
	[41]		50000846
	[43]		50000847
	[44]		50000848
	[46]		50000849
	[47]		5000084a
	[48]		5000084b
	[49]		5000084c
	[50]		5000084d
	[51]		5000084e
	[52]		5000084f
	[53]		50000850
	[54]		50000851
	[55]		50000852
	[56]		50000853
	[57]		50000854
	[58]		50000855
	[59]		50000856
ARR 50000335 (sz=88, trace=300000, nelems=0, elem type=java.lang.Object[]@50000167)
ARR 50000336 (sz=56, trace=300000, nelems=9, elem type=java.lang.Object[]@50000167)
	[1]		50000765
	[2]		50000766
	[3]		50000767
	[4]		50000768
	[5]		50000769
	[6]		5000076a
	[7]		5000076b
	[8]		500005b0
ARR 50000337 (sz=72, trace=300000, nelems=6, elem type=java.lang.Object[]@50000167)
	[0]		500003e5
	[1]		50000886
	[3]		50000887
	[5]		50000888
ARR 50000338 (sz=32, trace=300000, nelems=3, elem type=java.lang.Object[]@50000167)
	[0]		500009b7
	[1]		500009b8
	[2]		500009b9
OBJ 50000339 (sz=24, trace=300034, class=java.lang.String@500001cd)
ARR 5000033a (sz=136, trace=300035, nelems=0, elem type=char[])
ARR 5000033b (sz=24, trace=300000, nelems=0, elem type=java.lang.Object[]@50000167)
ARR 5000033c (sz=24, trace=300000, nelems=0, elem type=java.lang.Object[]@50000167)
ARR 5000033d (sz=24, trace=300000, nelems=0, elem type=java.lang.Object[]@50000167)
ARR 5000033e (sz=40, trace=300000, nelems=0, elem type=java.lang.Object[]@50000167)
OBJ 5000033f (sz=32, trace=300213, class=java.io.FileOutputStream@500000dd)
OBJ 50000340 (sz=40, trace=300069, class=java.lang.ref.Finalizer@500001ac)
OBJ 50000341 (sz=16, trace=300214, class=java.lang.Object@500001d1)
OBJ 50000342 (sz=32, trace=300215, class=java.io.FileDescriptor@500000e2)
ARR 50000343 (sz=104, trace=300000, nelems=6, elem type=java.lang.Object[]@50000167)
	[0]		50000e11
	[1]		50000e18
	[2]		50001400
	[3]		500013ff
	[4]		500013f6
	[5]		500013f5
ARR 50000344 (sz=24, trace=300000, nelems=0, elem type=java.lang.Object[]@50000167)
ARR 50000346 (sz=24, trace=300000, nelems=0, elem type=java.lang.Object[]@50000167)
ARR 50000347 (sz=24, trace=300000, nelems=0, elem type=java.lang.Object[]@50000167)
ARR 50000348 (sz=40, trace=300000, nelems=5, elem type=java.lang.Object[]@50000167)
	[4]		50001068
ARR 50000349 (sz=40, trace=300000, nelems=0, elem type=java.lang.Object[]@50000167)
ARR 5000034a (sz=56, trace=300000, nelems=0, elem type=java.lang.Object[]@50000167)
ARR 5000034b (sz=40, trace=300000, nelems=2, elem type=java.lang.Object[]@50000167)
	[1]		50000fef
ARR 5000034c (sz=24, trace=300000, nelems=0, elem type=java.lang.Object[]@50000167)
ARR 5000034d (sz=24, trace=300000, nelems=0, elem type=java.lang.Object[]@50000167)
ARR 5000034f (sz=32, trace=300000, nelems=0, elem type=java.lang.Object[]@50000167)
OBJ 50000350 (sz=376, trace=300000, class=java.lang.Thread@500001a9)
ARR 50000352 (sz=40, trace=300226, nelems=5, elem type=java.io.ObjectStreamField[]@50000159)
	[0]		50000353
	[1]		50000359
	[2]		5000035e
	[3]		50000363
	[4]		5000036d
OBJ 50000353 (sz=40, trace=300227, class=java.io.ObjectStreamField@5000015b)
	name		50001036
	signature	50000356
	type		500001d5
ARR 50000354 (sz=24, trace=300000, nelems=0, elem type=java.lang.Object[]@50000167)
ARR 50000355 (sz=80, trace=300000, nelems=15, elem type=java.lang.Object[]@50000167)
	[2]		500007b7
	[11]		500007b9
	[12]		500007ba
	[13]		500007bb
	[14]		500007bc
OBJ 50000356 (sz=24, trace=300015, class=java.lang.String@500001cd)
	value		50000358
ARR 50000358 (sz=4, trace=300016, nelems=2, elem type=char[])
OBJ 50000359 (sz=40, trace=300228, class=java.io.ObjectStreamField@5000015b)
	name		50001037
	signature	500005ba
	type		500003be
ARR 5000035a (sz=32, trace=300000, nelems=0, elem type=java.lang.Object[]@50000167)
ARR 5000035b (sz=32, trace=300000, nelems=0, elem type=java.lang.Object[]@50000167)
ARR 5000035c (sz=56, trace=300000, nelems=6, elem type=java.lang.Object[]@50000167)
	[1]		500007c8
	[2]		500007c9
	[3]		500007ca
	[4]		500007cb
	[5]		500007cc
ARR 5000035d (sz=24, trace=300000, nelems=2, elem type=java.lang.Object[]@50000167)
	[0]		500007c2
	[1]		500007c3
OBJ 5000035e (sz=40, trace=300229, class=java.io.ObjectStreamField@5000015b)
	name		50001038
	signature	500005b7
	type		500003c4
ARR 5000035f (sz=24, trace=300000, nelems=1, elem type=java.lang.Object[]@50000167)
	[0]		500005b0
ARR 50000360 (sz=32, trace=300000, nelems=2, elem type=java.lang.Object[]@50000167)
	[1]		50000422
ARR 50000361 (sz=96, trace=300000, nelems=19, elem type=java.lang.Object[]@50000167)
	[0]		500003e5
	[17]		5000043b
	[18]		5000043c
ARR 50000362 (sz=32, trace=300000, nelems=3, elem type=java.lang.Object[]@50000167)
	[1]		500005a9
	[2]		500005aa
OBJ 50000363 (sz=40, trace=300230, class=java.io.ObjectStreamField@5000015b)
	name		50001039
	signature	500005b7
	type		500003c4
OBJ 50000364 (sz=24, trace=300231, class=sun.launcher.LauncherHelper@50000357)
	name		50001613
ARR 50000365 (sz=40, trace=300000, nelems=5, elem type=java.lang.Object[]@50000167)
	[0]		500005a5
	[1]		500005a6
	[2]		500005a7
	[3]		500005a8
	[4]		500003e5
ARR 50000366 (sz=32, trace=300000, nelems=0, elem type=java.lang.Object[]@50000167)
ARR 50000368 (sz=24, trace=300232, nelems=1, elem type=sun.launcher.LauncherHelper[]@50000367)
	[0]		50000364
ARR 50000369 (sz=24, trace=300000, nelems=2, elem type=java.lang.Object[]@50000167)
	[0]		500013ac
	[1]		500013ad
OBJ 5000036a (sz=24, trace=300233, class=java.lang.StringBuilder@50000180)
	value		5000036c
ARR 5000036b (sz=32, trace=300000, nelems=3, elem type=java.lang.Object[]@50000167)
	[0]		500003ec
	[2]		500005c0
ARR 5000036c (sz=32, trace=300234, nelems=16, elem type=char[])
OBJ 5000036d (sz=40, trace=300235, class=java.io.ObjectStreamField@5000015b)
	name		5000103a
	signature	5000097b
	type		500001cd
ARR 5000036e (sz=32, trace=300000, nelems=3, elem type=java.lang.Object[]@50000167)
	[0]		5000140f
	[1]		50001410
	[2]		50001411
ARR 5000036f (sz=40, trace=300000, nelems=0, elem type=java.lang.Object[]@50000167)
ARR 50000370 (sz=56, trace=300000, nelems=10, elem type=java.lang.Object[]@50000167)
	[6]		5000106f
	[7]		50001070
	[8]		50001071
	[9]		50001072
ARR 50000371 (sz=32, trace=300000, nelems=0, elem type=java.lang.Object[]@50000167)
ARR 50000372 (sz=152, trace=300000, nelems=0, elem type=java.lang.Object[]@50000167)
ARR 50000373 (sz=24, trace=300000, nelems=0, elem type=java.lang.Object[]@50000167)
OBJ 50000374 (sz=24, trace=300236, class=java.lang.String@500001cd)
	value		50000378
ARR 50000375 (sz=64, trace=300000, nelems=11, elem type=java.lang.Object[]@50000167)
	[2]		500005cc
	[3]		500005cd
	[4]		500005ce
	[5]		500003ec
	[6]		500005cf
	[7]		500005d0
	[8]		500005d1
	[9]		500005d2
	[10]		500005d3
ARR 50000376 (sz=40, trace=300000, nelems=0, elem type=java.lang.Object[]@50000167)
ARR 50000377 (sz=48, trace=300000, nelems=0, elem type=java.lang.Object[]@50000167)
ARR 50000378 (sz=30, trace=300237, nelems=15, elem type=char[])
ARR 50000379 (sz=32, trace=300000, nelems=3, elem type=java.lang.Object[]@50000167)
	[2]		5000041a
ARR 5000037a (sz=24, trace=300000, nelems=0, elem type=java.lang.Object[]@50000167)
ARR 5000037b (sz=56, trace=300000, nelems=10, elem type=java.lang.Object[]@50000167)
	[9]		50000418
OBJ 5000037c (sz=16, trace=300238, class=java.lang.Object@500001d1)
OBJ 5000037d (sz=32, trace=300239, class=java.util.concurrent.ConcurrentHashMap$Node@5000007a)
	key		50000374
	val		5000037c
OBJ 5000037e (sz=56, trace=300020, class=java.lang.Class$ReflectionData@50000110)
OBJ 5000037f (sz=40, trace=300021, class=java.lang.ref.SoftReference@500001b1)
OBJ 50000380 (sz=16, trace=300240, class=java.lang.Object@500001d1)
OBJ 50000381 (sz=32, trace=300239, class=java.util.concurrent.ConcurrentHashMap$Node@5000007a)
	key		50000374
	val		50000380
ARR 50000382 (sz=24, trace=300000, nelems=1, elem type=java.lang.Object[]@50000167)
	[0]		50001555
ARR 50000383 (sz=24, trace=300000, nelems=0, elem type=java.lang.Object[]@50000167)
ARR 50000384 (sz=48, trace=300000, nelems=5, elem type=java.lang.Object[]@50000167)
	[0]		500009c0
	[1]		500003e5
	[2]		500007b7
	[4]		500009c1
ARR 50000385 (sz=24, trace=300000, nelems=0, elem type=java.lang.Object[]@50000167)
ARR 50000386 (sz=24, trace=300000, nelems=2, elem type=java.lang.Object[]@50000167)
	[0]		50000a1c
	[1]		50000781
ARR 50000387 (sz=864, trace=300000, nelems=212, elem type=java.lang.Object[]@50000167)
	[0]		500009c7
	[1]		50000c9a
	[2]		50000d19
	[3]		50000d1a
	[4]		50000d1b
	[5]		50000d1c
	[6]		50000bb1
	[7]		50000d1d
	[8]		50000bad
	[9]		50000d1e
	[10]		50000be0
	[11]		50000c68
	[12]		50000b69
	[13]		50000d1f
	[14]		50000b9d
	[15]		500007d8
	[16]		50000cc3
	[17]		50000d27
	[18]		50000d28
	[19]		50000a61
	[20]		50000bf2
	[21]		50000ba1
	[22]		50000d29
	[23]		50000a56
	[24]		50000d2a
	[25]		50000d2b
	[26]		50000d2c
	[27]		50000a84
	[28]		50000d2d
	[29]		50000d2e
	[30]		50000d2f
	[31]		50000a81
	[32]		50000d30
	[33]		500009e5
	[34]		50000d31
	[35]		50000a6d
	[36]		50000d32
	[37]		50000a03
	[38]		50000d33
	[39]		500009f1
	[40]		50000d34
	[41]		50000c20
	[42]		50000d35
	[43]		50000c18
	[44]		50000c5b
	[45]		50000d36
	[46]		50000ca3
	[47]		50000d37
	[48]		50000cc5
	[49]		50000d38
	[50]		50000d39
	[51]		50000d3a
	[52]		50000a50
	[53]		50000cd8
	[54]		50000d3b
	[55]		50000c7d
	[56]		50000cd4
	[57]		50000c1e
	[58]		50000d3c
	[59]		50000d3d
	[60]		50000d3e
	[61]		50000c16
	[62]		50000c57
	[63]		50000c73
	[64]		50000c64
	[65]		50000cb9
	[66]		50000ce3
	[67]		50000d3f
	[68]		50000c7b
	[69]		50000b95
	[70]		50000cd2
	[71]		50000c10
	[72]		50000d40
	[73]		50000d41
	[74]		50000c14
	[75]		50000c4e
	[76]		50000c71
	[77]		50000c61
	[78]		50000cb7
	[79]		50000ce1
	[80]		50000d42
	[81]		50000c79
	[82]		50000ccf
	[83]		50000bf0
	[84]		50000d43
	[85]		50000d44
	[86]		50000d45
	[87]		50000c51
	[88]		50000c6f
	[89]		50000c5d
	[90]		50000cb5
	[91]		50000cdf
	[92]		50000d46
	[93]		50000c77
	[94]		50000ccb
	[95]		50000c06
	[96]		50000d47
	[97]		50000d48
	[98]		50000d49
	[99]		50000d4a
	[100]		50000b9f
	[101]		50000c66
	[102]		50000d4b
	[103]		50000b80
	[104]		50000c30
	[105]		50000c26
	[106]		50000ccd
	[107]		50000ca6
	[108]		50000b91
	[109]		50000c75
	[110]		50000cc9
	[111]		50000bee
	[112]		50000d4c
	[113]		50000d4d
	[114]		50000d4e
	[115]		50000c12
	[116]		50000c4a
	[117]		50000c5f
	[118]		50000c34
	[119]		50000cdd
	[120]		50000cb3
	[121]		50000d4f
	[122]		50000bc0
	[123]		50000bb3
	[124]		50000c6d
	[125]		50000d50
	[126]		50000d51
	[127]		50000baf
	[128]		50000d52
	[129]		50000d53
	[130]		50000d54
	[131]		50000d55
	[132]		50000d56
	[133]		50000cb1
	[134]		50000cdb
	[135]		50000d57
	[136]		50000d58
	[137]		50000d59
	[138]		50000d5a
	[139]		50000d5b
	[140]		50000d5c
	[141]		50000cbd
	[142]		50000c3a
	[143]		50000b97
	[144]		50000cbb
	[145]		50000bd4
	[146]		50000b67
	[147]		50000bd2
	[148]		50000b65
	[149]		50000caa
	[150]		50000bd0
	[151]		50000b63
	[152]		50000bce
	[153]		50000b61
	[154]		50000bcc
	[155]		50000b5d
	[156]		50000bc9
	[157]		50000b5b
	[158]		50000bf4
	[159]		50000a0d
	[160]		50000ba9
	[161]		50000c1c
	[162]		50000ca8
	[163]		50000b71
	[164]		50000c40
	[165]		50000c04
	[166]		50000bf8
	[167]		50000c95
	[168]		50000c08
	[169]		50000a24
	[170]		50000bb7
	[171]		50000c38
	[172]		50000c53
	[173]		50000c00
	[174]		50000a2a
	[175]		50000ca1
	[176]		50000b55
	[177]		50000c4c
	[178]		50000a21
	[179]		50000bfe
	[180]		50000c9f
	[181]		50000d5d
	[182]		50000c48
	[183]		50000bfc
	[184]		50000a0a
	[185]		50000c9d
	[186]		50000b73
	[187]		50000c43
	[188]		500009ff
	[189]		50000bfa
	[190]		50000c98
	[191]		50000d5e
	[192]		50000c3e
	[193]		50000b8d
	[194]		50000bb5
	[195]		50000c93
	[196]		50000d5f
	[197]		50000c2e
	[198]		50000a8b
	[199]		50000bec
	[200]		50000c8f
	[201]		50000d60
	[202]		50000b8b
	[203]		50000c2c
	[204]		50000a7d
	[205]		50000bea
	[206]		50000c8d
	[207]		50000d61
	[208]		50000c22
	[209]		50000be8
	[210]		50000be4
	[211]		50000c83
ARR 50000388 (sz=984, trace=300000, nelems=241, elem type=java.lang.Object[]@50000167)
	[0]		50000cf5
	[1]		50000a10
	[2]		50000cf3
	[3]		50000a4f
	[4]		50000cf1
	[5]		50000a4c
	[6]		50000cef
	[7]		50000a43
	[8]		50000ced
	[9]		50000a32
	[10]		50000ceb
	[11]		50000ce9
	[12]		500009f8
	[13]		50000ce7
	[14]		50000a1b
	[15]		50000ce5
	[16]		50000a39
	[17]		50000ce3
	[18]		50000ce1
	[19]		50000cdf
	[20]		50000a3f
	[21]		50000cdd
	[22]		50000cdb
	[23]		50000cd6
	[24]		50000cd8
	[25]		50000cd4
	[26]		50000cd2
	[27]		50000ccd
	[28]		50000ccf
	[29]		50000ccb
	[30]		50000cc9
	[31]		50000cc7
	[32]		50000cc5
	[33]		50000cc3
	[34]		50000a46
	[35]		50000cc1
	[36]		50000a83
	[37]		50000cbf
	[38]		50000cbd
	[39]		500009ec
	[40]		50000cbb
	[41]		500009e8
	[42]		50000cb9
	[43]		50000cb7
	[44]		50000cb5
	[45]		50000cb3
	[46]		50000cb1
	[47]		50000caf
	[48]		50000a02
	[49]		50000cad
	[50]		50000a55
	[51]		50000ca8
	[52]		50000a0d
	[53]		50000caa
	[54]		50000a74
	[55]		50000ca6
	[56]		50000ca1
	[57]		50000a2a
	[58]		50000ca3
	[59]		50000c9f
	[60]		50000a21
	[61]		50000c9d
	[62]		50000a0a
	[63]		50000c98
	[64]		500009ff
	[65]		50000c9a
	[66]		50000c93
	[67]		500009fc
	[68]		50000c95
	[69]		50000a2e
	[70]		50000c91
	[71]		50000c8f
	[72]		50000a8b
	[73]		50000c8d
	[74]		50000a7d
	[75]		50000c8b
	[76]		50000a6c
	[77]		50000c89
	[78]		50000c87
	[79]		50000a60
	[80]		50000c85
	[81]		50000c83
	[82]		50000a36
	[83]		50000c81
	[84]		50000c7f
	[85]		50000c7d
	[86]		50000c7b
	[87]		50000c79
	[88]		50000c77
	[89]		50000c75
	[90]		50000c73
	[91]		50000c71
	[92]		50000c6f
	[93]		50000c6d
	[94]		50000a18
	[95]		50000c6b
	[96]		50000c66
	[97]		50000c68
	[98]		50000c64
	[99]		50000c5f
	[100]		50000c61
	[101]		50000c5d
	[102]		50000c5b
	[103]		50000c53
	[104]		50000c55
	[105]		50000c57
	[106]		50000c51
	[107]		50000c4c
	[108]		50000c4e
	[109]		50000c4a
	[110]		50000c48
	[111]		50000c43
	[112]		50000c45
	[113]		50000c3e
	[114]		50000c40
	[115]		50000c3c
	[116]		50000c3a
	[117]		50000c38
	[118]		50000a24
	[119]		50000c36
	[120]		50000c34
	[121]		50000c32
	[122]		50000c30
	[123]		50000c2e
	[124]		50000c2c
	[125]		50000c2a
	[126]		50000c28
	[127]		50000c26
	[128]		50000c24
	[129]		50000c22
	[130]		50000c20
	[131]		50000c1e
	[132]		50000c1c
	[133]		50000c1a
	[134]		50000c18
	[135]		50000c16
	[136]		50000c14
	[137]		50000c12
	[138]		50000c10
	[139]		50000c0e
	[140]		50000c0c
	[141]		50000c0a
	[142]		500009f0
	[143]		50000c08
	[144]		50000c06
	[145]		50000c04
	[146]		50000c02
	[147]		50000c00
	[148]		50000bfe
	[149]		50000bfc
	[150]		50000bfa
	[151]		50000bf8
	[152]		50000bf6
	[153]		50000bf4
	[154]		50000bf2
	[155]		50000bf0
	[156]		50000bee
	[157]		50000bec
	[158]		50000bea
	[159]		50000be8
	[160]		50000be6
	[161]		500009e4
	[162]		50000be4
	[163]		50000be2
	[164]		50000be0
	[165]		50000bde
	[166]		50000a80
	[167]		50000bdc
	[168]		50000bda
	[169]		50000bd8
	[170]		50000bd6
	[171]		50000bd4
	[172]		50000a77
	[173]		50000bd2
	[174]		50000bd0
	[175]		50000a69
	[176]		50000bce
	[177]		50000a66
	[178]		50000bcc
	[179]		50000a5d
	[180]		50000bc7
	[181]		50000bc9
	[182]		50000a59
	[183]		50000bc2
	[184]		50000bc4
	[185]		500009f4
	[186]		50000bc0
	[187]		50000bbb
	[188]		50000bbd
	[189]		50000bb9
	[190]		50000bb7
	[191]		50000bb5
	[192]		50000bb3
	[193]		50000bb1
	[194]		50000baf
	[195]		50000bad
	[196]		50000bab
	[197]		50000ba9
	[198]		50000ba7
	[199]		50000ba5
	[200]		50000ba3
	[201]		50000ba1
	[202]		50000b9f
	[203]		50000b9d
	[204]		50000b9b
	[205]		50000b99
	[206]		50000b97
	[207]		50000b95
	[208]		50000b93
	[209]		50000b91
	[210]		50000b8f
	[211]		50000b8d
	[212]		50000b8b
	[213]		50000b89
	[214]		50000b87
	[215]		50000b82
	[216]		50000b84
	[217]		50000b80
	[218]		50000b7e
	[219]		50000b7c
	[220]		50000b77
	[221]		50000b79
	[222]		50000b75
	[223]		50000b73
	[224]		50000b71
	[225]		50000b6f
	[226]		50000b6d
	[227]		50000b6b
	[228]		50000b69
	[229]		50000b67
	[230]		50000b65
	[231]		50000b63
	[232]		50000b61
	[233]		50000b5f
	[234]		50000b5d
	[235]		50000b5b
	[236]		50000b59
	[237]		50000b57
	[238]		50000b55
	[239]		50000b53
	[240]		50000b51
ARR 50000389 (sz=328, trace=300000, nelems=78, elem type=java.lang.Object[]@50000167)
	[0]		50000a8b
	[1]		50000a8c
	[2]		50000a7d
	[3]		50000a7e
	[4]		50000a80
	[5]		50000a81
	[6]		50000a83
	[7]		50000a84
	[8]		50000a74
	[9]		50000a75
	[10]		50000a77
	[11]		50000a78
	[12]		50000a66
	[13]		50000a67
	[14]		50000a69
	[15]		50000a6a
	[16]		50000a6c
	[17]		50000a6d
	[18]		50000a5d
	[19]		50000a5e
	[20]		50000a60
	[21]		50000a61
	[22]		50000a59
	[23]		50000a5a
	[24]		50000a55
	[25]		50000a56
	[26]		50000a4c
	[27]		50000a4d
	[28]		50000a4f
	[29]		50000a50
	[30]		50000a43
	[31]		50000a44
	[32]		50000a46
	[33]		50000a47
	[34]		50000a3f
	[35]		50000a40
	[36]		50000a36
	[37]		50000a37
	[38]		50000a39
	[39]		50000a3a
	[40]		50000a32
	[41]		50000a33
	[42]		50000a2e
	[43]		50000a2f
	[44]		50000a2a
	[45]		50000a2b
	[46]		50000a21
	[47]		50000a22
	[48]		50000a24
	[49]		50000a25
	[50]		50000a18
	[51]		50000a19
	[52]		50000a1b
	[53]		50000a1c
	[54]		50000a0a
	[55]		50000a0b
	[56]		50000a0d
	[57]		50000a0e
	[58]		50000a10
	[59]		50000a11
	[60]		500009fc
	[61]		500009fd
	[62]		500009ff
	[63]		50000a00
	[64]		50000a02
	[65]		50000a03
	[66]		500009f8
	[67]		500009f9
	[68]		500009f4
	[69]		500009f5
	[70]		500009f0
	[71]		500009f1
	[72]		500009ec
	[73]		500009ed
	[74]		500009e8
	[75]		500009e9
	[76]		500009e4
	[77]		500009e5
ARR 5000038a (sz=176, trace=300000, nelems=39, elem type=java.lang.Object[]@50000167)
	[0]		50000a8b
	[1]		50000a7d
	[2]		50000a80
	[3]		50000a83
	[4]		50000a74
	[5]		50000a77
	[6]		50000a66
	[7]		50000a69
	[8]		50000a6c
	[9]		50000a5d
	[10]		50000a60
	[11]		50000a59
	[12]		50000a55
	[13]		50000a4c
	[14]		50000a4f
	[15]		50000a43
	[16]		50000a46
	[17]		50000a3f
	[18]		50000a36
	[19]		50000a39
	[20]		50000a32
	[21]		50000a2e
	[22]		50000a2a
	[23]		50000a21
	[24]		50000a24
	[25]		50000a18
	[26]		50000a1b
	[27]		50000a0a
	[28]		50000a0d
	[29]		50000a10
	[30]		500009fc
	[31]		500009ff
	[32]		50000a02
	[33]		500009f8
	[34]		500009f4
	[35]		500009f0
	[36]		500009ec
	[37]		500009e8
	[38]		500009e4
ARR 5000038b (sz=24, trace=300000, nelems=1, elem type=java.lang.Object[]@50000167)
	[0]		500005b0
ARR 5000038c (sz=24, trace=300000, nelems=1, elem type=java.lang.Object[]@50000167)
	[0]		5000153b
ARR 5000038d (sz=40, trace=300000, nelems=5, elem type=java.lang.Object[]@50000167)
	[2]		50001535
	[3]		50001536
	[4]		50001537
ARR 5000038e (sz=32, trace=300000, nelems=0, elem type=java.lang.Object[]@50000167)
ARR 5000038f (sz=72, trace=300000, nelems=0, elem type=java.lang.Object[]@50000167)
ARR 50000390 (sz=104, trace=300000, nelems=4, elem type=java.lang.Object[]@50000167)
	[3]		500005ad
ARR 50000391 (sz=72, trace=300000, nelems=0, elem type=java.lang.Object[]@50000167)
ARR 50000392 (sz=192, trace=300000, nelems=0, elem type=java.lang.Object[]@50000167)
ARR 50000393 (sz=24, trace=300000, nelems=2, elem type=java.lang.Object[]@50000167)
	[0]		50000794
	[1]		500007d8
ARR 50000394 (sz=32, trace=300000, nelems=0, elem type=java.lang.Object[]@50000167)
ARR 50000395 (sz=32, trace=300000, nelems=3, elem type=java.lang.Object[]@50000167)
	[0]		50001531
	[2]		50001532
ARR 50000396 (sz=32, trace=300000, nelems=0, elem type=java.lang.Object[]@50000167)
ARR 50000397 (sz=80, trace=300000, nelems=15, elem type=java.lang.Object[]@50000167)
	[2]		500007b7
	[4]		500007b8
	[11]		500007b9
	[12]		500007ba
	[13]		500007bb
	[14]		500007bc
ARR 50000398 (sz=32, trace=300000, nelems=0, elem type=java.lang.Object[]@50000167)
ARR 50000399 (sz=88, trace=300000, nelems=0, elem type=java.lang.Object[]@50000167)
ARR 5000039a (sz=24, trace=300000, nelems=1, elem type=java.lang.Object[]@50000167)
	[0]		500008a7
OBJ 5000039b (sz=112, trace=300255, class=java.net.SocksSocketImpl@5000030f)
	socket		500002ee
	fd		500003a8
	address		500002eb
	fdLock		500003a1
	resetLock	500003a4
ARR 5000039c (sz=24, trace=300000, nelems=2, elem type=java.lang.Object[]@50000167)
	[1]		500005cb
ARR 5000039d (sz=88, trace=300000, nelems=10, elem type=java.lang.Object[]@50000167)
	[1]		500006f0
	[3]		500003e5
	[8]		500006f1
	[9]		500006f2
OBJ 5000039e (sz=40, trace=300069, class=java.lang.ref.Finalizer@500001ac)
	referent	5000039b
	queue		50000243
	next		5000023c
ARR 5000039f (sz=56, trace=300000, nelems=10, elem type=java.lang.Object[]@50000167)
	[9]		50000df8
ARR 500003a0 (sz=56, trace=300000, nelems=0, elem type=java.lang.Object[]@50000167)
OBJ 500003a1 (sz=16, trace=300256, class=java.lang.Object@500001d1)
ARR 500003a2 (sz=56, trace=300000, nelems=10, elem type=java.lang.Object[]@50000167)
	[0]		500003e5
	[1]		500003e6
	[2]		500003e7
	[3]		500003e8
	[4]		500003e9
	[5]		500003ea
	[6]		500003eb
	[7]		500003c7
	[8]		500003ec
	[9]		500003ef
ARR 500003a3 (sz=208, trace=300000, nelems=0, elem type=java.lang.Object[]@50000167)
OBJ 500003a4 (sz=16, trace=300257, class=java.lang.Object@500001d1)
ARR 500003a5 (sz=32, trace=300000, nelems=1, elem type=java.lang.Object[]@50000167)
	[0]		500003e0
ARR 500003a6 (sz=72, trace=300000, nelems=13, elem type=java.lang.Object[]@50000167)
	[5]		500003e5
	[9]		50000422
	[10]		50000425
	[11]		50000427
	[12]		50000429
ARR 500003a7 (sz=48, trace=300000, nelems=1, elem type=java.lang.Object[]@50000167)
	[0]		500008a8
OBJ 500003a8 (sz=32, trace=300258, class=java.io.FileDescriptor@500000e2)
ARR 500003a9 (sz=64, trace=300000, nelems=12, elem type=java.lang.Object[]@50000167)
	[11]		500003e1
ARR 500003aa (sz=32, trace=300000, nelems=0, elem type=java.lang.Object[]@50000167)
ARR 500003ab (sz=40, trace=300000, nelems=6, elem type=java.lang.Object[]@50000167)
	[3]		500003fe
	[4]		500003ff
	[5]		50000400
ARR 500003ac (sz=48, trace=300000, nelems=0, elem type=java.lang.Object[]@50000167)
ARR 500003ad (sz=72, trace=300000, nelems=0, elem type=java.lang.Object[]@50000167)
ARR 500003ae (sz=80, trace=300000, nelems=0, elem type=java.lang.Object[]@50000167)
ARR 500003af (sz=32, trace=300000, nelems=0, elem type=java.lang.Object[]@50000167)
ARR 500003b0 (sz=112, trace=300000, nelems=0, elem type=java.lang.Object[]@50000167)
ARR 500003b1 (sz=32, trace=300000, nelems=3, elem type=java.lang.Object[]@50000167)
	[2]		5000106a
ARR 500003b2 (sz=72, trace=300000, nelems=0, elem type=java.lang.Object[]@50000167)
ARR 500003b3 (sz=32, trace=300000, nelems=0, elem type=java.lang.Object[]@50000167)
ARR 500003b4 (sz=32, trace=300000, nelems=0, elem type=java.lang.Object[]@50000167)
ARR 500003b5 (sz=24, trace=300000, nelems=0, elem type=java.lang.Object[]@50000167)
ARR 500003b6 (sz=48, trace=300000, nelems=0, elem type=java.lang.Object[]@50000167)
ARR 500003b7 (sz=64, trace=300000, nelems=12, elem type=java.lang.Object[]@50000167)
	[11]		500003fa
ARR 500003b8 (sz=48, trace=300000, nelems=0, elem type=java.lang.Object[]@50000167)
ARR 500003b9 (sz=24, trace=300000, nelems=0, elem type=java.lang.Object[]@50000167)
ARR 500003ba (sz=24, trace=300000, nelems=0, elem type=java.lang.Object[]@50000167)
ARR 500003bb (sz=24, trace=300000, nelems=0, elem type=java.lang.Object[]@50000167)
ARR 500003bc (sz=24, trace=300000, nelems=0, elem type=java.lang.Object[]@50000167)
OBJ 500003bd (sz=104, trace=300000, class=java.lang.Class@500001c9)
OBJ 500003be (sz=104, trace=300000, class=java.lang.Class@500001c9)
OBJ 500003bf (sz=104, trace=300000, class=java.lang.Class@500001c9)
OBJ 500003c0 (sz=104, trace=300000, class=java.lang.Class@500001c9)
OBJ 500003c1 (sz=104, trace=300000, class=java.lang.Class@500001c9)
OBJ 500003c2 (sz=104, trace=300000, class=java.lang.Class@500001c9)
OBJ 500003c3 (sz=104, trace=300000, class=java.lang.Class@500001c9)
OBJ 500003c4 (sz=104, trace=300000, class=java.lang.Class@500001c9)
OBJ 500003c5 (sz=104, trace=300000, class=java.lang.Class@500001c9)
ARR 500003c6 (sz=16, trace=300000, nelems=0, elem type=java.lang.Class[]@50000162)
OBJ 500003c7 (sz=24, trace=300000, class=java.lang.String@500001cd)
	value		50001541
OBJ 500003c8 (sz=24, trace=300000, class=java.lang.String@500001cd)
	value		500015a6
OBJ 500003c9 (sz=32, trace=300000, class=java.lang.OutOfMemoryError@500001b5)
	detailMessage	500015a4
OBJ 500003ca (sz=32, trace=300000, class=java.lang.OutOfMemoryError@500001b5)
	detailMessage	500015a2
OBJ 500003cb (sz=32, trace=300000, class=java.lang.OutOfMemoryError@500001b5)
	detailMessage	500015a0
OBJ 500003cc (sz=32, trace=300000, class=java.lang.OutOfMemoryError@500001b5)
	detailMessage	5000159e
OBJ 500003cd (sz=32, trace=300000, class=java.lang.OutOfMemoryError@500001b5)
	detailMessage	5000159c
OBJ 500003ce (sz=32, trace=300000, class=java.lang.OutOfMemoryError@500001b5)
	detailMessage	5000159a
ARR 500003cf (sz=32, trace=300000, nelems=4, elem type=java.lang.OutOfMemoryError[]@5000015c)
	[0]		50001596
	[1]		50001597
	[2]		50001598
	[3]		50001599
OBJ 500003d0 (sz=32, trace=300000, class=java.lang.NullPointerException@50000161)
OBJ 500003d1 (sz=32, trace=300000, class=java.lang.ArithmeticException@50000160)
	detailMessage	50001594
OBJ 500003d2 (sz=32, trace=300000, class=java.lang.VirtualMachineError@500001b6)
OBJ 500003d3 (sz=48, trace=300000, class=java.lang.ThreadGroup@500001a7)
	parent		500003d4
	name		5000158c
	threads		5000158b
OBJ 500003d4 (sz=48, trace=300000, class=java.lang.ThreadGroup@500001a7)
	name		500008a8
	threads		5000154e
	groups		5000154d
OBJ 500003d5 (sz=32, trace=300000, class=java.lang.VirtualMachineError@500001b6)
ARR 500003d6 (sz=16, trace=300000, nelems=0, elem type=java.lang.Throwable[]@5000015f)
OBJ 500003d7 (sz=24, trace=300000, class=java.lang.String@500001cd)
	value		5000154c
OBJ 500003d8 (sz=24, trace=300000, class=java.lang.String@500001cd)
	value		5000154b
OBJ 500003d9 (sz=24, trace=300000, class=java.lang.String@500001cd)
	value		5000154a
OBJ 500003da (sz=24, trace=300000, class=java.lang.String@500001cd)
	value		50001549
OBJ 500003db (sz=24, trace=300000, class=java.util.Collections$UnmodifiableRandomAccessList@50000132)
	c		500003dd
	list		500003dd
ARR 500003dc (sz=16, trace=300000, nelems=0, elem type=java.lang.StackTraceElement[]@50000153)
OBJ 500003dd (sz=24, trace=300000, class=java.util.ArrayList@5000013c)
	elementData	500003de
ARR 500003de (sz=16, trace=300000, nelems=0, elem type=java.lang.Object[]@50000167)
ARR 500003df (sz=16, trace=300000, nelems=0, elem type=java.lang.Object[]@50000167)
OBJ 500003e0 (sz=24, trace=300000, class=java.lang.String@500001cd)
	value		50001548
OBJ 500003e1 (sz=24, trace=300000, class=java.lang.String@500001cd)
	value		500003e4
OBJ 500003e2 (sz=24, trace=300000, class=java.lang.RuntimePermission@5000014f)
	name		500003e1
	path		500003e1
ARR 500003e3 (sz=16, trace=300000, nelems=0, elem type=java.lang.StackTraceElement[]@50000153)
ARR 500003e4 (sz=64, trace=300000, nelems=32, elem type=char[])
OBJ 500003e5 (sz=24, trace=300000, class=java.lang.String@500001cd)
	value		500005af
OBJ 500003e6 (sz=24, trace=300000, class=java.lang.String@500001cd)
	value		50001547
OBJ 500003e7 (sz=24, trace=300000, class=java.lang.String@500001cd)
	value		50001546
OBJ 500003e8 (sz=24, trace=300000, class=java.lang.String@500001cd)
	value		50001545
OBJ 500003e9 (sz=24, trace=300000, class=java.lang.String@500001cd)
	value		50001544
OBJ 500003ea (sz=24, trace=300000, class=java.lang.String@500001cd)
	value		50001543
OBJ 500003eb (sz=24, trace=300000, class=java.lang.String@500001cd)
	value		50001542
OBJ 500003ec (sz=24, trace=300000, class=java.lang.String@500001cd)
	value		500005c4
OBJ 500003ed (sz=24, trace=300274, class=java.lang.String@500001cd)
ARR 500003ee (sz=208, trace=300035, nelems=0, elem type=char[])
OBJ 500003ef (sz=24, trace=300000, class=java.lang.String@500001cd)
	value		50001540
OBJ 500003f0 (sz=16, trace=300000, class=java.lang.String$CaseInsensitiveComparator@50000157)
ARR 500003f1 (sz=16, trace=300000, nelems=0, elem type=java.io.ObjectStreamField[]@50000159)
OBJ 500003f2 (sz=24, trace=300000, class=java.lang.String@500001cd)
	value		5000153d
OBJ 500003f4 (sz=16, trace=300000, class=sun.reflect.ReflectionFactory@50000140)
OBJ 500003f6 (sz=24, trace=300277, class=java.lang.String@500001cd)
	value		500003f7
ARR 500003f7 (sz=18, trace=300279, nelems=9, elem type=char[])
ARR 500003f8 (sz=16, trace=300000, nelems=0, elem type=java.io.ObjectStreamField[]@50000159)
OBJ 500003fa (sz=24, trace=300000, class=java.lang.String@500001cd)
	value		500003fd
OBJ 500003fb (sz=16, trace=300000, class=java.lang.reflect.ReflectAccess@50000102)
OBJ 500003fc (sz=24, trace=300000, class=java.lang.RuntimePermission@5000014f)
	name		500003fa
	path		500003fa
ARR 500003fd (sz=46, trace=300000, nelems=23, elem type=char[])
OBJ 500003fe (sz=24, trace=300000, class=java.lang.String@500001cd)
	value		50000fc0
OBJ 500003ff (sz=24, trace=300000, class=java.lang.String@500001cd)
	value		50000ff6
OBJ 50000400 (sz=24, trace=300000, class=java.lang.String@500001cd)
	value		50000407
OBJ 50000401 (sz=56, trace=300284, class=java.lang.Package@5000001a)
	pkgName		500003f6
	loader		50000274
OBJ 50000402 (sz=32, trace=300285, class=java.util.HashMap$Node@50000123)
	key		500003f6
	value		50000401
OBJ 50000403 (sz=32, trace=300286, class=java.io.FileInputStream@500000e3)
OBJ 50000404 (sz=40, trace=300069, class=java.lang.ref.Finalizer@500001ac)
OBJ 50000405 (sz=16, trace=300287, class=java.lang.Object@500001d1)
OBJ 50000406 (sz=32, trace=300288, class=java.io.FileDescriptor@500000e2)
ARR 50000407 (sz=16, trace=300000, nelems=8, elem type=char[])
OBJ 50000409 (sz=24, trace=300000, class=java.lang.String@500001cd)
	value		50000e0d
OBJ 5000040a (sz=24, trace=300000, class=java.lang.String@500001cd)
	value		50001530
OBJ 5000040b (sz=24, trace=300000, class=java.lang.String@500001cd)
	value		50000e0b
OBJ 5000040c (sz=24, trace=300000, class=java.lang.String@500001cd)
	value		50000416
ARR 5000040d (sz=32, trace=300000, nelems=3, elem type=java.io.ObjectStreamField[]@50000159)
	[0]		5000040f
	[1]		50000410
	[2]		50000411
OBJ 5000040f (sz=40, trace=300000, class=java.io.ObjectStreamField@5000015b)
	name		5000040b
	signature	50000e02
	type		500001a4
OBJ 50000410 (sz=40, trace=300000, class=java.io.ObjectStreamField@5000015b)
	name		5000040a
	signature	500005b7
	type		500003c4
OBJ 50000411 (sz=40, trace=300000, class=java.io.ObjectStreamField@5000015b)
	name		5000040c
	signature	50000415
	type		500001c9
OBJ 50000412 (sz=32, trace=300297, class=java.security.CodeSource@50000173)
	location	50000ff3
OBJ 50000413 (sz=32, trace=300298, class=java.security.Permissions@50000017)
	permsMap	50000414
OBJ 50000414 (sz=48, trace=300299, class=java.util.HashMap@50000125)
	table		500004f4
OBJ 50000415 (sz=24, trace=300000, class=java.lang.String@500001cd)
	value		50000417
ARR 50000416 (sz=18, trace=300000, nelems=9, elem type=char[])
ARR 50000417 (sz=34, trace=300000, nelems=17, elem type=char[])
OBJ 50000418 (sz=24, trace=300000, class=java.lang.String@500001cd)
	value		50000419
ARR 50000419 (sz=12, trace=300000, nelems=6, elem type=char[])
OBJ 5000041a (sz=24, trace=300000, class=java.lang.String@500001cd)
	value		5000041b
ARR 5000041b (sz=10, trace=300000, nelems=5, elem type=char[])
OBJ 5000041c (sz=24, trace=300000, class=java.lang.String@500001cd)
	value		5000142d
ARR 5000041e (sz=40, trace=300000, nelems=10, elem type=int[])
ARR 5000041f (sz=200, trace=300000, nelems=100, elem type=char[])
ARR 50000420 (sz=200, trace=300000, nelems=100, elem type=char[])
ARR 50000421 (sz=72, trace=300000, nelems=36, elem type=char[])
OBJ 50000422 (sz=24, trace=300000, class=java.lang.String@500001cd)
	value		50000ff1
ARR 50000424 (sz=40, trace=300309, nelems=5, elem type=java.lang.String[][]@50000423)
	[0]		50000426
	[1]		50000428
	[2]		5000042a
	[3]		5000042b
	[4]		5000042d
OBJ 50000425 (sz=24, trace=300000, class=java.lang.String@500001cd)
	value		5000142c
ARR 50000426 (sz=32, trace=300310, nelems=4, elem type=java.lang.String[]@50000127)
	[0]		50001043
	[1]		50001048
	[2]		50001049
	[3]		5000104a
OBJ 50000427 (sz=24, trace=300000, class=java.lang.String@500001cd)
	value		5000142b
ARR 50000428 (sz=32, trace=300311, nelems=4, elem type=java.lang.String[]@50000127)
	[0]		50001044
	[1]		5000104b
	[2]		50001049
	[3]		5000104a
OBJ 50000429 (sz=24, trace=300000, class=java.lang.String@500001cd)
	value		5000142a
ARR 5000042a (sz=40, trace=300312, nelems=5, elem type=java.lang.String[]@50000127)
	[0]		50001045
	[1]		5000104c
	[2]		5000104d
	[3]		50001049
	[4]		5000104a
ARR 5000042b (sz=32, trace=300313, nelems=3, elem type=java.lang.String[]@50000127)
	[0]		50001047
	[1]		5000104e
	[2]		5000104a
OBJ 5000042c (sz=24, trace=300000, class=java.lang.String@500001cd)
	value		50000651
ARR 5000042d (sz=24, trace=300314, nelems=2, elem type=java.lang.String[]@50000127)
	[0]		50001046
	[1]		5000104a
OBJ 5000042e (sz=48, trace=300000, class=java.util.Properties@500001a3)
	table		500013cb
	entrySet	500013ca
OBJ 5000042f (sz=32, trace=300000, class=java.io.PrintStream@500000d4)
	out		500013c2
	textOut		500013c1
	charOut		500013c0
OBJ 50000430 (sz=32, trace=300000, class=java.io.PrintStream@500000d4)
	out		500013b8
	textOut		500013b7
	charOut		500013b6
OBJ 50000431 (sz=40, trace=300000, class=java.io.BufferedInputStream@500000db)
	in		50000433
	buf		50000432
ARR 50000432 (sz=8192, trace=300000, nelems=8192, elem type=byte[])
OBJ 50000433 (sz=32, trace=300000, class=java.io.FileInputStream@500000e3)
	fd		50000435
	closeLock	50000434
OBJ 50000434 (sz=16, trace=300000, class=java.lang.Object@500001d1)
OBJ 50000435 (sz=32, trace=300000, class=java.io.FileDescriptor@500000e2)
	parent		50000433
OBJ 50000437 (sz=32, trace=300000, class=java.io.FileDescriptor@500000e2)
	parent		500013b4
OBJ 50000438 (sz=32, trace=300000, class=java.io.FileDescriptor@500000e2)
	parent		50000439
OBJ 50000439 (sz=32, trace=300000, class=java.io.FileOutputStream@500000dd)
	fd		50000438
	closeLock	5000043a
OBJ 5000043a (sz=16, trace=300000, class=java.lang.Object@500001d1)
OBJ 5000043b (sz=24, trace=300000, class=java.lang.String@500001cd)
	value		50001032
OBJ 5000043c (sz=24, trace=300000, class=java.lang.String@500001cd)
	value		500013b3
OBJ 5000043d (sz=16, trace=300000, class=sun.misc.Unsafe@5000017f)
OBJ 5000043e (sz=24, trace=300000, class=java.lang.String@500001cd)
	value		500005ca
OBJ 5000043f (sz=24, trace=300000, class=java.lang.String@500001cd)
	value		500005c9
OBJ 50000440 (sz=32, trace=300000, class=java.io.UnixFileSystem@500000c1)
	javaHome	50000443
	cache		50000442
	javaHomePrefixCache	50000441
OBJ 50000441 (sz=40, trace=300000, class=java.io.ExpiringCache@500000c0)
	map		50000597
OBJ 50000442 (sz=40, trace=300000, class=java.io.ExpiringCache@500000c0)
	map		50000446
OBJ 50000443 (sz=24, trace=300000, class=java.lang.String@500001cd)
	value		50000444
ARR 50000444 (sz=136, trace=300000, nelems=68, elem type=char[])
OBJ 50000446 (sz=64, trace=300000, class=java.io.ExpiringCache$1@500000be)
	table		50000448
	head		50000447
	tail		500004ee
	this$0		50000442
OBJ 50000447 (sz=40, trace=300000, class=java.util.LinkedHashMap$Entry@500000b4)
	key		50000593
	value		50000592
	after		5000045f
ARR 50000448 (sz=272, trace=300000, nelems=63, elem type=java.util.HashMap$Node[]@50000121)
	[1]		5000044a
	[6]		5000044c
	[7]		5000044d
	[9]		5000044e
	[10]		5000044f
	[13]		50000450
	[15]		500004ee
	[17]		50000451
	[18]		50000452
	[20]		50000453
	[22]		50000454
	[24]		50000455
	[25]		50000447
	[28]		50000456
	[31]		50000457
	[32]		50000458
	[33]		50000459
	[37]		5000045a
	[38]		5000045b
	[39]		5000045c
	[40]		5000045d
	[41]		5000045e
	[49]		5000045f
	[51]		50000460
	[52]		50000461
	[54]		50000462
	[56]		50000463
	[57]		50000311
	[59]		50000464
	[60]		5000023a
	[61]		50000465
	[62]		50000466
OBJ 50000449 (sz=48, trace=300320, class=java.util.Properties@500001a3)
	table		5000044b
OBJ 5000044a (sz=40, trace=300000, class=java.util.LinkedHashMap$Entry@500000b4)
	key		50000510
	value		5000050b
	before		50000456
	after		50000457
ARR 5000044b (sz=64, trace=300321, nelems=5, elem type=java.util.Hashtable$Entry[]@5000011e)
	[1]		500004ec
	[2]		500004dc
	[4]		500004fa
OBJ 5000044c (sz=40, trace=300000, class=java.util.LinkedHashMap$Entry@500000b4)
	key		500004bb
	value		500004b9
	before		5000045e
	after		5000045b
OBJ 5000044d (sz=40, trace=300000, class=java.util.LinkedHashMap$Entry@500000b4)
	key		5000057f
	value		5000057e
	next		50000515
	before		50000466
	after		50000461
OBJ 5000044e (sz=40, trace=300000, class=java.util.LinkedHashMap$Entry@500000b4)
	key		5000055c
	value		5000055b
	before		50000454
	after		50000452
OBJ 5000044f (sz=40, trace=300000, class=java.util.LinkedHashMap$Entry@500000b4)
	key		500004a7
	value		500004a6
	before		5000048f
	after		50000465
OBJ 50000450 (sz=40, trace=300000, class=java.util.LinkedHashMap$Entry@500000b4)
	key		50000570
	value		5000056f
	next		50000478
	before		5000045a
	after		50000455
OBJ 50000451 (sz=40, trace=300000, class=java.util.LinkedHashMap$Entry@500000b4)
	key		50000474
	value		50000473
	next		50000472
	before		50000459
	after		50000463
OBJ 50000452 (sz=40, trace=300000, class=java.util.LinkedHashMap$Entry@500000b4)
	key		5000054a
	value		50000549
	before		5000044e
	after		50000458
OBJ 50000453 (sz=40, trace=300000, class=java.util.LinkedHashMap$Entry@500000b4)
	key		50000491
	value		50000490
	next		5000048f
	before		5000045b
	after		50000479
OBJ 50000454 (sz=40, trace=300000, class=java.util.LinkedHashMap$Entry@500000b4)
	key		50000561
	value		50000560
	next		50000488
	before		5000045c
	after		5000044e
OBJ 50000455 (sz=40, trace=300000, class=java.util.LinkedHashMap$Entry@500000b4)
	key		5000056b
	value		5000056a
	before		50000450
	after		5000045c
OBJ 50000456 (sz=40, trace=300000, class=java.util.LinkedHashMap$Entry@500000b4)
	key		50000517
	value		50000516
	before		50000515
	after		5000044a
OBJ 50000457 (sz=40, trace=300000, class=java.util.LinkedHashMap$Entry@500000b4)
	key		500004e6
	value		500004e5
	before		5000044a
	after		50000464
OBJ 50000458 (sz=40, trace=300000, class=java.util.LinkedHashMap$Entry@500000b4)
	key		50000545
	value		50000544
	before		50000452
	after		50000478
OBJ 50000459 (sz=40, trace=300000, class=java.util.LinkedHashMap$Entry@500000b4)
	key		50000584
	value		50000583
	before		5000045d
	after		50000451
OBJ 5000045a (sz=40, trace=300000, class=java.util.LinkedHashMap$Entry@500000b4)
	key		50000575
	value		50000574
	before		50000461
	after		50000450
OBJ 5000045b (sz=40, trace=300000, class=java.util.LinkedHashMap$Entry@500000b4)
	key		500004b5
	value		500004b4
	before		5000044c
	after		50000453
OBJ 5000045c (sz=40, trace=300000, class=java.util.LinkedHashMap$Entry@500000b4)
	key		50000566
	value		50000565
	before		50000455
	after		50000454
OBJ 5000045d (sz=40, trace=300000, class=java.util.LinkedHashMap$Entry@500000b4)
	key		50000589
	value		50000588
	next		500004c8
	before		5000045f
	after		50000459
OBJ 5000045e (sz=40, trace=300000, class=java.util.LinkedHashMap$Entry@500000b4)
	key		500004c4
	value		500004c3
	next		50000481
	before		50000462
	after		5000044c
OBJ 5000045f (sz=40, trace=300000, class=java.util.LinkedHashMap$Entry@500000b4)
	key		5000058e
	value		5000058d
	before		50000447
	after		5000045d
OBJ 50000460 (sz=40, trace=300000, class=java.util.LinkedHashMap$Entry@500000b4)
	key		5000052b
	value		5000052a
	before		50000472
	after		50000515
OBJ 50000461 (sz=40, trace=300000, class=java.util.LinkedHashMap$Entry@500000b4)
	key		5000057a
	value		50000579
	before		5000044d
	after		5000045a
OBJ 50000462 (sz=40, trace=300000, class=java.util.LinkedHashMap$Entry@500000b4)
	key		500004ca
	value		500004c9
	before		500004c8
	after		5000045e
OBJ 50000463 (sz=40, trace=300000, class=java.util.LinkedHashMap$Entry@500000b4)
	key		5000046e
	value		5000046d
	before		50000451
	after		50000466
OBJ 50000464 (sz=40, trace=300000, class=java.util.LinkedHashMap$Entry@500000b4)
	key		500004de
	value		500004dd
	before		50000457
	after		500004c8
OBJ 50000465 (sz=40, trace=300000, class=java.util.LinkedHashMap$Entry@500000b4)
	key		500004a2
	value		500004a1
	before		5000044f
	after		50000495
OBJ 50000466 (sz=40, trace=300000, class=java.util.LinkedHashMap$Entry@500000b4)
	key		50000469
	value		50000468
	before		50000463
	after		5000044d
OBJ 50000468 (sz=24, trace=300000, class=java.io.ExpiringCache$Entry@500000b5)
	val		5000046b
OBJ 50000469 (sz=24, trace=300000, class=java.lang.String@500001cd)
	value		5000046a
ARR 5000046a (sz=172, trace=300000, nelems=86, elem type=char[])
OBJ 5000046b (sz=24, trace=300000, class=java.lang.String@500001cd)
	value		5000046c
ARR 5000046c (sz=172, trace=300000, nelems=86, elem type=char[])
OBJ 5000046d (sz=24, trace=300000, class=java.io.ExpiringCache$Entry@500000b5)
	val		50000470
OBJ 5000046e (sz=24, trace=300000, class=java.lang.String@500001cd)
	value		5000046f
ARR 5000046f (sz=172, trace=300000, nelems=86, elem type=char[])
OBJ 50000470 (sz=24, trace=300000, class=java.lang.String@500001cd)
	value		50000471
ARR 50000471 (sz=172, trace=300000, nelems=86, elem type=char[])
OBJ 50000472 (sz=40, trace=300000, class=java.util.LinkedHashMap$Entry@500000b4)
	key		5000047b
	value		5000047a
	next		50000479
	before		50000478
	after		50000460
OBJ 50000473 (sz=24, trace=300000, class=java.io.ExpiringCache$Entry@500000b5)
	val		50000476
OBJ 50000474 (sz=24, trace=300000, class=java.lang.String@500001cd)
	value		50000475
ARR 50000475 (sz=178, trace=300000, nelems=89, elem type=char[])
OBJ 50000476 (sz=24, trace=300000, class=java.lang.String@500001cd)
	value		50000477
ARR 50000477 (sz=178, trace=300000, nelems=89, elem type=char[])
OBJ 50000478 (sz=40, trace=300000, class=java.util.LinkedHashMap$Entry@500000b4)
	key		50000540
	value		5000053f
	before		50000458
	after		50000472
OBJ 50000479 (sz=40, trace=300000, class=java.util.LinkedHashMap$Entry@500000b4)
	key		50000483
	value		50000482
	before		50000453
	after		50000481
OBJ 5000047a (sz=24, trace=300000, class=java.io.ExpiringCache$Entry@500000b5)
	val		5000047d
OBJ 5000047b (sz=24, trace=300000, class=java.lang.String@500001cd)
	value		5000047c
ARR 5000047c (sz=166, trace=300000, nelems=83, elem type=char[])
OBJ 5000047d (sz=24, trace=300000, class=java.lang.String@500001cd)
	value		5000047e
ARR 5000047e (sz=166, trace=300000, nelems=83, elem type=char[])
OBJ 5000047f (sz=24, trace=300060, class=java.lang.String@500001cd)
	value		50000480
ARR 50000480 (sz=174, trace=300061, nelems=87, elem type=char[])
OBJ 50000481 (sz=40, trace=300000, class=java.util.LinkedHashMap$Entry@500000b4)
	key		500004b0
	value		500004af
	before		50000479
	after		5000048f
OBJ 50000482 (sz=24, trace=300000, class=java.io.ExpiringCache$Entry@500000b5)
	val		50000489
OBJ 50000483 (sz=24, trace=300000, class=java.lang.String@500001cd)
	value		50000484
ARR 50000484 (sz=146, trace=300000, nelems=73, elem type=char[])
OBJ 50000485 (sz=24, trace=300064, class=java.lang.String@500001cd)
	value		50000486
ARR 50000486 (sz=174, trace=300065, nelems=87, elem type=char[])
OBJ 50000487 (sz=24, trace=300066, class=java.io.ExpiringCache$Entry@500000b5)
	val		5000047f
OBJ 50000488 (sz=40, trace=300343, class=java.util.LinkedHashMap$Entry@500000b4)
	key		50000485
	value		50000487
	before		50000311
	after		500004ee
OBJ 50000489 (sz=24, trace=300000, class=java.lang.String@500001cd)
	value		5000048e
OBJ 5000048a (sz=32, trace=300345, class=java.io.FileInputStream@500000e3)
OBJ 5000048b (sz=40, trace=300069, class=java.lang.ref.Finalizer@500001ac)
OBJ 5000048c (sz=16, trace=300346, class=java.lang.Object@500001d1)
OBJ 5000048d (sz=32, trace=300347, class=java.io.FileDescriptor@500000e2)
ARR 5000048e (sz=146, trace=300000, nelems=73, elem type=char[])
OBJ 5000048f (sz=40, trace=300000, class=java.util.LinkedHashMap$Entry@500000b4)
	key		50000497
	value		50000496
	next		50000495
	before		50000481
	after		5000044f
OBJ 50000490 (sz=24, trace=300000, class=java.io.ExpiringCache$Entry@500000b5)
	val		50000493
OBJ 50000491 (sz=24, trace=300000, class=java.lang.String@500001cd)
	value		50000492
ARR 50000492 (sz=156, trace=300000, nelems=78, elem type=char[])
OBJ 50000493 (sz=24, trace=300000, class=java.lang.String@500001cd)
	value		50000494
ARR 50000494 (sz=156, trace=300000, nelems=78, elem type=char[])
OBJ 50000495 (sz=40, trace=300000, class=java.util.LinkedHashMap$Entry@500000b4)
	key		5000049d
	value		5000049b
	before		50000465
	after		5000023a
OBJ 50000496 (sz=24, trace=300000, class=java.io.ExpiringCache$Entry@500000b5)
	val		50000499
OBJ 50000497 (sz=24, trace=300000, class=java.lang.String@500001cd)
	value		50000498
ARR 50000498 (sz=168, trace=300000, nelems=84, elem type=char[])
OBJ 50000499 (sz=24, trace=300000, class=java.lang.String@500001cd)
	value		5000049a
ARR 5000049a (sz=168, trace=300000, nelems=84, elem type=char[])
OBJ 5000049b (sz=24, trace=300000, class=java.io.ExpiringCache$Entry@500000b5)
	val		5000049f
OBJ 5000049d (sz=24, trace=300000, class=java.lang.String@500001cd)
	value		5000049e
ARR 5000049e (sz=184, trace=300000, nelems=92, elem type=char[])
OBJ 5000049f (sz=24, trace=300000, class=java.lang.String@500001cd)
	value		500004a0
ARR 500004a0 (sz=184, trace=300000, nelems=92, elem type=char[])
OBJ 500004a1 (sz=24, trace=300000, class=java.io.ExpiringCache$Entry@500000b5)
	val		500004a4
OBJ 500004a2 (sz=24, trace=300000, class=java.lang.String@500001cd)
	value		500004a3
ARR 500004a3 (sz=112, trace=300000, nelems=56, elem type=char[])
OBJ 500004a4 (sz=24, trace=300000, class=java.lang.String@500001cd)
	value		500004a5
ARR 500004a5 (sz=112, trace=300000, nelems=56, elem type=char[])
OBJ 500004a6 (sz=24, trace=300000, class=java.io.ExpiringCache$Entry@500000b5)
	val		500004a9
OBJ 500004a7 (sz=24, trace=300000, class=java.lang.String@500001cd)
	value		500004a8
ARR 500004a8 (sz=176, trace=300000, nelems=88, elem type=char[])
OBJ 500004a9 (sz=24, trace=300000, class=java.lang.String@500001cd)
	value		500004aa
ARR 500004aa (sz=176, trace=300000, nelems=88, elem type=char[])
OBJ 500004ab (sz=24, trace=300000, class=java.lang.String@500001cd)
	value		500004ac
ARR 500004ac (sz=136, trace=300000, nelems=68, elem type=char[])
OBJ 500004ad (sz=24, trace=300000, class=java.lang.String@500001cd)
	value		500004ae
ARR 500004ae (sz=150, trace=300000, nelems=75, elem type=char[])
OBJ 500004af (sz=24, trace=300000, class=java.io.ExpiringCache$Entry@500000b5)
	val		500004b2
OBJ 500004b0 (sz=24, trace=300000, class=java.lang.String@500001cd)
	value		500004b1
ARR 500004b1 (sz=154, trace=300000, nelems=77, elem type=char[])
OBJ 500004b2 (sz=24, trace=300000, class=java.lang.String@500001cd)
	value		500004b3
ARR 500004b3 (sz=154, trace=300000, nelems=77, elem type=char[])
OBJ 500004b4 (sz=24, trace=300000, class=java.io.ExpiringCache$Entry@500000b5)
	val		500004b7
OBJ 500004b5 (sz=24, trace=300000, class=java.lang.String@500001cd)
	value		500004b6
ARR 500004b6 (sz=158, trace=300000, nelems=79, elem type=char[])
OBJ 500004b7 (sz=24, trace=300000, class=java.lang.String@500001cd)
	value		500004b8
ARR 500004b8 (sz=158, trace=300000, nelems=79, elem type=char[])
OBJ 500004b9 (sz=24, trace=300000, class=java.io.ExpiringCache$Entry@500000b5)
	val		500004c0
OBJ 500004ba (sz=24, trace=300355, class=java.lang.String@500001cd)
	value		500004bc
OBJ 500004bb (sz=24, trace=300000, class=java.lang.String@500001cd)
	value		500004be
ARR 500004bc (sz=50, trace=300356, nelems=25, elem type=char[])
OBJ 500004bd (sz=24, trace=300357, class=java.lang.String@500001cd)
	value		500004bf
ARR 500004be (sz=162, trace=300000, nelems=81, elem type=char[])
ARR 500004bf (sz=10, trace=300358, nelems=5, elem type=char[])
OBJ 500004c0 (sz=24, trace=300000, class=java.lang.String@500001cd)
	value		500004c2
OBJ 500004c1 (sz=32, trace=300359, class=java.util.Hashtable$Entry@5000011f)
	key		500004ba
	value		500004bd
ARR 500004c2 (sz=162, trace=300000, nelems=81, elem type=char[])
OBJ 500004c3 (sz=24, trace=300000, class=java.io.ExpiringCache$Entry@500000b5)
	val		500004c6
OBJ 500004c4 (sz=24, trace=300000, class=java.lang.String@500001cd)
	value		500004c5
ARR 500004c5 (sz=162, trace=300000, nelems=81, elem type=char[])
OBJ 500004c6 (sz=24, trace=300000, class=java.lang.String@500001cd)
	value		500004c7
ARR 500004c7 (sz=162, trace=300000, nelems=81, elem type=char[])
OBJ 500004c8 (sz=40, trace=300000, class=java.util.LinkedHashMap$Entry@500000b4)
	key		500004d4
	value		500004d3
	before		50000464
	after		50000462
OBJ 500004c9 (sz=24, trace=300000, class=java.io.ExpiringCache$Entry@500000b5)
	val		500004cf
OBJ 500004ca (sz=24, trace=300000, class=java.lang.String@500001cd)
	value		500004cc
OBJ 500004cb (sz=24, trace=300355, class=java.lang.String@500001cd)
	value		500004cd
ARR 500004cc (sz=164, trace=300000, nelems=82, elem type=char[])
ARR 500004cd (sz=36, trace=300356, nelems=18, elem type=char[])
OBJ 500004ce (sz=24, trace=300357, class=java.lang.String@500001cd)
	value		500004d0
OBJ 500004cf (sz=24, trace=300000, class=java.lang.String@500001cd)
	value		500004d2
ARR 500004d0 (sz=42, trace=300358, nelems=21, elem type=char[])
OBJ 500004d1 (sz=32, trace=300359, class=java.util.Hashtable$Entry@5000011f)
	key		500004cb
	value		500004ce
ARR 500004d2 (sz=164, trace=300000, nelems=82, elem type=char[])
OBJ 500004d3 (sz=24, trace=300000, class=java.io.ExpiringCache$Entry@500000b5)
	val		500004d6
OBJ 500004d4 (sz=24, trace=300000, class=java.lang.String@500001cd)
	value		500004d5
ARR 500004d5 (sz=150, trace=300000, nelems=75, elem type=char[])
OBJ 500004d6 (sz=24, trace=300000, class=java.lang.String@500001cd)
	value		500004d7
ARR 500004d7 (sz=150, trace=300000, nelems=75, elem type=char[])
OBJ 500004d8 (sz=24, trace=300355, class=java.lang.String@500001cd)
	value		500004d9
ARR 500004d9 (sz=34, trace=300356, nelems=17, elem type=char[])
OBJ 500004da (sz=24, trace=300357, class=java.lang.String@500001cd)
	value		500004db
ARR 500004db (sz=42, trace=300358, nelems=21, elem type=char[])
OBJ 500004dc (sz=32, trace=300359, class=java.util.Hashtable$Entry@5000011f)
	key		500004d8
	value		500004da
	next		500004c1
OBJ 500004dd (sz=24, trace=300000, class=java.io.ExpiringCache$Entry@500000b5)
	val		500004e0
OBJ 500004de (sz=24, trace=300000, class=java.lang.String@500001cd)
	value		500004df
ARR 500004df (sz=166, trace=300000, nelems=83, elem type=char[])
OBJ 500004e0 (sz=24, trace=300000, class=java.lang.String@500001cd)
	value		500004e4
OBJ 500004e1 (sz=24, trace=300366, class=java.lang.String@500001cd)
	value		500004e2
ARR 500004e2 (sz=150, trace=300367, nelems=75, elem type=char[])
OBJ 500004e3 (sz=32, trace=300368, class=java.io.FilePermission@50000012)
	name		500004e1
	cpath		500004ef
ARR 500004e4 (sz=166, trace=300000, nelems=83, elem type=char[])
OBJ 500004e5 (sz=24, trace=300000, class=java.io.ExpiringCache$Entry@500000b5)
	val		500004ff
OBJ 500004e6 (sz=24, trace=300000, class=java.lang.String@500001cd)
	value		500004e7
ARR 500004e7 (sz=158, trace=300000, nelems=79, elem type=char[])
OBJ 500004e8 (sz=24, trace=300355, class=java.lang.String@500001cd)
	value		500004e9
ARR 500004e9 (sz=78, trace=300356, nelems=39, elem type=char[])
OBJ 500004ea (sz=24, trace=300357, class=java.lang.String@500001cd)
	value		500004eb
ARR 500004eb (sz=10, trace=300358, nelems=5, elem type=char[])
OBJ 500004ec (sz=32, trace=300359, class=java.util.Hashtable$Entry@5000011f)
	key		500004e8
	value		500004ea
OBJ 500004ed (sz=24, trace=300196, class=java.io.ExpiringCache$Entry@500000b5)
	val		500004ad
OBJ 500004ee (sz=40, trace=300067, class=java.util.LinkedHashMap$Entry@500000b4)
	key		500004e1
	value		500004ed
	before		50000488
OBJ 500004ef (sz=24, trace=300370, class=java.lang.String@500001cd)
	value		500004f0
ARR 500004f0 (sz=148, trace=300371, nelems=74, elem type=char[])
OBJ 500004f1 (sz=24, trace=300372, class=java.io.FilePermissionCollection@50000010)
	perms		500004f2
OBJ 500004f2 (sz=24, trace=300373, class=java.util.ArrayList@5000013c)
	elementData	500004f9
OBJ 500004f3 (sz=24, trace=300355, class=java.lang.String@500001cd)
	value		500004f5
ARR 500004f4 (sz=80, trace=300374, nelems=4, elem type=java.util.HashMap$Node[]@50000121)
	[1]		500004fe
	[3]		500004f6
ARR 500004f5 (sz=58, trace=300356, nelems=29, elem type=char[])
OBJ 500004f6 (sz=32, trace=300285, class=java.util.HashMap$Node@50000123)
	key		50000012
	value		500004f1
OBJ 500004f7 (sz=24, trace=300357, class=java.lang.String@500001cd)
	value		500004f8
ARR 500004f8 (sz=16, trace=300358, nelems=8, elem type=char[])
ARR 500004f9 (sz=56, trace=300143, nelems=1, elem type=java.lang.Object[]@50000167)
	[0]		500004e3
OBJ 500004fa (sz=32, trace=300359, class=java.util.Hashtable$Entry@5000011f)
	key		500004f3
	value		500004f7
	next		500004d1
OBJ 500004fb (sz=24, trace=300375, class=java.lang.RuntimePermission@5000014f)
	name		500003fe
	path		500003ff
OBJ 500004fc (sz=32, trace=300376, class=java.security.BasicPermissionCollection@5000000d)
	perms		500004fd
	permClass	5000014f
OBJ 500004fd (sz=48, trace=300377, class=java.util.HashMap@50000125)
	table		50000500
OBJ 500004fe (sz=32, trace=300285, class=java.util.HashMap$Node@50000123)
	key		5000014f
	value		500004fc
OBJ 500004ff (sz=24, trace=300000, class=java.lang.String@500001cd)
	value		50000504
ARR 50000500 (sz=80, trace=300379, nelems=12, elem type=java.util.HashMap$Node[]@50000121)
	[11]		50000501
OBJ 50000501 (sz=32, trace=300285, class=java.util.HashMap$Node@50000123)
	key		50000400
	value		500004fb
OBJ 50000502 (sz=40, trace=300380, class=java.security.ProtectionDomain@500001bf)
	codesource	50000412
	classloader	50000274
	principals	50000505
	permissions	50000413
	key		50000503
OBJ 50000503 (sz=16, trace=300381, class=java.security.ProtectionDomain$Key@50000062)
	this$0		50000502
ARR 50000504 (sz=158, trace=300000, nelems=79, elem type=char[])
ARR 50000505 (sz=16, trace=300382, nelems=0, elem type=java.security.Principal[]@50000060)
OBJ 50000506 (sz=56, trace=300120, class=java.lang.Class$ReflectionData@50000110)
OBJ 50000507 (sz=32, trace=300285, class=java.util.HashMap$Node@50000123)
	key		50000412
	value		50000502
OBJ 50000508 (sz=40, trace=300021, class=java.lang.ref.SoftReference@500001b1)
OBJ 50000509 (sz=80, trace=300121, class=java.lang.reflect.Constructor@5000019c)
OBJ 5000050a (sz=24, trace=300384, class=java.lang.String@500001cd)
	value		5000050c
OBJ 5000050b (sz=24, trace=300000, class=java.io.ExpiringCache$Entry@500000b5)
	val		50000513
ARR 5000050c (sz=18, trace=300386, nelems=9, elem type=char[])
OBJ 5000050d (sz=32, trace=300387, class=java.util.concurrent.ConcurrentHashMap$Node@5000007a)
	key		5000050a
	val		500006f8
OBJ 5000050e (sz=24, trace=300124, class=sun.reflect.NativeConstructorAccessorImpl@500000f9)
OBJ 5000050f (sz=16, trace=300126, class=sun.reflect.DelegatingConstructorAccessorImpl@500000f8)
OBJ 50000510 (sz=24, trace=300000, class=java.lang.String@500001cd)
	value		50000511
ARR 50000511 (sz=172, trace=300000, nelems=86, elem type=char[])
OBJ 50000512 (sz=16, trace=300390, class=sun.net.spi.DefaultProxySelector@5000041d)
OBJ 50000513 (sz=24, trace=300000, class=java.lang.String@500001cd)
	value		50000514
ARR 50000514 (sz=172, trace=300000, nelems=86, elem type=char[])
OBJ 50000515 (sz=40, trace=300000, class=java.util.LinkedHashMap$Entry@500000b4)
	key		50000526
	value		50000525
	before		50000460
	after		50000456
OBJ 50000516 (sz=24, trace=300000, class=java.io.ExpiringCache$Entry@500000b5)
	val		50000520
OBJ 50000517 (sz=24, trace=300000, class=java.lang.String@500001cd)
	value		5000051e
OBJ 50000518 (sz=24, trace=300396, class=java.lang.String@500001cd)
	value		50000519
ARR 50000519 (sz=18, trace=300397, nelems=9, elem type=char[])
OBJ 5000051a (sz=32, trace=300285, class=java.util.HashMap$Node@50000123)
	key		50000502
	value		50000ed2
ARR 5000051e (sz=166, trace=300000, nelems=83, elem type=char[])
OBJ 50000520 (sz=24, trace=300000, class=java.lang.String@500001cd)
	value		50000521
ARR 50000521 (sz=166, trace=300000, nelems=83, elem type=char[])
OBJ 50000522 (sz=56, trace=300405, class=java.lang.Class$ReflectionData@50000110)
OBJ 50000523 (sz=40, trace=300021, class=java.lang.ref.SoftReference@500001b1)
ARR 50000524 (sz=32, trace=300406, nelems=16, elem type=char[])
OBJ 50000525 (sz=24, trace=300000, class=java.io.ExpiringCache$Entry@500000b5)
	val		50000528
OBJ 50000526 (sz=24, trace=300000, class=java.lang.String@500001cd)
	value		50000527
ARR 50000527 (sz=186, trace=300000, nelems=93, elem type=char[])
OBJ 50000528 (sz=24, trace=300000, class=java.lang.String@500001cd)
	value		50000529
ARR 50000529 (sz=186, trace=300000, nelems=93, elem type=char[])
OBJ 5000052a (sz=24, trace=300000, class=java.io.ExpiringCache$Entry@500000b5)
	val		50000536
OBJ 5000052b (sz=24, trace=300000, class=java.lang.String@500001cd)
	value		50000533
OBJ 5000052c (sz=16, trace=300238, class=java.lang.Object@500001d1)
OBJ 5000052d (sz=24, trace=300413, class=java.lang.String@500001cd)
	value		5000052e
ARR 5000052e (sz=48, trace=300414, nelems=24, elem type=char[])
OBJ 5000052f (sz=32, trace=300239, class=java.util.concurrent.ConcurrentHashMap$Node@5000007a)
	key		50000725
	val		5000052c
OBJ 50000530 (sz=80, trace=300415, class=java.net.URI@5000051c)
	scheme		5000053b
	authority	5000054f
	host		5000054b
	path		50000552
	schemeSpecificPart	50000553
	string		5000052d
OBJ 50000531 (sz=16, trace=300240, class=java.lang.Object@500001d1)
OBJ 50000532 (sz=32, trace=300239, class=java.util.concurrent.ConcurrentHashMap$Node@5000007a)
	key		50000725
	val		50000531
ARR 50000533 (sz=162, trace=300000, nelems=81, elem type=char[])
OBJ 50000536 (sz=24, trace=300000, class=java.lang.String@500001cd)
	value		5000053e
OBJ 50000537 (sz=16, trace=300238, class=java.lang.Object@500001d1)
OBJ 50000538 (sz=32, trace=300239, class=java.util.concurrent.ConcurrentHashMap$Node@5000007a)
	key		50000750
	val		50000537
OBJ 50000539 (sz=16, trace=300240, class=java.lang.Object@500001d1)
OBJ 5000053a (sz=32, trace=300239, class=java.util.concurrent.ConcurrentHashMap$Node@5000007a)
	key		50000750
	val		50000539
OBJ 5000053b (sz=24, trace=300420, class=java.lang.String@500001cd)
	value		5000053c
ARR 5000053c (sz=12, trace=300421, nelems=6, elem type=char[])
OBJ 5000053d (sz=24, trace=300422, class=java.lang.StringBuffer@50000181)
ARR 5000053e (sz=162, trace=300000, nelems=81, elem type=char[])
OBJ 5000053f (sz=24, trace=300000, class=java.io.ExpiringCache$Entry@500000b5)
	val		50000542
OBJ 50000540 (sz=24, trace=300000, class=java.lang.String@500001cd)
	value		50000541
ARR 50000541 (sz=160, trace=300000, nelems=80, elem type=char[])
OBJ 50000542 (sz=24, trace=300000, class=java.lang.String@500001cd)
	value		50000543
ARR 50000543 (sz=160, trace=300000, nelems=80, elem type=char[])
OBJ 50000544 (sz=24, trace=300000, class=java.io.ExpiringCache$Entry@500000b5)
	val		50000547
OBJ 50000545 (sz=24, trace=300000, class=java.lang.String@500001cd)
	value		50000546
ARR 50000546 (sz=160, trace=300000, nelems=80, elem type=char[])
OBJ 50000547 (sz=24, trace=300000, class=java.lang.String@500001cd)
	value		50000548
ARR 50000548 (sz=160, trace=300000, nelems=80, elem type=char[])
OBJ 50000549 (sz=24, trace=300000, class=java.io.ExpiringCache$Entry@500000b5)
	val		5000054e
OBJ 5000054a (sz=24, trace=300000, class=java.lang.String@500001cd)
	value		5000054d
OBJ 5000054b (sz=24, trace=300426, class=java.lang.String@500001cd)
	value		5000054c
ARR 5000054c (sz=18, trace=300421, nelems=9, elem type=char[])
ARR 5000054d (sz=166, trace=300000, nelems=83, elem type=char[])
OBJ 5000054e (sz=24, trace=300000, class=java.lang.String@500001cd)
	value		50000551
OBJ 5000054f (sz=24, trace=300428, class=java.lang.String@500001cd)
	value		50000550
ARR 50000550 (sz=30, trace=300421, nelems=15, elem type=char[])
ARR 50000551 (sz=166, trace=300000, nelems=83, elem type=char[])
OBJ 50000552 (sz=24, trace=300429, class=java.lang.String@500001cd)
	value		500005af
OBJ 50000553 (sz=24, trace=300430, class=java.lang.String@500001cd)
	value		50000554
ARR 50000554 (sz=34, trace=300421, nelems=17, elem type=char[])
OBJ 50000555 (sz=24, trace=300431, class=java.util.ArrayList@5000013c)
	elementData	50000556
ARR 50000556 (sz=24, trace=300432, nelems=1, elem type=java.lang.Object[]@50000167)
	[0]		50000216
ARR 50000557 (sz=2320, trace=300424, nelems=0, elem type=char[])
OBJ 50000559 (sz=32, trace=300434, class=sun.net.spi.DefaultProxySelector$NonProxyInfo@50000558)
	property	5000105d
	defaultVal	5000105e
OBJ 5000055a (sz=32, trace=300435, class=sun.net.spi.DefaultProxySelector$NonProxyInfo@50000558)
	property	5000105f
	defaultVal	5000105e
OBJ 5000055b (sz=24, trace=300000, class=java.io.ExpiringCache$Entry@500000b5)
	val		5000055e
OBJ 5000055c (sz=24, trace=300000, class=java.lang.String@500001cd)
	value		5000055d
ARR 5000055d (sz=166, trace=300000, nelems=83, elem type=char[])
OBJ 5000055e (sz=24, trace=300000, class=java.lang.String@500001cd)
	value		5000055f
ARR 5000055f (sz=166, trace=300000, nelems=83, elem type=char[])
OBJ 50000560 (sz=24, trace=300000, class=java.io.ExpiringCache$Entry@500000b5)
	val		50000563
OBJ 50000561 (sz=24, trace=300000, class=java.lang.String@500001cd)
	value		50000562
ARR 50000562 (sz=170, trace=300000, nelems=85, elem type=char[])
OBJ 50000563 (sz=24, trace=300000, class=java.lang.String@500001cd)
	value		50000564
ARR 50000564 (sz=170, trace=300000, nelems=85, elem type=char[])
OBJ 50000565 (sz=24, trace=300000, class=java.io.ExpiringCache$Entry@500000b5)
	val		50000568
OBJ 50000566 (sz=24, trace=300000, class=java.lang.String@500001cd)
	value		50000567
ARR 50000567 (sz=92, trace=300000, nelems=46, elem type=char[])
OBJ 50000568 (sz=24, trace=300000, class=java.lang.String@500001cd)
	value		50000569
ARR 50000569 (sz=92, trace=300000, nelems=46, elem type=char[])
OBJ 5000056a (sz=24, trace=300000, class=java.io.ExpiringCache$Entry@500000b5)
	val		5000056d
OBJ 5000056b (sz=24, trace=300000, class=java.lang.String@500001cd)
	value		5000056c
ARR 5000056c (sz=172, trace=300000, nelems=86, elem type=char[])
OBJ 5000056d (sz=24, trace=300000, class=java.lang.String@500001cd)
	value		5000056e
ARR 5000056e (sz=172, trace=300000, nelems=86, elem type=char[])
OBJ 5000056f (sz=24, trace=300000, class=java.io.ExpiringCache$Entry@500000b5)
	val		50000572
OBJ 50000570 (sz=24, trace=300000, class=java.lang.String@500001cd)
	value		50000571
ARR 50000571 (sz=176, trace=300000, nelems=88, elem type=char[])
OBJ 50000572 (sz=24, trace=300000, class=java.lang.String@500001cd)
	value		50000573
ARR 50000573 (sz=176, trace=300000, nelems=88, elem type=char[])
OBJ 50000574 (sz=24, trace=300000, class=java.io.ExpiringCache$Entry@500000b5)
	val		50000577
OBJ 50000575 (sz=24, trace=300000, class=java.lang.String@500001cd)
	value		50000576
ARR 50000576 (sz=180, trace=300000, nelems=90, elem type=char[])
OBJ 50000577 (sz=24, trace=300000, class=java.lang.String@500001cd)
	value		50000578
ARR 50000578 (sz=180, trace=300000, nelems=90, elem type=char[])
OBJ 50000579 (sz=24, trace=300000, class=java.io.ExpiringCache$Entry@500000b5)
	val		5000057c
OBJ 5000057a (sz=24, trace=300000, class=java.lang.String@500001cd)
	value		5000057b
ARR 5000057b (sz=192, trace=300000, nelems=96, elem type=char[])
OBJ 5000057c (sz=24, trace=300000, class=java.lang.String@500001cd)
	value		5000057d
ARR 5000057d (sz=192, trace=300000, nelems=96, elem type=char[])
OBJ 5000057e (sz=24, trace=300000, class=java.io.ExpiringCache$Entry@500000b5)
	val		50000581
OBJ 5000057f (sz=24, trace=300000, class=java.lang.String@500001cd)
	value		50000580
ARR 50000580 (sz=182, trace=300000, nelems=91, elem type=char[])
OBJ 50000581 (sz=24, trace=300000, class=java.lang.String@500001cd)
	value		50000582
ARR 50000582 (sz=182, trace=300000, nelems=91, elem type=char[])
OBJ 50000583 (sz=24, trace=300000, class=java.io.ExpiringCache$Entry@500000b5)
	val		50000586
OBJ 50000584 (sz=24, trace=300000, class=java.lang.String@500001cd)
	value		50000585
ARR 50000585 (sz=176, trace=300000, nelems=88, elem type=char[])
OBJ 50000586 (sz=24, trace=300000, class=java.lang.String@500001cd)
	value		50000587
ARR 50000587 (sz=176, trace=300000, nelems=88, elem type=char[])
OBJ 50000588 (sz=24, trace=300000, class=java.io.ExpiringCache$Entry@500000b5)
	val		5000058b
OBJ 50000589 (sz=24, trace=300000, class=java.lang.String@500001cd)
	value		5000058a
ARR 5000058a (sz=172, trace=300000, nelems=86, elem type=char[])
OBJ 5000058b (sz=24, trace=300000, class=java.lang.String@500001cd)
	value		5000058c
ARR 5000058c (sz=172, trace=300000, nelems=86, elem type=char[])
OBJ 5000058d (sz=24, trace=300000, class=java.io.ExpiringCache$Entry@500000b5)
	val		50000590
OBJ 5000058e (sz=24, trace=300000, class=java.lang.String@500001cd)
	value		5000058f
ARR 5000058f (sz=152, trace=300000, nelems=76, elem type=char[])
OBJ 50000590 (sz=24, trace=300000, class=java.lang.String@500001cd)
	value		50000591
ARR 50000591 (sz=152, trace=300000, nelems=76, elem type=char[])
OBJ 50000592 (sz=24, trace=300000, class=java.io.ExpiringCache$Entry@500000b5)
	val		50000595
OBJ 50000593 (sz=24, trace=300000, class=java.lang.String@500001cd)
	value		50000594
ARR 50000594 (sz=170, trace=300000, nelems=85, elem type=char[])
OBJ 50000595 (sz=24, trace=300000, class=java.lang.String@500001cd)
	value		50000596
ARR 50000596 (sz=170, trace=300000, nelems=85, elem type=char[])
OBJ 50000597 (sz=64, trace=300000, class=java.io.ExpiringCache$1@500000be)
	table		5000059a
	head		50000599
	tail		50000598
	this$0		50000441
OBJ 50000598 (sz=40, trace=300000, class=java.util.LinkedHashMap$Entry@500000b4)
	key		500005a1
	value		500005a0
	before		50000599
OBJ 50000599 (sz=40, trace=300000, class=java.util.LinkedHashMap$Entry@500000b4)
	key		5000059c
	value		5000059b
	after		50000598
ARR 5000059a (sz=80, trace=300000, nelems=8, elem type=java.util.HashMap$Node[]@50000121)
	[1]		50000598
	[7]		50000599
OBJ 5000059b (sz=24, trace=300000, class=java.io.ExpiringCache$Entry@500000b5)
	val		5000059e
OBJ 5000059c (sz=24, trace=300000, class=java.lang.String@500001cd)
	value		5000059d
ARR 5000059d (sz=144, trace=300000, nelems=72, elem type=char[])
OBJ 5000059e (sz=24, trace=300000, class=java.lang.String@500001cd)
	value		5000059f
ARR 5000059f (sz=144, trace=300000, nelems=72, elem type=char[])
OBJ 500005a0 (sz=24, trace=300000, class=java.io.ExpiringCache$Entry@500000b5)
	val		500005a3
OBJ 500005a1 (sz=24, trace=300000, class=java.lang.String@500001cd)
	value		500005a2
ARR 500005a2 (sz=152, trace=300000, nelems=76, elem type=char[])
OBJ 500005a3 (sz=24, trace=300000, class=java.lang.String@500001cd)
	value		500005a4
ARR 500005a4 (sz=152, trace=300000, nelems=76, elem type=char[])
OBJ 500005a5 (sz=24, trace=300000, class=java.lang.String@500001cd)
	value		500005c8
OBJ 500005a6 (sz=24, trace=300000, class=java.lang.String@500001cd)
	value		500005c7
OBJ 500005a7 (sz=24, trace=300000, class=java.lang.String@500001cd)
	value		500005c6
OBJ 500005a8 (sz=24, trace=300000, class=java.lang.String@500001cd)
	value		500005c5
OBJ 500005a9 (sz=24, trace=300000, class=java.lang.String@500001cd)
	value		500005ac
OBJ 500005aa (sz=24, trace=300000, class=java.lang.String@500001cd)
	value		500005ab
ARR 500005ab (sz=52, trace=300000, nelems=26, elem type=char[])
ARR 500005ac (sz=42, trace=300000, nelems=21, elem type=char[])
OBJ 500005ad (sz=24, trace=300000, class=java.lang.String@500001cd)
	value		500005ae
ARR 500005ae (sz=6, trace=300000, nelems=3, elem type=char[])
ARR 500005af (sz=0, trace=300000, nelems=0, elem type=char[])
OBJ 500005b0 (sz=24, trace=300000, class=java.lang.String@500001cd)
	value		500005be
OBJ 500005b1 (sz=24, trace=300000, class=java.lang.String@500001cd)
	value		500005bb
OBJ 500005b2 (sz=24, trace=300000, class=java.lang.String@500001cd)
	value		500005b8
ARR 500005b3 (sz=32, trace=300000, nelems=3, elem type=java.io.ObjectStreamField[]@50000159)
	[0]		500005b4
	[1]		500005b5
	[2]		500005b6
OBJ 500005b4 (sz=40, trace=300000, class=java.io.ObjectStreamField@5000015b)
	name		500005b0
	signature	500005bd
	type		500001d8
OBJ 500005b5 (sz=40, trace=300000, class=java.io.ObjectStreamField@5000015b)
	name		500005b1
	signature	500005ba
	type		500003be
OBJ 500005b6 (sz=40, trace=300000, class=java.io.ObjectStreamField@5000015b)
	name		500005b2
	signature	500005b7
	type		500003c4
OBJ 500005b7 (sz=24, trace=300000, class=java.lang.String@500001cd)
	value		500005b9
ARR 500005b8 (sz=12, trace=300000, nelems=6, elem type=char[])
ARR 500005b9 (sz=2, trace=300000, nelems=1, elem type=char[])
OBJ 500005ba (sz=24, trace=300000, class=java.lang.String@500001cd)
	value		500005bc
ARR 500005bb (sz=10, trace=300000, nelems=5, elem type=char[])
ARR 500005bc (sz=2, trace=300000, nelems=1, elem type=char[])
OBJ 500005bd (sz=24, trace=300000, class=java.lang.String@500001cd)
	value		500005bf
ARR 500005be (sz=10, trace=300000, nelems=5, elem type=char[])
ARR 500005bf (sz=4, trace=300000, nelems=2, elem type=char[])
OBJ 500005c0 (sz=24, trace=300000, class=java.lang.String@500001cd)
	value		500005c3
OBJ 500005c1 (sz=16, trace=300000, class=java.lang.Boolean@50000170)
OBJ 500005c2 (sz=16, trace=300000, class=java.lang.Boolean@50000170)
ARR 500005c3 (sz=14, trace=300000, nelems=7, elem type=char[])
ARR 500005c4 (sz=8, trace=300000, nelems=4, elem type=char[])
ARR 500005c5 (sz=2, trace=300000, nelems=1, elem type=char[])
ARR 500005c6 (sz=18, trace=300000, nelems=9, elem type=char[])
ARR 500005c7 (sz=28, trace=300000, nelems=14, elem type=char[])
ARR 500005c8 (sz=28, trace=300000, nelems=14, elem type=char[])
ARR 500005c9 (sz=2, trace=300000, nelems=1, elem type=char[])
ARR 500005ca (sz=2, trace=300000, nelems=1, elem type=char[])
OBJ 500005cb (sz=24, trace=300000, class=java.lang.String@500001cd)
	value		50001083
OBJ 500005cc (sz=24, trace=300000, class=java.lang.String@500001cd)
	value		500013ab
OBJ 500005cd (sz=24, trace=300000, class=java.lang.String@500001cd)
	value		500013aa
OBJ 500005ce (sz=24, trace=300000, class=java.lang.String@500001cd)
	value		500013a9
OBJ 500005cf (sz=24, trace=300000, class=java.lang.String@500001cd)
	value		500013a8
OBJ 500005d0 (sz=24, trace=300000, class=java.lang.String@500001cd)
	value		500013a7
OBJ 500005d1 (sz=24, trace=300000, class=java.lang.String@500001cd)
	value		50000de2
OBJ 500005d2 (sz=24, trace=300000, class=java.lang.String@500001cd)
	value		500013a6
OBJ 500005d3 (sz=24, trace=300000, class=java.lang.String@500001cd)
	value		50000e1e
OBJ 500005d4 (sz=48, trace=300000, class=java.util.Properties@500001a3)
	table		500005d6
OBJ 500005d5 (sz=16, trace=300000, class=java.lang.Object@500001d1)
ARR 500005d6 (sz=400, trace=300000, nelems=89, elem type=java.util.Hashtable$Entry[]@5000011e)
	[0]		500005d7
	[1]		500005d8
	[4]		500005d9
	[9]		500005da
	[10]		500005db
	[11]		500005dc
	[13]		500005dd
	[16]		500005de
	[17]		500005df
	[18]		500005e0
	[19]		500005e1
	[21]		500005e2
	[22]		500005e3
	[24]		500005e4
	[26]		500005e5
	[27]		500005e6
	[33]		500005e7
	[38]		500005e8
	[39]		500005e9
	[40]		500005ea
	[41]		500005eb
	[42]		500005ec
	[44]		500005ed
	[47]		500005ee
	[49]		500005ef
	[54]		500005f0
	[57]		500005f1
	[63]		500005f2
	[65]		500005f3
	[67]		500005f4
	[68]		500005f5
	[70]		500005f6
	[72]		500005f7
	[76]		500005f8
	[79]		500005f9
	[80]		500005fa
	[81]		500005fb
	[82]		500005fc
	[85]		500005fd
	[88]		500005fe
OBJ 500005d7 (sz=32, trace=300000, class=java.util.Hashtable$Entry@5000011f)
	key		500006e8
	value		500006e7
OBJ 500005d8 (sz=32, trace=300000, class=java.util.Hashtable$Entry@5000011f)
	key		500006e4
	value		500006e3
OBJ 500005d9 (sz=32, trace=300000, class=java.util.Hashtable$Entry@5000011f)
	key		500006e0
	value		500006df
OBJ 500005da (sz=32, trace=300000, class=java.util.Hashtable$Entry@5000011f)
	key		500006d8
	value		500006d7
	next		500006d6
OBJ 500005db (sz=32, trace=300000, class=java.util.Hashtable$Entry@5000011f)
	key		500006d3
	value		500006d2
OBJ 500005dc (sz=32, trace=300000, class=java.util.Hashtable$Entry@5000011f)
	key		500006cf
	value		500006ce
OBJ 500005dd (sz=32, trace=300000, class=java.util.Hashtable$Entry@5000011f)
	key		500006cb
	value		500006ca
OBJ 500005de (sz=32, trace=300000, class=java.util.Hashtable$Entry@5000011f)
	key		500006c7
	value		500006c6
OBJ 500005df (sz=32, trace=300000, class=java.util.Hashtable$Entry@5000011f)
	key		500006c3
	value		500006c2
OBJ 500005e0 (sz=32, trace=300000, class=java.util.Hashtable$Entry@5000011f)
	key		500006bf
	value		500006be
OBJ 500005e1 (sz=32, trace=300000, class=java.util.Hashtable$Entry@5000011f)
	key		500006bb
	value		500006ba
OBJ 500005e2 (sz=32, trace=300000, class=java.util.Hashtable$Entry@5000011f)
	key		500006b3
	value		500006b2
	next		500006b1
OBJ 500005e3 (sz=32, trace=300000, class=java.util.Hashtable$Entry@5000011f)
	key		500006ae
	value		500006ad
OBJ 500005e4 (sz=32, trace=300000, class=java.util.Hashtable$Entry@5000011f)
	key		500006a6
	value		500006a5
	next		500006a4
OBJ 500005e5 (sz=32, trace=300000, class=java.util.Hashtable$Entry@5000011f)
	key		5000069a
	value		50000699
	next		50000698
OBJ 500005e6 (sz=32, trace=300000, class=java.util.Hashtable$Entry@5000011f)
	key		50000695
	value		50000694
OBJ 500005e7 (sz=32, trace=300000, class=java.util.Hashtable$Entry@5000011f)
	key		5000068d
	value		5000068c
	next		5000068b
OBJ 500005e8 (sz=32, trace=300000, class=java.util.Hashtable$Entry@5000011f)
	key		50000684
	value		50000683
	next		50000682
OBJ 500005e9 (sz=32, trace=300000, class=java.util.Hashtable$Entry@5000011f)
	key		5000067f
	value		5000067e
OBJ 500005ea (sz=32, trace=300000, class=java.util.Hashtable$Entry@5000011f)
	key		5000067b
	value		5000067a
OBJ 500005eb (sz=32, trace=300000, class=java.util.Hashtable$Entry@5000011f)
	key		50000677
	value		50000676
OBJ 500005ec (sz=32, trace=300000, class=java.util.Hashtable$Entry@5000011f)
	key		50000673
	value		50000672
OBJ 500005ed (sz=32, trace=300000, class=java.util.Hashtable$Entry@5000011f)
	key		5000066f
	value		5000066e
OBJ 500005ee (sz=32, trace=300000, class=java.util.Hashtable$Entry@5000011f)
	key		5000066b
	value		5000066a
OBJ 500005ef (sz=32, trace=300000, class=java.util.Hashtable$Entry@5000011f)
	key		50000663
	value		50000662
	next		50000661
OBJ 500005f0 (sz=32, trace=300000, class=java.util.Hashtable$Entry@5000011f)
	key		5000065e
	value		5000065d
OBJ 500005f1 (sz=32, trace=300000, class=java.util.Hashtable$Entry@5000011f)
	key		5000065a
	value		50000270
OBJ 500005f2 (sz=32, trace=300000, class=java.util.Hashtable$Entry@5000011f)
	key		50000657
	value		50000656
OBJ 500005f3 (sz=32, trace=300000, class=java.util.Hashtable$Entry@5000011f)
	key		50000653
	value		50000652
OBJ 500005f4 (sz=32, trace=300000, class=java.util.Hashtable$Entry@5000011f)
	key		5000064c
	value		5000064b
	next		5000064a
OBJ 500005f5 (sz=32, trace=300000, class=java.util.Hashtable$Entry@5000011f)
	key		50000647
	value		50000646
OBJ 500005f6 (sz=32, trace=300000, class=java.util.Hashtable$Entry@5000011f)
	key		5000063f
	value		5000063e
	next		5000063d
OBJ 500005f7 (sz=32, trace=300000, class=java.util.Hashtable$Entry@5000011f)
	key		5000063a
	value		50000639
OBJ 500005f8 (sz=32, trace=300000, class=java.util.Hashtable$Entry@5000011f)
	key		50000632
	value		50000631
	next		50000630
OBJ 500005f9 (sz=32, trace=300000, class=java.util.Hashtable$Entry@5000011f)
	key		50000624
	value		50000623
	next		50000622
OBJ 500005fa (sz=32, trace=300000, class=java.util.Hashtable$Entry@5000011f)
	key		5000061b
	value		5000061a
	next		50000619
OBJ 500005fb (sz=32, trace=300000, class=java.util.Hashtable$Entry@5000011f)
	key		50000616
	value		50000615
OBJ 500005fc (sz=32, trace=300000, class=java.util.Hashtable$Entry@5000011f)
	key		5000060e
	value		5000060d
	next		5000060c
OBJ 500005fd (sz=32, trace=300000, class=java.util.Hashtable$Entry@5000011f)
	key		50000609
	value		50000608
OBJ 500005fe (sz=32, trace=300000, class=java.util.Hashtable$Entry@5000011f)
	key		50000601
	value		50000600
	next		500005ff
OBJ 500005ff (sz=32, trace=300000, class=java.util.Hashtable$Entry@5000011f)
	key		50000605
	value		50000604
OBJ 50000600 (sz=24, trace=300000, class=java.lang.String@500001cd)
	value		50000603
OBJ 50000601 (sz=24, trace=300000, class=java.lang.String@500001cd)
	value		50000602
ARR 50000602 (sz=42, trace=300000, nelems=21, elem type=char[])
ARR 50000603 (sz=144, trace=300000, nelems=72, elem type=char[])
OBJ 50000604 (sz=24, trace=300000, class=java.lang.String@500001cd)
	value		50000607
OBJ 50000605 (sz=24, trace=300000, class=java.lang.String@500001cd)
	value		50000606
ARR 50000606 (sz=30, trace=300000, nelems=15, elem type=char[])
ARR 50000607 (sz=20, trace=300000, nelems=10, elem type=char[])
OBJ 50000608 (sz=24, trace=300000, class=java.lang.String@500001cd)
	value		5000060b
OBJ 50000609 (sz=24, trace=300000, class=java.lang.String@500001cd)
	value		5000060a
ARR 5000060a (sz=28, trace=300000, nelems=14, elem type=char[])
ARR 5000060b (sz=10, trace=300000, nelems=5, elem type=char[])
OBJ 5000060c (sz=32, trace=300000, class=java.util.Hashtable$Entry@5000011f)
	key		50000612
	value		50000611
OBJ 5000060d (sz=24, trace=300000, class=java.lang.String@500001cd)
	value		50000610
OBJ 5000060e (sz=24, trace=300000, class=java.lang.String@500001cd)
	value		5000060f
ARR 5000060f (sz=28, trace=300000, nelems=14, elem type=char[])
ARR 50000610 (sz=36, trace=300000, nelems=18, elem type=char[])
OBJ 50000611 (sz=24, trace=300000, class=java.lang.String@500001cd)
	value		50000614
OBJ 50000612 (sz=24, trace=300000, class=java.lang.String@500001cd)
	value		50000613
ARR 50000613 (sz=30, trace=300000, nelems=15, elem type=char[])
ARR 50000614 (sz=46, trace=300000, nelems=23, elem type=char[])
OBJ 50000615 (sz=24, trace=300000, class=java.lang.String@500001cd)
	value		50000618
OBJ 50000616 (sz=24, trace=300000, class=java.lang.String@500001cd)
	value		50000617
ARR 50000617 (sz=28, trace=300000, nelems=14, elem type=char[])
ARR 50000618 (sz=2, trace=300000, nelems=1, elem type=char[])
OBJ 50000619 (sz=32, trace=300000, class=java.util.Hashtable$Entry@5000011f)
	key		5000061f
	value		5000061e
OBJ 5000061a (sz=24, trace=300000, class=java.lang.String@500001cd)
	value		5000061d
OBJ 5000061b (sz=24, trace=300000, class=java.lang.String@500001cd)
	value		5000061c
ARR 5000061c (sz=24, trace=300000, nelems=12, elem type=char[])
ARR 5000061d (sz=66, trace=300000, nelems=33, elem type=char[])
OBJ 5000061e (sz=24, trace=300000, class=java.lang.String@500001cd)
	value		50000621
OBJ 5000061f (sz=24, trace=300000, class=java.lang.String@500001cd)
	value		50000620
ARR 50000620 (sz=34, trace=300000, nelems=17, elem type=char[])
ARR 50000621 (sz=12, trace=300000, nelems=6, elem type=char[])
OBJ 50000622 (sz=32, trace=300000, class=java.util.Hashtable$Entry@5000011f)
	key		50000629
	value		50000628
	next		50000627
OBJ 50000623 (sz=24, trace=300000, class=java.lang.String@500001cd)
	value		50000626
OBJ 50000624 (sz=24, trace=300000, class=java.lang.String@500001cd)
	value		50000625
ARR 50000625 (sz=24, trace=300000, nelems=12, elem type=char[])
ARR 50000626 (sz=4, trace=300000, nelems=2, elem type=char[])
OBJ 50000627 (sz=32, trace=300000, class=java.util.Hashtable$Entry@5000011f)
	key		5000062d
	value		5000062c
OBJ 50000628 (sz=24, trace=300000, class=java.lang.String@500001cd)
	value		5000062b
OBJ 50000629 (sz=24, trace=300000, class=java.lang.String@500001cd)
	value		5000062a
ARR 5000062a (sz=34, trace=300000, nelems=17, elem type=char[])
ARR 5000062b (sz=24, trace=300000, nelems=12, elem type=char[])
OBJ 5000062c (sz=24, trace=300000, class=java.lang.String@500001cd)
	value		5000062f
OBJ 5000062d (sz=24, trace=300000, class=java.lang.String@500001cd)
	value		5000062e
ARR 5000062e (sz=36, trace=300000, nelems=18, elem type=char[])
ARR 5000062f (sz=14, trace=300000, nelems=7, elem type=char[])
OBJ 50000630 (sz=32, trace=300000, class=java.util.Hashtable$Entry@5000011f)
	key		50000636
	value		50000635
OBJ 50000631 (sz=24, trace=300000, class=java.lang.String@500001cd)
	value		50000634
OBJ 50000632 (sz=24, trace=300000, class=java.lang.String@500001cd)
	value		50000633
ARR 50000633 (sz=52, trace=300000, nelems=26, elem type=char[])
ARR 50000634 (sz=68, trace=300000, nelems=34, elem type=char[])
OBJ 50000635 (sz=24, trace=300000, class=java.lang.String@500001cd)
	value		50000638
OBJ 50000636 (sz=24, trace=300000, class=java.lang.String@500001cd)
	value		50000637
ARR 50000637 (sz=16, trace=300000, nelems=8, elem type=char[])
ARR 50000638 (sz=116, trace=300000, nelems=58, elem type=char[])
OBJ 50000639 (sz=24, trace=300000, class=java.lang.String@500001cd)
	value		5000063c
OBJ 5000063a (sz=24, trace=300000, class=java.lang.String@500001cd)
	value		5000063b
ARR 5000063b (sz=40, trace=300000, nelems=20, elem type=char[])
ARR 5000063c (sz=56, trace=300000, nelems=28, elem type=char[])
OBJ 5000063d (sz=32, trace=300000, class=java.util.Hashtable$Entry@5000011f)
	key		50000643
	value		50000642
OBJ 5000063e (sz=24, trace=300000, class=java.lang.String@500001cd)
	value		50000641
OBJ 5000063f (sz=24, trace=300000, class=java.lang.String@500001cd)
	value		50000640
ARR 50000640 (sz=36, trace=300000, nelems=18, elem type=char[])
ARR 50000641 (sz=162, trace=300000, nelems=81, elem type=char[])
OBJ 50000642 (sz=24, trace=300000, class=java.lang.String@500001cd)
	value		50000645
OBJ 50000643 (sz=24, trace=300000, class=java.lang.String@500001cd)
	value		50000644
ARR 50000644 (sz=14, trace=300000, nelems=7, elem type=char[])
ARR 50000645 (sz=12, trace=300000, nelems=6, elem type=char[])
OBJ 50000646 (sz=24, trace=300000, class=java.lang.String@500001cd)
	value		50000649
OBJ 50000647 (sz=24, trace=300000, class=java.lang.String@500001cd)
	value		50000648
ARR 50000648 (sz=22, trace=300000, nelems=11, elem type=char[])
ARR 50000649 (sz=30, trace=300000, nelems=15, elem type=char[])
OBJ 5000064a (sz=32, trace=300000, class=java.util.Hashtable$Entry@5000011f)
	key		5000064f
	value		5000042c
OBJ 5000064b (sz=24, trace=300000, class=java.lang.String@500001cd)
	value		5000064e
OBJ 5000064c (sz=24, trace=300000, class=java.lang.String@500001cd)
	value		5000064d
ARR 5000064d (sz=28, trace=300000, nelems=14, elem type=char[])
ARR 5000064e (sz=98, trace=300000, nelems=49, elem type=char[])
OBJ 5000064f (sz=24, trace=300000, class=java.lang.String@500001cd)
	value		50000650
ARR 50000650 (sz=28, trace=300000, nelems=14, elem type=char[])
ARR 50000651 (sz=2, trace=300000, nelems=1, elem type=char[])
OBJ 50000652 (sz=24, trace=300000, class=java.lang.String@500001cd)
	value		50000655
OBJ 50000653 (sz=24, trace=300000, class=java.lang.String@500001cd)
	value		50000654
ARR 50000654 (sz=56, trace=300000, nelems=28, elem type=char[])
ARR 50000655 (sz=36, trace=300000, nelems=18, elem type=char[])
OBJ 50000656 (sz=24, trace=300000, class=java.lang.String@500001cd)
	value		50000659
OBJ 50000657 (sz=24, trace=300000, class=java.lang.String@500001cd)
	value		50000658
ARR 50000658 (sz=14, trace=300000, nelems=7, elem type=char[])
ARR 50000659 (sz=16, trace=300000, nelems=8, elem type=char[])
OBJ 5000065a (sz=24, trace=300000, class=java.lang.String@500001cd)
	value		5000065b
ARR 5000065b (sz=32, trace=300000, nelems=16, elem type=char[])
ARR 5000065c (sz=10, trace=300000, nelems=5, elem type=char[])
OBJ 5000065d (sz=24, trace=300000, class=java.lang.String@500001cd)
	value		50000660
OBJ 5000065e (sz=24, trace=300000, class=java.lang.String@500001cd)
	value		5000065f
ARR 5000065f (sz=34, trace=300000, nelems=17, elem type=char[])
ARR 50000660 (sz=288, trace=300000, nelems=144, elem type=char[])
OBJ 50000661 (sz=32, trace=300000, class=java.util.Hashtable$Entry@5000011f)
	key		50000667
	value		50000666
OBJ 50000662 (sz=24, trace=300000, class=java.lang.String@500001cd)
	value		50000665
OBJ 50000663 (sz=24, trace=300000, class=java.lang.String@500001cd)
	value		50000664
ARR 50000664 (sz=46, trace=300000, nelems=23, elem type=char[])
ARR 50000665 (sz=62, trace=300000, nelems=31, elem type=char[])
OBJ 50000666 (sz=24, trace=300000, class=java.lang.String@500001cd)
	value		50000669
OBJ 50000667 (sz=24, trace=300000, class=java.lang.String@500001cd)
	value		50000668
ARR 50000668 (sz=36, trace=300000, nelems=18, elem type=char[])
ARR 50000669 (sz=8, trace=300000, nelems=4, elem type=char[])
OBJ 5000066a (sz=24, trace=300000, class=java.lang.String@500001cd)
	value		5000066d
OBJ 5000066b (sz=24, trace=300000, class=java.lang.String@500001cd)
	value		5000066c
ARR 5000066c (sz=46, trace=300000, nelems=23, elem type=char[])
ARR 5000066d (sz=62, trace=300000, nelems=31, elem type=char[])
OBJ 5000066e (sz=24, trace=300000, class=java.lang.String@500001cd)
	value		50000671
OBJ 5000066f (sz=24, trace=300000, class=java.lang.String@500001cd)
	value		50000670
ARR 50000670 (sz=20, trace=300000, nelems=10, elem type=char[])
ARR 50000671 (sz=14, trace=300000, nelems=7, elem type=char[])
OBJ 50000672 (sz=24, trace=300000, class=java.lang.String@500001cd)
	value		50000675
OBJ 50000673 (sz=24, trace=300000, class=java.lang.String@500001cd)
	value		50000674
ARR 50000674 (sz=36, trace=300000, nelems=18, elem type=char[])
ARR 50000675 (sz=74, trace=300000, nelems=37, elem type=char[])
OBJ 50000676 (sz=24, trace=300000, class=java.lang.String@500001cd)
	value		50000679
OBJ 50000677 (sz=24, trace=300000, class=java.lang.String@500001cd)
	value		50000678
ARR 50000678 (sz=18, trace=300000, nelems=9, elem type=char[])
ARR 50000679 (sz=28, trace=300000, nelems=14, elem type=char[])
OBJ 5000067a (sz=24, trace=300000, class=java.lang.String@500001cd)
	value		5000067d
OBJ 5000067b (sz=24, trace=300000, class=java.lang.String@500001cd)
	value		5000067c
ARR 5000067c (sz=26, trace=300000, nelems=13, elem type=char[])
ARR 5000067d (sz=0, trace=300000, nelems=0, elem type=char[])
OBJ 5000067e (sz=24, trace=300000, class=java.lang.String@500001cd)
	value		50000681
OBJ 5000067f (sz=24, trace=300000, class=java.lang.String@500001cd)
	value		50000680
ARR 50000680 (sz=38, trace=300000, nelems=19, elem type=char[])
ARR 50000681 (sz=56, trace=300000, nelems=28, elem type=char[])
OBJ 50000682 (sz=32, trace=300000, class=java.util.Hashtable$Entry@5000011f)
	key		50000688
	value		50000687
OBJ 50000683 (sz=24, trace=300000, class=java.lang.String@500001cd)
	value		50000686
OBJ 50000684 (sz=24, trace=300000, class=java.lang.String@500001cd)
	value		50000685
ARR 50000685 (sz=26, trace=300000, nelems=13, elem type=char[])
ARR 50000686 (sz=10, trace=300000, nelems=5, elem type=char[])
OBJ 50000687 (sz=24, trace=300000, class=java.lang.String@500001cd)
	value		5000068a
OBJ 50000688 (sz=24, trace=300000, class=java.lang.String@500001cd)
	value		50000689
ARR 50000689 (sz=52, trace=300000, nelems=26, elem type=char[])
ARR 5000068a (sz=6, trace=300000, nelems=3, elem type=char[])
OBJ 5000068b (sz=32, trace=300000, class=java.util.Hashtable$Entry@5000011f)
	key		50000691
	value		50000690
OBJ 5000068c (sz=24, trace=300000, class=java.lang.String@500001cd)
	value		5000068f
OBJ 5000068d (sz=24, trace=300000, class=java.lang.String@500001cd)
	value		5000068e
ARR 5000068e (sz=18, trace=300000, nelems=9, elem type=char[])
ARR 5000068f (sz=14, trace=300000, nelems=7, elem type=char[])
OBJ 50000690 (sz=24, trace=300000, class=java.lang.String@500001cd)
	value		50000693
OBJ 50000691 (sz=24, trace=300000, class=java.lang.String@500001cd)
	value		50000692
ARR 50000692 (sz=30, trace=300000, nelems=15, elem type=char[])
ARR 50000693 (sz=5542, trace=300000, nelems=2771, elem type=char[])
OBJ 50000694 (sz=24, trace=300000, class=java.lang.String@500001cd)
	value		50000697
OBJ 50000695 (sz=24, trace=300000, class=java.lang.String@500001cd)
	value		50000696
ARR 50000696 (sz=58, trace=300000, nelems=29, elem type=char[])
ARR 50000697 (sz=6, trace=300000, nelems=3, elem type=char[])
OBJ 50000698 (sz=32, trace=300000, class=java.util.Hashtable$Entry@5000011f)
	key		5000069e
	value		50000443
	next		5000069d
OBJ 50000699 (sz=24, trace=300000, class=java.lang.String@500001cd)
	value		5000069c
OBJ 5000069a (sz=24, trace=300000, class=java.lang.String@500001cd)
	value		5000069b
ARR 5000069b (sz=38, trace=300000, nelems=19, elem type=char[])
ARR 5000069c (sz=4, trace=300000, nelems=2, elem type=char[])
OBJ 5000069d (sz=32, trace=300000, class=java.util.Hashtable$Entry@5000011f)
	key		500006a1
	value		500006a0
OBJ 5000069e (sz=24, trace=300000, class=java.lang.String@500001cd)
	value		5000069f
ARR 5000069f (sz=18, trace=300000, nelems=9, elem type=char[])
OBJ 500006a0 (sz=24, trace=300000, class=java.lang.String@500001cd)
	value		500006a3
OBJ 500006a1 (sz=24, trace=300000, class=java.lang.String@500001cd)
	value		500006a2
ARR 500006a2 (sz=32, trace=300000, nelems=16, elem type=char[])
ARR 500006a3 (sz=30, trace=300000, nelems=15, elem type=char[])
OBJ 500006a4 (sz=32, trace=300000, class=java.util.Hashtable$Entry@5000011f)
	key		500006aa
	value		500006a9
OBJ 500006a5 (sz=24, trace=300000, class=java.lang.String@500001cd)
	value		500006a8
OBJ 500006a6 (sz=24, trace=300000, class=java.lang.String@500001cd)
	value		500006a7
ARR 500006a7 (sz=50, trace=300000, nelems=25, elem type=char[])
ARR 500006a8 (sz=36, trace=300000, nelems=18, elem type=char[])
OBJ 500006a9 (sz=24, trace=300000, class=java.lang.String@500001cd)
	value		500006ac
OBJ 500006aa (sz=24, trace=300000, class=java.lang.String@500001cd)
	value		500006ab
ARR 500006ab (sz=26, trace=300000, nelems=13, elem type=char[])
ARR 500006ac (sz=4, trace=300000, nelems=2, elem type=char[])
OBJ 500006ad (sz=24, trace=300000, class=java.lang.String@500001cd)
	value		500006b0
OBJ 500006ae (sz=24, trace=300000, class=java.lang.String@500001cd)
	value		500006af
ARR 500006af (sz=22, trace=300000, nelems=11, elem type=char[])
ARR 500006b0 (sz=54, trace=300000, nelems=27, elem type=char[])
OBJ 500006b1 (sz=32, trace=300000, class=java.util.Hashtable$Entry@5000011f)
	key		500006b7
	value		500006b6
OBJ 500006b2 (sz=24, trace=300000, class=java.lang.String@500001cd)
	value		500006b5
OBJ 500006b3 (sz=24, trace=300000, class=java.lang.String@500001cd)
	value		500006b4
ARR 500006b4 (sz=24, trace=300000, nelems=12, elem type=char[])
ARR 500006b5 (sz=38, trace=300000, nelems=19, elem type=char[])
OBJ 500006b6 (sz=24, trace=300000, class=java.lang.String@500001cd)
	value		500006b9
OBJ 500006b7 (sz=24, trace=300000, class=java.lang.String@500001cd)
	value		500006b8
ARR 500006b8 (sz=54, trace=300000, nelems=27, elem type=char[])
ARR 500006b9 (sz=4, trace=300000, nelems=2, elem type=char[])
OBJ 500006ba (sz=24, trace=300000, class=java.lang.String@500001cd)
	value		500006bd
OBJ 500006bb (sz=24, trace=300000, class=java.lang.String@500001cd)
	value		500006bc
ARR 500006bc (sz=24, trace=300000, nelems=12, elem type=char[])
ARR 500006bd (sz=18, trace=300000, nelems=9, elem type=char[])
OBJ 500006be (sz=24, trace=300000, class=java.lang.String@500001cd)
	value		500006c1
OBJ 500006bf (sz=24, trace=300000, class=java.lang.String@500001cd)
	value		500006c0
ARR 500006c0 (sz=26, trace=300000, nelems=13, elem type=char[])
ARR 500006c1 (sz=438, trace=300000, nelems=219, elem type=char[])
OBJ 500006c2 (sz=24, trace=300000, class=java.lang.String@500001cd)
	value		500006c5
OBJ 500006c3 (sz=24, trace=300000, class=java.lang.String@500001cd)
	value		500006c4
ARR 500006c4 (sz=38, trace=300000, nelems=19, elem type=char[])
ARR 500006c5 (sz=1322, trace=300000, nelems=661, elem type=char[])
OBJ 500006c6 (sz=24, trace=300000, class=java.lang.String@500001cd)
	value		500006c9
OBJ 500006c7 (sz=24, trace=300000, class=java.lang.String@500001cd)
	value		500006c8
ARR 500006c8 (sz=22, trace=300000, nelems=11, elem type=char[])
ARR 500006c9 (sz=36, trace=300000, nelems=18, elem type=char[])
OBJ 500006ca (sz=24, trace=300000, class=java.lang.String@500001cd)
	value		500006cd
OBJ 500006cb (sz=24, trace=300000, class=java.lang.String@500001cd)
	value		500006cc
ARR 500006cc (sz=28, trace=300000, nelems=14, elem type=char[])
ARR 500006cd (sz=2, trace=300000, nelems=1, elem type=char[])
OBJ 500006ce (sz=24, trace=300000, class=java.lang.String@500001cd)
	value		500006d1
OBJ 500006cf (sz=24, trace=300000, class=java.lang.String@500001cd)
	value		500006d0
ARR 500006d0 (sz=38, trace=300000, nelems=19, elem type=char[])
ARR 500006d1 (sz=70, trace=300000, nelems=35, elem type=char[])
OBJ 500006d2 (sz=24, trace=300000, class=java.lang.String@500001cd)
	value		500006d5
OBJ 500006d3 (sz=24, trace=300000, class=java.lang.String@500001cd)
	value		500006d4
ARR 500006d4 (sz=62, trace=300000, nelems=31, elem type=char[])
ARR 500006d5 (sz=10, trace=300000, nelems=5, elem type=char[])
OBJ 500006d6 (sz=32, trace=300000, class=java.util.Hashtable$Entry@5000011f)
	key		500006dc
	value		500006db
OBJ 500006d7 (sz=24, trace=300000, class=java.lang.String@500001cd)
	value		500006da
OBJ 500006d8 (sz=24, trace=300000, class=java.lang.String@500001cd)
	value		500006d9
ARR 500006d9 (sz=28, trace=300000, nelems=14, elem type=char[])
ARR 500006da (sz=12, trace=300000, nelems=6, elem type=char[])
OBJ 500006db (sz=24, trace=300000, class=java.lang.String@500001cd)
	value		500006de
OBJ 500006dc (sz=24, trace=300000, class=java.lang.String@500001cd)
	value		500006dd
ARR 500006dd (sz=46, trace=300000, nelems=23, elem type=char[])
ARR 500006de (sz=20, trace=300000, nelems=10, elem type=char[])
OBJ 500006df (sz=24, trace=300000, class=java.lang.String@500001cd)
	value		500006e2
OBJ 500006e0 (sz=24, trace=300000, class=java.lang.String@500001cd)
	value		500006e1
ARR 500006e1 (sz=36, trace=300000, nelems=18, elem type=char[])
ARR 500006e2 (sz=74, trace=300000, nelems=37, elem type=char[])
OBJ 500006e3 (sz=24, trace=300000, class=java.lang.String@500001cd)
	value		500006e6
OBJ 500006e4 (sz=24, trace=300000, class=java.lang.String@500001cd)
	value		500006e5
ARR 500006e5 (sz=34, trace=300000, nelems=17, elem type=char[])
ARR 500006e6 (sz=74, trace=300000, nelems=37, elem type=char[])
OBJ 500006e7 (sz=24, trace=300000, class=java.lang.String@500001cd)
	value		500006ea
OBJ 500006e8 (sz=24, trace=300000, class=java.lang.String@500001cd)
	value		500006e9
ARR 500006e9 (sz=30, trace=300000, nelems=15, elem type=char[])
ARR 500006ea (sz=0, trace=300000, nelems=0, elem type=char[])
ARR 500006eb (sz=32, trace=300000, nelems=16, elem type=char[])
OBJ 500006ec (sz=24, trace=300000, class=java.util.Collections$EmptyMap@50000135)
OBJ 500006ed (sz=16, trace=300000, class=java.util.Collections$EmptyList@50000137)
OBJ 500006ee (sz=16, trace=300000, class=java.util.Collections$EmptySet@50000138)
OBJ 500006ef (sz=16, trace=300000, class=java.lang.Runtime@500000e5)
OBJ 500006f0 (sz=24, trace=300000, class=java.lang.String@500001cd)
	value		500013a5
OBJ 500006f1 (sz=24, trace=300000, class=java.lang.String@500001cd)
	value		500013a2
OBJ 500006f2 (sz=24, trace=300000, class=java.lang.String@500001cd)
	value		500013a1
ARR 500006f3 (sz=24, trace=300000, nelems=1, elem type=java.lang.String[]@50000127)
	[0]		50000600
ARR 500006f4 (sz=40, trace=300000, nelems=6, elem type=java.lang.String[]@50000127)
	[0]		5000138a
	[1]		5000138b
	[2]		5000138c
	[3]		5000138d
	[4]		5000138e
	[5]		5000138f
OBJ 500006f5 (sz=32, trace=300000, class=java.util.Stack@50000141)
	elementData	50001389
OBJ 500006f6 (sz=32, trace=300000, class=java.util.Vector@50000142)
	elementData	50001382
OBJ 500006f7 (sz=32, trace=300000, class=java.util.Vector@50000142)
	elementData	50001381
ARR 500006f8 (sz=16, trace=300000, nelems=0, elem type=java.security.cert.Certificate[]@50000149)
OBJ 500006f9 (sz=48, trace=300000, class=sun.misc.URLClassPath@5000005e)
	path		500010c2
	urls		500010c1
	loaders		500010c0
	lmap		500010bf
	jarHandler	500010be
	acc		500006fb
OBJ 500006fa (sz=48, trace=300000, class=java.util.WeakHashMap@50000106)
	table		5000137f
	queue		5000137e
OBJ 500006fb (sz=40, trace=300000, class=java.security.AccessControlContext@500001be)
OBJ 500006fc (sz=48, trace=300000, class=java.util.HashMap@50000125)
	table		500010bc
OBJ 500006fd (sz=16, trace=300000, class=java.lang.Object@500001d1)
OBJ 500006fe (sz=32, trace=300000, class=java.util.Vector@50000142)
	elementData	500010bb
OBJ 500006ff (sz=48, trace=300000, class=java.util.HashMap@50000125)
	table		500010b6
OBJ 50000700 (sz=24, trace=300000, class=java.util.Collections$SynchronizedSet@500000ea)
	c		500010b2
	mutex		50000700
OBJ 50000701 (sz=40, trace=300000, class=java.security.ProtectionDomain@500001bf)
	codesource	500010b1
	classloader	50000274
	principals	500010b0
	key		500010af
OBJ 50000702 (sz=32, trace=300000, class=java.util.Vector@50000142)
	elementData	50000fed
OBJ 50000703 (sz=64, trace=300000, class=java.util.concurrent.ConcurrentHashMap@50000081)
	table		50000fe9
OBJ 50000704 (sz=64, trace=300000, class=java.util.concurrent.ConcurrentHashMap@50000081)
	table		500001ed
OBJ 50000705 (sz=48, trace=300000, class=java.util.WeakHashMap@50000106)
	table		50000fb8
	queue		50000fb7
OBJ 50000706 (sz=40, trace=300000, class=java.security.AccessControlContext@500001be)
OBJ 50000707 (sz=48, trace=300000, class=sun.misc.URLClassPath@5000005e)
	path		50000f1b
	urls		50000f1a
	loaders		50000f19
	lmap		50000f18
	jarHandler	50000f17
	acc		50000706
OBJ 50000708 (sz=48, trace=300000, class=java.util.HashMap@50000125)
OBJ 50000709 (sz=16, trace=300000, class=java.lang.Object@500001d1)
OBJ 5000070a (sz=32, trace=300000, class=java.util.Vector@50000142)
	elementData	50000f16
OBJ 5000070b (sz=48, trace=300000, class=java.util.HashMap@50000125)
OBJ 5000070c (sz=24, trace=300000, class=java.util.Collections$SynchronizedSet@500000ea)
	c		50000f14
	mutex		5000070c
OBJ 5000070d (sz=40, trace=300000, class=java.security.ProtectionDomain@500001bf)
	codesource	5000077c
	classloader	50000276
	principals	5000077b
	key		5000077a
OBJ 5000070e (sz=32, trace=300000, class=java.util.Vector@50000142)
	elementData	50000779
OBJ 5000070f (sz=64, trace=300000, class=java.util.concurrent.ConcurrentHashMap@50000081)
OBJ 50000710 (sz=64, trace=300000, class=java.util.concurrent.ConcurrentHashMap@50000081)
	table		500001f7
OBJ 50000711 (sz=32, trace=300000, class=java.util.concurrent.ConcurrentHashMap$Node@5000007a)
	key		50000763
	val		50000762
OBJ 50000712 (sz=32, trace=300000, class=java.util.concurrent.ConcurrentHashMap$Node@5000007a)
	key		50000760
	val		5000075f
OBJ 50000713 (sz=32, trace=300000, class=java.util.concurrent.ConcurrentHashMap$Node@5000007a)
	key		5000075a
	val		50000759
	next		50000758
OBJ 50000714 (sz=32, trace=300000, class=java.util.concurrent.ConcurrentHashMap$Node@5000007a)
	key		5000074e
	val		5000074d
	next		5000053a
OBJ 50000715 (sz=32, trace=300000, class=java.util.concurrent.ConcurrentHashMap$Node@5000007a)
	key		5000074b
	val		5000074a
OBJ 50000716 (sz=32, trace=300000, class=java.util.concurrent.ConcurrentHashMap$Node@5000007a)
	key		50000748
	val		50000747
OBJ 50000717 (sz=32, trace=300000, class=java.util.concurrent.ConcurrentHashMap$Node@5000007a)
	key		50000745
	val		50000744
OBJ 50000718 (sz=32, trace=300000, class=java.util.concurrent.ConcurrentHashMap$Node@5000007a)
	key		50000740
	val		5000073f
OBJ 50000719 (sz=32, trace=300000, class=java.util.concurrent.ConcurrentHashMap$Node@5000007a)
	key		50000737
	val		50000736
OBJ 5000071a (sz=32, trace=300000, class=java.util.concurrent.ConcurrentHashMap$Node@5000007a)
	key		50000734
	val		50000733
OBJ 5000071b (sz=32, trace=300000, class=java.util.concurrent.ConcurrentHashMap$Node@5000007a)
	key		50000731
	val		50000730
OBJ 5000071c (sz=32, trace=300000, class=java.util.concurrent.ConcurrentHashMap$Node@5000007a)
	key		5000072e
	val		5000072d
OBJ 5000071d (sz=32, trace=300000, class=java.util.concurrent.ConcurrentHashMap$Node@5000007a)
	key		5000072b
	val		5000072a
	next		50000381
OBJ 5000071e (sz=32, trace=300000, class=java.util.concurrent.ConcurrentHashMap$Node@5000007a)
	key		50000728
	val		50000727
OBJ 5000071f (sz=32, trace=300000, class=java.util.concurrent.ConcurrentHashMap$Node@5000007a)
	key		50000721
	val		50000720
	next		500001f6
OBJ 50000720 (sz=16, trace=300000, class=java.lang.Object@500001d1)
OBJ 50000721 (sz=24, trace=300000, class=java.lang.String@500001cd)
	value		50000722
ARR 50000722 (sz=32, trace=300000, nelems=16, elem type=char[])
OBJ 50000723 (sz=24, trace=300000, class=java.lang.String@500001cd)
	value		50000724
ARR 50000724 (sz=46, trace=300000, nelems=23, elem type=char[])
OBJ 50000725 (sz=24, trace=300000, class=java.lang.String@500001cd)
	value		50000726
ARR 50000726 (sz=60, trace=300000, nelems=30, elem type=char[])
OBJ 50000727 (sz=16, trace=300000, class=java.lang.Object@500001d1)
OBJ 50000728 (sz=24, trace=300000, class=java.lang.String@500001cd)
	value		50000729
ARR 50000729 (sz=72, trace=300000, nelems=36, elem type=char[])
OBJ 5000072a (sz=16, trace=300000, class=java.lang.Object@500001d1)
OBJ 5000072b (sz=24, trace=300000, class=java.lang.String@500001cd)
	value		5000072c
ARR 5000072c (sz=86, trace=300000, nelems=43, elem type=char[])
OBJ 5000072d (sz=16, trace=300000, class=java.lang.Object@500001d1)
OBJ 5000072e (sz=24, trace=300000, class=java.lang.String@500001cd)
	value		5000072f
ARR 5000072f (sz=38, trace=300000, nelems=19, elem type=char[])
OBJ 50000730 (sz=16, trace=300000, class=java.lang.Object@500001d1)
OBJ 50000731 (sz=24, trace=300000, class=java.lang.String@500001cd)
	value		50000732
ARR 50000732 (sz=50, trace=300000, nelems=25, elem type=char[])
OBJ 50000733 (sz=16, trace=300000, class=java.lang.Object@500001d1)
OBJ 50000734 (sz=24, trace=300000, class=java.lang.String@500001cd)
	value		50000735
ARR 50000735 (sz=68, trace=300000, nelems=34, elem type=char[])
OBJ 50000736 (sz=16, trace=300000, class=java.lang.Object@500001d1)
OBJ 50000737 (sz=24, trace=300000, class=java.lang.String@500001cd)
	value		50000738
ARR 50000738 (sz=28, trace=300000, nelems=14, elem type=char[])
OBJ 50000739 (sz=16, trace=300000, class=java.lang.Object@500001d1)
OBJ 5000073a (sz=24, trace=300000, class=java.lang.String@500001cd)
	value		5000073b
ARR 5000073b (sz=106, trace=300000, nelems=53, elem type=char[])
OBJ 5000073c (sz=16, trace=300000, class=java.lang.Object@500001d1)
OBJ 5000073d (sz=24, trace=300000, class=java.lang.String@500001cd)
	value		5000073e
ARR 5000073e (sz=68, trace=300000, nelems=34, elem type=char[])
OBJ 5000073f (sz=16, trace=300000, class=java.lang.Object@500001d1)
OBJ 50000740 (sz=24, trace=300000, class=java.lang.String@500001cd)
	value		50000741
ARR 50000741 (sz=98, trace=300000, nelems=49, elem type=char[])
OBJ 50000742 (sz=24, trace=300000, class=java.lang.String@500001cd)
	value		50000743
ARR 50000743 (sz=38, trace=300000, nelems=19, elem type=char[])
OBJ 50000744 (sz=16, trace=300000, class=java.lang.Object@500001d1)
OBJ 50000745 (sz=24, trace=300000, class=java.lang.String@500001cd)
	value		50000746
ARR 50000746 (sz=32, trace=300000, nelems=16, elem type=char[])
OBJ 50000747 (sz=16, trace=300000, class=java.lang.Object@500001d1)
OBJ 50000748 (sz=24, trace=300000, class=java.lang.String@500001cd)
	value		50000749
ARR 50000749 (sz=46, trace=300000, nelems=23, elem type=char[])
OBJ 5000074a (sz=16, trace=300000, class=java.lang.Object@500001d1)
OBJ 5000074b (sz=24, trace=300000, class=java.lang.String@500001cd)
	value		5000074c
ARR 5000074c (sz=32, trace=300000, nelems=16, elem type=char[])
OBJ 5000074d (sz=16, trace=300000, class=java.lang.Object@500001d1)
OBJ 5000074e (sz=24, trace=300000, class=java.lang.String@500001cd)
	value		5000074f
ARR 5000074f (sz=32, trace=300000, nelems=16, elem type=char[])
OBJ 50000750 (sz=24, trace=300000, class=java.lang.String@500001cd)
	value		50000751
ARR 50000751 (sz=44, trace=300000, nelems=22, elem type=char[])
OBJ 50000752 (sz=16, trace=300000, class=java.lang.Object@500001d1)
OBJ 50000753 (sz=24, trace=300000, class=java.lang.String@500001cd)
	value		50000754
ARR 50000754 (sz=94, trace=300000, nelems=47, elem type=char[])
OBJ 50000755 (sz=16, trace=300000, class=java.lang.Object@500001d1)
OBJ 50000756 (sz=24, trace=300000, class=java.lang.String@500001cd)
	value		50000757
ARR 50000757 (sz=34, trace=300000, nelems=17, elem type=char[])
OBJ 50000758 (sz=32, trace=300000, class=java.util.concurrent.ConcurrentHashMap$Node@5000007a)
	key		5000075d
	val		5000075c
OBJ 50000759 (sz=16, trace=300000, class=java.lang.Object@500001d1)
OBJ 5000075a (sz=24, trace=300000, class=java.lang.String@500001cd)
	value		5000075b
ARR 5000075b (sz=62, trace=300000, nelems=31, elem type=char[])
OBJ 5000075c (sz=16, trace=300000, class=java.lang.Object@500001d1)
OBJ 5000075d (sz=24, trace=300000, class=java.lang.String@500001cd)
	value		5000075e
ARR 5000075e (sz=32, trace=300000, nelems=16, elem type=char[])
OBJ 5000075f (sz=16, trace=300000, class=java.lang.Object@500001d1)
OBJ 50000760 (sz=24, trace=300000, class=java.lang.String@500001cd)
	value		50000761
ARR 50000761 (sz=30, trace=300000, nelems=15, elem type=char[])
OBJ 50000762 (sz=16, trace=300000, class=java.lang.Object@500001d1)
OBJ 50000763 (sz=24, trace=300000, class=java.lang.String@500001cd)
	value		50000764
ARR 50000764 (sz=38, trace=300000, nelems=19, elem type=char[])
OBJ 50000765 (sz=24, trace=300000, class=java.lang.String@500001cd)
	value		50000773
OBJ 50000766 (sz=24, trace=300000, class=java.lang.String@500001cd)
	value		50000770
OBJ 50000767 (sz=24, trace=300000, class=java.lang.String@500001cd)
	value		50000771
OBJ 50000768 (sz=24, trace=300000, class=java.lang.String@500001cd)
	value		50000778
OBJ 50000769 (sz=24, trace=300000, class=java.lang.String@500001cd)
	value		50000777
OBJ 5000076a (sz=24, trace=300000, class=java.lang.String@500001cd)
	value		50000776
OBJ 5000076b (sz=24, trace=300000, class=java.lang.String@500001cd)
	value		50000775
ARR 5000076c (sz=32, trace=300000, nelems=3, elem type=java.io.ObjectStreamField[]@50000159)
	[0]		5000076d
	[1]		5000076e
	[2]		5000076f
OBJ 5000076d (sz=40, trace=300000, class=java.io.ObjectStreamField@5000015b)
	name		50000765
	signature	50000772
	type		5000007b
OBJ 5000076e (sz=40, trace=300000, class=java.io.ObjectStreamField@5000015b)
	name		50000767
	signature	500005ba
	type		500003be
OBJ 5000076f (sz=40, trace=300000, class=java.io.ObjectStreamField@5000015b)
	name		50000766
	signature	500005ba
	type		500003be
ARR 50000770 (sz=24, trace=300000, nelems=12, elem type=char[])
ARR 50000771 (sz=22, trace=300000, nelems=11, elem type=char[])
OBJ 50000772 (sz=24, trace=300000, class=java.lang.String@500001cd)
	value		50000774
ARR 50000773 (sz=16, trace=300000, nelems=8, elem type=char[])
ARR 50000774 (sz=98, trace=300000, nelems=49, elem type=char[])
ARR 50000775 (sz=18, trace=300000, nelems=9, elem type=char[])
ARR 50000776 (sz=18, trace=300000, nelems=9, elem type=char[])
ARR 50000777 (sz=26, trace=300000, nelems=13, elem type=char[])
ARR 50000778 (sz=14, trace=300000, nelems=7, elem type=char[])
ARR 50000779 (sz=56, trace=300000, nelems=0, elem type=java.lang.Object[]@50000167)
OBJ 5000077a (sz=16, trace=300000, class=java.security.ProtectionDomain$Key@50000062)
	this$0		5000070d
ARR 5000077b (sz=16, trace=300000, nelems=0, elem type=java.security.Principal[]@50000060)
OBJ 5000077c (sz=32, trace=300000, class=java.security.CodeSource@50000173)
OBJ 5000077d (sz=24, trace=300000, class=java.lang.String@500001cd)
	value		50000f13
OBJ 5000077e (sz=24, trace=300000, class=java.lang.String@500001cd)
	value		5000078e
OBJ 5000077f (sz=24, trace=300000, class=java.lang.String@500001cd)
	value		50000f12
OBJ 50000780 (sz=24, trace=300000, class=java.lang.String@500001cd)
	value		5000078d
OBJ 50000781 (sz=24, trace=300000, class=java.lang.String@500001cd)
	value		50000dc3
OBJ 50000782 (sz=24, trace=300000, class=java.lang.String@500001cd)
	value		50000f11
OBJ 50000783 (sz=24, trace=300000, class=java.lang.String@500001cd)
	value		50000f10
OBJ 50000784 (sz=24, trace=300000, class=java.lang.String@500001cd)
	value		50000f0f
OBJ 50000785 (sz=24, trace=300000, class=java.lang.String@500001cd)
	value		50000f0e
OBJ 50000786 (sz=24, trace=300000, class=java.lang.String@500001cd)
	value		50000f0d
OBJ 50000787 (sz=24, trace=300000, class=java.lang.String@500001cd)
	value		50000792
OBJ 50000788 (sz=24, trace=300000, class=java.lang.String@500001cd)
	value		50000f0c
OBJ 50000789 (sz=24, trace=300000, class=java.lang.String@500001cd)
	value		50000f0b
ARR 5000078a (sz=48, trace=300000, nelems=7, elem type=java.io.ObjectStreamField[]@50000159)
	[0]		50000f04
	[1]		50000f05
	[2]		50000f06
	[3]		50000f07
	[4]		50000f08
	[5]		50000f09
	[6]		50000f0a
OBJ 5000078b (sz=16, trace=300000, class=java.lang.Object@500001d1)
OBJ 5000078c (sz=48, trace=300000, class=java.util.Hashtable@500001a4)
	table		5000078f
ARR 5000078d (sz=40, trace=300000, nelems=20, elem type=char[])
ARR 5000078e (sz=52, trace=300000, nelems=26, elem type=char[])
ARR 5000078f (sz=64, trace=300000, nelems=7, elem type=java.util.Hashtable$Entry[]@5000011e)
	[6]		50000790
OBJ 50000790 (sz=32, trace=300000, class=java.util.Hashtable$Entry@5000011f)
	key		50000787
	value		50000791
OBJ 50000791 (sz=16, trace=300000, class=sun.net.www.protocol.file.Handler@50000068)
ARR 50000792 (sz=8, trace=300000, nelems=4, elem type=char[])
OBJ 50000793 (sz=24, trace=300000, class=java.lang.String@500001cd)
	value		50000f03
OBJ 50000794 (sz=24, trace=300000, class=java.lang.String@500001cd)
	value		50000dc8
OBJ 50000795 (sz=24, trace=300000, class=java.lang.String@500001cd)
	value		50000ef5
OBJ 50000796 (sz=24, trace=300000, class=java.lang.String@500001cd)
	value		50000ef4
OBJ 50000797 (sz=24, trace=300000, class=java.lang.String@500001cd)
	value		50000ef3
OBJ 50000798 (sz=24, trace=300000, class=java.lang.String@500001cd)
	value		50000ef2
OBJ 50000799 (sz=24, trace=300000, class=java.lang.String@500001cd)
	value		50000ef1
OBJ 5000079a (sz=24, trace=300000, class=java.lang.String@500001cd)
	value		50000ef0
OBJ 5000079b (sz=24, trace=300000, class=java.lang.String@500001cd)
	value		50000e06
OBJ 5000079c (sz=24, trace=300000, class=java.lang.String@500001cd)
	value		50000eef
OBJ 5000079d (sz=24, trace=300000, class=java.lang.String@500001cd)
	value		50000eee
OBJ 5000079e (sz=24, trace=300000, class=java.lang.String@500001cd)
	value		50000eed
OBJ 5000079f (sz=24, trace=300000, class=java.lang.String@500001cd)
	value		50000eec
OBJ 500007a0 (sz=24, trace=300000, class=java.lang.String@500001cd)
	value		50000eeb
ARR 500007a1 (sz=32, trace=300000, nelems=16, elem type=char[])
OBJ 500007a2 (sz=24, trace=300000, class=java.util.BitSet@50000086)
	words		500007a3
ARR 500007a3 (sz=32, trace=300000, nelems=4, elem type=long[])
OBJ 500007a4 (sz=24, trace=300000, class=java.lang.String@500001cd)
	value		500007a8
ARR 500007a5 (sz=24, trace=300000, nelems=1, elem type=java.io.ObjectStreamField[]@50000159)
	[0]		500007a6
OBJ 500007a6 (sz=40, trace=300000, class=java.io.ObjectStreamField@5000015b)
	name		500007a4
	signature	500007a7
	type		500001d2
OBJ 500007a7 (sz=24, trace=300000, class=java.lang.String@500001cd)
	value		500007a9
ARR 500007a8 (sz=8, trace=300000, nelems=4, elem type=char[])
ARR 500007a9 (sz=4, trace=300000, nelems=2, elem type=char[])
OBJ 500007aa (sz=24, trace=300000, class=java.lang.String@500001cd)
	value		500007b6
OBJ 500007ab (sz=24, trace=300000, class=java.lang.String@500001cd)
	value		500007b5
OBJ 500007ac (sz=24, trace=300000, class=java.lang.String@500001cd)
	value		500007b4
OBJ 500007ad (sz=24, trace=300000, class=java.lang.String@500001cd)
	value		500007b3
OBJ 500007ae (sz=16, trace=300000, class=java.nio.charset.CoderResult$2@5000008b)
OBJ 500007af (sz=16, trace=300000, class=java.nio.charset.CoderResult$1@5000008c)
OBJ 500007b0 (sz=24, trace=300000, class=java.nio.charset.CoderResult@5000008e)
OBJ 500007b1 (sz=24, trace=300000, class=java.nio.charset.CoderResult@5000008e)
ARR 500007b2 (sz=32, trace=300000, nelems=4, elem type=java.lang.String[]@50000127)
	[0]		500007aa
	[1]		500007ab
	[2]		500007ac
	[3]		500007ad
ARR 500007b3 (sz=20, trace=300000, nelems=10, elem type=char[])
ARR 500007b4 (sz=18, trace=300000, nelems=9, elem type=char[])
ARR 500007b5 (sz=16, trace=300000, nelems=8, elem type=char[])
ARR 500007b6 (sz=18, trace=300000, nelems=9, elem type=char[])
OBJ 500007b7 (sz=24, trace=300000, class=java.lang.String@500001cd)
	value		50000dca
OBJ 500007b8 (sz=24, trace=300000, class=java.lang.String@500001cd)
	value		50000edc
OBJ 500007b9 (sz=24, trace=300000, class=java.lang.String@500001cd)
	value		500007c1
OBJ 500007ba (sz=24, trace=300000, class=java.lang.String@500001cd)
	value		500007c0
OBJ 500007bb (sz=24, trace=300000, class=java.lang.String@500001cd)
	value		500007bf
OBJ 500007bc (sz=24, trace=300000, class=java.lang.String@500001cd)
	value		500007be
ARR 500007bd (sz=32, trace=300000, nelems=4, elem type=java.lang.String[]@50000127)
	[0]		500007b9
	[1]		500007ba
	[2]		500007bb
	[3]		500007bc
ARR 500007be (sz=14, trace=300000, nelems=7, elem type=char[])
ARR 500007bf (sz=20, trace=300000, nelems=10, elem type=char[])
ARR 500007c0 (sz=12, trace=300000, nelems=6, elem type=char[])
ARR 500007c1 (sz=10, trace=300000, nelems=5, elem type=char[])
OBJ 500007c2 (sz=24, trace=300000, class=java.lang.String@500001cd)
	value		500007c6
OBJ 500007c3 (sz=24, trace=300000, class=java.lang.String@500001cd)
	value		500007c7
OBJ 500007c4 (sz=16, trace=300000, class=java.nio.ByteOrder@500000c8)
	name		500007c3
OBJ 500007c5 (sz=16, trace=300000, class=java.nio.ByteOrder@500000c8)
	name		500007c2
ARR 500007c6 (sz=20, trace=300000, nelems=10, elem type=char[])
ARR 500007c7 (sz=26, trace=300000, nelems=13, elem type=char[])
OBJ 500007c8 (sz=24, trace=300000, class=java.lang.String@500001cd)
	value		50000edb
OBJ 500007c9 (sz=24, trace=300000, class=java.lang.String@500001cd)
	value		50000eda
OBJ 500007ca (sz=24, trace=300000, class=java.lang.String@500001cd)
	value		50000ed9
OBJ 500007cb (sz=24, trace=300000, class=java.lang.String@500001cd)
	value		50000ed8
OBJ 500007cc (sz=24, trace=300000, class=java.lang.String@500001cd)
	value		50000ed7
OBJ 500007cd (sz=24, trace=300000, class=java.util.concurrent.atomic.AtomicLong@500000c7)
OBJ 500007ce (sz=24, trace=300000, class=java.util.concurrent.atomic.AtomicLong@500000c7)
OBJ 500007cf (sz=24, trace=300000, class=java.util.concurrent.atomic.AtomicLong@500000c7)
OBJ 500007d0 (sz=16, trace=300000, class=java.util.zip.ZipFile$1@5000004c)
OBJ 500007d1 (sz=16, trace=300000, class=java.security.ProtectionDomain$JavaSecurityAccessImpl@50000065)
OBJ 500007d2 (sz=16, trace=300000, class=java.security.ProtectionDomain$2@50000063)
OBJ 500007d3 (sz=16, trace=300000, class=java.io.FileDescriptor$1@500000e0)
OBJ 500007d4 (sz=16, trace=300000, class=java.nio.Bits$1@500000c5)
OBJ 500007d5 (sz=16, trace=300000, class=java.net.URLClassLoader$7@5000009b)
OBJ 500007d6 (sz=16, trace=300000, class=java.lang.ref.Reference$1@5000012c)
OBJ 500007d7 (sz=16, trace=300000, class=java.util.jar.JavaUtilJarAccessImpl@50000047)
OBJ 500007d8 (sz=24, trace=300000, class=java.lang.String@500001cd)
	value		500007d9
ARR 500007d9 (sz=8, trace=300000, nelems=4, elem type=char[])
OBJ 500007da (sz=24, trace=300000, class=java.lang.String@500001cd)
	value		500007fc
OBJ 500007db (sz=24, trace=300000, class=java.lang.String@500001cd)
	value		500007fd
OBJ 500007dc (sz=24, trace=300000, class=java.lang.String@500001cd)
	value		500007fe
OBJ 500007dd (sz=24, trace=300000, class=java.lang.String@500001cd)
	value		500007ff
OBJ 500007de (sz=24, trace=300000, class=java.lang.String@500001cd)
	value		50000800
OBJ 500007df (sz=24, trace=300000, class=java.lang.String@500001cd)
	value		50000801
OBJ 500007e0 (sz=24, trace=300000, class=java.lang.String@500001cd)
	value		50000802
OBJ 500007e1 (sz=24, trace=300000, class=java.lang.String@500001cd)
	value		50000803
OBJ 500007e2 (sz=24, trace=300000, class=java.lang.String@500001cd)
	value		50000804
OBJ 500007e3 (sz=24, trace=300000, class=java.lang.String@500001cd)
	value		50000805
OBJ 500007e4 (sz=24, trace=300000, class=java.lang.String@500001cd)
	value		50000806
OBJ 500007e5 (sz=24, trace=300000, class=java.lang.String@500001cd)
	value		50000807
OBJ 500007e6 (sz=24, trace=300000, class=java.lang.String@500001cd)
	value		50000808
OBJ 500007e7 (sz=24, trace=300000, class=java.lang.String@500001cd)
	value		50000809
OBJ 500007e8 (sz=24, trace=300000, class=java.lang.String@500001cd)
	value		5000080a
OBJ 500007e9 (sz=24, trace=300000, class=java.lang.String@500001cd)
	value		5000080b
OBJ 500007ea (sz=24, trace=300000, class=java.lang.String@500001cd)
	value		5000080c
OBJ 500007eb (sz=24, trace=300000, class=java.util.jar.Attributes$Name@5000001c)
	name		500007ea
OBJ 500007ec (sz=24, trace=300000, class=java.util.jar.Attributes$Name@5000001c)
	name		500007e9
OBJ 500007ed (sz=24, trace=300000, class=java.util.jar.Attributes$Name@5000001c)
	name		500007e8
OBJ 500007ee (sz=24, trace=300000, class=java.util.jar.Attributes$Name@5000001c)
	name		500007e7
OBJ 500007ef (sz=24, trace=300000, class=java.util.jar.Attributes$Name@5000001c)
	name		500007e6
OBJ 500007f0 (sz=24, trace=300000, class=java.util.jar.Attributes$Name@5000001c)
	name		500007e5
OBJ 500007f1 (sz=24, trace=300000, class=java.util.jar.Attributes$Name@5000001c)
	name		500007e4
OBJ 500007f2 (sz=24, trace=300000, class=java.util.jar.Attributes$Name@5000001c)
	name		500007e3
OBJ 500007f3 (sz=24, trace=300000, class=java.util.jar.Attributes$Name@5000001c)
	name		500007e2
OBJ 500007f4 (sz=24, trace=300000, class=java.util.jar.Attributes$Name@5000001c)
	name		500007e1
OBJ 500007f5 (sz=24, trace=300000, class=java.util.jar.Attributes$Name@5000001c)
	name		500007e0
OBJ 500007f6 (sz=24, trace=300000, class=java.util.jar.Attributes$Name@5000001c)
	name		500007df
OBJ 500007f7 (sz=24, trace=300000, class=java.util.jar.Attributes$Name@5000001c)
	name		500007de
OBJ 500007f8 (sz=24, trace=300000, class=java.util.jar.Attributes$Name@5000001c)
	name		500007dd
OBJ 500007f9 (sz=24, trace=300000, class=java.util.jar.Attributes$Name@5000001c)
	name		500007dc
OBJ 500007fa (sz=24, trace=300000, class=java.util.jar.Attributes$Name@5000001c)
	name		500007db
OBJ 500007fb (sz=24, trace=300000, class=java.util.jar.Attributes$Name@5000001c)
	name		500007da
ARR 500007fc (sz=32, trace=300000, nelems=16, elem type=char[])
ARR 500007fd (sz=34, trace=300000, nelems=17, elem type=char[])
ARR 500007fe (sz=24, trace=300000, nelems=12, elem type=char[])
ARR 500007ff (sz=20, trace=300000, nelems=10, elem type=char[])
ARR 50000800 (sz=20, trace=300000, nelems=10, elem type=char[])
ARR 50000801 (sz=12, trace=300000, nelems=6, elem type=char[])
ARR 50000802 (sz=28, trace=300000, nelems=14, elem type=char[])
ARR 50000803 (sz=28, trace=300000, nelems=14, elem type=char[])
ARR 50000804 (sz=44, trace=300000, nelems=22, elem type=char[])
ARR 50000805 (sz=40, trace=300000, nelems=20, elem type=char[])
ARR 50000806 (sz=44, trace=300000, nelems=22, elem type=char[])
ARR 50000807 (sz=42, trace=300000, nelems=21, elem type=char[])
ARR 50000808 (sz=48, trace=300000, nelems=24, elem type=char[])
ARR 50000809 (sz=36, trace=300000, nelems=18, elem type=char[])
ARR 5000080a (sz=38, trace=300000, nelems=19, elem type=char[])
ARR 5000080b (sz=42, trace=300000, nelems=21, elem type=char[])
ARR 5000080c (sz=40, trace=300000, nelems=20, elem type=char[])
OBJ 5000080d (sz=16, trace=300000, class=sun.misc.ASCIICaseInsensitiveComparator@5000001b)
OBJ 5000080e (sz=24, trace=300000, class=java.lang.String@500001cd)
	value		50000996
OBJ 5000080f (sz=24, trace=300000, class=java.lang.String@500001cd)
	value		50000995
OBJ 50000810 (sz=24, trace=300000, class=java.lang.String@500001cd)
	value		50000994
OBJ 50000811 (sz=24, trace=300000, class=java.lang.String@500001cd)
	value		50000993
OBJ 50000812 (sz=24, trace=300000, class=java.lang.String@500001cd)
	value		50000822
OBJ 50000813 (sz=24, trace=300000, class=java.lang.String@500001cd)
	value		50000992
OBJ 50000814 (sz=24, trace=300000, class=java.lang.String@500001cd)
	value		50000991
OBJ 50000815 (sz=24, trace=300000, class=java.lang.String@500001cd)
	value		50000990
OBJ 50000816 (sz=24, trace=300000, class=java.lang.String@500001cd)
	value		5000098f
OBJ 50000817 (sz=24, trace=300000, class=java.lang.String@500001cd)
	value		5000098e
OBJ 50000818 (sz=24, trace=300000, class=java.lang.String@500001cd)
	value		5000098d
OBJ 50000819 (sz=24, trace=300000, class=java.lang.String@500001cd)
	value		5000098c
OBJ 5000081a (sz=24, trace=300000, class=java.lang.String@500001cd)
	value		50000830
OBJ 5000081b (sz=24, trace=300000, class=java.lang.String@500001cd)
	value		5000098b
OBJ 5000081c (sz=24, trace=300000, class=java.lang.String@500001cd)
	value		5000098a
OBJ 5000081d (sz=24, trace=300000, class=java.lang.String@500001cd)
	value		50000989
ARR 5000081e (sz=64, trace=300000, nelems=11, elem type=java.lang.String[]@50000127)
	[0]		50000823
	[1]		50000824
	[2]		50000825
	[3]		50000826
	[4]		50000827
	[5]		50000828
	[6]		50000829
	[7]		5000081a
	[8]		5000082a
	[9]		5000082b
	[10]		5000082c
ARR 5000081f (sz=40, trace=300000, nelems=10, elem type=int[])
ARR 50000820 (sz=512, trace=300000, nelems=128, elem type=int[])
ARR 50000821 (sz=20, trace=300000, nelems=10, elem type=char[])
ARR 50000822 (sz=40, trace=300000, nelems=20, elem type=char[])
OBJ 50000823 (sz=24, trace=300000, class=java.lang.String@500001cd)
	value		50000837
OBJ 50000824 (sz=24, trace=300000, class=java.lang.String@500001cd)
	value		50000836
OBJ 50000825 (sz=24, trace=300000, class=java.lang.String@500001cd)
	value		50000835
OBJ 50000826 (sz=24, trace=300000, class=java.lang.String@500001cd)
	value		50000834
OBJ 50000827 (sz=24, trace=300000, class=java.lang.String@500001cd)
	value		50000833
OBJ 50000828 (sz=24, trace=300000, class=java.lang.String@500001cd)
	value		50000832
OBJ 50000829 (sz=24, trace=300000, class=java.lang.String@500001cd)
	value		50000831
OBJ 5000082a (sz=24, trace=300000, class=java.lang.String@500001cd)
	value		5000082f
OBJ 5000082b (sz=24, trace=300000, class=java.lang.String@500001cd)
	value		5000082e
OBJ 5000082c (sz=24, trace=300000, class=java.lang.String@500001cd)
	value		5000082d
ARR 5000082d (sz=42, trace=300000, nelems=21, elem type=char[])
ARR 5000082e (sz=50, trace=300000, nelems=25, elem type=char[])
ARR 5000082f (sz=62, trace=300000, nelems=31, elem type=char[])
ARR 50000830 (sz=24, trace=300000, nelems=12, elem type=char[])
ARR 50000831 (sz=30, trace=300000, nelems=15, elem type=char[])
ARR 50000832 (sz=20, trace=300000, nelems=10, elem type=char[])
ARR 50000833 (sz=20, trace=300000, nelems=10, elem type=char[])
ARR 50000834 (sz=26, trace=300000, nelems=13, elem type=char[])
ARR 50000835 (sz=16, trace=300000, nelems=8, elem type=char[])
ARR 50000836 (sz=18, trace=300000, nelems=9, elem type=char[])
ARR 50000837 (sz=14, trace=300000, nelems=7, elem type=char[])
OBJ 50000838 (sz=24, trace=300000, class=java.lang.String@500001cd)
	value		50000839
ARR 50000839 (sz=10, trace=300000, nelems=5, elem type=char[])
OBJ 5000083a (sz=24, trace=300000, class=java.lang.String@500001cd)
	value		50000988
OBJ 5000083b (sz=24, trace=300000, class=java.lang.String@500001cd)
	value		50000884
OBJ 5000083c (sz=24, trace=300000, class=java.lang.String@500001cd)
	value		50000987
OBJ 5000083d (sz=24, trace=300000, class=java.lang.String@500001cd)
	value		50000986
OBJ 5000083e (sz=24, trace=300000, class=java.lang.String@500001cd)
	value		50000985
OBJ 5000083f (sz=24, trace=300000, class=java.lang.String@500001cd)
	value		50000984
OBJ 50000840 (sz=24, trace=300000, class=java.lang.String@500001cd)
	value		50000982
OBJ 50000841 (sz=24, trace=300000, class=java.lang.String@500001cd)
	value		5000097e
OBJ 50000842 (sz=24, trace=300000, class=java.lang.String@500001cd)
	value		50000981
OBJ 50000843 (sz=24, trace=300000, class=java.lang.String@500001cd)
	value		50000980
OBJ 50000844 (sz=24, trace=300000, class=java.lang.String@500001cd)
	value		5000097c
OBJ 50000845 (sz=24, trace=300000, class=java.lang.String@500001cd)
	value		5000097f
OBJ 50000846 (sz=24, trace=300000, class=java.lang.String@500001cd)
	value		500008bf
OBJ 50000847 (sz=24, trace=300000, class=java.lang.String@500001cd)
	value		500008e8
OBJ 50000848 (sz=24, trace=300000, class=java.lang.String@500001cd)
	value		50000983
OBJ 50000849 (sz=24, trace=300000, class=java.lang.String@500001cd)
	value		500008a3
OBJ 5000084a (sz=24, trace=300000, class=java.lang.String@500001cd)
	value		500008df
OBJ 5000084b (sz=24, trace=300000, class=java.lang.String@500001cd)
	value		500008f1
OBJ 5000084c (sz=24, trace=300000, class=java.lang.String@500001cd)
	value		500008b6
OBJ 5000084d (sz=24, trace=300000, class=java.lang.String@500001cd)
	value		500008ce
OBJ 5000084e (sz=24, trace=300000, class=java.lang.String@500001cd)
	value		5000093f
OBJ 5000084f (sz=24, trace=300000, class=java.lang.String@500001cd)
	value		50000907
OBJ 50000850 (sz=24, trace=300000, class=java.lang.String@500001cd)
	value		50000910
OBJ 50000851 (sz=24, trace=300000, class=java.lang.String@500001cd)
	value		500008e0
OBJ 50000852 (sz=24, trace=300000, class=java.lang.String@500001cd)
	value		50000928
OBJ 50000853 (sz=24, trace=300000, class=java.lang.String@500001cd)
	value		500008b7
OBJ 50000854 (sz=24, trace=300000, class=java.lang.String@500001cd)
	value		50000885
OBJ 50000855 (sz=24, trace=300000, class=java.lang.String@500001cd)
	value		50000919
OBJ 50000856 (sz=24, trace=300000, class=java.lang.String@500001cd)
	value		500008ad
ARR 50000857 (sz=40, trace=300000, nelems=6, elem type=java.io.ObjectStreamField[]@50000159)
	[0]		50000975
	[1]		50000976
	[2]		50000977
	[3]		50000978
	[4]		50000979
	[5]		5000097a
OBJ 50000858 (sz=32, trace=300000, class=java.util.Locale@50000085)
	baseLocale	500008c7
OBJ 50000859 (sz=32, trace=300000, class=java.util.Locale@50000085)
	baseLocale	50000947
OBJ 5000085a (sz=32, trace=300000, class=java.util.Locale@50000085)
	baseLocale	500008ae
OBJ 5000085b (sz=32, trace=300000, class=java.util.Locale@50000085)
	baseLocale	50000921
OBJ 5000085c (sz=32, trace=300000, class=java.util.Locale@50000085)
	baseLocale	5000091a
OBJ 5000085d (sz=32, trace=300000, class=java.util.Locale@50000085)
	baseLocale	50000883
OBJ 5000085e (sz=32, trace=300000, class=java.util.Locale@50000085)
	baseLocale	50000908
OBJ 5000085f (sz=32, trace=300000, class=java.util.Locale@50000085)
	baseLocale	50000940
OBJ 50000860 (sz=32, trace=300000, class=java.util.Locale@50000085)
	baseLocale	500008b8
OBJ 50000861 (sz=32, trace=300000, class=java.util.Locale@50000085)
	baseLocale	500008e9
OBJ 50000862 (sz=32, trace=300000, class=java.util.Locale@50000085)
	baseLocale	50000929
OBJ 50000863 (sz=32, trace=300000, class=java.util.Locale@50000085)
	baseLocale	500008e1
OBJ 50000864 (sz=32, trace=300000, class=java.util.Locale@50000085)
	baseLocale	50000911
OBJ 50000865 (sz=32, trace=300000, class=java.util.Locale@50000085)
	baseLocale	500008cf
OBJ 50000866 (sz=32, trace=300000, class=java.util.Locale@50000085)
	baseLocale	50000930
OBJ 50000867 (sz=32, trace=300000, class=java.util.Locale@50000085)
	baseLocale	500008c0
OBJ 50000868 (sz=32, trace=300000, class=java.util.Locale@50000085)
	baseLocale	500008f2
OBJ 50000869 (sz=32, trace=300000, class=java.util.Locale@50000085)
	baseLocale	50000937
OBJ 5000086a (sz=32, trace=300000, class=java.util.Locale@50000085)
	baseLocale	500008d7
OBJ 5000086b (sz=32, trace=300000, class=java.util.Locale@50000085)
	baseLocale	500008ff
OBJ 5000086c (sz=24, trace=300000, class=java.util.Locale$Cache@50000083)
	map		5000086e
	queue		5000086d
OBJ 5000086d (sz=32, trace=300000, class=java.lang.ref.ReferenceQueue@500001ab)
	lock		5000094b
OBJ 5000086e (sz=64, trace=300000, class=java.util.concurrent.ConcurrentHashMap@50000081)
	table		5000086f
ARR 5000086f (sz=144, trace=300000, nelems=31, elem type=java.util.concurrent.ConcurrentHashMap$Node[]@50000079)
	[0]		50000870
	[1]		50000871
	[2]		50000872
	[4]		50000873
	[5]		50000874
	[6]		50000875
	[8]		50000876
	[9]		50000877
	[10]		50000878
	[14]		50000879
	[16]		5000087a
	[20]		5000087b
	[22]		5000087c
	[23]		5000087d
	[26]		5000087e
	[27]		5000087f
	[30]		50000880
OBJ 50000870 (sz=32, trace=300000, class=java.util.concurrent.ConcurrentHashMap$Node@5000007a)
	key		50000972
	val		50000971
	next		50000970
OBJ 50000871 (sz=32, trace=300000, class=java.util.concurrent.ConcurrentHashMap$Node@5000007a)
	key		5000096f
	val		5000096e
OBJ 50000872 (sz=32, trace=300000, class=java.util.concurrent.ConcurrentHashMap$Node@5000007a)
	key		5000096d
	val		5000096c
OBJ 50000873 (sz=32, trace=300000, class=java.util.concurrent.ConcurrentHashMap$Node@5000007a)
	key		5000096b
	val		5000096a
OBJ 50000874 (sz=32, trace=300000, class=java.util.concurrent.ConcurrentHashMap$Node@5000007a)
	key		50000969
	val		50000968
OBJ 50000875 (sz=32, trace=300000, class=java.util.concurrent.ConcurrentHashMap$Node@5000007a)
	key		50000967
	val		50000966
OBJ 50000876 (sz=32, trace=300000, class=java.util.concurrent.ConcurrentHashMap$Node@5000007a)
	key		50000963
	val		50000962
	next		50000961
OBJ 50000877 (sz=32, trace=300000, class=java.util.concurrent.ConcurrentHashMap$Node@5000007a)
	key		50000960
	val		5000095f
OBJ 50000878 (sz=32, trace=300000, class=java.util.concurrent.ConcurrentHashMap$Node@5000007a)
	key		5000095e
	val		5000095d
OBJ 50000879 (sz=32, trace=300000, class=java.util.concurrent.ConcurrentHashMap$Node@5000007a)
	key		5000095c
	val		5000095b
OBJ 5000087a (sz=32, trace=300000, class=java.util.concurrent.ConcurrentHashMap$Node@5000007a)
	key		5000095a
	val		50000959
OBJ 5000087b (sz=32, trace=300000, class=java.util.concurrent.ConcurrentHashMap$Node@5000007a)
	key		50000958
	val		50000957
OBJ 5000087c (sz=32, trace=300000, class=java.util.concurrent.ConcurrentHashMap$Node@5000007a)
	key		50000956
	val		50000955
OBJ 5000087d (sz=32, trace=300000, class=java.util.concurrent.ConcurrentHashMap$Node@5000007a)
	key		50000954
	val		50000953
OBJ 5000087e (sz=32, trace=300000, class=java.util.concurrent.ConcurrentHashMap$Node@5000007a)
	key		50000952
	val		50000951
OBJ 5000087f (sz=32, trace=300000, class=java.util.concurrent.ConcurrentHashMap$Node@5000007a)
	key		5000094e
	val		5000094d
	next		5000094c
OBJ 50000880 (sz=32, trace=300000, class=java.util.concurrent.ConcurrentHashMap$Node@5000007a)
	key		50000882
	val		50000881
OBJ 50000881 (sz=48, trace=300000, class=sun.util.locale.LocaleObjectCache$CacheEntry@5000006f)
	referent	5000085d
	queue		5000086d
	key		50000882
OBJ 50000882 (sz=24, trace=300000, class=java.util.Locale$LocaleKey@5000006e)
	base		50000883
OBJ 50000883 (sz=32, trace=300000, class=sun.util.locale.BaseLocale@50000072)
	language	5000083b
	script		500003e5
	region		50000854
	variant		500003e5
ARR 50000884 (sz=4, trace=300000, nelems=2, elem type=char[])
ARR 50000885 (sz=4, trace=300000, nelems=2, elem type=char[])
OBJ 50000886 (sz=24, trace=300000, class=java.lang.String@500001cd)
	value		5000094a
OBJ 50000887 (sz=24, trace=300000, class=java.lang.String@500001cd)
	value		50000949
OBJ 50000888 (sz=24, trace=300000, class=java.lang.String@500001cd)
	value		50000948
OBJ 50000889 (sz=24, trace=300000, class=sun.util.locale.BaseLocale$Cache@50000071)
	map		5000088d
	queue		5000088c
OBJ 5000088a (sz=24, trace=300000, class=java.lang.String@500001cd)
	value		5000088b
ARR 5000088b (sz=2, trace=300000, nelems=1, elem type=char[])
OBJ 5000088c (sz=32, trace=300000, class=java.lang.ref.ReferenceQueue@500001ab)
	lock		500008af
OBJ 5000088d (sz=64, trace=300000, class=java.util.concurrent.ConcurrentHashMap@50000081)
	table		5000088e
ARR 5000088e (sz=144, trace=300000, nelems=27, elem type=java.util.concurrent.ConcurrentHashMap$Node[]@50000079)
	[0]		5000088f
	[1]		50000890
	[4]		50000891
	[7]		50000892
	[8]		50000893
	[9]		50000894
	[11]		50000895
	[12]		50000896
	[14]		50000897
	[19]		50000898
	[23]		50000899
	[25]		5000089a
	[26]		5000089b
OBJ 5000088f (sz=32, trace=300000, class=java.util.concurrent.ConcurrentHashMap$Node@5000007a)
	key		5000093a
	val		50000939
	next		50000938
OBJ 50000890 (sz=32, trace=300000, class=java.util.concurrent.ConcurrentHashMap$Node@5000007a)
	key		50000932
	val		50000931
OBJ 50000891 (sz=32, trace=300000, class=java.util.concurrent.ConcurrentHashMap$Node@5000007a)
	key		5000092b
	val		5000092a
OBJ 50000892 (sz=32, trace=300000, class=java.util.concurrent.ConcurrentHashMap$Node@5000007a)
	key		50000923
	val		50000922
OBJ 50000893 (sz=32, trace=300000, class=java.util.concurrent.ConcurrentHashMap$Node@5000007a)
	key		50000902
	val		50000901
	next		50000900
OBJ 50000894 (sz=32, trace=300000, class=java.util.concurrent.ConcurrentHashMap$Node@5000007a)
	key		500008fa
	val		500008f9
OBJ 50000895 (sz=32, trace=300000, class=java.util.concurrent.ConcurrentHashMap$Node@5000007a)
	key		500008ec
	val		500008eb
	next		500008ea
OBJ 50000896 (sz=32, trace=300000, class=java.util.concurrent.ConcurrentHashMap$Node@5000007a)
	key		500008d2
	val		500008d1
	next		500008d0
OBJ 50000897 (sz=32, trace=300000, class=java.util.concurrent.ConcurrentHashMap$Node@5000007a)
	key		500008c9
	val		500008c8
OBJ 50000898 (sz=32, trace=300000, class=java.util.concurrent.ConcurrentHashMap$Node@5000007a)
	key		500008c2
	val		500008c1
OBJ 50000899 (sz=32, trace=300000, class=java.util.concurrent.ConcurrentHashMap$Node@5000007a)
	key		500008ba
	val		500008b9
OBJ 5000089a (sz=32, trace=300000, class=java.util.concurrent.ConcurrentHashMap$Node@5000007a)
	key		500008b1
	val		500008b0
OBJ 5000089b (sz=32, trace=300000, class=java.util.concurrent.ConcurrentHashMap$Node@5000007a)
	key		5000089d
	val		5000089c
OBJ 5000089c (sz=48, trace=300000, class=sun.util.locale.LocaleObjectCache$CacheEntry@5000006f)
	referent	500008ae
	queue		5000088c
	key		5000089d
OBJ 5000089d (sz=40, trace=300000, class=sun.util.locale.BaseLocale$Key@50000070)
	lang		500008a1
	scrt		500008a0
	regn		5000089f
	vart		5000089e
OBJ 5000089e (sz=40, trace=300000, class=java.lang.ref.SoftReference@500001b1)
	referent	500003e5
	queue		500008a2
OBJ 5000089f (sz=40, trace=300000, class=java.lang.ref.SoftReference@500001b1)
	referent	50000856
	queue		500008a2
OBJ 500008a0 (sz=40, trace=300000, class=java.lang.ref.SoftReference@500001b1)
	referent	500003e5
	queue		500008a2
OBJ 500008a1 (sz=40, trace=300000, class=java.lang.ref.SoftReference@500001b1)
	referent	50000849
	queue		500008a2
OBJ 500008a2 (sz=32, trace=300000, class=java.lang.ref.ReferenceQueue$Null@50000131)
	lock		500008a4
ARR 500008a3 (sz=4, trace=300000, nelems=2, elem type=char[])
OBJ 500008a4 (sz=16, trace=300000, class=java.lang.ref.ReferenceQueue$Lock@50000130)
OBJ 500008a5 (sz=32, trace=300000, class=java.lang.ref.ReferenceQueue$Null@50000131)
	lock		500008a6
OBJ 500008a6 (sz=16, trace=300000, class=java.lang.ref.ReferenceQueue$Lock@50000130)
OBJ 500008a7 (sz=24, trace=300000, class=java.lang.String@500001cd)
	value		500008aa
OBJ 500008a8 (sz=24, trace=300000, class=java.lang.String@500001cd)
	value		500008a9
ARR 500008a9 (sz=12, trace=300000, nelems=6, elem type=char[])
ARR 500008aa (sz=34, trace=300000, nelems=17, elem type=char[])
OBJ 500008ab (sz=32, trace=300000, class=java.lang.ref.ReferenceQueue@500001ab)
	lock		500008ac
OBJ 500008ac (sz=16, trace=300000, class=java.lang.ref.ReferenceQueue$Lock@50000130)
ARR 500008ad (sz=4, trace=300000, nelems=2, elem type=char[])
OBJ 500008ae (sz=32, trace=300000, class=sun.util.locale.BaseLocale@50000072)
	language	50000849
	script		500003e5
	region		50000856
	variant		500003e5
OBJ 500008af (sz=16, trace=300000, class=java.lang.ref.ReferenceQueue$Lock@50000130)
OBJ 500008b0 (sz=48, trace=300000, class=sun.util.locale.LocaleObjectCache$CacheEntry@5000006f)
	referent	500008b8
	queue		5000088c
	key		500008b1
OBJ 500008b1 (sz=40, trace=300000, class=sun.util.locale.BaseLocale$Key@50000070)
	lang		500008b5
	scrt		500008b4
	regn		500008b3
	vart		500008b2
OBJ 500008b2 (sz=40, trace=300000, class=java.lang.ref.SoftReference@500001b1)
	referent	500003e5
	queue		500008a2
OBJ 500008b3 (sz=40, trace=300000, class=java.lang.ref.SoftReference@500001b1)
	referent	50000853
	queue		500008a2
OBJ 500008b4 (sz=40, trace=300000, class=java.lang.ref.SoftReference@500001b1)
	referent	500003e5
	queue		500008a2
OBJ 500008b5 (sz=40, trace=300000, class=java.lang.ref.SoftReference@500001b1)
	referent	5000084c
	queue		500008a2
ARR 500008b6 (sz=4, trace=300000, nelems=2, elem type=char[])
ARR 500008b7 (sz=4, trace=300000, nelems=2, elem type=char[])
OBJ 500008b8 (sz=32, trace=300000, class=sun.util.locale.BaseLocale@50000072)
	language	5000084c
	script		500003e5
	region		50000853
	variant		500003e5
OBJ 500008b9 (sz=48, trace=300000, class=sun.util.locale.LocaleObjectCache$CacheEntry@5000006f)
	referent	500008c0
	queue		5000088c
	key		500008ba
OBJ 500008ba (sz=40, trace=300000, class=sun.util.locale.BaseLocale$Key@50000070)
	lang		500008be
	scrt		500008bd
	regn		500008bc
	vart		500008bb
OBJ 500008bb (sz=40, trace=300000, class=java.lang.ref.SoftReference@500001b1)
	referent	500003e5
	queue		500008a2
OBJ 500008bc (sz=40, trace=300000, class=java.lang.ref.SoftReference@500001b1)
	referent	500003e5
	queue		500008a2
OBJ 500008bd (sz=40, trace=300000, class=java.lang.ref.SoftReference@500001b1)
	referent	500003e5
	queue		500008a2
OBJ 500008be (sz=40, trace=300000, class=java.lang.ref.SoftReference@500001b1)
	referent	50000846
	queue		500008a2
ARR 500008bf (sz=4, trace=300000, nelems=2, elem type=char[])
OBJ 500008c0 (sz=32, trace=300000, class=sun.util.locale.BaseLocale@50000072)
	language	50000846
	script		500003e5
	region		500003e5
	variant		500003e5
OBJ 500008c1 (sz=48, trace=300000, class=sun.util.locale.LocaleObjectCache$CacheEntry@5000006f)
	referent	500008c7
	queue		5000088c
	key		500008c2
OBJ 500008c2 (sz=40, trace=300000, class=sun.util.locale.BaseLocale$Key@50000070)
	lang		500008c6
	scrt		500008c5
	regn		500008c4
	vart		500008c3
OBJ 500008c3 (sz=40, trace=300000, class=java.lang.ref.SoftReference@500001b1)
	referent	500003e5
	queue		500008a2
OBJ 500008c4 (sz=40, trace=300000, class=java.lang.ref.SoftReference@500001b1)
	referent	50000623
	queue		500008a2
OBJ 500008c5 (sz=40, trace=300000, class=java.lang.ref.SoftReference@500001b1)
	referent	500003e5
	queue		500008a2
OBJ 500008c6 (sz=40, trace=300000, class=java.lang.ref.SoftReference@500001b1)
	referent	500006a9
	queue		500008a2
OBJ 500008c7 (sz=32, trace=300000, class=sun.util.locale.BaseLocale@50000072)
	language	500006a9
	script		500003e5
	region		50000623
	variant		500003e5
OBJ 500008c8 (sz=48, trace=300000, class=sun.util.locale.LocaleObjectCache$CacheEntry@5000006f)
	referent	500008cf
	queue		5000088c
	key		500008c9
OBJ 500008c9 (sz=40, trace=300000, class=sun.util.locale.BaseLocale$Key@50000070)
	lang		500008cd
	scrt		500008cc
	regn		500008cb
	vart		500008ca
OBJ 500008ca (sz=40, trace=300000, class=java.lang.ref.SoftReference@500001b1)
	referent	500003e5
	queue		500008a2
OBJ 500008cb (sz=40, trace=300000, class=java.lang.ref.SoftReference@500001b1)
	referent	500003e5
	queue		500008a2
OBJ 500008cc (sz=40, trace=300000, class=java.lang.ref.SoftReference@500001b1)
	referent	500003e5
	queue		500008a2
OBJ 500008cd (sz=40, trace=300000, class=java.lang.ref.SoftReference@500001b1)
	referent	5000084d
	queue		500008a2
ARR 500008ce (sz=4, trace=300000, nelems=2, elem type=char[])
OBJ 500008cf (sz=32, trace=300000, class=sun.util.locale.BaseLocale@50000072)
	language	5000084d
	script		500003e5
	region		500003e5
	variant		500003e5
OBJ 500008d0 (sz=32, trace=300000, class=java.util.concurrent.ConcurrentHashMap$Node@5000007a)
	key		500008da
	val		500008d9
	next		500008d8
OBJ 500008d1 (sz=48, trace=300000, class=sun.util.locale.LocaleObjectCache$CacheEntry@5000006f)
	referent	500008d7
	queue		5000088c
	key		500008d2
OBJ 500008d2 (sz=40, trace=300000, class=sun.util.locale.BaseLocale$Key@50000070)
	lang		500008d6
	scrt		500008d5
	regn		500008d4
	vart		500008d3
OBJ 500008d3 (sz=40, trace=300000, class=java.lang.ref.SoftReference@500001b1)
	referent	500003e5
	queue		500008a2
OBJ 500008d4 (sz=40, trace=300000, class=java.lang.ref.SoftReference@500001b1)
	referent	500003e5
	queue		500008a2
OBJ 500008d5 (sz=40, trace=300000, class=java.lang.ref.SoftReference@500001b1)
	referent	500003e5
	queue		500008a2
OBJ 500008d6 (sz=40, trace=300000, class=java.lang.ref.SoftReference@500001b1)
	referent	50000849
	queue		500008a2
OBJ 500008d7 (sz=32, trace=300000, class=sun.util.locale.BaseLocale@50000072)
	language	50000849
	script		500003e5
	region		500003e5
	variant		500003e5
OBJ 500008d8 (sz=32, trace=300000, class=java.util.concurrent.ConcurrentHashMap$Node@5000007a)
	key		500008e3
	val		500008e2
OBJ 500008d9 (sz=48, trace=300000, class=sun.util.locale.LocaleObjectCache$CacheEntry@5000006f)
	referent	500008e1
	queue		5000088c
	key		500008da
OBJ 500008da (sz=40, trace=300000, class=sun.util.locale.BaseLocale$Key@50000070)
	lang		500008de
	scrt		500008dd
	regn		500008dc
	vart		500008db
OBJ 500008db (sz=40, trace=300000, class=java.lang.ref.SoftReference@500001b1)
	referent	500003e5
	queue		500008a2
OBJ 500008dc (sz=40, trace=300000, class=java.lang.ref.SoftReference@500001b1)
	referent	50000851
	queue		500008a2
OBJ 500008dd (sz=40, trace=300000, class=java.lang.ref.SoftReference@500001b1)
	referent	500003e5
	queue		500008a2
OBJ 500008de (sz=40, trace=300000, class=java.lang.ref.SoftReference@500001b1)
	referent	5000084a
	queue		500008a2
ARR 500008df (sz=4, trace=300000, nelems=2, elem type=char[])
ARR 500008e0 (sz=4, trace=300000, nelems=2, elem type=char[])
OBJ 500008e1 (sz=32, trace=300000, class=sun.util.locale.BaseLocale@50000072)
	language	5000084a
	script		500003e5
	region		50000851
	variant		500003e5
OBJ 500008e2 (sz=48, trace=300000, class=sun.util.locale.LocaleObjectCache$CacheEntry@5000006f)
	referent	500008e9
	queue		5000088c
	key		500008e3
OBJ 500008e3 (sz=40, trace=300000, class=sun.util.locale.BaseLocale$Key@50000070)
	lang		500008e7
	scrt		500008e6
	regn		500008e5
	vart		500008e4
OBJ 500008e4 (sz=40, trace=300000, class=java.lang.ref.SoftReference@500001b1)
	referent	500003e5
	queue		500008a2
OBJ 500008e5 (sz=40, trace=300000, class=java.lang.ref.SoftReference@500001b1)
	referent	50000847
	queue		500008a2
OBJ 500008e6 (sz=40, trace=300000, class=java.lang.ref.SoftReference@500001b1)
	referent	500003e5
	queue		500008a2
OBJ 500008e7 (sz=40, trace=300000, class=java.lang.ref.SoftReference@500001b1)
	referent	50000846
	queue		500008a2
ARR 500008e8 (sz=4, trace=300000, nelems=2, elem type=char[])
OBJ 500008e9 (sz=32, trace=300000, class=sun.util.locale.BaseLocale@50000072)
	language	50000846
	script		500003e5
	region		50000847
	variant		500003e5
OBJ 500008ea (sz=32, trace=300000, class=java.util.concurrent.ConcurrentHashMap$Node@5000007a)
	key		500008f4
	val		500008f3
OBJ 500008eb (sz=48, trace=300000, class=sun.util.locale.LocaleObjectCache$CacheEntry@5000006f)
	referent	500008f2
	queue		5000088c
	key		500008ec
OBJ 500008ec (sz=40, trace=300000, class=sun.util.locale.BaseLocale$Key@50000070)
	lang		500008f0
	scrt		500008ef
	regn		500008ee
	vart		500008ed
OBJ 500008ed (sz=40, trace=300000, class=java.lang.ref.SoftReference@500001b1)
	referent	500003e5
	queue		500008a2
OBJ 500008ee (sz=40, trace=300000, class=java.lang.ref.SoftReference@500001b1)
	referent	500003e5
	queue		500008a2
OBJ 500008ef (sz=40, trace=300000, class=java.lang.ref.SoftReference@500001b1)
	referent	500003e5
	queue		500008a2
OBJ 500008f0 (sz=40, trace=300000, class=java.lang.ref.SoftReference@500001b1)
	referent	5000084b
	queue		500008a2
ARR 500008f1 (sz=4, trace=300000, nelems=2, elem type=char[])
OBJ 500008f2 (sz=32, trace=300000, class=sun.util.locale.BaseLocale@50000072)
	language	5000084b
	script		500003e5
	region		500003e5
	variant		500003e5
OBJ 500008f3 (sz=48, trace=300000, class=sun.util.locale.LocaleObjectCache$CacheEntry@5000006f)
	referent	50000883
	queue		5000088c
	key		500008f4
OBJ 500008f4 (sz=40, trace=300000, class=sun.util.locale.BaseLocale$Key@50000070)
	lang		500008f8
	scrt		500008f7
	regn		500008f6
	vart		500008f5
OBJ 500008f5 (sz=40, trace=300000, class=java.lang.ref.SoftReference@500001b1)
	referent	500003e5
	queue		500008a2
OBJ 500008f6 (sz=40, trace=300000, class=java.lang.ref.SoftReference@500001b1)
	referent	50000854
	queue		500008a2
OBJ 500008f7 (sz=40, trace=300000, class=java.lang.ref.SoftReference@500001b1)
	referent	500003e5
	queue		500008a2
OBJ 500008f8 (sz=40, trace=300000, class=java.lang.ref.SoftReference@500001b1)
	referent	5000083b
	queue		500008a2
OBJ 500008f9 (sz=48, trace=300000, class=sun.util.locale.LocaleObjectCache$CacheEntry@5000006f)
	referent	500008ff
	queue		5000088c
	key		500008fa
OBJ 500008fa (sz=40, trace=300000, class=sun.util.locale.BaseLocale$Key@50000070)
	lang		500008fe
	scrt		500008fd
	regn		500008fc
	vart		500008fb
OBJ 500008fb (sz=40, trace=300000, class=java.lang.ref.SoftReference@500001b1)
	referent	500003e5
	queue		500008a2
OBJ 500008fc (sz=40, trace=300000, class=java.lang.ref.SoftReference@500001b1)
	referent	500003e5
	queue		500008a2
OBJ 500008fd (sz=40, trace=300000, class=java.lang.ref.SoftReference@500001b1)
	referent	500003e5
	queue		500008a2
OBJ 500008fe (sz=40, trace=300000, class=java.lang.ref.SoftReference@500001b1)
	referent	5000083b
	queue		500008a2
OBJ 500008ff (sz=32, trace=300000, class=sun.util.locale.BaseLocale@50000072)
	language	5000083b
	script		500003e5
	region		500003e5
	variant		500003e5
OBJ 50000900 (sz=32, trace=300000, class=java.util.concurrent.ConcurrentHashMap$Node@5000007a)
	key		5000090b
	val		5000090a
	next		50000909
OBJ 50000901 (sz=48, trace=300000, class=sun.util.locale.LocaleObjectCache$CacheEntry@5000006f)
	referent	50000908
	queue		5000088c
	key		50000902
OBJ 50000902 (sz=40, trace=300000, class=sun.util.locale.BaseLocale$Key@50000070)
	lang		50000906
	scrt		50000905
	regn		50000904
	vart		50000903
OBJ 50000903 (sz=40, trace=300000, class=java.lang.ref.SoftReference@500001b1)
	referent	500003e5
	queue		500008a2
OBJ 50000904 (sz=40, trace=300000, class=java.lang.ref.SoftReference@500001b1)
	referent	5000084f
	queue		500008a2
OBJ 50000905 (sz=40, trace=300000, class=java.lang.ref.SoftReference@500001b1)
	referent	500003e5
	queue		500008a2
OBJ 50000906 (sz=40, trace=300000, class=java.lang.ref.SoftReference@500001b1)
	referent	5000084d
	queue		500008a2
ARR 50000907 (sz=4, trace=300000, nelems=2, elem type=char[])
OBJ 50000908 (sz=32, trace=300000, class=sun.util.locale.BaseLocale@50000072)
	language	5000084d
	script		500003e5
	region		5000084f
	variant		500003e5
OBJ 50000909 (sz=32, trace=300000, class=java.util.concurrent.ConcurrentHashMap$Node@5000007a)
	key		50000914
	val		50000913
	next		50000912
OBJ 5000090a (sz=48, trace=300000, class=sun.util.locale.LocaleObjectCache$CacheEntry@5000006f)
	referent	50000911
	queue		5000088c
	key		5000090b
OBJ 5000090b (sz=40, trace=300000, class=sun.util.locale.BaseLocale$Key@50000070)
	lang		5000090f
	scrt		5000090e
	regn		5000090d
	vart		5000090c
OBJ 5000090c (sz=40, trace=300000, class=java.lang.ref.SoftReference@500001b1)
	referent	500003e5
	queue		500008a2
OBJ 5000090d (sz=40, trace=300000, class=java.lang.ref.SoftReference@500001b1)
	referent	50000850
	queue		500008a2
OBJ 5000090e (sz=40, trace=300000, class=java.lang.ref.SoftReference@500001b1)
	referent	500003e5
	queue		500008a2
OBJ 5000090f (sz=40, trace=300000, class=java.lang.ref.SoftReference@500001b1)
	referent	50000849
	queue		500008a2
ARR 50000910 (sz=4, trace=300000, nelems=2, elem type=char[])
OBJ 50000911 (sz=32, trace=300000, class=sun.util.locale.BaseLocale@50000072)
	language	50000849
	script		500003e5
	region		50000850
	variant		500003e5
OBJ 50000912 (sz=32, trace=300000, class=java.util.concurrent.ConcurrentHashMap$Node@5000007a)
	key		5000091c
	val		5000091b
OBJ 50000913 (sz=48, trace=300000, class=sun.util.locale.LocaleObjectCache$CacheEntry@5000006f)
	referent	5000091a
	queue		5000088c
	key		50000914
OBJ 50000914 (sz=40, trace=300000, class=sun.util.locale.BaseLocale$Key@50000070)
	lang		50000918
	scrt		50000917
	regn		50000916
	vart		50000915
OBJ 50000915 (sz=40, trace=300000, class=java.lang.ref.SoftReference@500001b1)
	referent	500003e5
	queue		500008a2
OBJ 50000916 (sz=40, trace=300000, class=java.lang.ref.SoftReference@500001b1)
	referent	50000855
	queue		500008a2
OBJ 50000917 (sz=40, trace=300000, class=java.lang.ref.SoftReference@500001b1)
	referent	500003e5
	queue		500008a2
OBJ 50000918 (sz=40, trace=300000, class=java.lang.ref.SoftReference@500001b1)
	referent	5000083b
	queue		500008a2
ARR 50000919 (sz=4, trace=300000, nelems=2, elem type=char[])
OBJ 5000091a (sz=32, trace=300000, class=sun.util.locale.BaseLocale@50000072)
	language	5000083b
	script		500003e5
	region		50000855
	variant		500003e5
OBJ 5000091b (sz=48, trace=300000, class=sun.util.locale.LocaleObjectCache$CacheEntry@5000006f)
	referent	50000921
	queue		5000088c
	key		5000091c
OBJ 5000091c (sz=40, trace=300000, class=sun.util.locale.BaseLocale$Key@50000070)
	lang		50000920
	scrt		5000091f
	regn		5000091e
	vart		5000091d
OBJ 5000091d (sz=40, trace=300000, class=java.lang.ref.SoftReference@500001b1)
	referent	500003e5
	queue		500008a2
OBJ 5000091e (sz=40, trace=300000, class=java.lang.ref.SoftReference@500001b1)
	referent	50000856
	queue		500008a2
OBJ 5000091f (sz=40, trace=300000, class=java.lang.ref.SoftReference@500001b1)
	referent	500003e5
	queue		500008a2
OBJ 50000920 (sz=40, trace=300000, class=java.lang.ref.SoftReference@500001b1)
	referent	5000083b
	queue		500008a2
OBJ 50000921 (sz=32, trace=300000, class=sun.util.locale.BaseLocale@50000072)
	language	5000083b
	script		500003e5
	region		50000856
	variant		500003e5
OBJ 50000922 (sz=48, trace=300000, class=sun.util.locale.LocaleObjectCache$CacheEntry@5000006f)
	referent	50000929
	queue		5000088c
	key		50000923
OBJ 50000923 (sz=40, trace=300000, class=sun.util.locale.BaseLocale$Key@50000070)
	lang		50000927
	scrt		50000926
	regn		50000925
	vart		50000924
OBJ 50000924 (sz=40, trace=300000, class=java.lang.ref.SoftReference@500001b1)
	referent	500003e5
	queue		500008a2
OBJ 50000925 (sz=40, trace=300000, class=java.lang.ref.SoftReference@500001b1)
	referent	50000852
	queue		500008a2
OBJ 50000926 (sz=40, trace=300000, class=java.lang.ref.SoftReference@500001b1)
	referent	500003e5
	queue		500008a2
OBJ 50000927 (sz=40, trace=300000, class=java.lang.ref.SoftReference@500001b1)
	referent	5000084b
	queue		500008a2
ARR 50000928 (sz=4, trace=300000, nelems=2, elem type=char[])
OBJ 50000929 (sz=32, trace=300000, class=sun.util.locale.BaseLocale@50000072)
	language	5000084b
	script		500003e5
	region		50000852
	variant		500003e5
OBJ 5000092a (sz=48, trace=300000, class=sun.util.locale.LocaleObjectCache$CacheEntry@5000006f)
	referent	50000930
	queue		5000088c
	key		5000092b
OBJ 5000092b (sz=40, trace=300000, class=sun.util.locale.BaseLocale$Key@50000070)
	lang		5000092f
	scrt		5000092e
	regn		5000092d
	vart		5000092c
OBJ 5000092c (sz=40, trace=300000, class=java.lang.ref.SoftReference@500001b1)
	referent	500003e5
	queue		500008a2
OBJ 5000092d (sz=40, trace=300000, class=java.lang.ref.SoftReference@500001b1)
	referent	500003e5
	queue		500008a2
OBJ 5000092e (sz=40, trace=300000, class=java.lang.ref.SoftReference@500001b1)
	referent	500003e5
	queue		500008a2
OBJ 5000092f (sz=40, trace=300000, class=java.lang.ref.SoftReference@500001b1)
	referent	5000084c
	queue		500008a2
OBJ 50000930 (sz=32, trace=300000, class=sun.util.locale.BaseLocale@50000072)
	language	5000084c
	script		500003e5
	region		500003e5
	variant		500003e5
OBJ 50000931 (sz=48, trace=300000, class=sun.util.locale.LocaleObjectCache$CacheEntry@5000006f)
	referent	50000937
	queue		5000088c
	key		50000932
OBJ 50000932 (sz=40, trace=300000, class=sun.util.locale.BaseLocale$Key@50000070)
	lang		50000936
	scrt		50000935
	regn		50000934
	vart		50000933
OBJ 50000933 (sz=40, trace=300000, class=java.lang.ref.SoftReference@500001b1)
	referent	500003e5
	queue		500008a2
OBJ 50000934 (sz=40, trace=300000, class=java.lang.ref.SoftReference@500001b1)
	referent	500003e5
	queue		500008a2
OBJ 50000935 (sz=40, trace=300000, class=java.lang.ref.SoftReference@500001b1)
	referent	500003e5
	queue		500008a2
OBJ 50000936 (sz=40, trace=300000, class=java.lang.ref.SoftReference@500001b1)
	referent	5000084a
	queue		500008a2
OBJ 50000937 (sz=32, trace=300000, class=sun.util.locale.BaseLocale@50000072)
	language	5000084a
	script		500003e5
	region		500003e5
	variant		500003e5
OBJ 50000938 (sz=32, trace=300000, class=java.util.concurrent.ConcurrentHashMap$Node@5000007a)
	key		50000942
	val		50000941
OBJ 50000939 (sz=48, trace=300000, class=sun.util.locale.LocaleObjectCache$CacheEntry@5000006f)
	referent	50000940
	queue		5000088c
	key		5000093a
OBJ 5000093a (sz=40, trace=300000, class=sun.util.locale.BaseLocale$Key@50000070)
	lang		5000093e
	scrt		5000093d
	regn		5000093c
	vart		5000093b
OBJ 5000093b (sz=40, trace=300000, class=java.lang.ref.SoftReference@500001b1)
	referent	500003e5
	queue		500008a2
OBJ 5000093c (sz=40, trace=300000, class=java.lang.ref.SoftReference@500001b1)
	referent	5000084e
	queue		500008a2
OBJ 5000093d (sz=40, trace=300000, class=java.lang.ref.SoftReference@500001b1)
	referent	500003e5
	queue		500008a2
OBJ 5000093e (sz=40, trace=300000, class=java.lang.ref.SoftReference@500001b1)
	referent	5000084d
	queue		500008a2
ARR 5000093f (sz=4, trace=300000, nelems=2, elem type=char[])
OBJ 50000940 (sz=32, trace=300000, class=sun.util.locale.BaseLocale@50000072)
	language	5000084d
	script		500003e5
	region		5000084e
	variant		500003e5
OBJ 50000941 (sz=48, trace=300000, class=sun.util.locale.LocaleObjectCache$CacheEntry@5000006f)
	referent	50000947
	queue		5000088c
	key		50000942
OBJ 50000942 (sz=40, trace=300000, class=sun.util.locale.BaseLocale$Key@50000070)
	lang		50000946
	scrt		50000945
	regn		50000944
	vart		50000943
OBJ 50000943 (sz=40, trace=300000, class=java.lang.ref.SoftReference@500001b1)
	referent	500003e5
	queue		500008a2
OBJ 50000944 (sz=40, trace=300000, class=java.lang.ref.SoftReference@500001b1)
	referent	500003e5
	queue		500008a2
OBJ 50000945 (sz=40, trace=300000, class=java.lang.ref.SoftReference@500001b1)
	referent	500003e5
	queue		500008a2
OBJ 50000946 (sz=40, trace=300000, class=java.lang.ref.SoftReference@500001b1)
	referent	500003e5
	queue		500008a2
OBJ 50000947 (sz=32, trace=300000, class=sun.util.locale.BaseLocale@50000072)
	language	500003e5
	script		500003e5
	region		500003e5
	variant		500003e5
ARR 50000948 (sz=4, trace=300000, nelems=2, elem type=char[])
ARR 50000949 (sz=4, trace=300000, nelems=2, elem type=char[])
ARR 5000094a (sz=4, trace=300000, nelems=2, elem type=char[])
OBJ 5000094b (sz=16, trace=300000, class=java.lang.ref.ReferenceQueue$Lock@50000130)
OBJ 5000094c (sz=32, trace=300000, class=java.util.concurrent.ConcurrentHashMap$Node@5000007a)
	key		50000950
	val		5000094f
OBJ 5000094d (sz=48, trace=300000, class=sun.util.locale.LocaleObjectCache$CacheEntry@5000006f)
	referent	5000085c
	queue		5000086d
	key		5000094e
OBJ 5000094e (sz=24, trace=300000, class=java.util.Locale$LocaleKey@5000006e)
	base		5000091a
OBJ 5000094f (sz=48, trace=300000, class=sun.util.locale.LocaleObjectCache$CacheEntry@5000006f)
	referent	5000085b
	queue		5000086d
	key		50000950
OBJ 50000950 (sz=24, trace=300000, class=java.util.Locale$LocaleKey@5000006e)
	base		50000921
OBJ 50000951 (sz=48, trace=300000, class=sun.util.locale.LocaleObjectCache$CacheEntry@5000006f)
	referent	50000864
	queue		5000086d
	key		50000952
OBJ 50000952 (sz=24, trace=300000, class=java.util.Locale$LocaleKey@5000006e)
	base		50000911
OBJ 50000953 (sz=48, trace=300000, class=sun.util.locale.LocaleObjectCache$CacheEntry@5000006f)
	referent	50000862
	queue		5000086d
	key		50000954
OBJ 50000954 (sz=24, trace=300000, class=java.util.Locale$LocaleKey@5000006e)
	base		50000929
OBJ 50000955 (sz=48, trace=300000, class=sun.util.locale.LocaleObjectCache$CacheEntry@5000006f)
	referent	5000086b
	queue		5000086d
	key		50000956
OBJ 50000956 (sz=24, trace=300000, class=java.util.Locale$LocaleKey@5000006e)
	base		500008ff
OBJ 50000957 (sz=48, trace=300000, class=sun.util.locale.LocaleObjectCache$CacheEntry@5000006f)
	referent	50000865
	queue		5000086d
	key		50000958
OBJ 50000958 (sz=24, trace=300000, class=java.util.Locale$LocaleKey@5000006e)
	base		500008cf
OBJ 50000959 (sz=48, trace=300000, class=sun.util.locale.LocaleObjectCache$CacheEntry@5000006f)
	referent	50000869
	queue		5000086d
	key		5000095a
OBJ 5000095a (sz=24, trace=300000, class=java.util.Locale$LocaleKey@5000006e)
	base		50000937
OBJ 5000095b (sz=48, trace=300000, class=sun.util.locale.LocaleObjectCache$CacheEntry@5000006f)
	referent	50000863
	queue		5000086d
	key		5000095c
OBJ 5000095c (sz=24, trace=300000, class=java.util.Locale$LocaleKey@5000006e)
	base		500008e1
OBJ 5000095d (sz=48, trace=300000, class=sun.util.locale.LocaleObjectCache$CacheEntry@5000006f)
	referent	50000866
	queue		5000086d
	key		5000095e
OBJ 5000095e (sz=24, trace=300000, class=java.util.Locale$LocaleKey@5000006e)
	base		50000930
OBJ 5000095f (sz=48, trace=300000, class=sun.util.locale.LocaleObjectCache$CacheEntry@5000006f)
	referent	50000868
	queue		5000086d
	key		50000960
OBJ 50000960 (sz=24, trace=300000, class=java.util.Locale$LocaleKey@5000006e)
	base		500008f2
OBJ 50000961 (sz=32, trace=300000, class=java.util.concurrent.ConcurrentHashMap$Node@5000007a)
	key		50000965
	val		50000964
OBJ 50000962 (sz=48, trace=300000, class=sun.util.locale.LocaleObjectCache$CacheEntry@5000006f)
	referent	50000867
	queue		5000086d
	key		50000963
OBJ 50000963 (sz=24, trace=300000, class=java.util.Locale$LocaleKey@5000006e)
	base		500008c0
OBJ 50000964 (sz=48, trace=300000, class=sun.util.locale.LocaleObjectCache$CacheEntry@5000006f)
	referent	5000085e
	queue		5000086d
	key		50000965
OBJ 50000965 (sz=24, trace=300000, class=java.util.Locale$LocaleKey@5000006e)
	base		50000908
OBJ 50000966 (sz=48, trace=300000, class=sun.util.locale.LocaleObjectCache$CacheEntry@5000006f)
	referent	50000858
	queue		5000086d
	key		50000967
OBJ 50000967 (sz=24, trace=300000, class=java.util.Locale$LocaleKey@5000006e)
	base		500008c7
OBJ 50000968 (sz=48, trace=300000, class=sun.util.locale.LocaleObjectCache$CacheEntry@5000006f)
	referent	5000086a
	queue		5000086d
	key		50000969
OBJ 50000969 (sz=24, trace=300000, class=java.util.Locale$LocaleKey@5000006e)
	base		500008d7
OBJ 5000096a (sz=48, trace=300000, class=sun.util.locale.LocaleObjectCache$CacheEntry@5000006f)
	referent	5000085a
	queue		5000086d
	key		5000096b
OBJ 5000096b (sz=24, trace=300000, class=java.util.Locale$LocaleKey@5000006e)
	base		500008ae
OBJ 5000096c (sz=48, trace=300000, class=sun.util.locale.LocaleObjectCache$CacheEntry@5000006f)
	referent	50000860
	queue		5000086d
	key		5000096d
OBJ 5000096d (sz=24, trace=300000, class=java.util.Locale$LocaleKey@5000006e)
	base		500008b8
OBJ 5000096e (sz=48, trace=300000, class=sun.util.locale.LocaleObjectCache$CacheEntry@5000006f)
	referent	50000861
	queue		5000086d
	key		5000096f
OBJ 5000096f (sz=24, trace=300000, class=java.util.Locale$LocaleKey@5000006e)
	base		500008e9
OBJ 50000970 (sz=32, trace=300000, class=java.util.concurrent.ConcurrentHashMap$Node@5000007a)
	key		50000974
	val		50000973
OBJ 50000971 (sz=48, trace=300000, class=sun.util.locale.LocaleObjectCache$CacheEntry@5000006f)
	referent	5000085f
	queue		5000086d
	key		50000972
OBJ 50000972 (sz=24, trace=300000, class=java.util.Locale$LocaleKey@5000006e)
	base		50000940
OBJ 50000973 (sz=48, trace=300000, class=sun.util.locale.LocaleObjectCache$CacheEntry@5000006f)
	referent	50000859
	queue		5000086d
	key		50000974
OBJ 50000974 (sz=24, trace=300000, class=java.util.Locale$LocaleKey@5000006e)
	base		50000947
OBJ 50000975 (sz=40, trace=300000, class=java.io.ObjectStreamField@5000015b)
	name		50000840
	signature	5000097b
	type		500001cd
OBJ 50000976 (sz=40, trace=300000, class=java.io.ObjectStreamField@5000015b)
	name		50000842
	signature	5000097b
	type		500001cd
OBJ 50000977 (sz=40, trace=300000, class=java.io.ObjectStreamField@5000015b)
	name		50000843
	signature	5000097b
	type		500001cd
OBJ 50000978 (sz=40, trace=300000, class=java.io.ObjectStreamField@5000015b)
	name		50000845
	signature	500005ba
	type		500003be
OBJ 50000979 (sz=40, trace=300000, class=java.io.ObjectStreamField@5000015b)
	name		50000841
	signature	5000097b
	type		500001cd
OBJ 5000097a (sz=40, trace=300000, class=java.io.ObjectStreamField@5000015b)
	name		50000844
	signature	5000097b
	type		500001cd
OBJ 5000097b (sz=24, trace=300000, class=java.lang.String@500001cd)
	value		5000097d
ARR 5000097c (sz=20, trace=300000, nelems=10, elem type=char[])
ARR 5000097d (sz=36, trace=300000, nelems=18, elem type=char[])
ARR 5000097e (sz=12, trace=300000, nelems=6, elem type=char[])
ARR 5000097f (sz=16, trace=300000, nelems=8, elem type=char[])
ARR 50000980 (sz=14, trace=300000, nelems=7, elem type=char[])
ARR 50000981 (sz=14, trace=300000, nelems=7, elem type=char[])
ARR 50000982 (sz=16, trace=300000, nelems=8, elem type=char[])
ARR 50000983 (sz=4, trace=300000, nelems=2, elem type=char[])
ARR 50000984 (sz=24, trace=300000, nelems=12, elem type=char[])
ARR 50000985 (sz=24, trace=300000, nelems=12, elem type=char[])
ARR 50000986 (sz=22, trace=300000, nelems=11, elem type=char[])
ARR 50000987 (sz=22, trace=300000, nelems=11, elem type=char[])
ARR 50000988 (sz=26, trace=300000, nelems=13, elem type=char[])
ARR 50000989 (sz=18, trace=300000, nelems=9, elem type=char[])
ARR 5000098a (sz=26, trace=300000, nelems=13, elem type=char[])
ARR 5000098b (sz=38, trace=300000, nelems=19, elem type=char[])
ARR 5000098c (sz=28, trace=300000, nelems=14, elem type=char[])
ARR 5000098d (sz=18, trace=300000, nelems=9, elem type=char[])
ARR 5000098e (sz=18, trace=300000, nelems=9, elem type=char[])
ARR 5000098f (sz=24, trace=300000, nelems=12, elem type=char[])
ARR 50000990 (sz=14, trace=300000, nelems=7, elem type=char[])
ARR 50000991 (sz=16, trace=300000, nelems=8, elem type=char[])
ARR 50000992 (sz=12, trace=300000, nelems=6, elem type=char[])
ARR 50000993 (sz=6, trace=300000, nelems=3, elem type=char[])
ARR 50000994 (sz=6, trace=300000, nelems=3, elem type=char[])
ARR 50000995 (sz=8, trace=300000, nelems=4, elem type=char[])
ARR 50000996 (sz=8, trace=300000, nelems=4, elem type=char[])
OBJ 50000997 (sz=24, trace=300000, class=java.lang.String@500001cd)
	value		50000de1
OBJ 50000998 (sz=16, trace=300000, class=sun.misc.Perf@5000003a)
OBJ 50000999 (sz=24, trace=300000, class=java.lang.String@500001cd)
	value		500009a6
OBJ 5000099a (sz=24, trace=300000, class=java.lang.String@500001cd)
	value		500009a9
OBJ 5000099b (sz=24, trace=300000, class=java.lang.String@500001cd)
	value		500009ac
OBJ 5000099c (sz=24, trace=300000, class=java.lang.String@500001cd)
	value		500009af
OBJ 5000099d (sz=24, trace=300000, class=java.lang.String@500001cd)
	value		500009b2
OBJ 5000099e (sz=24, trace=300000, class=java.lang.String@500001cd)
	value		500009b5
OBJ 5000099f (sz=24, trace=300000, class=sun.misc.PerfCounter@5000003c)
	name		5000099e
	lb		500009b4
OBJ 500009a0 (sz=24, trace=300000, class=sun.misc.PerfCounter@5000003c)
	name		5000099d
	lb		500009b1
OBJ 500009a1 (sz=24, trace=300000, class=sun.misc.PerfCounter@5000003c)
	name		5000099c
	lb		500009ae
OBJ 500009a2 (sz=24, trace=300000, class=sun.misc.PerfCounter@5000003c)
	name		5000099b
	lb		500009ab
OBJ 500009a3 (sz=24, trace=300000, class=sun.misc.PerfCounter@5000003c)
	name		5000099a
	lb		500009a8
OBJ 500009a4 (sz=24, trace=300000, class=sun.misc.PerfCounter@5000003c)
	name		50000999
	lb		500009a5
OBJ 500009a5 (sz=56, trace=300000, class=java.nio.DirectLongBufferU@50000034)
	att		500009a7
ARR 500009a6 (sz=72, trace=300000, nelems=36, elem type=char[])
OBJ 500009a7 (sz=64, trace=300000, class=java.nio.DirectByteBuffer@50000036)
OBJ 500009a8 (sz=56, trace=300000, class=java.nio.DirectLongBufferU@50000034)
	att		500009aa
ARR 500009a9 (sz=54, trace=300000, nelems=27, elem type=char[])
OBJ 500009aa (sz=64, trace=300000, class=java.nio.DirectByteBuffer@50000036)
OBJ 500009ab (sz=56, trace=300000, class=java.nio.DirectLongBufferU@50000034)
	att		500009ad
ARR 500009ac (sz=58, trace=300000, nelems=29, elem type=char[])
OBJ 500009ad (sz=64, trace=300000, class=java.nio.DirectByteBuffer@50000036)
OBJ 500009ae (sz=56, trace=300000, class=java.nio.DirectLongBufferU@50000034)
	att		500009b0
ARR 500009af (sz=74, trace=300000, nelems=37, elem type=char[])
OBJ 500009b0 (sz=64, trace=300000, class=java.nio.DirectByteBuffer@50000036)
OBJ 500009b1 (sz=56, trace=300000, class=java.nio.DirectLongBufferU@50000034)
	att		500009b3
ARR 500009b2 (sz=32, trace=300000, nelems=16, elem type=char[])
OBJ 500009b3 (sz=64, trace=300000, class=java.nio.DirectByteBuffer@50000036)
OBJ 500009b4 (sz=56, trace=300000, class=java.nio.DirectLongBufferU@50000034)
	att		500009b6
ARR 500009b5 (sz=48, trace=300000, nelems=24, elem type=char[])
OBJ 500009b6 (sz=64, trace=300000, class=java.nio.DirectByteBuffer@50000036)
OBJ 500009b7 (sz=24, trace=300000, class=java.lang.String@500001cd)
	value		500009bd
OBJ 500009b8 (sz=24, trace=300000, class=java.lang.String@500001cd)
	value		500009be
OBJ 500009b9 (sz=24, trace=300000, class=java.lang.String@500001cd)
	value		500009bf
OBJ 500009ba (sz=16, trace=300000, class=java.nio.charset.CodingErrorAction@500000ed)
	name		500009b9
OBJ 500009bb (sz=16, trace=300000, class=java.nio.charset.CodingErrorAction@500000ed)
	name		500009b8
OBJ 500009bc (sz=16, trace=300000, class=java.nio.charset.CodingErrorAction@500000ed)
	name		500009b7
ARR 500009bd (sz=12, trace=300000, nelems=6, elem type=char[])
ARR 500009be (sz=14, trace=300000, nelems=7, elem type=char[])
ARR 500009bf (sz=12, trace=300000, nelems=6, elem type=char[])
OBJ 500009c0 (sz=24, trace=300000, class=java.lang.String@500001cd)
	value		50000de0
OBJ 500009c1 (sz=24, trace=300000, class=java.lang.String@500001cd)
	value		50000ddf
OBJ 500009c2 (sz=24, trace=300000, class=sun.nio.cs.UTF_8@500000fe)
	name		50000794
	aliases		50000d87
OBJ 500009c3 (sz=16, trace=300000, class=java.lang.ThreadLocal@50000113)
ARR 500009c4 (sz=24, trace=300000, nelems=2, elem type=java.lang.Object[]@50000167)
	[0]		500007d8
	[1]		500009c2
ARR 500009c5 (sz=24, trace=300000, nelems=2, elem type=java.lang.Object[]@50000167)
	[0]		50000794
	[1]		500009c2
OBJ 500009c6 (sz=32, trace=300000, class=sun.nio.cs.StandardCharsets@50000118)
	classMap	500009ca
	aliasMap	500009c9
	cache		500009c8
	packagePrefix	500009c7
OBJ 500009c7 (sz=24, trace=300000, class=java.lang.String@500001cd)
	value		50000dc4
OBJ 500009c8 (sz=40, trace=300000, class=sun.nio.cs.StandardCharsets$Cache@50000114)
	ht		50000cf7
OBJ 500009c9 (sz=40, trace=300000, class=sun.nio.cs.StandardCharsets$Aliases@50000116)
	ht		50000a8f
OBJ 500009ca (sz=40, trace=300000, class=sun.nio.cs.StandardCharsets$Classes@50000115)
	ht		500009cb
ARR 500009cb (sz=144, trace=300000, nelems=32, elem type=java.lang.Object[]@50000167)
	[0]		500009cc
	[2]		500009cd
	[3]		500009ce
	[4]		500009cf
	[5]		500009d0
	[6]		500009d1
	[7]		500009d2
	[8]		500009d3
	[9]		500009d4
	[10]		500009d5
	[11]		500009d6
	[12]		500009d7
	[14]		500009d8
	[15]		500009d9
	[16]		500009da
	[17]		500009db
	[18]		500009dc
	[19]		500009dd
	[22]		500009de
	[23]		500009df
	[24]		500009e0
	[28]		500009e1
	[29]		500009e2
	[31]		500009e3
ARR 500009cc (sz=24, trace=300000, nelems=2, elem type=java.lang.Object[]@50000167)
	[0]		50000a8b
	[1]		50000a8c
ARR 500009cd (sz=32, trace=300000, nelems=3, elem type=java.lang.Object[]@50000167)
	[0]		50000a7d
	[1]		50000a7e
	[2]		50000a7f
ARR 500009ce (sz=32, trace=300000, nelems=3, elem type=java.lang.Object[]@50000167)
	[0]		50000a74
	[1]		50000a75
	[2]		50000a76
ARR 500009cf (sz=32, trace=300000, nelems=3, elem type=java.lang.Object[]@50000167)
	[0]		50000a66
	[1]		50000a67
	[2]		50000a68
ARR 500009d0 (sz=32, trace=300000, nelems=3, elem type=java.lang.Object[]@50000167)
	[0]		50000a5d
	[1]		50000a5e
	[2]		50000a5f
ARR 500009d1 (sz=24, trace=300000, nelems=2, elem type=java.lang.Object[]@50000167)
	[0]		50000a59
	[1]		50000a5a
ARR 500009d2 (sz=24, trace=300000, nelems=2, elem type=java.lang.Object[]@50000167)
	[0]		50000a55
	[1]		50000a56
ARR 500009d3 (sz=32, trace=300000, nelems=3, elem type=java.lang.Object[]@50000167)
	[0]		50000a4c
	[1]		50000a4d
	[2]		50000a4e
ARR 500009d4 (sz=32, trace=300000, nelems=3, elem type=java.lang.Object[]@50000167)
	[0]		50000a43
	[1]		50000a44
	[2]		50000a45
ARR 500009d5 (sz=24, trace=300000, nelems=2, elem type=java.lang.Object[]@50000167)
	[0]		50000a3f
	[1]		50000a40
ARR 500009d6 (sz=32, trace=300000, nelems=3, elem type=java.lang.Object[]@50000167)
	[0]		50000a36
	[1]		50000a37
	[2]		50000a38
ARR 500009d7 (sz=24, trace=300000, nelems=2, elem type=java.lang.Object[]@50000167)
	[0]		50000a32
	[1]		50000a33
ARR 500009d8 (sz=24, trace=300000, nelems=2, elem type=java.lang.Object[]@50000167)
	[0]		50000a2e
	[1]		50000a2f
ARR 500009d9 (sz=24, trace=300000, nelems=2, elem type=java.lang.Object[]@50000167)
	[0]		50000a2a
	[1]		50000a2b
ARR 500009da (sz=32, trace=300000, nelems=3, elem type=java.lang.Object[]@50000167)
	[0]		50000a21
	[1]		50000a22
	[2]		50000a23
ARR 500009db (sz=32, trace=300000, nelems=3, elem type=java.lang.Object[]@50000167)
	[0]		50000a18
	[1]		50000a19
	[2]		50000a1a
ARR 500009dc (sz=32, trace=300000, nelems=3, elem type=java.lang.Object[]@50000167)
	[0]		50000a0a
	[1]		50000a0b
	[2]		50000a0c
ARR 500009dd (sz=32, trace=300000, nelems=3, elem type=java.lang.Object[]@50000167)
	[0]		500009fc
	[1]		500009fd
	[2]		500009fe
ARR 500009de (sz=24, trace=300000, nelems=2, elem type=java.lang.Object[]@50000167)
	[0]		500009f8
	[1]		500009f9
ARR 500009df (sz=24, trace=300000, nelems=2, elem type=java.lang.Object[]@50000167)
	[0]		500009f4
	[1]		500009f5
ARR 500009e0 (sz=24, trace=300000, nelems=2, elem type=java.lang.Object[]@50000167)
	[0]		500009f0
	[1]		500009f1
ARR 500009e1 (sz=24, trace=300000, nelems=2, elem type=java.lang.Object[]@50000167)
	[0]		500009ec
	[1]		500009ed
ARR 500009e2 (sz=24, trace=300000, nelems=2, elem type=java.lang.Object[]@50000167)
	[0]		500009e8
	[1]		500009e9
ARR 500009e3 (sz=24, trace=300000, nelems=2, elem type=java.lang.Object[]@50000167)
	[0]		500009e4
	[1]		500009e5
OBJ 500009e4 (sz=24, trace=300000, class=java.lang.String@500001cd)
	value		500009e7
OBJ 500009e5 (sz=24, trace=300000, class=java.lang.String@500001cd)
	value		500009e6
ARR 500009e6 (sz=16, trace=300000, nelems=8, elem type=char[])
ARR 500009e7 (sz=16, trace=300000, nelems=8, elem type=char[])
OBJ 500009e8 (sz=24, trace=300000, class=java.lang.String@500001cd)
	value		500009eb
OBJ 500009e9 (sz=24, trace=300000, class=java.lang.String@500001cd)
	value		500009ea
ARR 500009ea (sz=12, trace=300000, nelems=6, elem type=char[])
ARR 500009eb (sz=12, trace=300000, nelems=6, elem type=char[])
OBJ 500009ec (sz=24, trace=300000, class=java.lang.String@500001cd)
	value		500009ef
OBJ 500009ed (sz=24, trace=300000, class=java.lang.String@500001cd)
	value		500009ee
ARR 500009ee (sz=12, trace=300000, nelems=6, elem type=char[])
ARR 500009ef (sz=12, trace=300000, nelems=6, elem type=char[])
OBJ 500009f0 (sz=24, trace=300000, class=java.lang.String@500001cd)
	value		500009f3
OBJ 500009f1 (sz=24, trace=300000, class=java.lang.String@500001cd)
	value		500009f2
ARR 500009f2 (sz=24, trace=300000, nelems=12, elem type=char[])
ARR 500009f3 (sz=28, trace=300000, nelems=14, elem type=char[])
OBJ 500009f4 (sz=24, trace=300000, class=java.lang.String@500001cd)
	value		500009f7
OBJ 500009f5 (sz=24, trace=300000, class=java.lang.String@500001cd)
	value		500009f6
ARR 500009f6 (sz=12, trace=300000, nelems=6, elem type=char[])
ARR 500009f7 (sz=12, trace=300000, nelems=6, elem type=char[])
OBJ 500009f8 (sz=24, trace=300000, class=java.lang.String@500001cd)
	value		500009fb
OBJ 500009f9 (sz=24, trace=300000, class=java.lang.String@500001cd)
	value		500009fa
ARR 500009fa (sz=24, trace=300000, nelems=12, elem type=char[])
ARR 500009fb (sz=28, trace=300000, nelems=14, elem type=char[])
OBJ 500009fc (sz=24, trace=300000, class=java.lang.String@500001cd)
	value		50000a09
OBJ 500009fd (sz=24, trace=300000, class=java.lang.String@500001cd)
	value		50000a08
ARR 500009fe (sz=32, trace=300000, nelems=3, elem type=java.lang.Object[]@50000167)
	[0]		500009ff
	[1]		50000a00
	[2]		50000a01
OBJ 500009ff (sz=24, trace=300000, class=java.lang.String@500001cd)
	value		50000a07
OBJ 50000a00 (sz=24, trace=300000, class=java.lang.String@500001cd)
	value		50000a06
ARR 50000a01 (sz=24, trace=300000, nelems=2, elem type=java.lang.Object[]@50000167)
	[0]		50000a02
	[1]		50000a03
OBJ 50000a02 (sz=24, trace=300000, class=java.lang.String@500001cd)
	value		50000a05
OBJ 50000a03 (sz=24, trace=300000, class=java.lang.String@500001cd)
	value		50000a04
ARR 50000a04 (sz=24, trace=300000, nelems=12, elem type=char[])
ARR 50000a05 (sz=28, trace=300000, nelems=14, elem type=char[])
ARR 50000a06 (sz=12, trace=300000, nelems=6, elem type=char[])
ARR 50000a07 (sz=12, trace=300000, nelems=6, elem type=char[])
ARR 50000a08 (sz=12, trace=300000, nelems=6, elem type=char[])
ARR 50000a09 (sz=16, trace=300000, nelems=8, elem type=char[])
OBJ 50000a0a (sz=24, trace=300000, class=java.lang.String@500001cd)
	value		50000a17
OBJ 50000a0b (sz=24, trace=300000, class=java.lang.String@500001cd)
	value		50000a16
ARR 50000a0c (sz=32, trace=300000, nelems=3, elem type=java.lang.Object[]@50000167)
	[0]		50000a0d
	[1]		50000a0e
	[2]		50000a0f
OBJ 50000a0d (sz=24, trace=300000, class=java.lang.String@500001cd)
	value		50000a15
OBJ 50000a0e (sz=24, trace=300000, class=java.lang.String@500001cd)
	value		50000a14
ARR 50000a0f (sz=24, trace=300000, nelems=2, elem type=java.lang.Object[]@50000167)
	[0]		50000a10
	[1]		50000a11
OBJ 50000a10 (sz=24, trace=300000, class=java.lang.String@500001cd)
	value		50000a13
OBJ 50000a11 (sz=24, trace=300000, class=java.lang.String@500001cd)
	value		50000a12
ARR 50000a12 (sz=22, trace=300000, nelems=11, elem type=char[])
ARR 50000a13 (sz=22, trace=300000, nelems=11, elem type=char[])
ARR 50000a14 (sz=12, trace=300000, nelems=6, elem type=char[])
ARR 50000a15 (sz=12, trace=300000, nelems=6, elem type=char[])
ARR 50000a16 (sz=12, trace=300000, nelems=6, elem type=char[])
ARR 50000a17 (sz=12, trace=300000, nelems=6, elem type=char[])
OBJ 50000a18 (sz=24, trace=300000, class=java.lang.String@500001cd)
	value		50000a20
OBJ 50000a19 (sz=24, trace=300000, class=java.lang.String@500001cd)
	value		50000a1f
ARR 50000a1a (sz=24, trace=300000, nelems=2, elem type=java.lang.Object[]@50000167)
	[0]		50000a1b
	[1]		50000a1c
OBJ 50000a1b (sz=24, trace=300000, class=java.lang.String@500001cd)
	value		50000a1e
OBJ 50000a1c (sz=24, trace=300000, class=java.lang.String@500001cd)
	value		50000a1d
ARR 50000a1d (sz=16, trace=300000, nelems=8, elem type=char[])
ARR 50000a1e (sz=16, trace=300000, nelems=8, elem type=char[])
ARR 50000a1f (sz=22, trace=300000, nelems=11, elem type=char[])
ARR 50000a20 (sz=22, trace=300000, nelems=11, elem type=char[])
OBJ 50000a21 (sz=24, trace=300000, class=java.lang.String@500001cd)
	value		50000a29
OBJ 50000a22 (sz=24, trace=300000, class=java.lang.String@500001cd)
	value		50000a28
ARR 50000a23 (sz=24, trace=300000, nelems=2, elem type=java.lang.Object[]@50000167)
	[0]		50000a24
	[1]		50000a25
OBJ 50000a24 (sz=24, trace=300000, class=java.lang.String@500001cd)
	value		50000a27
OBJ 50000a25 (sz=24, trace=300000, class=java.lang.String@500001cd)
	value		50000a26
ARR 50000a26 (sz=12, trace=300000, nelems=6, elem type=char[])
ARR 50000a27 (sz=12, trace=300000, nelems=6, elem type=char[])
ARR 50000a28 (sz=12, trace=300000, nelems=6, elem type=char[])
ARR 50000a29 (sz=12, trace=300000, nelems=6, elem type=char[])
OBJ 50000a2a (sz=24, trace=300000, class=java.lang.String@500001cd)
	value		50000a2d
OBJ 50000a2b (sz=24, trace=300000, class=java.lang.String@500001cd)
	value		50000a2c
ARR 50000a2c (sz=12, trace=300000, nelems=6, elem type=char[])
ARR 50000a2d (sz=12, trace=300000, nelems=6, elem type=char[])
OBJ 50000a2e (sz=24, trace=300000, class=java.lang.String@500001cd)
	value		50000a31
OBJ 50000a2f (sz=24, trace=300000, class=java.lang.String@500001cd)
	value		50000a30
ARR 50000a30 (sz=12, trace=300000, nelems=6, elem type=char[])
ARR 50000a31 (sz=16, trace=300000, nelems=8, elem type=char[])
OBJ 50000a32 (sz=24, trace=300000, class=java.lang.String@500001cd)
	value		50000a35
OBJ 50000a33 (sz=24, trace=300000, class=java.lang.String@500001cd)
	value		50000a34
ARR 50000a34 (sz=20, trace=300000, nelems=10, elem type=char[])
ARR 50000a35 (sz=20, trace=300000, nelems=10, elem type=char[])
OBJ 50000a36 (sz=24, trace=300000, class=java.lang.String@500001cd)
	value		50000a3e
OBJ 50000a37 (sz=24, trace=300000, class=java.lang.String@500001cd)
	value		50000a3d
ARR 50000a38 (sz=24, trace=300000, nelems=2, elem type=java.lang.Object[]@50000167)
	[0]		50000a39
	[1]		50000a3a
OBJ 50000a39 (sz=24, trace=300000, class=java.lang.String@500001cd)
	value		50000a3c
OBJ 50000a3a (sz=24, trace=300000, class=java.lang.String@500001cd)
	value		50000a3b
ARR 50000a3b (sz=20, trace=300000, nelems=10, elem type=char[])
ARR 50000a3c (sz=20, trace=300000, nelems=10, elem type=char[])
ARR 50000a3d (sz=12, trace=300000, nelems=6, elem type=char[])
ARR 50000a3e (sz=16, trace=300000, nelems=8, elem type=char[])
OBJ 50000a3f (sz=24, trace=300000, class=java.lang.String@500001cd)
	value		50000a42
OBJ 50000a40 (sz=24, trace=300000, class=java.lang.String@500001cd)
	value		50000a41
ARR 50000a41 (sz=20, trace=300000, nelems=10, elem type=char[])
ARR 50000a42 (sz=20, trace=300000, nelems=10, elem type=char[])
OBJ 50000a43 (sz=24, trace=300000, class=java.lang.String@500001cd)
	value		50000a4b
OBJ 50000a44 (sz=24, trace=300000, class=java.lang.String@500001cd)
	value		50000a4a
ARR 50000a45 (sz=24, trace=300000, nelems=2, elem type=java.lang.Object[]@50000167)
	[0]		50000a46
	[1]		50000a47
OBJ 50000a46 (sz=24, trace=300000, class=java.lang.String@500001cd)
	value		50000a49
OBJ 50000a47 (sz=24, trace=300000, class=java.lang.String@500001cd)
	value		50000a48
ARR 50000a48 (sz=10, trace=300000, nelems=5, elem type=char[])
ARR 50000a49 (sz=10, trace=300000, nelems=5, elem type=char[])
ARR 50000a4a (sz=20, trace=300000, nelems=10, elem type=char[])
ARR 50000a4b (sz=20, trace=300000, nelems=10, elem type=char[])
OBJ 50000a4c (sz=24, trace=300000, class=java.lang.String@500001cd)
	value		50000a54
OBJ 50000a4d (sz=24, trace=300000, class=java.lang.String@500001cd)
	value		50000a53
ARR 50000a4e (sz=24, trace=300000, nelems=2, elem type=java.lang.Object[]@50000167)
	[0]		50000a4f
	[1]		50000a50
OBJ 50000a4f (sz=24, trace=300000, class=java.lang.String@500001cd)
	value		50000a52
OBJ 50000a50 (sz=24, trace=300000, class=java.lang.String@500001cd)
	value		50000a51
ARR 50000a51 (sz=20, trace=300000, nelems=10, elem type=char[])
ARR 50000a52 (sz=20, trace=300000, nelems=10, elem type=char[])
ARR 50000a53 (sz=20, trace=300000, nelems=10, elem type=char[])
ARR 50000a54 (sz=20, trace=300000, nelems=10, elem type=char[])
OBJ 50000a55 (sz=24, trace=300000, class=java.lang.String@500001cd)
	value		50000a58
OBJ 50000a56 (sz=24, trace=300000, class=java.lang.String@500001cd)
	value		50000a57
ARR 50000a57 (sz=16, trace=300000, nelems=8, elem type=char[])
ARR 50000a58 (sz=16, trace=300000, nelems=8, elem type=char[])
OBJ 50000a59 (sz=24, trace=300000, class=java.lang.String@500001cd)
	value		50000a5c
OBJ 50000a5a (sz=24, trace=300000, class=java.lang.String@500001cd)
	value		50000a5b
ARR 50000a5b (sz=12, trace=300000, nelems=6, elem type=char[])
ARR 50000a5c (sz=24, trace=300000, nelems=12, elem type=char[])
OBJ 50000a5d (sz=24, trace=300000, class=java.lang.String@500001cd)
	value		50000a65
OBJ 50000a5e (sz=24, trace=300000, class=java.lang.String@500001cd)
	value		50000a64
ARR 50000a5f (sz=24, trace=300000, nelems=2, elem type=java.lang.Object[]@50000167)
	[0]		50000a60
	[1]		50000a61
OBJ 50000a60 (sz=24, trace=300000, class=java.lang.String@500001cd)
	value		50000a63
OBJ 50000a61 (sz=24, trace=300000, class=java.lang.String@500001cd)
	value		50000a62
ARR 50000a62 (sz=12, trace=300000, nelems=6, elem type=char[])
ARR 50000a63 (sz=12, trace=300000, nelems=6, elem type=char[])
ARR 50000a64 (sz=12, trace=300000, nelems=6, elem type=char[])
ARR 50000a65 (sz=24, trace=300000, nelems=12, elem type=char[])
OBJ 50000a66 (sz=24, trace=300000, class=java.lang.String@500001cd)
	value		50000a73
OBJ 50000a67 (sz=24, trace=300000, class=java.lang.String@500001cd)
	value		50000a72
ARR 50000a68 (sz=32, trace=300000, nelems=3, elem type=java.lang.Object[]@50000167)
	[0]		50000a69
	[1]		50000a6a
	[2]		50000a6b
OBJ 50000a69 (sz=24, trace=300000, class=java.lang.String@500001cd)
	value		50000a71
OBJ 50000a6a (sz=24, trace=300000, class=java.lang.String@500001cd)
	value		50000a70
ARR 50000a6b (sz=24, trace=300000, nelems=2, elem type=java.lang.Object[]@50000167)
	[0]		50000a6c
	[1]		50000a6d
OBJ 50000a6c (sz=24, trace=300000, class=java.lang.String@500001cd)
	value		50000a6f
OBJ 50000a6d (sz=24, trace=300000, class=java.lang.String@500001cd)
	value		50000a6e
ARR 50000a6e (sz=16, trace=300000, nelems=8, elem type=char[])
ARR 50000a6f (sz=16, trace=300000, nelems=8, elem type=char[])
ARR 50000a70 (sz=12, trace=300000, nelems=6, elem type=char[])
ARR 50000a71 (sz=24, trace=300000, nelems=12, elem type=char[])
ARR 50000a72 (sz=12, trace=300000, nelems=6, elem type=char[])
ARR 50000a73 (sz=24, trace=300000, nelems=12, elem type=char[])
OBJ 50000a74 (sz=24, trace=300000, class=java.lang.String@500001cd)
	value		50000a7c
OBJ 50000a75 (sz=24, trace=300000, class=java.lang.String@500001cd)
	value		50000a7b
ARR 50000a76 (sz=24, trace=300000, nelems=2, elem type=java.lang.Object[]@50000167)
	[0]		50000a77
	[1]		50000a78
OBJ 50000a77 (sz=24, trace=300000, class=java.lang.String@500001cd)
	value		50000a7a
OBJ 50000a78 (sz=24, trace=300000, class=java.lang.String@500001cd)
	value		50000a79
ARR 50000a79 (sz=12, trace=300000, nelems=6, elem type=char[])
ARR 50000a7a (sz=24, trace=300000, nelems=12, elem type=char[])
ARR 50000a7b (sz=12, trace=300000, nelems=6, elem type=char[])
ARR 50000a7c (sz=24, trace=300000, nelems=12, elem type=char[])
OBJ 50000a7d (sz=24, trace=300000, class=java.lang.String@500001cd)
	value		50000a8a
OBJ 50000a7e (sz=24, trace=300000, class=java.lang.String@500001cd)
	value		50000a89
ARR 50000a7f (sz=32, trace=300000, nelems=3, elem type=java.lang.Object[]@50000167)
	[0]		50000a80
	[1]		50000a81
	[2]		50000a82
OBJ 50000a80 (sz=24, trace=300000, class=java.lang.String@500001cd)
	value		50000a88
OBJ 50000a81 (sz=24, trace=300000, class=java.lang.String@500001cd)
	value		50000a87
ARR 50000a82 (sz=24, trace=300000, nelems=2, elem type=java.lang.Object[]@50000167)
	[0]		50000a83
	[1]		50000a84
OBJ 50000a83 (sz=24, trace=300000, class=java.lang.String@500001cd)
	value		50000a86
OBJ 50000a84 (sz=24, trace=300000, class=java.lang.String@500001cd)
	value		50000a85
ARR 50000a85 (sz=16, trace=300000, nelems=8, elem type=char[])
ARR 50000a86 (sz=16, trace=300000, nelems=8, elem type=char[])
ARR 50000a87 (sz=12, trace=300000, nelems=6, elem type=char[])
ARR 50000a88 (sz=12, trace=300000, nelems=6, elem type=char[])
ARR 50000a89 (sz=12, trace=300000, nelems=6, elem type=char[])
ARR 50000a8a (sz=12, trace=300000, nelems=6, elem type=char[])
OBJ 50000a8b (sz=24, trace=300000, class=java.lang.String@500001cd)
	value		50000a8e
OBJ 50000a8c (sz=24, trace=300000, class=java.lang.String@500001cd)
	value		50000a8d
ARR 50000a8d (sz=12, trace=300000, nelems=6, elem type=char[])
ARR 50000a8e (sz=12, trace=300000, nelems=6, elem type=char[])
ARR 50000a8f (sz=4112, trace=300000, nelems=1016, elem type=java.lang.Object[]@50000167)
	[1]		50000a90
	[2]		50000a91
	[3]		50000a92
	[5]		50000a93
	[6]		50000a94
	[10]		50000a95
	[19]		50000a96
	[24]		50000a97
	[25]		50000a98
	[26]		50000a99
	[28]		50000a9a
	[29]		50000a9b
	[55]		50000a9c
	[58]		50000a9d
	[86]		50000a9e
	[87]		50000a9f
	[89]		50000aa0
	[90]		50000aa1
	[92]		50000aa2
	[94]		50000aa3
	[95]		50000aa4
	[96]		50000aa5
	[106]		50000aa6
	[121]		50000aa7
	[125]		50000aa8
	[134]		50000aa9
	[137]		50000aaa
	[141]		50000aab
	[143]		50000aac
	[144]		50000aad
	[170]		50000aae
	[173]		50000aaf
	[177]		50000ab0
	[192]		50000ab1
	[199]		50000ab2
	[205]		50000ab3
	[211]		50000ab4
	[213]		50000ab5
	[216]		50000ab6
	[218]		50000ab7
	[219]		50000ab8
	[225]		50000ab9
	[244]		50000aba
	[248]		50000abb
	[253]		50000abc
	[254]		50000abd
	[259]		50000abe
	[269]		50000abf
	[277]		50000ac0
	[280]		50000ac1
	[283]		50000ac2
	[284]		50000ac3
	[286]		50000ac4
	[287]		50000ac5
	[289]		50000ac6
	[291]		50000ac7
	[294]		50000ac8
	[296]		50000ac9
	[297]		50000aca
	[305]		50000acb
	[307]		50000acc
	[312]		50000acd
	[321]		50000ace
	[323]		50000acf
	[324]		50000ad0
	[325]		50000ad1
	[326]		50000ad2
	[327]		50000ad3
	[328]		50000ad4
	[329]		50000ad5
	[331]		50000ad6
	[333]		50000ad7
	[334]		50000ad8
	[336]		50000ad9
	[339]		50000ada
	[341]		50000adb
	[345]		50000adc
	[350]		50000add
	[353]		50000ade
	[358]		50000adf
	[359]		50000ae0
	[363]		50000ae1
	[364]		50000ae2
	[378]		50000ae3
	[385]		50000ae4
	[391]		50000ae5
	[392]		50000ae6
	[405]		50000ae7
	[406]		50000ae8
	[408]		50000ae9
	[421]		50000aea
	[428]		50000aeb
	[429]		50000aec
	[430]		50000aed
	[432]		50000aee
	[433]		50000aef
	[436]		50000af0
	[437]		50000af1
	[438]		50000af2
	[443]		50000af3
	[456]		50000af4
	[473]		50000af5
	[479]		50000af6
	[481]		50000af7
	[484]		50000af8
	[486]		50000af9
	[487]		50000afa
	[502]		50000afb
	[506]		50000afc
	[508]		50000afd
	[511]		50000afe
	[512]		50000aff
	[513]		50000b00
	[514]		50000b01
	[516]		50000b02
	[520]		50000b03
	[523]		50000b04
	[524]		50000b05
	[533]		50000b06
	[537]		50000b07
	[539]		50000b08
	[543]		50000b09
	[545]		50000b0a
	[563]		50000b0b
	[572]		50000b0c
	[573]		50000b0d
	[577]		50000b0e
	[582]		50000b0f
	[583]		50000b10
	[588]		50000b11
	[593]		50000b12
	[598]		50000b13
	[609]		50000b14
	[617]		50000b15
	[618]		50000b16
	[619]		50000b17
	[620]		50000b18
	[621]		50000b19
	[624]		50000b1a
	[628]		50000b1b
	[632]		50000b1c
	[634]		50000b1d
	[635]		50000b1e
	[636]		50000b1f
	[654]		50000b20
	[669]		50000b21
	[670]		50000b22
	[671]		50000b23
	[676]		50000b24
	[679]		50000b25
	[686]		50000b26
	[703]		50000b27
	[710]		50000b28
	[712]		50000b29
	[732]		50000b2a
	[733]		50000b2b
	[768]		50000b2c
	[774]		50000b2d
	[781]		50000b2e
	[782]		50000b2f
	[783]		50000b30
	[784]		50000b31
	[785]		50000b32
	[787]		50000b33
	[789]		50000b34
	[813]		50000b35
	[818]		50000b36
	[832]		50000b37
	[834]		50000b38
	[835]		50000b39
	[836]		50000b3a
	[837]		50000b3b
	[838]		50000b3c
	[840]		50000b3d
	[842]		50000b3e
	[843]		50000b3f
	[846]		50000b40
	[849]		50000b41
	[863]		50000b42
	[881]		50000b43
	[896]		50000b44
	[909]		50000b45
	[910]		50000b46
	[911]		50000b47
	[912]		50000b48
	[925]		50000b49
	[934]		50000b4a
	[937]		50000b4b
	[944]		50000b4c
	[957]		50000b4d
	[993]		50000b4e
	[1009]		50000b4f
	[1015]		50000b50
ARR 50000a90 (sz=24, trace=300000, nelems=2, elem type=java.lang.Object[]@50000167)
	[0]		50000cf5
	[1]		50000a10
ARR 50000a91 (sz=24, trace=300000, nelems=2, elem type=java.lang.Object[]@50000167)
	[0]		50000cf3
	[1]		50000a4f
ARR 50000a92 (sz=24, trace=300000, nelems=2, elem type=java.lang.Object[]@50000167)
	[0]		50000cf1
	[1]		50000a4c
ARR 50000a93 (sz=24, trace=300000, nelems=2, elem type=java.lang.Object[]@50000167)
	[0]		50000cef
	[1]		50000a43
ARR 50000a94 (sz=24, trace=300000, nelems=2, elem type=java.lang.Object[]@50000167)
	[0]		50000ced
	[1]		50000a32
ARR 50000a95 (sz=24, trace=300000, nelems=2, elem type=java.lang.Object[]@50000167)
	[0]		50000ceb
	[1]		50000a10
ARR 50000a96 (sz=24, trace=300000, nelems=2, elem type=java.lang.Object[]@50000167)
	[0]		50000ce9
	[1]		500009f8
ARR 50000a97 (sz=24, trace=300000, nelems=2, elem type=java.lang.Object[]@50000167)
	[0]		50000ce7
	[1]		50000a1b
ARR 50000a98 (sz=24, trace=300000, nelems=2, elem type=java.lang.Object[]@50000167)
	[0]		50000ce5
	[1]		50000a39
ARR 50000a99 (sz=24, trace=300000, nelems=2, elem type=java.lang.Object[]@50000167)
	[0]		50000ce3
	[1]		50000a4c
ARR 50000a9a (sz=24, trace=300000, nelems=2, elem type=java.lang.Object[]@50000167)
	[0]		50000ce1
	[1]		50000a43
ARR 50000a9b (sz=24, trace=300000, nelems=2, elem type=java.lang.Object[]@50000167)
	[0]		50000cdf
	[1]		50000a3f
ARR 50000a9c (sz=24, trace=300000, nelems=2, elem type=java.lang.Object[]@50000167)
	[0]		50000cdd
	[1]		50000a32
ARR 50000a9d (sz=24, trace=300000, nelems=2, elem type=java.lang.Object[]@50000167)
	[0]		50000cdb
	[1]		50000a10
ARR 50000a9e (sz=32, trace=300000, nelems=3, elem type=java.lang.Object[]@50000167)
	[0]		50000cd6
	[1]		50000a3f
	[2]		50000cd7
ARR 50000a9f (sz=24, trace=300000, nelems=2, elem type=java.lang.Object[]@50000167)
	[0]		50000cd4
	[1]		50000a4c
ARR 50000aa0 (sz=24, trace=300000, nelems=2, elem type=java.lang.Object[]@50000167)
	[0]		50000cd2
	[1]		50000a43
ARR 50000aa1 (sz=32, trace=300000, nelems=3, elem type=java.lang.Object[]@50000167)
	[0]		50000ccd
	[1]		50000a39
	[2]		50000cce
ARR 50000aa2 (sz=24, trace=300000, nelems=2, elem type=java.lang.Object[]@50000167)
	[0]		50000ccb
	[1]		50000a39
ARR 50000aa3 (sz=24, trace=300000, nelems=2, elem type=java.lang.Object[]@50000167)
	[0]		50000cc9
	[1]		50000a32
ARR 50000aa4 (sz=24, trace=300000, nelems=2, elem type=java.lang.Object[]@50000167)
	[0]		50000cc7
	[1]		50000a4f
ARR 50000aa5 (sz=24, trace=300000, nelems=2, elem type=java.lang.Object[]@50000167)
	[0]		50000cc5
	[1]		50000a4f
ARR 50000aa6 (sz=24, trace=300000, nelems=2, elem type=java.lang.Object[]@50000167)
	[0]		50000cc3
	[1]		50000a46
ARR 50000aa7 (sz=24, trace=300000, nelems=2, elem type=java.lang.Object[]@50000167)
	[0]		50000cc1
	[1]		50000a83
ARR 50000aa8 (sz=24, trace=300000, nelems=2, elem type=java.lang.Object[]@50000167)
	[0]		50000cbf
	[1]		50000a39
ARR 50000aa9 (sz=24, trace=300000, nelems=2, elem type=java.lang.Object[]@50000167)
	[0]		50000cbd
	[1]		500009ec
ARR 50000aaa (sz=24, trace=300000, nelems=2, elem type=java.lang.Object[]@50000167)
	[0]		50000cbb
	[1]		500009e8
ARR 50000aab (sz=24, trace=300000, nelems=2, elem type=java.lang.Object[]@50000167)
	[0]		50000cb9
	[1]		50000a4c
ARR 50000aac (sz=24, trace=300000, nelems=2, elem type=java.lang.Object[]@50000167)
	[0]		50000cb7
	[1]		50000a43
ARR 50000aad (sz=24, trace=300000, nelems=2, elem type=java.lang.Object[]@50000167)
	[0]		50000cb5
	[1]		50000a3f
ARR 50000aae (sz=24, trace=300000, nelems=2, elem type=java.lang.Object[]@50000167)
	[0]		50000cb3
	[1]		50000a32
ARR 50000aaf (sz=24, trace=300000, nelems=2, elem type=java.lang.Object[]@50000167)
	[0]		50000cb1
	[1]		50000a10
ARR 50000ab0 (sz=24, trace=300000, nelems=2, elem type=java.lang.Object[]@50000167)
	[0]		50000caf
	[1]		50000a02
ARR 50000ab1 (sz=24, trace=300000, nelems=2, elem type=java.lang.Object[]@50000167)
	[0]		50000cad
	[1]		50000a55
ARR 50000ab2 (sz=32, trace=300000, nelems=3, elem type=java.lang.Object[]@50000167)
	[0]		50000ca8
	[1]		50000a0d
	[2]		50000ca9
ARR 50000ab3 (sz=24, trace=300000, nelems=2, elem type=java.lang.Object[]@50000167)
	[0]		50000ca6
	[1]		50000a39
ARR 50000ab4 (sz=32, trace=300000, nelems=3, elem type=java.lang.Object[]@50000167)
	[0]		50000ca1
	[1]		50000a2a
	[2]		50000ca2
ARR 50000ab5 (sz=24, trace=300000, nelems=2, elem type=java.lang.Object[]@50000167)
	[0]		50000c9f
	[1]		50000a21
ARR 50000ab6 (sz=24, trace=300000, nelems=2, elem type=java.lang.Object[]@50000167)
	[0]		50000c9d
	[1]		50000a0a
ARR 50000ab7 (sz=32, trace=300000, nelems=3, elem type=java.lang.Object[]@50000167)
	[0]		50000c98
	[1]		500009ff
	[2]		50000c99
ARR 50000ab8 (sz=32, trace=300000, nelems=3, elem type=java.lang.Object[]@50000167)
	[0]		50000c93
	[1]		500009fc
	[2]		50000c94
ARR 50000ab9 (sz=24, trace=300000, nelems=2, elem type=java.lang.Object[]@50000167)
	[0]		50000c91
	[1]		50000a1b
ARR 50000aba (sz=24, trace=300000, nelems=2, elem type=java.lang.Object[]@50000167)
	[0]		50000c8f
	[1]		50000a8b
ARR 50000abb (sz=24, trace=300000, nelems=2, elem type=java.lang.Object[]@50000167)
	[0]		50000c8d
	[1]		50000a7d
ARR 50000abc (sz=24, trace=300000, nelems=2, elem type=java.lang.Object[]@50000167)
	[0]		50000c8b
	[1]		50000a6c
ARR 50000abd (sz=24, trace=300000, nelems=2, elem type=java.lang.Object[]@50000167)
	[0]		50000c89
	[1]		50000a4c
ARR 50000abe (sz=24, trace=300000, nelems=2, elem type=java.lang.Object[]@50000167)
	[0]		50000c87
	[1]		50000a60
ARR 50000abf (sz=24, trace=300000, nelems=2, elem type=java.lang.Object[]@50000167)
	[0]		50000c85
	[1]		50000a10
ARR 50000ac0 (sz=24, trace=300000, nelems=2, elem type=java.lang.Object[]@50000167)
	[0]		50000c83
	[1]		50000a36
ARR 50000ac1 (sz=24, trace=300000, nelems=2, elem type=java.lang.Object[]@50000167)
	[0]		50000c81
	[1]		50000a83
ARR 50000ac2 (sz=24, trace=300000, nelems=2, elem type=java.lang.Object[]@50000167)
	[0]		50000c7f
	[1]		50000a4f
ARR 50000ac3 (sz=24, trace=300000, nelems=2, elem type=java.lang.Object[]@50000167)
	[0]		50000c7d
	[1]		50000a4c
ARR 50000ac4 (sz=24, trace=300000, nelems=2, elem type=java.lang.Object[]@50000167)
	[0]		50000c7b
	[1]		50000a43
ARR 50000ac5 (sz=24, trace=300000, nelems=2, elem type=java.lang.Object[]@50000167)
	[0]		50000c79
	[1]		50000a3f
ARR 50000ac6 (sz=24, trace=300000, nelems=2, elem type=java.lang.Object[]@50000167)
	[0]		50000c77
	[1]		50000a39
ARR 50000ac7 (sz=24, trace=300000, nelems=2, elem type=java.lang.Object[]@50000167)
	[0]		50000c75
	[1]		50000a32
ARR 50000ac8 (sz=24, trace=300000, nelems=2, elem type=java.lang.Object[]@50000167)
	[0]		50000c73
	[1]		50000a4c
ARR 50000ac9 (sz=24, trace=300000, nelems=2, elem type=java.lang.Object[]@50000167)
	[0]		50000c71
	[1]		50000a43
ARR 50000aca (sz=24, trace=300000, nelems=2, elem type=java.lang.Object[]@50000167)
	[0]		50000c6f
	[1]		50000a3f
ARR 50000acb (sz=24, trace=300000, nelems=2, elem type=java.lang.Object[]@50000167)
	[0]		50000c6d
	[1]		50000a18
ARR 50000acc (sz=24, trace=300000, nelems=2, elem type=java.lang.Object[]@50000167)
	[0]		50000c6b
	[1]		50000a10
ARR 50000acd (sz=32, trace=300000, nelems=3, elem type=java.lang.Object[]@50000167)
	[0]		50000c66
	[1]		50000a39
	[2]		50000c67
ARR 50000ace (sz=24, trace=300000, nelems=2, elem type=java.lang.Object[]@50000167)
	[0]		50000c64
	[1]		50000a4c
ARR 50000acf (sz=32, trace=300000, nelems=3, elem type=java.lang.Object[]@50000167)
	[0]		50000c5f
	[1]		50000a32
	[2]		50000c60
ARR 50000ad0 (sz=24, trace=300000, nelems=2, elem type=java.lang.Object[]@50000167)
	[0]		50000c5d
	[1]		50000a3f
ARR 50000ad1 (sz=24, trace=300000, nelems=2, elem type=java.lang.Object[]@50000167)
	[0]		50000c5b
	[1]		50000a4f
ARR 50000ad2 (sz=32, trace=300000, nelems=3, elem type=java.lang.Object[]@50000167)
	[0]		50000c53
	[1]		50000a2a
	[2]		50000c54
ARR 50000ad3 (sz=24, trace=300000, nelems=2, elem type=java.lang.Object[]@50000167)
	[0]		50000c51
	[1]		50000a3f
ARR 50000ad4 (sz=32, trace=300000, nelems=3, elem type=java.lang.Object[]@50000167)
	[0]		50000c4c
	[1]		50000a21
	[2]		50000c4d
ARR 50000ad5 (sz=24, trace=300000, nelems=2, elem type=java.lang.Object[]@50000167)
	[0]		50000c4a
	[1]		50000a32
ARR 50000ad6 (sz=24, trace=300000, nelems=2, elem type=java.lang.Object[]@50000167)
	[0]		50000c48
	[1]		50000a0a
ARR 50000ad7 (sz=32, trace=300000, nelems=3, elem type=java.lang.Object[]@50000167)
	[0]		50000c43
	[1]		500009ff
	[2]		50000c44
ARR 50000ad8 (sz=32, trace=300000, nelems=3, elem type=java.lang.Object[]@50000167)
	[0]		50000c3e
	[1]		500009fc
	[2]		50000c3f
ARR 50000ad9 (sz=24, trace=300000, nelems=2, elem type=java.lang.Object[]@50000167)
	[0]		50000c3c
	[1]		50000a4f
ARR 50000ada (sz=24, trace=300000, nelems=2, elem type=java.lang.Object[]@50000167)
	[0]		50000c3a
	[1]		500009ec
ARR 50000adb (sz=24, trace=300000, nelems=2, elem type=java.lang.Object[]@50000167)
	[0]		50000c38
	[1]		50000a24
ARR 50000adc (sz=24, trace=300000, nelems=2, elem type=java.lang.Object[]@50000167)
	[0]		50000c36
	[1]		50000a32
ARR 50000add (sz=24, trace=300000, nelems=2, elem type=java.lang.Object[]@50000167)
	[0]		50000c34
	[1]		50000a32
ARR 50000ade (sz=24, trace=300000, nelems=2, elem type=java.lang.Object[]@50000167)
	[0]		50000c32
	[1]		50000a10
ARR 50000adf (sz=24, trace=300000, nelems=2, elem type=java.lang.Object[]@50000167)
	[0]		50000c30
	[1]		50000a39
ARR 50000ae0 (sz=24, trace=300000, nelems=2, elem type=java.lang.Object[]@50000167)
	[0]		50000c2e
	[1]		50000a8b
ARR 50000ae1 (sz=24, trace=300000, nelems=2, elem type=java.lang.Object[]@50000167)
	[0]		50000c2c
	[1]		50000a7d
ARR 50000ae2 (sz=24, trace=300000, nelems=2, elem type=java.lang.Object[]@50000167)
	[0]		50000c2a
	[1]		50000a4f
ARR 50000ae3 (sz=24, trace=300000, nelems=2, elem type=java.lang.Object[]@50000167)
	[0]		50000c28
	[1]		50000a1b
ARR 50000ae4 (sz=24, trace=300000, nelems=2, elem type=java.lang.Object[]@50000167)
	[0]		50000c26
	[1]		50000a39
ARR 50000ae5 (sz=24, trace=300000, nelems=2, elem type=java.lang.Object[]@50000167)
	[0]		50000c24
	[1]		50000a4f
ARR 50000ae6 (sz=24, trace=300000, nelems=2, elem type=java.lang.Object[]@50000167)
	[0]		50000c22
	[1]		50000a36
ARR 50000ae7 (sz=24, trace=300000, nelems=2, elem type=java.lang.Object[]@50000167)
	[0]		50000c20
	[1]		50000a4f
ARR 50000ae8 (sz=24, trace=300000, nelems=2, elem type=java.lang.Object[]@50000167)
	[0]		50000c1e
	[1]		50000a4c
ARR 50000ae9 (sz=24, trace=300000, nelems=2, elem type=java.lang.Object[]@50000167)
	[0]		50000c1c
	[1]		50000a0d
ARR 50000aea (sz=24, trace=300000, nelems=2, elem type=java.lang.Object[]@50000167)
	[0]		50000a10
	[1]		50000a10
ARR 50000aeb (sz=24, trace=300000, nelems=2, elem type=java.lang.Object[]@50000167)
	[0]		50000c1a
	[1]		50000a10
ARR 50000aec (sz=24, trace=300000, nelems=2, elem type=java.lang.Object[]@50000167)
	[0]		50000c18
	[1]		50000a4f
ARR 50000aed (sz=24, trace=300000, nelems=2, elem type=java.lang.Object[]@50000167)
	[0]		50000c16
	[1]		50000a4c
ARR 50000aee (sz=24, trace=300000, nelems=2, elem type=java.lang.Object[]@50000167)
	[0]		50000c14
	[1]		50000a43
ARR 50000aef (sz=24, trace=300000, nelems=2, elem type=java.lang.Object[]@50000167)
	[0]		50000c12
	[1]		50000a32
ARR 50000af0 (sz=24, trace=300000, nelems=2, elem type=java.lang.Object[]@50000167)
	[0]		50000c10
	[1]		50000a43
ARR 50000af1 (sz=24, trace=300000, nelems=2, elem type=java.lang.Object[]@50000167)
	[0]		50000c0e
	[1]		50000a10
ARR 50000af2 (sz=24, trace=300000, nelems=2, elem type=java.lang.Object[]@50000167)
	[0]		50000c0c
	[1]		50000a1b
ARR 50000af3 (sz=24, trace=300000, nelems=2, elem type=java.lang.Object[]@50000167)
	[0]		50000c0a
	[1]		500009f0
ARR 50000af4 (sz=24, trace=300000, nelems=2, elem type=java.lang.Object[]@50000167)
	[0]		50000c08
	[1]		50000a24
ARR 50000af5 (sz=24, trace=300000, nelems=2, elem type=java.lang.Object[]@50000167)
	[0]		50000c06
	[1]		50000a39
ARR 50000af6 (sz=24, trace=300000, nelems=2, elem type=java.lang.Object[]@50000167)
	[0]		50000a2a
	[1]		50000a2a
ARR 50000af7 (sz=24, trace=300000, nelems=2, elem type=java.lang.Object[]@50000167)
	[0]		50000a21
	[1]		50000a21
ARR 50000af8 (sz=24, trace=300000, nelems=2, elem type=java.lang.Object[]@50000167)
	[0]		50000a0a
	[1]		50000a0a
ARR 50000af9 (sz=24, trace=300000, nelems=2, elem type=java.lang.Object[]@50000167)
	[0]		500009ff
	[1]		500009ff
ARR 50000afa (sz=24, trace=300000, nelems=2, elem type=java.lang.Object[]@50000167)
	[0]		50000c04
	[1]		50000a2e
ARR 50000afb (sz=24, trace=300000, nelems=2, elem type=java.lang.Object[]@50000167)
	[0]		50000c02
	[1]		50000a83
ARR 50000afc (sz=24, trace=300000, nelems=2, elem type=java.lang.Object[]@50000167)
	[0]		50000c00
	[1]		50000a2a
ARR 50000afd (sz=24, trace=300000, nelems=2, elem type=java.lang.Object[]@50000167)
	[0]		50000bfe
	[1]		50000a21
ARR 50000afe (sz=24, trace=300000, nelems=2, elem type=java.lang.Object[]@50000167)
	[0]		50000bfc
	[1]		50000a0a
ARR 50000aff (sz=24, trace=300000, nelems=2, elem type=java.lang.Object[]@50000167)
	[0]		50000a8b
	[1]		50000a8b
ARR 50000b00 (sz=24, trace=300000, nelems=2, elem type=java.lang.Object[]@50000167)
	[0]		50000bfa
	[1]		500009ff
ARR 50000b01 (sz=24, trace=300000, nelems=2, elem type=java.lang.Object[]@50000167)
	[0]		50000bf8
	[1]		50000a2e
ARR 50000b02 (sz=24, trace=300000, nelems=2, elem type=java.lang.Object[]@50000167)
	[0]		50000a7d
	[1]		50000a7d
ARR 50000b03 (sz=24, trace=300000, nelems=2, elem type=java.lang.Object[]@50000167)
	[0]		50000bf6
	[1]		50000a55
ARR 50000b04 (sz=24, trace=300000, nelems=2, elem type=java.lang.Object[]@50000167)
	[0]		50000bf4
	[1]		50000a0d
ARR 50000b05 (sz=24, trace=300000, nelems=2, elem type=java.lang.Object[]@50000167)
	[0]		50000bf2
	[1]		50000a60
ARR 50000b06 (sz=24, trace=300000, nelems=2, elem type=java.lang.Object[]@50000167)
	[0]		50000bf0
	[1]		50000a3f
ARR 50000b07 (sz=24, trace=300000, nelems=2, elem type=java.lang.Object[]@50000167)
	[0]		50000bee
	[1]		50000a32
ARR 50000b08 (sz=24, trace=300000, nelems=2, elem type=java.lang.Object[]@50000167)
	[0]		50000bec
	[1]		50000a8b
ARR 50000b09 (sz=24, trace=300000, nelems=2, elem type=java.lang.Object[]@50000167)
	[0]		50000bea
	[1]		50000a7d
ARR 50000b0a (sz=24, trace=300000, nelems=2, elem type=java.lang.Object[]@50000167)
	[0]		50000be8
	[1]		50000a36
ARR 50000b0b (sz=24, trace=300000, nelems=2, elem type=java.lang.Object[]@50000167)
	[0]		50000be6
	[1]		500009e4
ARR 50000b0c (sz=24, trace=300000, nelems=2, elem type=java.lang.Object[]@50000167)
	[0]		50000be4
	[1]		50000a36
ARR 50000b0d (sz=24, trace=300000, nelems=2, elem type=java.lang.Object[]@50000167)
	[0]		50000be2
	[1]		50000a43
ARR 50000b0e (sz=24, trace=300000, nelems=2, elem type=java.lang.Object[]@50000167)
	[0]		50000be0
	[1]		50000a1b
ARR 50000b0f (sz=24, trace=300000, nelems=2, elem type=java.lang.Object[]@50000167)
	[0]		50000bde
	[1]		50000a80
ARR 50000b10 (sz=24, trace=300000, nelems=2, elem type=java.lang.Object[]@50000167)
	[0]		50000bdc
	[1]		500009fc
ARR 50000b11 (sz=24, trace=300000, nelems=2, elem type=java.lang.Object[]@50000167)
	[0]		50000bda
	[1]		50000a39
ARR 50000b12 (sz=24, trace=300000, nelems=2, elem type=java.lang.Object[]@50000167)
	[0]		50000bd8
	[1]		50000a39
ARR 50000b13 (sz=24, trace=300000, nelems=2, elem type=java.lang.Object[]@50000167)
	[0]		50000bd6
	[1]		500009ff
ARR 50000b14 (sz=24, trace=300000, nelems=2, elem type=java.lang.Object[]@50000167)
	[0]		50000a24
	[1]		50000a24
ARR 50000b15 (sz=24, trace=300000, nelems=2, elem type=java.lang.Object[]@50000167)
	[0]		50000bd4
	[1]		50000a77
ARR 50000b16 (sz=24, trace=300000, nelems=2, elem type=java.lang.Object[]@50000167)
	[0]		50000bd2
	[1]		50000a74
ARR 50000b17 (sz=24, trace=300000, nelems=2, elem type=java.lang.Object[]@50000167)
	[0]		50000bd0
	[1]		50000a69
ARR 50000b18 (sz=24, trace=300000, nelems=2, elem type=java.lang.Object[]@50000167)
	[0]		50000bce
	[1]		50000a66
ARR 50000b19 (sz=24, trace=300000, nelems=2, elem type=java.lang.Object[]@50000167)
	[0]		50000bcc
	[1]		50000a5d
ARR 50000b1a (sz=32, trace=300000, nelems=3, elem type=java.lang.Object[]@50000167)
	[0]		50000bc7
	[1]		50000a8b
	[2]		50000bc8
ARR 50000b1b (sz=32, trace=300000, nelems=3, elem type=java.lang.Object[]@50000167)
	[0]		50000bc2
	[1]		50000a7d
	[2]		50000bc3
ARR 50000b1c (sz=24, trace=300000, nelems=2, elem type=java.lang.Object[]@50000167)
	[0]		50000bc0
	[1]		50000a18
ARR 50000b1d (sz=32, trace=300000, nelems=3, elem type=java.lang.Object[]@50000167)
	[0]		50000bbb
	[1]		50000a10
	[2]		50000bbc
ARR 50000b1e (sz=24, trace=300000, nelems=2, elem type=java.lang.Object[]@50000167)
	[0]		50000bb9
	[1]		500009f0
ARR 50000b1f (sz=24, trace=300000, nelems=2, elem type=java.lang.Object[]@50000167)
	[0]		50000bb7
	[1]		50000a24
ARR 50000b20 (sz=24, trace=300000, nelems=2, elem type=java.lang.Object[]@50000167)
	[0]		50000bb5
	[1]		500009fc
ARR 50000b21 (sz=24, trace=300000, nelems=2, elem type=java.lang.Object[]@50000167)
	[0]		50000bb3
	[1]		50000a18
ARR 50000b22 (sz=24, trace=300000, nelems=2, elem type=java.lang.Object[]@50000167)
	[0]		50000bb1
	[1]		50000a1b
ARR 50000b23 (sz=24, trace=300000, nelems=2, elem type=java.lang.Object[]@50000167)
	[0]		50000baf
	[1]		50000a10
ARR 50000b24 (sz=24, trace=300000, nelems=2, elem type=java.lang.Object[]@50000167)
	[0]		50000a0d
	[1]		50000a0d
ARR 50000b25 (sz=24, trace=300000, nelems=2, elem type=java.lang.Object[]@50000167)
	[0]		50000bad
	[1]		50000a1b
ARR 50000b26 (sz=24, trace=300000, nelems=2, elem type=java.lang.Object[]@50000167)
	[0]		50000bab
	[1]		50000a55
ARR 50000b27 (sz=24, trace=300000, nelems=2, elem type=java.lang.Object[]@50000167)
	[0]		50000ba9
	[1]		50000a0d
ARR 50000b28 (sz=24, trace=300000, nelems=2, elem type=java.lang.Object[]@50000167)
	[0]		50000ba7
	[1]		50000a18
ARR 50000b29 (sz=24, trace=300000, nelems=2, elem type=java.lang.Object[]@50000167)
	[0]		50000ba5
	[1]		50000a10
ARR 50000b2a (sz=24, trace=300000, nelems=2, elem type=java.lang.Object[]@50000167)
	[0]		50000ba3
	[1]		50000a3f
ARR 50000b2b (sz=24, trace=300000, nelems=2, elem type=java.lang.Object[]@50000167)
	[0]		50000ba1
	[1]		50000a60
ARR 50000b2c (sz=24, trace=300000, nelems=2, elem type=java.lang.Object[]@50000167)
	[0]		50000b9f
	[1]		50000a39
ARR 50000b2d (sz=24, trace=300000, nelems=2, elem type=java.lang.Object[]@50000167)
	[0]		50000b9d
	[1]		50000a1b
ARR 50000b2e (sz=24, trace=300000, nelems=2, elem type=java.lang.Object[]@50000167)
	[0]		50000b9b
	[1]		50000a4f
ARR 50000b2f (sz=24, trace=300000, nelems=2, elem type=java.lang.Object[]@50000167)
	[0]		50000b99
	[1]		50000a4c
ARR 50000b30 (sz=24, trace=300000, nelems=2, elem type=java.lang.Object[]@50000167)
	[0]		50000b97
	[1]		500009ec
ARR 50000b31 (sz=24, trace=300000, nelems=2, elem type=java.lang.Object[]@50000167)
	[0]		50000b95
	[1]		50000a43
ARR 50000b32 (sz=24, trace=300000, nelems=2, elem type=java.lang.Object[]@50000167)
	[0]		50000b93
	[1]		50000a3f
ARR 50000b33 (sz=24, trace=300000, nelems=2, elem type=java.lang.Object[]@50000167)
	[0]		50000b91
	[1]		50000a39
ARR 50000b34 (sz=24, trace=300000, nelems=2, elem type=java.lang.Object[]@50000167)
	[0]		50000b8f
	[1]		50000a32
ARR 50000b35 (sz=24, trace=300000, nelems=2, elem type=java.lang.Object[]@50000167)
	[0]		50000b8d
	[1]		500009fc
ARR 50000b36 (sz=24, trace=300000, nelems=2, elem type=java.lang.Object[]@50000167)
	[0]		50000b8b
	[1]		50000a8b
ARR 50000b37 (sz=24, trace=300000, nelems=2, elem type=java.lang.Object[]@50000167)
	[0]		50000b89
	[1]		50000a1b
ARR 50000b38 (sz=24, trace=300000, nelems=2, elem type=java.lang.Object[]@50000167)
	[0]		50000b87
	[1]		50000a4f
ARR 50000b39 (sz=32, trace=300000, nelems=3, elem type=java.lang.Object[]@50000167)
	[0]		50000b82
	[1]		50000a4c
	[2]		50000b83
ARR 50000b3a (sz=24, trace=300000, nelems=2, elem type=java.lang.Object[]@50000167)
	[0]		50000b80
	[1]		50000a39
ARR 50000b3b (sz=24, trace=300000, nelems=2, elem type=java.lang.Object[]@50000167)
	[0]		50000b7e
	[1]		50000a43
ARR 50000b3c (sz=24, trace=300000, nelems=2, elem type=java.lang.Object[]@50000167)
	[0]		50000b7c
	[1]		50000a3f
ARR 50000b3d (sz=32, trace=300000, nelems=3, elem type=java.lang.Object[]@50000167)
	[0]		50000b77
	[1]		50000a21
	[2]		50000b78
ARR 50000b3e (sz=24, trace=300000, nelems=2, elem type=java.lang.Object[]@50000167)
	[0]		50000b75
	[1]		50000a32
ARR 50000b3f (sz=24, trace=300000, nelems=2, elem type=java.lang.Object[]@50000167)
	[0]		50000b73
	[1]		50000a0a
ARR 50000b40 (sz=24, trace=300000, nelems=2, elem type=java.lang.Object[]@50000167)
	[0]		50000b71
	[1]		50000a0d
ARR 50000b41 (sz=24, trace=300000, nelems=2, elem type=java.lang.Object[]@50000167)
	[0]		50000b6f
	[1]		50000a1b
ARR 50000b42 (sz=24, trace=300000, nelems=2, elem type=java.lang.Object[]@50000167)
	[0]		50000b6d
	[1]		500009f4
ARR 50000b43 (sz=24, trace=300000, nelems=2, elem type=java.lang.Object[]@50000167)
	[0]		50000b6b
	[1]		50000a46
ARR 50000b44 (sz=24, trace=300000, nelems=2, elem type=java.lang.Object[]@50000167)
	[0]		50000b69
	[1]		50000a1b
ARR 50000b45 (sz=24, trace=300000, nelems=2, elem type=java.lang.Object[]@50000167)
	[0]		50000b67
	[1]		50000a77
ARR 50000b46 (sz=24, trace=300000, nelems=2, elem type=java.lang.Object[]@50000167)
	[0]		50000b65
	[1]		50000a74
ARR 50000b47 (sz=24, trace=300000, nelems=2, elem type=java.lang.Object[]@50000167)
	[0]		50000b63
	[1]		50000a69
ARR 50000b48 (sz=24, trace=300000, nelems=2, elem type=java.lang.Object[]@50000167)
	[0]		50000b61
	[1]		50000a66
ARR 50000b49 (sz=24, trace=300000, nelems=2, elem type=java.lang.Object[]@50000167)
	[0]		50000b5f
	[1]		50000a1b
ARR 50000b4a (sz=24, trace=300000, nelems=2, elem type=java.lang.Object[]@50000167)
	[0]		50000b5d
	[1]		50000a5d
ARR 50000b4b (sz=24, trace=300000, nelems=2, elem type=java.lang.Object[]@50000167)
	[0]		50000b5b
	[1]		50000a59
ARR 50000b4c (sz=24, trace=300000, nelems=2, elem type=java.lang.Object[]@50000167)
	[0]		50000b59
	[1]		500009e4
ARR 50000b4d (sz=24, trace=300000, nelems=2, elem type=java.lang.Object[]@50000167)
	[0]		50000b57
	[1]		50000a60
ARR 50000b4e (sz=24, trace=300000, nelems=2, elem type=java.lang.Object[]@50000167)
	[0]		50000b55
	[1]		50000a2a
ARR 50000b4f (sz=24, trace=300000, nelems=2, elem type=java.lang.Object[]@50000167)
	[0]		50000b53
	[1]		50000a02
ARR 50000b50 (sz=24, trace=300000, nelems=2, elem type=java.lang.Object[]@50000167)
	[0]		50000b51
	[1]		50000a80
OBJ 50000b51 (sz=24, trace=300000, class=java.lang.String@500001cd)
	value		50000b52
ARR 50000b52 (sz=12, trace=300000, nelems=6, elem type=char[])
OBJ 50000b53 (sz=24, trace=300000, class=java.lang.String@500001cd)
	value		50000b54
ARR 50000b54 (sz=24, trace=300000, nelems=12, elem type=char[])
OBJ 50000b55 (sz=24, trace=300000, class=java.lang.String@500001cd)
	value		50000b56
ARR 50000b56 (sz=38, trace=300000, nelems=19, elem type=char[])
OBJ 50000b57 (sz=24, trace=300000, class=java.lang.String@500001cd)
	value		50000b58
ARR 50000b58 (sz=12, trace=300000, nelems=6, elem type=char[])
OBJ 50000b59 (sz=24, trace=300000, class=java.lang.String@500001cd)
	value		50000b5a
ARR 50000b5a (sz=16, trace=300000, nelems=8, elem type=char[])
OBJ 50000b5b (sz=24, trace=300000, class=java.lang.String@500001cd)
	value		50000b5c
ARR 50000b5c (sz=12, trace=300000, nelems=6, elem type=char[])
OBJ 50000b5d (sz=24, trace=300000, class=java.lang.String@500001cd)
	value		50000b5e
ARR 50000b5e (sz=12, trace=300000, nelems=6, elem type=char[])
OBJ 50000b5f (sz=24, trace=300000, class=java.lang.String@500001cd)
	value		50000b60
ARR 50000b60 (sz=32, trace=300000, nelems=16, elem type=char[])
OBJ 50000b61 (sz=24, trace=300000, class=java.lang.String@500001cd)
	value		50000b62
ARR 50000b62 (sz=12, trace=300000, nelems=6, elem type=char[])
OBJ 50000b63 (sz=24, trace=300000, class=java.lang.String@500001cd)
	value		50000b64
ARR 50000b64 (sz=12, trace=300000, nelems=6, elem type=char[])
OBJ 50000b65 (sz=24, trace=300000, class=java.lang.String@500001cd)
	value		50000b66
ARR 50000b66 (sz=12, trace=300000, nelems=6, elem type=char[])
OBJ 50000b67 (sz=24, trace=300000, class=java.lang.String@500001cd)
	value		50000b68
ARR 50000b68 (sz=12, trace=300000, nelems=6, elem type=char[])
OBJ 50000b69 (sz=24, trace=300000, class=java.lang.String@500001cd)
	value		50000b6a
ARR 50000b6a (sz=32, trace=300000, nelems=16, elem type=char[])
OBJ 50000b6b (sz=24, trace=300000, class=java.lang.String@500001cd)
	value		50000b6c
ARR 50000b6c (sz=8, trace=300000, nelems=4, elem type=char[])
OBJ 50000b6d (sz=24, trace=300000, class=java.lang.String@500001cd)
	value		50000b6e
ARR 50000b6e (sz=16, trace=300000, nelems=8, elem type=char[])
OBJ 50000b6f (sz=24, trace=300000, class=java.lang.String@500001cd)
	value		50000b70
ARR 50000b70 (sz=10, trace=300000, nelems=5, elem type=char[])
OBJ 50000b71 (sz=24, trace=300000, class=java.lang.String@500001cd)
	value		50000b72
ARR 50000b72 (sz=22, trace=300000, nelems=11, elem type=char[])
OBJ 50000b73 (sz=24, trace=300000, class=java.lang.String@500001cd)
	value		50000b74
ARR 50000b74 (sz=16, trace=300000, nelems=8, elem type=char[])
OBJ 50000b75 (sz=24, trace=300000, class=java.lang.String@500001cd)
	value		50000b76
ARR 50000b76 (sz=20, trace=300000, nelems=10, elem type=char[])
OBJ 50000b77 (sz=24, trace=300000, class=java.lang.String@500001cd)
	value		50000b7b
ARR 50000b78 (sz=24, trace=300000, nelems=2, elem type=java.lang.Object[]@50000167)
	[0]		50000b79
	[1]		50000a39
OBJ 50000b79 (sz=24, trace=300000, class=java.lang.String@500001cd)
	value		50000b7a
ARR 50000b7a (sz=20, trace=300000, nelems=10, elem type=char[])
ARR 50000b7b (sz=16, trace=300000, nelems=8, elem type=char[])
OBJ 50000b7c (sz=24, trace=300000, class=java.lang.String@500001cd)
	value		50000b7d
ARR 50000b7d (sz=20, trace=300000, nelems=10, elem type=char[])
OBJ 50000b7e (sz=24, trace=300000, class=java.lang.String@500001cd)
	value		50000b7f
ARR 50000b7f (sz=20, trace=300000, nelems=10, elem type=char[])
OBJ 50000b80 (sz=24, trace=300000, class=java.lang.String@500001cd)
	value		50000b81
ARR 50000b81 (sz=24, trace=300000, nelems=12, elem type=char[])
OBJ 50000b82 (sz=24, trace=300000, class=java.lang.String@500001cd)
	value		50000b86
ARR 50000b83 (sz=24, trace=300000, nelems=2, elem type=java.lang.Object[]@50000167)
	[0]		50000b84
	[1]		50000a55
OBJ 50000b84 (sz=24, trace=300000, class=java.lang.String@500001cd)
	value		50000b85
ARR 50000b85 (sz=20, trace=300000, nelems=10, elem type=char[])
ARR 50000b86 (sz=20, trace=300000, nelems=10, elem type=char[])
OBJ 50000b87 (sz=24, trace=300000, class=java.lang.String@500001cd)
	value		50000b88
ARR 50000b88 (sz=20, trace=300000, nelems=10, elem type=char[])
OBJ 50000b89 (sz=24, trace=300000, class=java.lang.String@500001cd)
	value		50000b8a
ARR 50000b8a (sz=12, trace=300000, nelems=6, elem type=char[])
OBJ 50000b8b (sz=24, trace=300000, class=java.lang.String@500001cd)
	value		50000b8c
ARR 50000b8c (sz=36, trace=300000, nelems=18, elem type=char[])
OBJ 50000b8d (sz=24, trace=300000, class=java.lang.String@500001cd)
	value		50000b8e
ARR 50000b8e (sz=20, trace=300000, nelems=10, elem type=char[])
OBJ 50000b8f (sz=24, trace=300000, class=java.lang.String@500001cd)
	value		50000b90
ARR 50000b90 (sz=18, trace=300000, nelems=9, elem type=char[])
OBJ 50000b91 (sz=24, trace=300000, class=java.lang.String@500001cd)
	value		50000b92
ARR 50000b92 (sz=18, trace=300000, nelems=9, elem type=char[])
OBJ 50000b93 (sz=24, trace=300000, class=java.lang.String@500001cd)
	value		50000b94
ARR 50000b94 (sz=18, trace=300000, nelems=9, elem type=char[])
OBJ 50000b95 (sz=24, trace=300000, class=java.lang.String@500001cd)
	value		50000b96
ARR 50000b96 (sz=18, trace=300000, nelems=9, elem type=char[])
OBJ 50000b97 (sz=24, trace=300000, class=java.lang.String@500001cd)
	value		50000b98
ARR 50000b98 (sz=14, trace=300000, nelems=7, elem type=char[])
OBJ 50000b99 (sz=24, trace=300000, class=java.lang.String@500001cd)
	value		50000b9a
ARR 50000b9a (sz=18, trace=300000, nelems=9, elem type=char[])
OBJ 50000b9b (sz=24, trace=300000, class=java.lang.String@500001cd)
	value		50000b9c
ARR 50000b9c (sz=18, trace=300000, nelems=9, elem type=char[])
OBJ 50000b9d (sz=24, trace=300000, class=java.lang.String@500001cd)
	value		50000b9e
ARR 50000b9e (sz=12, trace=300000, nelems=6, elem type=char[])
OBJ 50000b9f (sz=24, trace=300000, class=java.lang.String@500001cd)
	value		50000ba0
ARR 50000ba0 (sz=10, trace=300000, nelems=5, elem type=char[])
OBJ 50000ba1 (sz=24, trace=300000, class=java.lang.String@500001cd)
	value		50000ba2
ARR 50000ba2 (sz=14, trace=300000, nelems=7, elem type=char[])
OBJ 50000ba3 (sz=24, trace=300000, class=java.lang.String@500001cd)
	value		50000ba4
ARR 50000ba4 (sz=30, trace=300000, nelems=15, elem type=char[])
OBJ 50000ba5 (sz=24, trace=300000, class=java.lang.String@500001cd)
	value		50000ba6
ARR 50000ba6 (sz=20, trace=300000, nelems=10, elem type=char[])
OBJ 50000ba7 (sz=24, trace=300000, class=java.lang.String@500001cd)
	value		50000ba8
ARR 50000ba8 (sz=20, trace=300000, nelems=10, elem type=char[])
OBJ 50000ba9 (sz=24, trace=300000, class=java.lang.String@500001cd)
	value		50000baa
ARR 50000baa (sz=14, trace=300000, nelems=7, elem type=char[])
OBJ 50000bab (sz=24, trace=300000, class=java.lang.String@500001cd)
	value		50000bac
ARR 50000bac (sz=30, trace=300000, nelems=15, elem type=char[])
OBJ 50000bad (sz=24, trace=300000, class=java.lang.String@500001cd)
	value		50000bae
ARR 50000bae (sz=10, trace=300000, nelems=5, elem type=char[])
OBJ 50000baf (sz=24, trace=300000, class=java.lang.String@500001cd)
	value		50000bb0
ARR 50000bb0 (sz=14, trace=300000, nelems=7, elem type=char[])
OBJ 50000bb1 (sz=24, trace=300000, class=java.lang.String@500001cd)
	value		50000bb2
ARR 50000bb2 (sz=4, trace=300000, nelems=2, elem type=char[])
OBJ 50000bb3 (sz=24, trace=300000, class=java.lang.String@500001cd)
	value		50000bb4
ARR 50000bb4 (sz=14, trace=300000, nelems=7, elem type=char[])
OBJ 50000bb5 (sz=24, trace=300000, class=java.lang.String@500001cd)
	value		50000bb6
ARR 50000bb6 (sz=14, trace=300000, nelems=7, elem type=char[])
OBJ 50000bb7 (sz=24, trace=300000, class=java.lang.String@500001cd)
	value		50000bb8
ARR 50000bb8 (sz=14, trace=300000, nelems=7, elem type=char[])
OBJ 50000bb9 (sz=24, trace=300000, class=java.lang.String@500001cd)
	value		50000bba
ARR 50000bba (sz=24, trace=300000, nelems=12, elem type=char[])
OBJ 50000bbb (sz=24, trace=300000, class=java.lang.String@500001cd)
	value		50000bbf
ARR 50000bbc (sz=24, trace=300000, nelems=2, elem type=java.lang.Object[]@50000167)
	[0]		50000bbd
	[1]		50000a6c
OBJ 50000bbd (sz=24, trace=300000, class=java.lang.String@500001cd)
	value		50000bbe
ARR 50000bbe (sz=16, trace=300000, nelems=8, elem type=char[])
ARR 50000bbf (sz=20, trace=300000, nelems=10, elem type=char[])
OBJ 50000bc0 (sz=24, trace=300000, class=java.lang.String@500001cd)
	value		50000bc1
ARR 50000bc1 (sz=20, trace=300000, nelems=10, elem type=char[])
OBJ 50000bc2 (sz=24, trace=300000, class=java.lang.String@500001cd)
	value		50000bc6
ARR 50000bc3 (sz=24, trace=300000, nelems=2, elem type=java.lang.Object[]@50000167)
	[0]		50000bc4
	[1]		500009f4
OBJ 50000bc4 (sz=24, trace=300000, class=java.lang.String@500001cd)
	value		50000bc5
ARR 50000bc5 (sz=10, trace=300000, nelems=5, elem type=char[])
ARR 50000bc6 (sz=16, trace=300000, nelems=8, elem type=char[])
OBJ 50000bc7 (sz=24, trace=300000, class=java.lang.String@500001cd)
	value		50000bcb
ARR 50000bc8 (sz=24, trace=300000, nelems=2, elem type=java.lang.Object[]@50000167)
	[0]		50000bc9
	[1]		50000a59
OBJ 50000bc9 (sz=24, trace=300000, class=java.lang.String@500001cd)
	value		50000bca
ARR 50000bca (sz=12, trace=300000, nelems=6, elem type=char[])
ARR 50000bcb (sz=16, trace=300000, nelems=8, elem type=char[])
OBJ 50000bcc (sz=24, trace=300000, class=java.lang.String@500001cd)
	value		50000bcd
ARR 50000bcd (sz=12, trace=300000, nelems=6, elem type=char[])
OBJ 50000bce (sz=24, trace=300000, class=java.lang.String@500001cd)
	value		50000bcf
ARR 50000bcf (sz=12, trace=300000, nelems=6, elem type=char[])
OBJ 50000bd0 (sz=24, trace=300000, class=java.lang.String@500001cd)
	value		50000bd1
ARR 50000bd1 (sz=12, trace=300000, nelems=6, elem type=char[])
OBJ 50000bd2 (sz=24, trace=300000, class=java.lang.String@500001cd)
	value		50000bd3
ARR 50000bd3 (sz=12, trace=300000, nelems=6, elem type=char[])
OBJ 50000bd4 (sz=24, trace=300000, class=java.lang.String@500001cd)
	value		50000bd5
ARR 50000bd5 (sz=12, trace=300000, nelems=6, elem type=char[])
OBJ 50000bd6 (sz=24, trace=300000, class=java.lang.String@500001cd)
	value		50000bd7
ARR 50000bd7 (sz=16, trace=300000, nelems=8, elem type=char[])
OBJ 50000bd8 (sz=24, trace=300000, class=java.lang.String@500001cd)
	value		50000bd9
ARR 50000bd9 (sz=30, trace=300000, nelems=15, elem type=char[])
OBJ 50000bda (sz=24, trace=300000, class=java.lang.String@500001cd)
	value		50000bdb
ARR 50000bdb (sz=16, trace=300000, nelems=8, elem type=char[])
OBJ 50000bdc (sz=24, trace=300000, class=java.lang.String@500001cd)
	value		50000bdd
ARR 50000bdd (sz=48, trace=300000, nelems=24, elem type=char[])
OBJ 50000bde (sz=24, trace=300000, class=java.lang.String@500001cd)
	value		50000bdf
ARR 50000bdf (sz=10, trace=300000, nelems=5, elem type=char[])
OBJ 50000be0 (sz=24, trace=300000, class=java.lang.String@500001cd)
	value		50000be1
ARR 50000be1 (sz=14, trace=300000, nelems=7, elem type=char[])
OBJ 50000be2 (sz=24, trace=300000, class=java.lang.String@500001cd)
	value		50000be3
ARR 50000be3 (sz=30, trace=300000, nelems=15, elem type=char[])
OBJ 50000be4 (sz=24, trace=300000, class=java.lang.String@500001cd)
	value		50000be5
ARR 50000be5 (sz=14, trace=300000, nelems=7, elem type=char[])
OBJ 50000be6 (sz=24, trace=300000, class=java.lang.String@500001cd)
	value		50000be7
ARR 50000be7 (sz=20, trace=300000, nelems=10, elem type=char[])
OBJ 50000be8 (sz=24, trace=300000, class=java.lang.String@500001cd)
	value		50000be9
ARR 50000be9 (sz=12, trace=300000, nelems=6, elem type=char[])
OBJ 50000bea (sz=24, trace=300000, class=java.lang.String@500001cd)
	value		50000beb
ARR 50000beb (sz=14, trace=300000, nelems=7, elem type=char[])
OBJ 50000bec (sz=24, trace=300000, class=java.lang.String@500001cd)
	value		50000bed
ARR 50000bed (sz=14, trace=300000, nelems=7, elem type=char[])
OBJ 50000bee (sz=24, trace=300000, class=java.lang.String@500001cd)
	value		50000bef
ARR 50000bef (sz=20, trace=300000, nelems=10, elem type=char[])
OBJ 50000bf0 (sz=24, trace=300000, class=java.lang.String@500001cd)
	value		50000bf1
ARR 50000bf1 (sz=20, trace=300000, nelems=10, elem type=char[])
OBJ 50000bf2 (sz=24, trace=300000, class=java.lang.String@500001cd)
	value		50000bf3
ARR 50000bf3 (sz=10, trace=300000, nelems=5, elem type=char[])
OBJ 50000bf4 (sz=24, trace=300000, class=java.lang.String@500001cd)
	value		50000bf5
ARR 50000bf5 (sz=10, trace=300000, nelems=5, elem type=char[])
OBJ 50000bf6 (sz=24, trace=300000, class=java.lang.String@500001cd)
	value		50000bf7
ARR 50000bf7 (sz=36, trace=300000, nelems=18, elem type=char[])
OBJ 50000bf8 (sz=24, trace=300000, class=java.lang.String@500001cd)
	value		50000bf9
ARR 50000bf9 (sz=14, trace=300000, nelems=7, elem type=char[])
OBJ 50000bfa (sz=24, trace=300000, class=java.lang.String@500001cd)
	value		50000bfb
ARR 50000bfb (sz=14, trace=300000, nelems=7, elem type=char[])
OBJ 50000bfc (sz=24, trace=300000, class=java.lang.String@500001cd)
	value		50000bfd
ARR 50000bfd (sz=14, trace=300000, nelems=7, elem type=char[])
OBJ 50000bfe (sz=24, trace=300000, class=java.lang.String@500001cd)
	value		50000bff
ARR 50000bff (sz=14, trace=300000, nelems=7, elem type=char[])
OBJ 50000c00 (sz=24, trace=300000, class=java.lang.String@500001cd)
	value		50000c01
ARR 50000c01 (sz=14, trace=300000, nelems=7, elem type=char[])
OBJ 50000c02 (sz=24, trace=300000, class=java.lang.String@500001cd)
	value		50000c03
ARR 50000c03 (sz=16, trace=300000, nelems=8, elem type=char[])
OBJ 50000c04 (sz=24, trace=300000, class=java.lang.String@500001cd)
	value		50000c05
ARR 50000c05 (sz=12, trace=300000, nelems=6, elem type=char[])
OBJ 50000c06 (sz=24, trace=300000, class=java.lang.String@500001cd)
	value		50000c07
ARR 50000c07 (sz=20, trace=300000, nelems=10, elem type=char[])
OBJ 50000c08 (sz=24, trace=300000, class=java.lang.String@500001cd)
	value		50000c09
ARR 50000c09 (sz=10, trace=300000, nelems=5, elem type=char[])
OBJ 50000c0a (sz=24, trace=300000, class=java.lang.String@500001cd)
	value		50000c0b
ARR 50000c0b (sz=24, trace=300000, nelems=12, elem type=char[])
OBJ 50000c0c (sz=24, trace=300000, class=java.lang.String@500001cd)
	value		50000c0d
ARR 50000c0d (sz=28, trace=300000, nelems=14, elem type=char[])
OBJ 50000c0e (sz=24, trace=300000, class=java.lang.String@500001cd)
	value		50000c0f
ARR 50000c0f (sz=12, trace=300000, nelems=6, elem type=char[])
OBJ 50000c10 (sz=24, trace=300000, class=java.lang.String@500001cd)
	value		50000c11
ARR 50000c11 (sz=20, trace=300000, nelems=10, elem type=char[])
OBJ 50000c12 (sz=24, trace=300000, class=java.lang.String@500001cd)
	value		50000c13
ARR 50000c13 (sz=12, trace=300000, nelems=6, elem type=char[])
OBJ 50000c14 (sz=24, trace=300000, class=java.lang.String@500001cd)
	value		50000c15
ARR 50000c15 (sz=12, trace=300000, nelems=6, elem type=char[])
OBJ 50000c16 (sz=24, trace=300000, class=java.lang.String@500001cd)
	value		50000c17
ARR 50000c17 (sz=12, trace=300000, nelems=6, elem type=char[])
OBJ 50000c18 (sz=24, trace=300000, class=java.lang.String@500001cd)
	value		50000c19
ARR 50000c19 (sz=12, trace=300000, nelems=6, elem type=char[])
OBJ 50000c1a (sz=24, trace=300000, class=java.lang.String@500001cd)
	value		50000c1b
ARR 50000c1b (sz=12, trace=300000, nelems=6, elem type=char[])
OBJ 50000c1c (sz=24, trace=300000, class=java.lang.String@500001cd)
	value		50000c1d
ARR 50000c1d (sz=6, trace=300000, nelems=3, elem type=char[])
OBJ 50000c1e (sz=24, trace=300000, class=java.lang.String@500001cd)
	value		50000c1f
ARR 50000c1f (sz=20, trace=300000, nelems=10, elem type=char[])
OBJ 50000c20 (sz=24, trace=300000, class=java.lang.String@500001cd)
	value		50000c21
ARR 50000c21 (sz=20, trace=300000, nelems=10, elem type=char[])
OBJ 50000c22 (sz=24, trace=300000, class=java.lang.String@500001cd)
	value		50000c23
ARR 50000c23 (sz=10, trace=300000, nelems=5, elem type=char[])
OBJ 50000c24 (sz=24, trace=300000, class=java.lang.String@500001cd)
	value		50000c25
ARR 50000c25 (sz=14, trace=300000, nelems=7, elem type=char[])
OBJ 50000c26 (sz=24, trace=300000, class=java.lang.String@500001cd)
	value		50000c27
ARR 50000c27 (sz=14, trace=300000, nelems=7, elem type=char[])
OBJ 50000c28 (sz=24, trace=300000, class=java.lang.String@500001cd)
	value		50000c29
ARR 50000c29 (sz=28, trace=300000, nelems=14, elem type=char[])
OBJ 50000c2a (sz=24, trace=300000, class=java.lang.String@500001cd)
	value		50000c2b
ARR 50000c2b (sz=12, trace=300000, nelems=6, elem type=char[])
OBJ 50000c2c (sz=24, trace=300000, class=java.lang.String@500001cd)
	value		50000c2d
ARR 50000c2d (sz=10, trace=300000, nelems=5, elem type=char[])
OBJ 50000c2e (sz=24, trace=300000, class=java.lang.String@500001cd)
	value		50000c2f
ARR 50000c2f (sz=10, trace=300000, nelems=5, elem type=char[])
OBJ 50000c30 (sz=24, trace=300000, class=java.lang.String@500001cd)
	value		50000c31
ARR 50000c31 (sz=12, trace=300000, nelems=6, elem type=char[])
OBJ 50000c32 (sz=24, trace=300000, class=java.lang.String@500001cd)
	value		50000c33
ARR 50000c33 (sz=14, trace=300000, nelems=7, elem type=char[])
OBJ 50000c34 (sz=24, trace=300000, class=java.lang.String@500001cd)
	value		50000c35
ARR 50000c35 (sz=14, trace=300000, nelems=7, elem type=char[])
OBJ 50000c36 (sz=24, trace=300000, class=java.lang.String@500001cd)
	value		50000c37
ARR 50000c37 (sz=30, trace=300000, nelems=15, elem type=char[])
OBJ 50000c38 (sz=24, trace=300000, class=java.lang.String@500001cd)
	value		50000c39
ARR 50000c39 (sz=6, trace=300000, nelems=3, elem type=char[])
OBJ 50000c3a (sz=24, trace=300000, class=java.lang.String@500001cd)
	value		50000c3b
ARR 50000c3b (sz=8, trace=300000, nelems=4, elem type=char[])
OBJ 50000c3c (sz=24, trace=300000, class=java.lang.String@500001cd)
	value		50000c3d
ARR 50000c3d (sz=20, trace=300000, nelems=10, elem type=char[])
OBJ 50000c3e (sz=24, trace=300000, class=java.lang.String@500001cd)
	value		50000c42
ARR 50000c3f (sz=24, trace=300000, nelems=2, elem type=java.lang.Object[]@50000167)
	[0]		50000c40
	[1]		50000a2e
OBJ 50000c40 (sz=24, trace=300000, class=java.lang.String@500001cd)
	value		50000c41
ARR 50000c41 (sz=10, trace=300000, nelems=5, elem type=char[])
ARR 50000c42 (sz=10, trace=300000, nelems=5, elem type=char[])
OBJ 50000c43 (sz=24, trace=300000, class=java.lang.String@500001cd)
	value		50000c47
ARR 50000c44 (sz=24, trace=300000, nelems=2, elem type=java.lang.Object[]@50000167)
	[0]		50000c45
	[1]		50000a10
OBJ 50000c45 (sz=24, trace=300000, class=java.lang.String@500001cd)
	value		50000c46
ARR 50000c46 (sz=4, trace=300000, nelems=2, elem type=char[])
ARR 50000c47 (sz=10, trace=300000, nelems=5, elem type=char[])
OBJ 50000c48 (sz=24, trace=300000, class=java.lang.String@500001cd)
	value		50000c49
ARR 50000c49 (sz=10, trace=300000, nelems=5, elem type=char[])
OBJ 50000c4a (sz=24, trace=300000, class=java.lang.String@500001cd)
	value		50000c4b
ARR 50000c4b (sz=4, trace=300000, nelems=2, elem type=char[])
OBJ 50000c4c (sz=24, trace=300000, class=java.lang.String@500001cd)
	value		50000c50
ARR 50000c4d (sz=24, trace=300000, nelems=2, elem type=java.lang.Object[]@50000167)
	[0]		50000c4e
	[1]		50000a43
OBJ 50000c4e (sz=24, trace=300000, class=java.lang.String@500001cd)
	value		50000c4f
ARR 50000c4f (sz=4, trace=300000, nelems=2, elem type=char[])
ARR 50000c50 (sz=10, trace=300000, nelems=5, elem type=char[])
OBJ 50000c51 (sz=24, trace=300000, class=java.lang.String@500001cd)
	value		50000c52
ARR 50000c52 (sz=16, trace=300000, nelems=8, elem type=char[])
OBJ 50000c53 (sz=24, trace=300000, class=java.lang.String@500001cd)
	value		50000c5a
ARR 50000c54 (sz=32, trace=300000, nelems=3, elem type=java.lang.Object[]@50000167)
	[0]		50000c55
	[1]		50000a10
	[2]		50000c56
OBJ 50000c55 (sz=24, trace=300000, class=java.lang.String@500001cd)
	value		50000c59
ARR 50000c56 (sz=24, trace=300000, nelems=2, elem type=java.lang.Object[]@50000167)
	[0]		50000c57
	[1]		50000a4c
OBJ 50000c57 (sz=24, trace=300000, class=java.lang.String@500001cd)
	value		50000c58
ARR 50000c58 (sz=4, trace=300000, nelems=2, elem type=char[])
ARR 50000c59 (sz=12, trace=300000, nelems=6, elem type=char[])
ARR 50000c5a (sz=10, trace=300000, nelems=5, elem type=char[])
OBJ 50000c5b (sz=24, trace=300000, class=java.lang.String@500001cd)
	value		50000c5c
ARR 50000c5c (sz=4, trace=300000, nelems=2, elem type=char[])
OBJ 50000c5d (sz=24, trace=300000, class=java.lang.String@500001cd)
	value		50000c5e
ARR 50000c5e (sz=14, trace=300000, nelems=7, elem type=char[])
OBJ 50000c5f (sz=24, trace=300000, class=java.lang.String@500001cd)
	value		50000c63
ARR 50000c60 (sz=24, trace=300000, nelems=2, elem type=java.lang.Object[]@50000167)
	[0]		50000c61
	[1]		50000a43
OBJ 50000c61 (sz=24, trace=300000, class=java.lang.String@500001cd)
	value		50000c62
ARR 50000c62 (sz=14, trace=300000, nelems=7, elem type=char[])
ARR 50000c63 (sz=12, trace=300000, nelems=6, elem type=char[])
OBJ 50000c64 (sz=24, trace=300000, class=java.lang.String@500001cd)
	value		50000c65
ARR 50000c65 (sz=14, trace=300000, nelems=7, elem type=char[])
OBJ 50000c66 (sz=24, trace=300000, class=java.lang.String@500001cd)
	value		50000c6a
ARR 50000c67 (sz=24, trace=300000, nelems=2, elem type=java.lang.Object[]@50000167)
	[0]		50000c68
	[1]		50000a1b
OBJ 50000c68 (sz=24, trace=300000, class=java.lang.String@500001cd)
	value		50000c69
ARR 50000c69 (sz=6, trace=300000, nelems=3, elem type=char[])
ARR 50000c6a (sz=12, trace=300000, nelems=6, elem type=char[])
OBJ 50000c6b (sz=24, trace=300000, class=java.lang.String@500001cd)
	value		50000c6c
ARR 50000c6c (sz=22, trace=300000, nelems=11, elem type=char[])
OBJ 50000c6d (sz=24, trace=300000, class=java.lang.String@500001cd)
	value		50000c6e
ARR 50000c6e (sz=22, trace=300000, nelems=11, elem type=char[])
OBJ 50000c6f (sz=24, trace=300000, class=java.lang.String@500001cd)
	value		50000c70
ARR 50000c70 (sz=12, trace=300000, nelems=6, elem type=char[])
OBJ 50000c71 (sz=24, trace=300000, class=java.lang.String@500001cd)
	value		50000c72
ARR 50000c72 (sz=12, trace=300000, nelems=6, elem type=char[])
OBJ 50000c73 (sz=24, trace=300000, class=java.lang.String@500001cd)
	value		50000c74
ARR 50000c74 (sz=12, trace=300000, nelems=6, elem type=char[])
OBJ 50000c75 (sz=24, trace=300000, class=java.lang.String@500001cd)
	value		50000c76
ARR 50000c76 (sz=18, trace=300000, nelems=9, elem type=char[])
OBJ 50000c77 (sz=24, trace=300000, class=java.lang.String@500001cd)
	value		50000c78
ARR 50000c78 (sz=18, trace=300000, nelems=9, elem type=char[])
OBJ 50000c79 (sz=24, trace=300000, class=java.lang.String@500001cd)
	value		50000c7a
ARR 50000c7a (sz=18, trace=300000, nelems=9, elem type=char[])
OBJ 50000c7b (sz=24, trace=300000, class=java.lang.String@500001cd)
	value		50000c7c
ARR 50000c7c (sz=18, trace=300000, nelems=9, elem type=char[])
OBJ 50000c7d (sz=24, trace=300000, class=java.lang.String@500001cd)
	value		50000c7e
ARR 50000c7e (sz=18, trace=300000, nelems=9, elem type=char[])
OBJ 50000c7f (sz=24, trace=300000, class=java.lang.String@500001cd)
	value		50000c80
ARR 50000c80 (sz=18, trace=300000, nelems=9, elem type=char[])
OBJ 50000c81 (sz=24, trace=300000, class=java.lang.String@500001cd)
	value		50000c82
ARR 50000c82 (sz=42, trace=300000, nelems=21, elem type=char[])
OBJ 50000c83 (sz=24, trace=300000, class=java.lang.String@500001cd)
	value		50000c84
ARR 50000c84 (sz=6, trace=300000, nelems=3, elem type=char[])
OBJ 50000c85 (sz=24, trace=300000, class=java.lang.String@500001cd)
	value		50000c86
ARR 50000c86 (sz=30, trace=300000, nelems=15, elem type=char[])
OBJ 50000c87 (sz=24, trace=300000, class=java.lang.String@500001cd)
	value		50000c88
ARR 50000c88 (sz=20, trace=300000, nelems=10, elem type=char[])
OBJ 50000c89 (sz=24, trace=300000, class=java.lang.String@500001cd)
	value		50000c8a
ARR 50000c8a (sz=30, trace=300000, nelems=15, elem type=char[])
OBJ 50000c8b (sz=24, trace=300000, class=java.lang.String@500001cd)
	value		50000c8c
ARR 50000c8c (sz=20, trace=300000, nelems=10, elem type=char[])
OBJ 50000c8d (sz=24, trace=300000, class=java.lang.String@500001cd)
	value		50000c8e
ARR 50000c8e (sz=6, trace=300000, nelems=3, elem type=char[])
OBJ 50000c8f (sz=24, trace=300000, class=java.lang.String@500001cd)
	value		50000c90
ARR 50000c90 (sz=6, trace=300000, nelems=3, elem type=char[])
OBJ 50000c91 (sz=24, trace=300000, class=java.lang.String@500001cd)
	value		50000c92
ARR 50000c92 (sz=14, trace=300000, nelems=7, elem type=char[])
OBJ 50000c93 (sz=24, trace=300000, class=java.lang.String@500001cd)
	value		50000c97
ARR 50000c94 (sz=24, trace=300000, nelems=2, elem type=java.lang.Object[]@50000167)
	[0]		50000c95
	[1]		50000a2e
OBJ 50000c95 (sz=24, trace=300000, class=java.lang.String@500001cd)
	value		50000c96
ARR 50000c96 (sz=6, trace=300000, nelems=3, elem type=char[])
ARR 50000c97 (sz=6, trace=300000, nelems=3, elem type=char[])
OBJ 50000c98 (sz=24, trace=300000, class=java.lang.String@500001cd)
	value		50000c9c
ARR 50000c99 (sz=24, trace=300000, nelems=2, elem type=java.lang.Object[]@50000167)
	[0]		50000c9a
	[1]		50000a1b
OBJ 50000c9a (sz=24, trace=300000, class=java.lang.String@500001cd)
	value		50000c9b
ARR 50000c9b (sz=16, trace=300000, nelems=8, elem type=char[])
ARR 50000c9c (sz=6, trace=300000, nelems=3, elem type=char[])
OBJ 50000c9d (sz=24, trace=300000, class=java.lang.String@500001cd)
	value		50000c9e
ARR 50000c9e (sz=6, trace=300000, nelems=3, elem type=char[])
OBJ 50000c9f (sz=24, trace=300000, class=java.lang.String@500001cd)
	value		50000ca0
ARR 50000ca0 (sz=6, trace=300000, nelems=3, elem type=char[])
OBJ 50000ca1 (sz=24, trace=300000, class=java.lang.String@500001cd)
	value		50000ca5
ARR 50000ca2 (sz=24, trace=300000, nelems=2, elem type=java.lang.Object[]@50000167)
	[0]		50000ca3
	[1]		50000a4f
OBJ 50000ca3 (sz=24, trace=300000, class=java.lang.String@500001cd)
	value		50000ca4
ARR 50000ca4 (sz=10, trace=300000, nelems=5, elem type=char[])
ARR 50000ca5 (sz=6, trace=300000, nelems=3, elem type=char[])
OBJ 50000ca6 (sz=24, trace=300000, class=java.lang.String@500001cd)
	value		50000ca7
ARR 50000ca7 (sz=10, trace=300000, nelems=5, elem type=char[])
OBJ 50000ca8 (sz=24, trace=300000, class=java.lang.String@500001cd)
	value		50000cac
ARR 50000ca9 (sz=24, trace=300000, nelems=2, elem type=java.lang.Object[]@50000167)
	[0]		50000caa
	[1]		50000a74
OBJ 50000caa (sz=24, trace=300000, class=java.lang.String@500001cd)
	value		50000cab
ARR 50000cab (sz=18, trace=300000, nelems=9, elem type=char[])
ARR 50000cac (sz=32, trace=300000, nelems=16, elem type=char[])
OBJ 50000cad (sz=24, trace=300000, class=java.lang.String@500001cd)
	value		50000cae
ARR 50000cae (sz=16, trace=300000, nelems=8, elem type=char[])
OBJ 50000caf (sz=24, trace=300000, class=java.lang.String@500001cd)
	value		50000cb0
ARR 50000cb0 (sz=24, trace=300000, nelems=12, elem type=char[])
OBJ 50000cb1 (sz=24, trace=300000, class=java.lang.String@500001cd)
	value		50000cb2
ARR 50000cb2 (sz=10, trace=300000, nelems=5, elem type=char[])
OBJ 50000cb3 (sz=24, trace=300000, class=java.lang.String@500001cd)
	value		50000cb4
ARR 50000cb4 (sz=10, trace=300000, nelems=5, elem type=char[])
OBJ 50000cb5 (sz=24, trace=300000, class=java.lang.String@500001cd)
	value		50000cb6
ARR 50000cb6 (sz=10, trace=300000, nelems=5, elem type=char[])
OBJ 50000cb7 (sz=24, trace=300000, class=java.lang.String@500001cd)
	value		50000cb8
ARR 50000cb8 (sz=10, trace=300000, nelems=5, elem type=char[])
OBJ 50000cb9 (sz=24, trace=300000, class=java.lang.String@500001cd)
	value		50000cba
ARR 50000cba (sz=10, trace=300000, nelems=5, elem type=char[])
OBJ 50000cbb (sz=24, trace=300000, class=java.lang.String@500001cd)
	value		50000cbc
ARR 50000cbc (sz=12, trace=300000, nelems=6, elem type=char[])
OBJ 50000cbd (sz=24, trace=300000, class=java.lang.String@500001cd)
	value		50000cbe
ARR 50000cbe (sz=12, trace=300000, nelems=6, elem type=char[])
OBJ 50000cbf (sz=24, trace=300000, class=java.lang.String@500001cd)
	value		50000cc0
ARR 50000cc0 (sz=16, trace=300000, nelems=8, elem type=char[])
OBJ 50000cc1 (sz=24, trace=300000, class=java.lang.String@500001cd)
	value		50000cc2
ARR 50000cc2 (sz=20, trace=300000, nelems=10, elem type=char[])
OBJ 50000cc3 (sz=24, trace=300000, class=java.lang.String@500001cd)
	value		50000cc4
ARR 50000cc4 (sz=34, trace=300000, nelems=17, elem type=char[])
OBJ 50000cc5 (sz=24, trace=300000, class=java.lang.String@500001cd)
	value		50000cc6
ARR 50000cc6 (sz=6, trace=300000, nelems=3, elem type=char[])
OBJ 50000cc7 (sz=24, trace=300000, class=java.lang.String@500001cd)
	value		50000cc8
ARR 50000cc8 (sz=30, trace=300000, nelems=15, elem type=char[])
OBJ 50000cc9 (sz=24, trace=300000, class=java.lang.String@500001cd)
	value		50000cca
ARR 50000cca (sz=12, trace=300000, nelems=6, elem type=char[])
OBJ 50000ccb (sz=24, trace=300000, class=java.lang.String@500001cd)
	value		50000ccc
ARR 50000ccc (sz=12, trace=300000, nelems=6, elem type=char[])
OBJ 50000ccd (sz=24, trace=300000, class=java.lang.String@500001cd)
	value		50000cd1
ARR 50000cce (sz=24, trace=300000, nelems=2, elem type=java.lang.Object[]@50000167)
	[0]		50000ccf
	[1]		50000a3f
OBJ 50000ccf (sz=24, trace=300000, class=java.lang.String@500001cd)
	value		50000cd0
ARR 50000cd0 (sz=12, trace=300000, nelems=6, elem type=char[])
ARR 50000cd1 (sz=6, trace=300000, nelems=3, elem type=char[])
OBJ 50000cd2 (sz=24, trace=300000, class=java.lang.String@500001cd)
	value		50000cd3
ARR 50000cd3 (sz=12, trace=300000, nelems=6, elem type=char[])
OBJ 50000cd4 (sz=24, trace=300000, class=java.lang.String@500001cd)
	value		50000cd5
ARR 50000cd5 (sz=12, trace=300000, nelems=6, elem type=char[])
OBJ 50000cd6 (sz=24, trace=300000, class=java.lang.String@500001cd)
	value		50000cda
ARR 50000cd7 (sz=24, trace=300000, nelems=2, elem type=java.lang.Object[]@50000167)
	[0]		50000cd8
	[1]		50000a4f
OBJ 50000cd8 (sz=24, trace=300000, class=java.lang.String@500001cd)
	value		50000cd9
ARR 50000cd9 (sz=12, trace=300000, nelems=6, elem type=char[])
ARR 50000cda (sz=36, trace=300000, nelems=18, elem type=char[])
OBJ 50000cdb (sz=24, trace=300000, class=java.lang.String@500001cd)
	value		50000cdc
ARR 50000cdc (sz=6, trace=300000, nelems=3, elem type=char[])
OBJ 50000cdd (sz=24, trace=300000, class=java.lang.String@500001cd)
	value		50000cde
ARR 50000cde (sz=6, trace=300000, nelems=3, elem type=char[])
OBJ 50000cdf (sz=24, trace=300000, class=java.lang.String@500001cd)
	value		50000ce0
ARR 50000ce0 (sz=6, trace=300000, nelems=3, elem type=char[])
OBJ 50000ce1 (sz=24, trace=300000, class=java.lang.String@500001cd)
	value		50000ce2
ARR 50000ce2 (sz=6, trace=300000, nelems=3, elem type=char[])
OBJ 50000ce3 (sz=24, trace=300000, class=java.lang.String@500001cd)
	value		50000ce4
ARR 50000ce4 (sz=6, trace=300000, nelems=3, elem type=char[])
OBJ 50000ce5 (sz=24, trace=300000, class=java.lang.String@500001cd)
	value		50000ce6
ARR 50000ce6 (sz=30, trace=300000, nelems=15, elem type=char[])
OBJ 50000ce7 (sz=24, trace=300000, class=java.lang.String@500001cd)
	value		50000ce8
ARR 50000ce8 (sz=18, trace=300000, nelems=9, elem type=char[])
OBJ 50000ce9 (sz=24, trace=300000, class=java.lang.String@500001cd)
	value		50000cea
ARR 50000cea (sz=26, trace=300000, nelems=13, elem type=char[])
OBJ 50000ceb (sz=24, trace=300000, class=java.lang.String@500001cd)
	value		50000cec
ARR 50000cec (sz=22, trace=300000, nelems=11, elem type=char[])
OBJ 50000ced (sz=24, trace=300000, class=java.lang.String@500001cd)
	value		50000cee
ARR 50000cee (sz=22, trace=300000, nelems=11, elem type=char[])
OBJ 50000cef (sz=24, trace=300000, class=java.lang.String@500001cd)
	value		50000cf0
ARR 50000cf0 (sz=22, trace=300000, nelems=11, elem type=char[])
OBJ 50000cf1 (sz=24, trace=300000, class=java.lang.String@500001cd)
	value		50000cf2
ARR 50000cf2 (sz=22, trace=300000, nelems=11, elem type=char[])
OBJ 50000cf3 (sz=24, trace=300000, class=java.lang.String@500001cd)
	value		50000cf4
ARR 50000cf4 (sz=22, trace=300000, nelems=11, elem type=char[])
OBJ 50000cf5 (sz=24, trace=300000, class=java.lang.String@500001cd)
	value		50000cf6
ARR 50000cf6 (sz=22, trace=300000, nelems=11, elem type=char[])
ARR 50000cf7 (sz=144, trace=300000, nelems=32, elem type=java.lang.Object[]@50000167)
	[0]		50000cf8
	[2]		50000cf9
	[3]		50000cfa
	[4]		50000cfb
	[5]		50000cfc
	[6]		50000cfd
	[7]		50000cfe
	[8]		50000cff
	[9]		50000d00
	[10]		50000d01
	[11]		50000d02
	[12]		50000d03
	[14]		50000d04
	[15]		50000d05
	[16]		50000d06
	[17]		50000d07
	[18]		50000d08
	[19]		50000d09
	[22]		50000d0a
	[23]		50000d0b
	[24]		50000d0c
	[28]		50000d0d
	[29]		50000d0e
	[31]		50000d0f
ARR 50000cf8 (sz=24, trace=300000, nelems=1, elem type=java.lang.Object[]@50000167)
	[0]		50000a8b
ARR 50000cf9 (sz=32, trace=300000, nelems=3, elem type=java.lang.Object[]@50000167)
	[0]		50000a7d
	[2]		50000dd9
ARR 50000cfa (sz=32, trace=300000, nelems=3, elem type=java.lang.Object[]@50000167)
	[0]		50000a74
	[2]		50000dd8
ARR 50000cfb (sz=32, trace=300000, nelems=3, elem type=java.lang.Object[]@50000167)
	[0]		50000a66
	[2]		50000dd6
ARR 50000cfc (sz=32, trace=300000, nelems=3, elem type=java.lang.Object[]@50000167)
	[0]		50000a5d
	[2]		50000dd2
ARR 50000cfd (sz=24, trace=300000, nelems=1, elem type=java.lang.Object[]@50000167)
	[0]		50000a59
ARR 50000cfe (sz=24, trace=300000, nelems=2, elem type=java.lang.Object[]@50000167)
	[0]		50000a55
	[1]		50000dcf
ARR 50000cff (sz=32, trace=300000, nelems=3, elem type=java.lang.Object[]@50000167)
	[0]		50000a4c
	[2]		50000dcb
ARR 50000d00 (sz=32, trace=300000, nelems=3, elem type=java.lang.Object[]@50000167)
	[0]		50000a43
	[2]		50000dc7
ARR 50000d01 (sz=24, trace=300000, nelems=1, elem type=java.lang.Object[]@50000167)
	[0]		50000a3f
ARR 50000d02 (sz=32, trace=300000, nelems=3, elem type=java.lang.Object[]@50000167)
	[0]		50000a36
	[2]		50000dc6
ARR 50000d03 (sz=24, trace=300000, nelems=1, elem type=java.lang.Object[]@50000167)
	[0]		50000a32
ARR 50000d04 (sz=24, trace=300000, nelems=1, elem type=java.lang.Object[]@50000167)
	[0]		50000a2e
ARR 50000d05 (sz=24, trace=300000, nelems=1, elem type=java.lang.Object[]@50000167)
	[0]		50000a2a
ARR 50000d06 (sz=32, trace=300000, nelems=3, elem type=java.lang.Object[]@50000167)
	[0]		50000a21
	[2]		50000dc5
ARR 50000d07 (sz=32, trace=300000, nelems=3, elem type=java.lang.Object[]@50000167)
	[0]		50000a18
	[2]		50000d14
ARR 50000d08 (sz=32, trace=300000, nelems=3, elem type=java.lang.Object[]@50000167)
	[0]		50000a0a
	[2]		50000d12
ARR 50000d09 (sz=32, trace=300000, nelems=3, elem type=java.lang.Object[]@50000167)
	[0]		500009fc
	[2]		50000d10
ARR 50000d0a (sz=24, trace=300000, nelems=1, elem type=java.lang.Object[]@50000167)
	[0]		500009f8
ARR 50000d0b (sz=24, trace=300000, nelems=1, elem type=java.lang.Object[]@50000167)
	[0]		500009f4
ARR 50000d0c (sz=24, trace=300000, nelems=1, elem type=java.lang.Object[]@50000167)
	[0]		500009f0
ARR 50000d0d (sz=24, trace=300000, nelems=1, elem type=java.lang.Object[]@50000167)
	[0]		500009ec
ARR 50000d0e (sz=24, trace=300000, nelems=1, elem type=java.lang.Object[]@50000167)
	[0]		500009e8
ARR 50000d0f (sz=24, trace=300000, nelems=1, elem type=java.lang.Object[]@50000167)
	[0]		500009e4
ARR 50000d10 (sz=32, trace=300000, nelems=3, elem type=java.lang.Object[]@50000167)
	[0]		500009ff
	[2]		50000d11
ARR 50000d11 (sz=24, trace=300000, nelems=1, elem type=java.lang.Object[]@50000167)
	[0]		50000a02
ARR 50000d12 (sz=32, trace=300000, nelems=3, elem type=java.lang.Object[]@50000167)
	[0]		50000a0d
	[2]		50000d13
ARR 50000d13 (sz=24, trace=300000, nelems=1, elem type=java.lang.Object[]@50000167)
	[0]		50000a10
ARR 50000d14 (sz=24, trace=300000, nelems=2, elem type=java.lang.Object[]@50000167)
	[0]		50000a1b
	[1]		50000d15
OBJ 50000d15 (sz=24, trace=300000, class=sun.nio.cs.US_ASCII@50000045)
	name		50000d17
	aliases		50000d16
ARR 50000d16 (sz=72, trace=300000, nelems=14, elem type=java.lang.String[]@50000127)
	[0]		50000c9a
	[1]		50000d19
	[2]		50000d1a
	[3]		50000d1b
	[4]		50000d1c
	[5]		50000bb1
	[6]		50000d1d
	[7]		50000bad
	[8]		50000d1e
	[9]		50000be0
	[10]		50000c68
	[11]		50000b69
	[12]		50000d1f
	[13]		50000b9d
OBJ 50000d17 (sz=24, trace=300000, class=java.lang.String@500001cd)
	value		50000d18
ARR 50000d18 (sz=16, trace=300000, nelems=8, elem type=char[])
OBJ 50000d19 (sz=24, trace=300000, class=java.lang.String@500001cd)
	value		50000d26
OBJ 50000d1a (sz=24, trace=300000, class=java.lang.String@500001cd)
	value		50000d25
OBJ 50000d1b (sz=24, trace=300000, class=java.lang.String@500001cd)
	value		50000d24
OBJ 50000d1c (sz=24, trace=300000, class=java.lang.String@500001cd)
	value		50000d23
OBJ 50000d1d (sz=24, trace=300000, class=java.lang.String@500001cd)
	value		50000d22
OBJ 50000d1e (sz=24, trace=300000, class=java.lang.String@500001cd)
	value		50000d21
OBJ 50000d1f (sz=24, trace=300000, class=java.lang.String@500001cd)
	value		50000d20
ARR 50000d20 (sz=28, trace=300000, nelems=14, elem type=char[])
ARR 50000d21 (sz=14, trace=300000, nelems=7, elem type=char[])
ARR 50000d22 (sz=12, trace=300000, nelems=6, elem type=char[])
ARR 50000d23 (sz=18, trace=300000, nelems=9, elem type=char[])
ARR 50000d24 (sz=10, trace=300000, nelems=5, elem type=char[])
ARR 50000d25 (sz=32, trace=300000, nelems=16, elem type=char[])
ARR 50000d26 (sz=28, trace=300000, nelems=14, elem type=char[])
OBJ 50000d27 (sz=24, trace=300000, class=java.lang.String@500001cd)
	value		50000d89
OBJ 50000d28 (sz=24, trace=300000, class=java.lang.String@500001cd)
	value		50000d88
OBJ 50000d29 (sz=24, trace=300000, class=java.lang.String@500001cd)
	value		50000d8a
OBJ 50000d2a (sz=24, trace=300000, class=java.lang.String@500001cd)
	value		50000d8d
OBJ 50000d2b (sz=24, trace=300000, class=java.lang.String@500001cd)
	value		50000d8c
OBJ 50000d2c (sz=24, trace=300000, class=java.lang.String@500001cd)
	value		50000d8b
OBJ 50000d2d (sz=24, trace=300000, class=java.lang.String@500001cd)
	value		50000d8f
OBJ 50000d2e (sz=24, trace=300000, class=java.lang.String@500001cd)
	value		50000d8e
OBJ 50000d2f (sz=24, trace=300000, class=java.lang.String@500001cd)
	value		50000d90
OBJ 50000d30 (sz=24, trace=300000, class=java.lang.String@500001cd)
	value		50000d91
OBJ 50000d31 (sz=24, trace=300000, class=java.lang.String@500001cd)
	value		50000d92
OBJ 50000d32 (sz=24, trace=300000, class=java.lang.String@500001cd)
	value		50000d93
OBJ 50000d33 (sz=24, trace=300000, class=java.lang.String@500001cd)
	value		50000d94
OBJ 50000d34 (sz=24, trace=300000, class=java.lang.String@500001cd)
	value		50000d95
OBJ 50000d35 (sz=24, trace=300000, class=java.lang.String@500001cd)
	value		50000d9c
OBJ 50000d36 (sz=24, trace=300000, class=java.lang.String@500001cd)
	value		50000d9b
OBJ 50000d37 (sz=24, trace=300000, class=java.lang.String@500001cd)
	value		50000d9a
OBJ 50000d38 (sz=24, trace=300000, class=java.lang.String@500001cd)
	value		50000d99
OBJ 50000d39 (sz=24, trace=300000, class=java.lang.String@500001cd)
	value		50000d98
OBJ 50000d3a (sz=24, trace=300000, class=java.lang.String@500001cd)
	value		50000d97
OBJ 50000d3b (sz=24, trace=300000, class=java.lang.String@500001cd)
	value		50000d96
OBJ 50000d3c (sz=24, trace=300000, class=java.lang.String@500001cd)
	value		50000da0
OBJ 50000d3d (sz=24, trace=300000, class=java.lang.String@500001cd)
	value		50000d9f
OBJ 50000d3e (sz=24, trace=300000, class=java.lang.String@500001cd)
	value		50000d9e
OBJ 50000d3f (sz=24, trace=300000, class=java.lang.String@500001cd)
	value		50000d9d
OBJ 50000d40 (sz=24, trace=300000, class=java.lang.String@500001cd)
	value		50000da3
OBJ 50000d41 (sz=24, trace=300000, class=java.lang.String@500001cd)
	value		50000da2
OBJ 50000d42 (sz=24, trace=300000, class=java.lang.String@500001cd)
	value		50000da1
OBJ 50000d43 (sz=24, trace=300000, class=java.lang.String@500001cd)
	value		50000da7
OBJ 50000d44 (sz=24, trace=300000, class=java.lang.String@500001cd)
	value		50000da6
OBJ 50000d45 (sz=24, trace=300000, class=java.lang.String@500001cd)
	value		50000da5
OBJ 50000d46 (sz=24, trace=300000, class=java.lang.String@500001cd)
	value		50000da4
OBJ 50000d47 (sz=24, trace=300000, class=java.lang.String@500001cd)
	value		50000dac
OBJ 50000d48 (sz=24, trace=300000, class=java.lang.String@500001cd)
	value		50000dab
OBJ 50000d49 (sz=24, trace=300000, class=java.lang.String@500001cd)
	value		50000daa
OBJ 50000d4a (sz=24, trace=300000, class=java.lang.String@500001cd)
	value		50000da9
OBJ 50000d4b (sz=24, trace=300000, class=java.lang.String@500001cd)
	value		50000da8
OBJ 50000d4c (sz=24, trace=300000, class=java.lang.String@500001cd)
	value		50000db0
OBJ 50000d4d (sz=24, trace=300000, class=java.lang.String@500001cd)
	value		50000daf
OBJ 50000d4e (sz=24, trace=300000, class=java.lang.String@500001cd)
	value		50000dae
OBJ 50000d4f (sz=24, trace=300000, class=java.lang.String@500001cd)
	value		50000dad
OBJ 50000d50 (sz=24, trace=300000, class=java.lang.String@500001cd)
	value		50000db1
OBJ 50000d51 (sz=24, trace=300000, class=java.lang.String@500001cd)
	value		50000dbd
OBJ 50000d52 (sz=24, trace=300000, class=java.lang.String@500001cd)
	value		50000dbc
OBJ 50000d53 (sz=24, trace=300000, class=java.lang.String@500001cd)
	value		50000dbb
OBJ 50000d54 (sz=24, trace=300000, class=java.lang.String@500001cd)
	value		50000dba
OBJ 50000d55 (sz=24, trace=300000, class=java.lang.String@500001cd)
	value		50000db9
OBJ 50000d56 (sz=24, trace=300000, class=java.lang.String@500001cd)
	value		50000db8
OBJ 50000d57 (sz=24, trace=300000, class=java.lang.String@500001cd)
	value		50000db7
OBJ 50000d58 (sz=24, trace=300000, class=java.lang.String@500001cd)
	value		50000db6
OBJ 50000d59 (sz=24, trace=300000, class=java.lang.String@500001cd)
	value		50000db5
OBJ 50000d5a (sz=24, trace=300000, class=java.lang.String@500001cd)
	value		50000db4
OBJ 50000d5b (sz=24, trace=300000, class=java.lang.String@500001cd)
	value		50000db3
OBJ 50000d5c (sz=24, trace=300000, class=java.lang.String@500001cd)
	value		50000db2
OBJ 50000d5d (sz=24, trace=300000, class=java.lang.String@500001cd)
	value		50000dbe
OBJ 50000d5e (sz=24, trace=300000, class=java.lang.String@500001cd)
	value		50000dbf
OBJ 50000d5f (sz=24, trace=300000, class=java.lang.String@500001cd)
	value		50000dc0
OBJ 50000d60 (sz=24, trace=300000, class=java.lang.String@500001cd)
	value		50000dc1
OBJ 50000d61 (sz=24, trace=300000, class=java.lang.String@500001cd)
	value		50000dc2
ARR 50000d62 (sz=32, trace=300000, nelems=4, elem type=java.lang.String[]@50000127)
	[0]		50000c22
	[1]		50000be8
	[2]		50000be4
	[3]		50000c83
ARR 50000d63 (sz=40, trace=300000, nelems=5, elem type=java.lang.String[]@50000127)
	[0]		50000c2c
	[1]		50000a7d
	[2]		50000bea
	[3]		50000c8d
	[4]		50000d61
ARR 50000d64 (sz=40, trace=300000, nelems=6, elem type=java.lang.String[]@50000127)
	[0]		50000c2e
	[1]		50000a8b
	[2]		50000bec
	[3]		50000c8f
	[4]		50000d60
	[5]		50000b8b
ARR 50000d65 (sz=40, trace=300000, nelems=5, elem type=java.lang.String[]@50000127)
	[0]		50000c3e
	[1]		50000b8d
	[2]		50000bb5
	[3]		50000c93
	[4]		50000d5f
ARR 50000d66 (sz=40, trace=300000, nelems=5, elem type=java.lang.String[]@50000127)
	[0]		50000c43
	[1]		500009ff
	[2]		50000bfa
	[3]		50000c98
	[4]		50000d5e
ARR 50000d67 (sz=40, trace=300000, nelems=5, elem type=java.lang.String[]@50000127)
	[0]		50000c48
	[1]		50000bfc
	[2]		50000a0a
	[3]		50000c9d
	[4]		50000b73
ARR 50000d68 (sz=40, trace=300000, nelems=5, elem type=java.lang.String[]@50000127)
	[0]		50000c4c
	[1]		50000a21
	[2]		50000bfe
	[3]		50000c9f
	[4]		50000d5d
ARR 50000d69 (sz=40, trace=300000, nelems=5, elem type=java.lang.String[]@50000127)
	[0]		50000c53
	[1]		50000c00
	[2]		50000a2a
	[3]		50000ca1
	[4]		50000b55
ARR 50000d6a (sz=32, trace=300000, nelems=4, elem type=java.lang.String[]@50000127)
	[0]		50000c08
	[1]		50000a24
	[2]		50000bb7
	[3]		50000c38
ARR 50000d6b (sz=32, trace=300000, nelems=4, elem type=java.lang.String[]@50000127)
	[0]		50000c40
	[1]		50000c04
	[2]		50000bf8
	[3]		50000c95
ARR 50000d6c (sz=40, trace=300000, nelems=6, elem type=java.lang.String[]@50000127)
	[0]		50000bf4
	[1]		50000a0d
	[2]		50000ba9
	[3]		50000c1c
	[4]		50000ca8
	[5]		50000b71
ARR 50000d6d (sz=24, trace=300000, nelems=2, elem type=java.lang.String[]@50000127)
	[0]		50000bc9
	[1]		50000b5b
ARR 50000d6e (sz=24, trace=300000, nelems=2, elem type=java.lang.String[]@50000127)
	[0]		50000bcc
	[1]		50000b5d
ARR 50000d6f (sz=24, trace=300000, nelems=2, elem type=java.lang.String[]@50000127)
	[0]		50000bce
	[1]		50000b61
ARR 50000d70 (sz=24, trace=300000, nelems=2, elem type=java.lang.String[]@50000127)
	[0]		50000bd0
	[1]		50000b63
ARR 50000d71 (sz=32, trace=300000, nelems=3, elem type=java.lang.String[]@50000127)
	[0]		50000bd2
	[1]		50000b65
	[2]		50000caa
ARR 50000d72 (sz=24, trace=300000, nelems=2, elem type=java.lang.String[]@50000127)
	[0]		50000bd4
	[1]		50000b67
ARR 50000d73 (sz=24, trace=300000, nelems=1, elem type=java.lang.String[]@50000127)
	[0]		50000cbb
ARR 50000d74 (sz=32, trace=300000, nelems=3, elem type=java.lang.String[]@50000127)
	[0]		50000cbd
	[1]		50000c3a
	[2]		50000b97
ARR 50000d75 (sz=80, trace=300000, nelems=15, elem type=java.lang.String[]@50000127)
	[0]		50000d51
	[1]		50000baf
	[2]		50000d52
	[3]		50000d53
	[4]		50000d54
	[5]		50000d55
	[6]		50000d56
	[7]		50000cb1
	[8]		50000cdb
	[9]		50000d57
	[10]		50000d58
	[11]		50000d59
	[12]		50000d5a
	[13]		50000d5b
	[14]		50000d5c
ARR 50000d76 (sz=32, trace=300000, nelems=4, elem type=java.lang.String[]@50000127)
	[0]		50000bc0
	[1]		50000bb3
	[2]		50000c6d
	[3]		50000d50
ARR 50000d77 (sz=72, trace=300000, nelems=13, elem type=java.lang.String[]@50000127)
	[0]		50000c75
	[1]		50000cc9
	[2]		50000bee
	[3]		50000d4c
	[4]		50000d4d
	[5]		50000d4e
	[6]		50000c12
	[7]		50000c4a
	[8]		50000c5f
	[9]		50000c34
	[10]		50000cdd
	[11]		50000cb3
	[12]		50000d4f
ARR 50000d78 (sz=80, trace=300000, nelems=16, elem type=java.lang.String[]@50000127)
	[0]		50000c77
	[1]		50000ccb
	[2]		50000c06
	[3]		50000d47
	[4]		50000d48
	[5]		50000d49
	[6]		50000d4a
	[7]		50000b9f
	[8]		50000c66
	[9]		50000d4b
	[10]		50000b80
	[11]		50000c30
	[12]		50000c26
	[13]		50000ccd
	[14]		50000ca6
	[15]		50000b91
ARR 50000d79 (sz=64, trace=300000, nelems=12, elem type=java.lang.String[]@50000127)
	[0]		50000c79
	[1]		50000ccf
	[2]		50000bf0
	[3]		50000d43
	[4]		50000d44
	[5]		50000d45
	[6]		50000c51
	[7]		50000c6f
	[8]		50000c5d
	[9]		50000cb5
	[10]		50000cdf
	[11]		50000d46
ARR 50000d7a (sz=72, trace=300000, nelems=13, elem type=java.lang.String[]@50000127)
	[0]		50000c7b
	[1]		50000b95
	[2]		50000cd2
	[3]		50000c10
	[4]		50000d40
	[5]		50000d41
	[6]		50000c14
	[7]		50000c4e
	[8]		50000c71
	[9]		50000c61
	[10]		50000cb7
	[11]		50000ce1
	[12]		50000d42
ARR 50000d7b (sz=72, trace=300000, nelems=13, elem type=java.lang.String[]@50000127)
	[0]		50000c7d
	[1]		50000cd4
	[2]		50000c1e
	[3]		50000d3c
	[4]		50000d3d
	[5]		50000d3e
	[6]		50000c16
	[7]		50000c57
	[8]		50000c73
	[9]		50000c64
	[10]		50000cb9
	[11]		50000ce3
	[12]		50000d3f
ARR 50000d7c (sz=72, trace=300000, nelems=14, elem type=java.lang.String[]@50000127)
	[0]		50000c20
	[1]		50000d35
	[2]		50000c18
	[3]		50000c5b
	[4]		50000d36
	[5]		50000ca3
	[6]		50000d37
	[7]		50000cc5
	[8]		50000d38
	[9]		50000d39
	[10]		50000d3a
	[11]		50000a50
	[12]		50000cd8
	[13]		50000d3b
ARR 50000d7d (sz=24, trace=300000, nelems=2, elem type=java.lang.String[]@50000127)
	[0]		500009f1
	[1]		50000d34
ARR 50000d7e (sz=24, trace=300000, nelems=2, elem type=java.lang.String[]@50000127)
	[0]		50000a03
	[1]		50000d33
ARR 50000d7f (sz=24, trace=300000, nelems=2, elem type=java.lang.String[]@50000127)
	[0]		50000a6d
	[1]		50000d32
ARR 50000d80 (sz=24, trace=300000, nelems=2, elem type=java.lang.String[]@50000127)
	[0]		500009e5
	[1]		50000d31
ARR 50000d81 (sz=24, trace=300000, nelems=2, elem type=java.lang.String[]@50000127)
	[0]		50000a81
	[1]		50000d30
ARR 50000d82 (sz=24, trace=300000, nelems=1, elem type=java.lang.String[]@50000127)
	[0]		50000d2f
ARR 50000d83 (sz=32, trace=300000, nelems=3, elem type=java.lang.String[]@50000127)
	[0]		50000a84
	[1]		50000d2d
	[2]		50000d2e
ARR 50000d84 (sz=32, trace=300000, nelems=4, elem type=java.lang.String[]@50000127)
	[0]		50000a56
	[1]		50000d2a
	[2]		50000d2b
	[3]		50000d2c
ARR 50000d85 (sz=32, trace=300000, nelems=4, elem type=java.lang.String[]@50000127)
	[0]		50000a61
	[1]		50000bf2
	[2]		50000ba1
	[3]		50000d29
ARR 50000d86 (sz=24, trace=300000, nelems=2, elem type=java.lang.String[]@50000127)
	[0]		50000d27
	[1]		50000d28
ARR 50000d87 (sz=24, trace=300000, nelems=2, elem type=java.lang.String[]@50000127)
	[0]		500007d8
	[1]		50000cc3
ARR 50000d88 (sz=16, trace=300000, nelems=8, elem type=char[])
ARR 50000d89 (sz=10, trace=300000, nelems=5, elem type=char[])
ARR 50000d8a (sz=20, trace=300000, nelems=10, elem type=char[])
ARR 50000d8b (sz=36, trace=300000, nelems=18, elem type=char[])
ARR 50000d8c (sz=20, trace=300000, nelems=10, elem type=char[])
ARR 50000d8d (sz=30, trace=300000, nelems=15, elem type=char[])
ARR 50000d8e (sz=42, trace=300000, nelems=21, elem type=char[])
ARR 50000d8f (sz=20, trace=300000, nelems=10, elem type=char[])
ARR 50000d90 (sz=26, trace=300000, nelems=13, elem type=char[])
ARR 50000d91 (sz=10, trace=300000, nelems=5, elem type=char[])
ARR 50000d92 (sz=20, trace=300000, nelems=10, elem type=char[])
ARR 50000d93 (sz=20, trace=300000, nelems=10, elem type=char[])
ARR 50000d94 (sz=24, trace=300000, nelems=12, elem type=char[])
ARR 50000d95 (sz=24, trace=300000, nelems=12, elem type=char[])
ARR 50000d96 (sz=18, trace=300000, nelems=9, elem type=char[])
ARR 50000d97 (sz=30, trace=300000, nelems=15, elem type=char[])
ARR 50000d98 (sz=18, trace=300000, nelems=9, elem type=char[])
ARR 50000d99 (sz=14, trace=300000, nelems=7, elem type=char[])
ARR 50000d9a (sz=22, trace=300000, nelems=11, elem type=char[])
ARR 50000d9b (sz=12, trace=300000, nelems=6, elem type=char[])
ARR 50000d9c (sz=20, trace=300000, nelems=10, elem type=char[])
ARR 50000d9d (sz=22, trace=300000, nelems=11, elem type=char[])
ARR 50000d9e (sz=18, trace=300000, nelems=9, elem type=char[])
ARR 50000d9f (sz=30, trace=300000, nelems=15, elem type=char[])
ARR 50000da0 (sz=20, trace=300000, nelems=10, elem type=char[])
ARR 50000da1 (sz=22, trace=300000, nelems=11, elem type=char[])
ARR 50000da2 (sz=30, trace=300000, nelems=15, elem type=char[])
ARR 50000da3 (sz=20, trace=300000, nelems=10, elem type=char[])
ARR 50000da4 (sz=36, trace=300000, nelems=18, elem type=char[])
ARR 50000da5 (sz=18, trace=300000, nelems=9, elem type=char[])
ARR 50000da6 (sz=30, trace=300000, nelems=15, elem type=char[])
ARR 50000da7 (sz=20, trace=300000, nelems=10, elem type=char[])
ARR 50000da8 (sz=30, trace=300000, nelems=15, elem type=char[])
ARR 50000da9 (sz=16, trace=300000, nelems=8, elem type=char[])
ARR 50000daa (sz=16, trace=300000, nelems=8, elem type=char[])
ARR 50000dab (sz=30, trace=300000, nelems=15, elem type=char[])
ARR 50000dac (sz=20, trace=300000, nelems=10, elem type=char[])
ARR 50000dad (sz=22, trace=300000, nelems=11, elem type=char[])
ARR 50000dae (sz=18, trace=300000, nelems=9, elem type=char[])
ARR 50000daf (sz=30, trace=300000, nelems=15, elem type=char[])
ARR 50000db0 (sz=20, trace=300000, nelems=10, elem type=char[])
ARR 50000db1 (sz=20, trace=300000, nelems=10, elem type=char[])
ARR 50000db2 (sz=30, trace=300000, nelems=15, elem type=char[])
ARR 50000db3 (sz=22, trace=300000, nelems=11, elem type=char[])
ARR 50000db4 (sz=22, trace=300000, nelems=11, elem type=char[])
ARR 50000db5 (sz=4, trace=300000, nelems=2, elem type=char[])
ARR 50000db6 (sz=12, trace=300000, nelems=6, elem type=char[])
ARR 50000db7 (sz=12, trace=300000, nelems=6, elem type=char[])
ARR 50000db8 (sz=14, trace=300000, nelems=7, elem type=char[])
ARR 50000db9 (sz=12, trace=300000, nelems=6, elem type=char[])
ARR 50000dba (sz=20, trace=300000, nelems=10, elem type=char[])
ARR 50000dbb (sz=20, trace=300000, nelems=10, elem type=char[])
ARR 50000dbc (sz=22, trace=300000, nelems=11, elem type=char[])
ARR 50000dbd (sz=22, trace=300000, nelems=11, elem type=char[])
ARR 50000dbe (sz=16, trace=300000, nelems=8, elem type=char[])
ARR 50000dbf (sz=16, trace=300000, nelems=8, elem type=char[])
ARR 50000dc0 (sz=48, trace=300000, nelems=24, elem type=char[])
ARR 50000dc1 (sz=16, trace=300000, nelems=8, elem type=char[])
ARR 50000dc2 (sz=16, trace=300000, nelems=8, elem type=char[])
ARR 50000dc3 (sz=2, trace=300000, nelems=1, elem type=char[])
ARR 50000dc4 (sz=20, trace=300000, nelems=10, elem type=char[])
ARR 50000dc5 (sz=24, trace=300000, nelems=1, elem type=java.lang.Object[]@50000167)
	[0]		50000a24
ARR 50000dc6 (sz=24, trace=300000, nelems=1, elem type=java.lang.Object[]@50000167)
	[0]		50000a39
ARR 50000dc7 (sz=24, trace=300000, nelems=2, elem type=java.lang.Object[]@50000167)
	[0]		50000a46
	[1]		500009c2
ARR 50000dc8 (sz=10, trace=300000, nelems=5, elem type=char[])
ARR 50000dc9 (sz=32, trace=300000, nelems=4, elem type=java.lang.String[]@50000127)
	[0]		500007b9
	[1]		500007ba
	[2]		500007bb
	[3]		500007bc
ARR 50000dca (sz=6, trace=300000, nelems=3, elem type=char[])
ARR 50000dcb (sz=24, trace=300000, nelems=2, elem type=java.lang.Object[]@50000167)
	[0]		50000a4f
	[1]		50000dcc
OBJ 50000dcc (sz=24, trace=300000, class=sun.nio.cs.ISO_8859_1@50000044)
	name		50000dcd
	aliases		50000d7c
OBJ 50000dcd (sz=24, trace=300000, class=java.lang.String@500001cd)
	value		50000dce
ARR 50000dce (sz=20, trace=300000, nelems=10, elem type=char[])
OBJ 50000dcf (sz=24, trace=300000, class=sun.nio.cs.UTF_16BE@50000043)
	name		50000dd0
	aliases		50000d84
OBJ 50000dd0 (sz=24, trace=300000, class=java.lang.String@500001cd)
	value		50000dd1
ARR 50000dd1 (sz=16, trace=300000, nelems=8, elem type=char[])
ARR 50000dd2 (sz=24, trace=300000, nelems=2, elem type=java.lang.Object[]@50000167)
	[0]		50000a60
	[1]		50000dd3
OBJ 50000dd3 (sz=24, trace=300000, class=sun.nio.cs.UTF_16@50000041)
	name		50000dd4
	aliases		50000d85
OBJ 50000dd4 (sz=24, trace=300000, class=java.lang.String@500001cd)
	value		50000dd5
ARR 50000dd5 (sz=12, trace=300000, nelems=6, elem type=char[])
ARR 50000dd6 (sz=32, trace=300000, nelems=3, elem type=java.lang.Object[]@50000167)
	[0]		50000a69
	[2]		50000dd7
ARR 50000dd7 (sz=24, trace=300000, nelems=1, elem type=java.lang.Object[]@50000167)
	[0]		50000a6c
ARR 50000dd8 (sz=24, trace=300000, nelems=1, elem type=java.lang.Object[]@50000167)
	[0]		50000a77
ARR 50000dd9 (sz=32, trace=300000, nelems=3, elem type=java.lang.Object[]@50000167)
	[0]		50000a80
	[2]		50000dda
ARR 50000dda (sz=24, trace=300000, nelems=2, elem type=java.lang.Object[]@50000167)
	[0]		50000a83
	[1]		50000ddb
OBJ 50000ddb (sz=24, trace=300000, class=sun.nio.cs.UTF_16LE@50000042)
	name		50000ddc
	aliases		50000d83
OBJ 50000ddc (sz=24, trace=300000, class=java.lang.String@500001cd)
	value		50000ddd
ARR 50000ddd (sz=16, trace=300000, nelems=8, elem type=char[])
OBJ 50000dde (sz=16, trace=300000, class=java.util.concurrent.atomic.AtomicInteger@50000112)
ARR 50000ddf (sz=26, trace=300000, nelems=13, elem type=char[])
ARR 50000de0 (sz=38, trace=300000, nelems=19, elem type=char[])
ARR 50000de1 (sz=64, trace=300000, nelems=32, elem type=char[])
ARR 50000de2 (sz=56, trace=300000, nelems=28, elem type=char[])
ARR 50000de3 (sz=0, trace=300000, nelems=0, elem type=byte[])
OBJ 50000de4 (sz=16, trace=300000, class=java.lang.Object@500001d1)
OBJ 50000de5 (sz=24, trace=300000, class=java.lang.String@500001cd)
	value		50000e05
OBJ 50000de6 (sz=48, trace=300000, class=java.util.HashMap@50000125)
OBJ 50000de7 (sz=48, trace=300000, class=java.util.HashMap@50000125)
OBJ 50000de8 (sz=48, trace=300000, class=java.util.HashMap@50000125)
OBJ 50000de9 (sz=24, trace=300000, class=java.lang.String@500001cd)
	value		50000dee
OBJ 50000dea (sz=24, trace=300000, class=java.lang.String@500001cd)
	value		50000ded
OBJ 50000deb (sz=48, trace=300000, class=java.util.Hashtable@500001a4)
	table		50000dec
ARR 50000dec (sz=64, trace=300000, nelems=0, elem type=java.util.Hashtable$Entry[]@5000011e)
ARR 50000ded (sz=38, trace=300000, nelems=19, elem type=char[])
ARR 50000dee (sz=50, trace=300000, nelems=25, elem type=char[])
OBJ 50000def (sz=24, trace=300000, class=java.lang.String@500001cd)
	value		50000df7
OBJ 50000df0 (sz=24, trace=300000, class=java.lang.String@500001cd)
	value		50000df6
OBJ 50000df1 (sz=24, trace=300000, class=java.lang.String@500001cd)
	value		50000df5
OBJ 50000df2 (sz=24, trace=300000, class=java.lang.String@500001cd)
	value		50000df4
ARR 50000df3 (sz=32, trace=300000, nelems=16, elem type=char[])
ARR 50000df4 (sz=32, trace=300000, nelems=16, elem type=char[])
ARR 50000df5 (sz=48, trace=300000, nelems=24, elem type=char[])
ARR 50000df6 (sz=38, trace=300000, nelems=19, elem type=char[])
ARR 50000df7 (sz=6, trace=300000, nelems=3, elem type=char[])
OBJ 50000df8 (sz=24, trace=300000, class=java.lang.String@500001cd)
	value		50000df9
ARR 50000df9 (sz=12, trace=300000, nelems=6, elem type=char[])
OBJ 50000dfa (sz=24, trace=300000, class=java.lang.String@500001cd)
	value		50000e00
OBJ 50000dfb (sz=24, trace=300000, class=java.lang.String@500001cd)
	value		50000e03
ARR 50000dfc (sz=24, trace=300000, nelems=2, elem type=java.io.ObjectStreamField[]@50000159)
	[0]		50000dfd
	[1]		50000dfe
OBJ 50000dfd (sz=40, trace=300000, class=java.io.ObjectStreamField@5000015b)
	name		50000dfb
	signature	50000e02
	type		500001a4
OBJ 50000dfe (sz=40, trace=300000, class=java.io.ObjectStreamField@5000015b)
	name		50000dfa
	signature	50000dff
	type		50000018
OBJ 50000dff (sz=24, trace=300000, class=java.lang.String@500001cd)
	value		50000e01
ARR 50000e00 (sz=26, trace=300000, nelems=13, elem type=char[])
ARR 50000e01 (sz=72, trace=300000, nelems=36, elem type=char[])
OBJ 50000e02 (sz=24, trace=300000, class=java.lang.String@500001cd)
	value		50000e04
ARR 50000e03 (sz=10, trace=300000, nelems=5, elem type=char[])
ARR 50000e04 (sz=42, trace=300000, nelems=21, elem type=char[])
ARR 50000e05 (sz=8, trace=300000, nelems=4, elem type=char[])
ARR 50000e06 (sz=2, trace=300000, nelems=1, elem type=char[])
OBJ 50000e07 (sz=24, trace=300000, class=java.lang.String@500001cd)
	value		50000e0e
ARR 50000e08 (sz=24, trace=300000, nelems=1, elem type=java.io.ObjectStreamField[]@50000159)
	[0]		50000e09
OBJ 50000e09 (sz=40, trace=300000, class=java.io.ObjectStreamField@5000015b)
	name		5000040b
	signature	50000e0a
	type		50000142
OBJ 50000e0a (sz=24, trace=300000, class=java.lang.String@500001cd)
	value		50000e0c
ARR 50000e0b (sz=22, trace=300000, nelems=11, elem type=char[])
ARR 50000e0c (sz=36, trace=300000, nelems=18, elem type=char[])
ARR 50000e0d (sz=2, trace=300000, nelems=1, elem type=char[])
ARR 50000e0e (sz=26, trace=300000, nelems=13, elem type=char[])
OBJ 50000e0f (sz=24, trace=300000, class=java.lang.String@500001cd)
	value		50000ecf
OBJ 50000e10 (sz=24, trace=300000, class=java.lang.String@500001cd)
	value		50000ed4
OBJ 50000e11 (sz=24, trace=300000, class=java.lang.String@500001cd)
	value		50000e25
OBJ 50000e12 (sz=24, trace=300000, class=java.lang.String@500001cd)
	value		50000e24
OBJ 50000e13 (sz=24, trace=300000, class=java.lang.String@500001cd)
	value		50000e23
OBJ 50000e14 (sz=24, trace=300000, class=java.lang.String@500001cd)
	value		50000e22
OBJ 50000e15 (sz=24, trace=300000, class=java.lang.String@500001cd)
	value		50000e21
OBJ 50000e16 (sz=24, trace=300000, class=java.lang.String@500001cd)
	value		50000e20
OBJ 50000e17 (sz=24, trace=300000, class=java.lang.String@500001cd)
	value		50000e1f
OBJ 50000e18 (sz=24, trace=300000, class=java.lang.String@500001cd)
	value		50000e1b
OBJ 50000e19 (sz=24, trace=300000, class=java.lang.String@500001cd)
	value		50000e1a
ARR 50000e1a (sz=30, trace=300000, nelems=15, elem type=char[])
ARR 50000e1b (sz=18, trace=300000, nelems=9, elem type=char[])
OBJ 50000e1c (sz=24, trace=300000, class=java.lang.String@500001cd)
	value		50000e1d
ARR 50000e1d (sz=6, trace=300000, nelems=3, elem type=char[])
ARR 50000e1e (sz=62, trace=300000, nelems=31, elem type=char[])
ARR 50000e1f (sz=10, trace=300000, nelems=5, elem type=char[])
ARR 50000e20 (sz=90, trace=300000, nelems=45, elem type=char[])
ARR 50000e21 (sz=98, trace=300000, nelems=49, elem type=char[])
ARR 50000e22 (sz=80, trace=300000, nelems=40, elem type=char[])
ARR 50000e23 (sz=76, trace=300000, nelems=38, elem type=char[])
ARR 50000e24 (sz=54, trace=300000, nelems=27, elem type=char[])
ARR 50000e25 (sz=24, trace=300000, nelems=12, elem type=char[])
OBJ 50000e26 (sz=24, trace=300000, class=java.lang.String@500001cd)
	value		50000ed3
OBJ 50000e27 (sz=24, trace=300000, class=java.lang.String@500001cd)
	value		50000e2a
OBJ 50000e28 (sz=24, trace=300000, class=java.lang.String@500001cd)
	value		50000e2c
OBJ 50000e29 (sz=24, trace=300000, class=java.lang.String@500001cd)
	value		50000e2b
ARR 50000e2a (sz=38, trace=300000, nelems=19, elem type=char[])
ARR 50000e2b (sz=68, trace=300000, nelems=34, elem type=char[])
ARR 50000e2c (sz=8, trace=300000, nelems=4, elem type=char[])
OBJ 50000e2d (sz=24, trace=300000, class=java.lang.String@500001cd)
	value		50000ed1
OBJ 50000e2e (sz=24, trace=300000, class=java.lang.String@500001cd)
	value		50000ed0
OBJ 50000e2f (sz=48, trace=300000, class=java.util.HashMap@50000125)
	table		50000e30
ARR 50000e30 (sz=80, trace=300000, nelems=15, elem type=java.util.HashMap$Node[]@50000121)
	[2]		50000e31
	[4]		50000e32
	[6]		50000e33
	[7]		50000e34
	[11]		50000e35
	[13]		50000e36
	[14]		50000e37
OBJ 50000e31 (sz=32, trace=300000, class=java.util.HashMap$Node@50000123)
	key		50000ebc
	value		50000ebb
	next		50000eba
OBJ 50000e32 (sz=32, trace=300000, class=java.util.HashMap$Node@50000123)
	key		50000eb2
	value		50000eb1
OBJ 50000e33 (sz=32, trace=300000, class=java.util.HashMap$Node@50000123)
	key		50000ea7
	value		50000ea6
OBJ 50000e34 (sz=32, trace=300000, class=java.util.HashMap$Node@50000123)
	key		50000e9c
	value		50000e9b
OBJ 50000e35 (sz=32, trace=300000, class=java.util.HashMap$Node@50000123)
	key		50000e4a
	value		50000e49
	next		50000e48
OBJ 50000e36 (sz=32, trace=300000, class=java.util.HashMap$Node@50000123)
	key		50000e40
	value		50000e3f
OBJ 50000e37 (sz=32, trace=300000, class=java.util.HashMap$Node@50000123)
	key		50000e39
	value		50000e38
OBJ 50000e38 (sz=24, trace=300000, class=sun.misc.MetaIndex@50000097)
	contents	50000e3c
OBJ 50000e39 (sz=32, trace=300000, class=java.io.File@5000017a)
	path		50000e3a
OBJ 50000e3a (sz=24, trace=300000, class=java.lang.String@500001cd)
	value		50000e3b
ARR 50000e3b (sz=176, trace=300000, nelems=88, elem type=char[])
ARR 50000e3c (sz=24, trace=300000, nelems=1, elem type=java.lang.String[]@50000127)
	[0]		50000e3d
OBJ 50000e3d (sz=24, trace=300000, class=java.lang.String@500001cd)
	value		50000e3e
ARR 50000e3e (sz=54, trace=300000, nelems=27, elem type=char[])
OBJ 50000e3f (sz=24, trace=300000, class=sun.misc.MetaIndex@50000097)
	contents	50000e43
OBJ 50000e40 (sz=32, trace=300000, class=java.io.File@5000017a)
	path		50000e41
OBJ 50000e41 (sz=24, trace=300000, class=java.lang.String@500001cd)
	value		50000e42
ARR 50000e42 (sz=172, trace=300000, nelems=86, elem type=char[])
ARR 50000e43 (sz=24, trace=300000, nelems=2, elem type=java.lang.String[]@50000127)
	[0]		50000e44
	[1]		50000e45
OBJ 50000e44 (sz=24, trace=300000, class=java.lang.String@500001cd)
	value		50000e47
OBJ 50000e45 (sz=24, trace=300000, class=java.lang.String@500001cd)
	value		50000e46
ARR 50000e46 (sz=14, trace=300000, nelems=7, elem type=char[])
ARR 50000e47 (sz=126, trace=300000, nelems=63, elem type=char[])
OBJ 50000e48 (sz=32, trace=300000, class=java.util.HashMap$Node@50000123)
	key		50000e56
	value		50000e55
	next		50000e54
OBJ 50000e49 (sz=24, trace=300000, class=sun.misc.MetaIndex@50000097)
	contents	50000e4d
OBJ 50000e4a (sz=32, trace=300000, class=java.io.File@5000017a)
	path		50000e4b
OBJ 50000e4b (sz=24, trace=300000, class=java.lang.String@500001cd)
	value		50000e4c
ARR 50000e4c (sz=172, trace=300000, nelems=86, elem type=char[])
ARR 50000e4d (sz=32, trace=300000, nelems=3, elem type=java.lang.String[]@50000127)
	[0]		50000e4e
	[1]		50000e4f
	[2]		50000e50
OBJ 50000e4e (sz=24, trace=300000, class=java.lang.String@500001cd)
	value		50000e53
OBJ 50000e4f (sz=24, trace=300000, class=java.lang.String@500001cd)
	value		50000e52
OBJ 50000e50 (sz=24, trace=300000, class=java.lang.String@500001cd)
	value		50000e51
ARR 50000e51 (sz=40, trace=300000, nelems=20, elem type=char[])
ARR 50000e52 (sz=42, trace=300000, nelems=21, elem type=char[])
ARR 50000e53 (sz=24, trace=300000, nelems=12, elem type=char[])
OBJ 50000e54 (sz=32, trace=300000, class=java.util.HashMap$Node@50000123)
	key		50000e5f
	value		50000e5e
OBJ 50000e55 (sz=24, trace=300000, class=sun.misc.MetaIndex@50000097)
	contents	50000e59
OBJ 50000e56 (sz=32, trace=300000, class=java.io.File@5000017a)
	path		50000e57
OBJ 50000e57 (sz=24, trace=300000, class=java.lang.String@500001cd)
	value		50000e58
ARR 50000e58 (sz=172, trace=300000, nelems=86, elem type=char[])
ARR 50000e59 (sz=24, trace=300000, nelems=2, elem type=java.lang.String[]@50000127)
	[0]		50000e5a
	[1]		50000e5b
OBJ 50000e5a (sz=24, trace=300000, class=java.lang.String@500001cd)
	value		50000e5d
OBJ 50000e5b (sz=24, trace=300000, class=java.lang.String@500001cd)
	value		50000e5c
ARR 50000e5c (sz=24, trace=300000, nelems=12, elem type=char[])
ARR 50000e5d (sz=108, trace=300000, nelems=54, elem type=char[])
OBJ 50000e5e (sz=24, trace=300000, class=sun.misc.MetaIndex@50000097)
	contents	50000e62
OBJ 50000e5f (sz=32, trace=300000, class=java.io.File@5000017a)
	path		50000e60
OBJ 50000e60 (sz=24, trace=300000, class=java.lang.String@500001cd)
	value		50000e61
ARR 50000e61 (sz=172, trace=300000, nelems=86, elem type=char[])
ARR 50000e62 (sz=128, trace=300000, nelems=28, elem type=java.lang.String[]@50000127)
	[0]		50000e63
	[1]		50000e64
	[2]		50000e65
	[3]		50000e66
	[4]		50000e67
	[5]		50000e68
	[6]		50000e69
	[7]		50000e6a
	[8]		50000e6b
	[9]		50000e6c
	[10]		50000e6d
	[11]		50000e6e
	[12]		50000e6f
	[13]		50000e70
	[14]		50000e71
	[15]		50000e72
	[16]		50000e73
	[17]		50000e74
	[18]		50000e75
	[19]		50000e76
	[20]		50000e77
	[21]		50000e78
	[22]		50000e79
	[23]		50000e7a
	[24]		50000e7b
	[25]		50000e7c
	[26]		50000e7d
	[27]		50000e7e
OBJ 50000e63 (sz=24, trace=300000, class=java.lang.String@500001cd)
	value		50000e9a
OBJ 50000e64 (sz=24, trace=300000, class=java.lang.String@500001cd)
	value		50000e99
OBJ 50000e65 (sz=24, trace=300000, class=java.lang.String@500001cd)
	value		50000e98
OBJ 50000e66 (sz=24, trace=300000, class=java.lang.String@500001cd)
	value		50000e97
OBJ 50000e67 (sz=24, trace=300000, class=java.lang.String@500001cd)
	value		50000e96
OBJ 50000e68 (sz=24, trace=300000, class=java.lang.String@500001cd)
	value		50000e95
OBJ 50000e69 (sz=24, trace=300000, class=java.lang.String@500001cd)
	value		50000e94
OBJ 50000e6a (sz=24, trace=300000, class=java.lang.String@500001cd)
	value		50000e93
OBJ 50000e6b (sz=24, trace=300000, class=java.lang.String@500001cd)
	value		50000e92
OBJ 50000e6c (sz=24, trace=300000, class=java.lang.String@500001cd)
	value		50000e91
OBJ 50000e6d (sz=24, trace=300000, class=java.lang.String@500001cd)
	value		50000e90
OBJ 50000e6e (sz=24, trace=300000, class=java.lang.String@500001cd)
	value		50000e8f
OBJ 50000e6f (sz=24, trace=300000, class=java.lang.String@500001cd)
	value		50000e8e
OBJ 50000e70 (sz=24, trace=300000, class=java.lang.String@500001cd)
	value		50000e8d
OBJ 50000e71 (sz=24, trace=300000, class=java.lang.String@500001cd)
	value		50000e8c
OBJ 50000e72 (sz=24, trace=300000, class=java.lang.String@500001cd)
	value		50000e8b
OBJ 50000e73 (sz=24, trace=300000, class=java.lang.String@500001cd)
	value		50000e8a
OBJ 50000e74 (sz=24, trace=300000, class=java.lang.String@500001cd)
	value		50000e89
OBJ 50000e75 (sz=24, trace=300000, class=java.lang.String@500001cd)
	value		50000e88
OBJ 50000e76 (sz=24, trace=300000, class=java.lang.String@500001cd)
	value		50000e87
OBJ 50000e77 (sz=24, trace=300000, class=java.lang.String@500001cd)
	value		50000e86
OBJ 50000e78 (sz=24, trace=300000, class=java.lang.String@500001cd)
	value		50000e85
OBJ 50000e79 (sz=24, trace=300000, class=java.lang.String@500001cd)
	value		50000e84
OBJ 50000e7a (sz=24, trace=300000, class=java.lang.String@500001cd)
	value		50000e83
OBJ 50000e7b (sz=24, trace=300000, class=java.lang.String@500001cd)
	value		50000e82
OBJ 50000e7c (sz=24, trace=300000, class=java.lang.String@500001cd)
	value		50000e81
OBJ 50000e7d (sz=24, trace=300000, class=java.lang.String@500001cd)
	value		50000e80
OBJ 50000e7e (sz=24, trace=300000, class=java.lang.String@500001cd)
	value		50000e7f
ARR 50000e7f (sz=40, trace=300000, nelems=20, elem type=char[])
ARR 50000e80 (sz=24, trace=300000, nelems=12, elem type=char[])
ARR 50000e81 (sz=26, trace=300000, nelems=13, elem type=char[])
ARR 50000e82 (sz=26, trace=300000, nelems=13, elem type=char[])
ARR 50000e83 (sz=26, trace=300000, nelems=13, elem type=char[])
ARR 50000e84 (sz=32, trace=300000, nelems=16, elem type=char[])
ARR 50000e85 (sz=24, trace=300000, nelems=12, elem type=char[])
ARR 50000e86 (sz=26, trace=300000, nelems=13, elem type=char[])
ARR 50000e87 (sz=38, trace=300000, nelems=19, elem type=char[])
ARR 50000e88 (sz=22, trace=300000, nelems=11, elem type=char[])
ARR 50000e89 (sz=36, trace=300000, nelems=18, elem type=char[])
ARR 50000e8a (sz=38, trace=300000, nelems=19, elem type=char[])
ARR 50000e8b (sz=26, trace=300000, nelems=13, elem type=char[])
ARR 50000e8c (sz=38, trace=300000, nelems=19, elem type=char[])
ARR 50000e8d (sz=34, trace=300000, nelems=17, elem type=char[])
ARR 50000e8e (sz=30, trace=300000, nelems=15, elem type=char[])
ARR 50000e8f (sz=34, trace=300000, nelems=17, elem type=char[])
ARR 50000e90 (sz=28, trace=300000, nelems=14, elem type=char[])
ARR 50000e91 (sz=30, trace=300000, nelems=15, elem type=char[])
ARR 50000e92 (sz=38, trace=300000, nelems=19, elem type=char[])
ARR 50000e93 (sz=54, trace=300000, nelems=27, elem type=char[])
ARR 50000e94 (sz=46, trace=300000, nelems=23, elem type=char[])
ARR 50000e95 (sz=30, trace=300000, nelems=15, elem type=char[])
ARR 50000e96 (sz=40, trace=300000, nelems=20, elem type=char[])
ARR 50000e97 (sz=34, trace=300000, nelems=17, elem type=char[])
ARR 50000e98 (sz=42, trace=300000, nelems=21, elem type=char[])
ARR 50000e99 (sz=66, trace=300000, nelems=33, elem type=char[])
ARR 50000e9a (sz=38, trace=300000, nelems=19, elem type=char[])
OBJ 50000e9b (sz=24, trace=300000, class=sun.misc.MetaIndex@50000097)
	contents	50000e9f
OBJ 50000e9c (sz=32, trace=300000, class=java.io.File@5000017a)
	path		50000e9d
OBJ 50000e9d (sz=24, trace=300000, class=java.lang.String@500001cd)
	value		50000e9e
ARR 50000e9e (sz=192, trace=300000, nelems=96, elem type=char[])
ARR 50000e9f (sz=32, trace=300000, nelems=3, elem type=java.lang.String[]@50000127)
	[0]		50000ea0
	[1]		50000ea1
	[2]		50000ea2
OBJ 50000ea0 (sz=24, trace=300000, class=java.lang.String@500001cd)
	value		50000ea5
OBJ 50000ea1 (sz=24, trace=300000, class=java.lang.String@500001cd)
	value		50000ea4
OBJ 50000ea2 (sz=24, trace=300000, class=java.lang.String@500001cd)
	value		50000ea3
ARR 50000ea3 (sz=40, trace=300000, nelems=20, elem type=char[])
ARR 50000ea4 (sz=42, trace=300000, nelems=21, elem type=char[])
ARR 50000ea5 (sz=30, trace=300000, nelems=15, elem type=char[])
OBJ 50000ea6 (sz=24, trace=300000, class=sun.misc.MetaIndex@50000097)
	contents	50000eaa
OBJ 50000ea7 (sz=32, trace=300000, class=java.io.File@5000017a)
	path		50000ea8
OBJ 50000ea8 (sz=24, trace=300000, class=java.lang.String@500001cd)
	value		50000ea9
ARR 50000ea9 (sz=180, trace=300000, nelems=90, elem type=char[])
ARR 50000eaa (sz=32, trace=300000, nelems=3, elem type=java.lang.String[]@50000127)
	[0]		50000eab
	[1]		50000eac
	[2]		50000ead
OBJ 50000eab (sz=24, trace=300000, class=java.lang.String@500001cd)
	value		50000eb0
OBJ 50000eac (sz=24, trace=300000, class=java.lang.String@500001cd)
	value		50000eaf
OBJ 50000ead (sz=24, trace=300000, class=java.lang.String@500001cd)
	value		50000eae
ARR 50000eae (sz=40, trace=300000, nelems=20, elem type=char[])
ARR 50000eaf (sz=42, trace=300000, nelems=21, elem type=char[])
ARR 50000eb0 (sz=24, trace=300000, nelems=12, elem type=char[])
OBJ 50000eb1 (sz=24, trace=300000, class=sun.misc.MetaIndex@50000097)
	contents	50000eb5
OBJ 50000eb2 (sz=32, trace=300000, class=java.io.File@5000017a)
	path		50000eb3
OBJ 50000eb3 (sz=24, trace=300000, class=java.lang.String@500001cd)
	value		50000eb4
ARR 50000eb4 (sz=182, trace=300000, nelems=91, elem type=char[])
ARR 50000eb5 (sz=24, trace=300000, nelems=2, elem type=java.lang.String[]@50000127)
	[0]		50000eb6
	[1]		50000eb7
OBJ 50000eb6 (sz=24, trace=300000, class=java.lang.String@500001cd)
	value		50000eb9
OBJ 50000eb7 (sz=24, trace=300000, class=java.lang.String@500001cd)
	value		50000eb8
ARR 50000eb8 (sz=16, trace=300000, nelems=8, elem type=char[])
ARR 50000eb9 (sz=16, trace=300000, nelems=8, elem type=char[])
OBJ 50000eba (sz=32, trace=300000, class=java.util.HashMap$Node@50000123)
	key		50000ec5
	value		50000ec4
OBJ 50000ebb (sz=24, trace=300000, class=sun.misc.MetaIndex@50000097)
	contents	50000ebf
OBJ 50000ebc (sz=32, trace=300000, class=java.io.File@5000017a)
	path		50000ebd
OBJ 50000ebd (sz=24, trace=300000, class=java.lang.String@500001cd)
	value		50000ebe
ARR 50000ebe (sz=178, trace=300000, nelems=89, elem type=char[])
ARR 50000ebf (sz=24, trace=300000, nelems=2, elem type=java.lang.String[]@50000127)
	[0]		50000ec0
	[1]		50000ec1
OBJ 50000ec0 (sz=24, trace=300000, class=java.lang.String@500001cd)
	value		50000ec3
OBJ 50000ec1 (sz=24, trace=300000, class=java.lang.String@500001cd)
	value		50000ec2
ARR 50000ec2 (sz=16, trace=300000, nelems=8, elem type=char[])
ARR 50000ec3 (sz=16, trace=300000, nelems=8, elem type=char[])
OBJ 50000ec4 (sz=24, trace=300000, class=sun.misc.MetaIndex@50000097)
	contents	50000ec8
OBJ 50000ec5 (sz=32, trace=300000, class=java.io.File@5000017a)
	path		50000ec6
OBJ 50000ec6 (sz=24, trace=300000, class=java.lang.String@500001cd)
	value		50000ec7
ARR 50000ec7 (sz=176, trace=300000, nelems=88, elem type=char[])
ARR 50000ec8 (sz=32, trace=300000, nelems=3, elem type=java.lang.String[]@50000127)
	[0]		50000ec9
	[1]		50000eca
	[2]		50000ecb
OBJ 50000ec9 (sz=24, trace=300000, class=java.lang.String@500001cd)
	value		50000ece
OBJ 50000eca (sz=24, trace=300000, class=java.lang.String@500001cd)
	value		50000ecd
OBJ 50000ecb (sz=24, trace=300000, class=java.lang.String@500001cd)
	value		50000ecc
ARR 50000ecc (sz=24, trace=300000, nelems=12, elem type=char[])
ARR 50000ecd (sz=100, trace=300000, nelems=50, elem type=char[])
ARR 50000ece (sz=22, trace=300000, nelems=11, elem type=char[])
ARR 50000ecf (sz=12, trace=300000, nelems=6, elem type=char[])
ARR 50000ed0 (sz=22, trace=300000, nelems=11, elem type=char[])
ARR 50000ed1 (sz=20, trace=300000, nelems=10, elem type=char[])
OBJ 50000ed2 (sz=16, trace=300000, class=java.lang.Object@500001d1)
ARR 50000ed3 (sz=4, trace=300000, nelems=2, elem type=char[])
ARR 50000ed4 (sz=6, trace=300000, nelems=3, elem type=char[])
OBJ 50000ed5 (sz=24, trace=300000, class=java.lang.String@500001cd)
	value		50000ed6
ARR 50000ed6 (sz=4, trace=300000, nelems=2, elem type=char[])
ARR 50000ed7 (sz=12, trace=300000, nelems=6, elem type=char[])
ARR 50000ed8 (sz=10, trace=300000, nelems=5, elem type=char[])
ARR 50000ed9 (sz=6, trace=300000, nelems=3, elem type=char[])
ARR 50000eda (sz=8, trace=300000, nelems=4, elem type=char[])
ARR 50000edb (sz=14, trace=300000, nelems=7, elem type=char[])
ARR 50000edc (sz=2, trace=300000, nelems=1, elem type=char[])
OBJ 50000edd (sz=24, trace=300000, class=sun.nio.cs.ThreadLocalCoders$2@50000021)
	cache		50000ee0
OBJ 50000ede (sz=24, trace=300000, class=sun.nio.cs.ThreadLocalCoders$1@50000022)
	cache		50000edf
OBJ 50000edf (sz=16, trace=300000, class=java.lang.ThreadLocal@50000113)
OBJ 50000ee0 (sz=16, trace=300000, class=java.lang.ThreadLocal@50000113)
OBJ 50000ee1 (sz=24, trace=300000, class=java.lang.String@500001cd)
	value		50000eea
OBJ 50000ee2 (sz=24, trace=300000, class=java.lang.String@500001cd)
	value		50000ee9
OBJ 50000ee3 (sz=24, trace=300000, class=java.lang.String@500001cd)
	value		50000ee8
ARR 50000ee4 (sz=512, trace=300000, nelems=256, elem type=char[])
ARR 50000ee5 (sz=1024, trace=300000, nelems=256, elem type=int[])
OBJ 50000ee6 (sz=16, trace=300000, class=java.lang.CharacterDataLatin1@5000006b)
ARR 50000ee7 (sz=4, trace=300000, nelems=2, elem type=char[])
ARR 50000ee8 (sz=1024, trace=300000, nelems=512, elem type=char[])
ARR 50000ee9 (sz=512, trace=300000, nelems=256, elem type=char[])
ARR 50000eea (sz=8, trace=300000, nelems=4, elem type=char[])
ARR 50000eeb (sz=10, trace=300000, nelems=5, elem type=char[])
ARR 50000eec (sz=16, trace=300000, nelems=8, elem type=char[])
ARR 50000eed (sz=14, trace=300000, nelems=7, elem type=char[])
ARR 50000eee (sz=4, trace=300000, nelems=2, elem type=char[])
ARR 50000eef (sz=14, trace=300000, nelems=7, elem type=char[])
ARR 50000ef0 (sz=24, trace=300000, nelems=12, elem type=char[])
ARR 50000ef1 (sz=18, trace=300000, nelems=9, elem type=char[])
ARR 50000ef2 (sz=4, trace=300000, nelems=2, elem type=char[])
ARR 50000ef3 (sz=6, trace=300000, nelems=3, elem type=char[])
ARR 50000ef4 (sz=6, trace=300000, nelems=3, elem type=char[])
ARR 50000ef5 (sz=8, trace=300000, nelems=4, elem type=char[])
OBJ 50000ef6 (sz=24, trace=300000, class=java.lang.String@500001cd)
	value		50000ef9
OBJ 50000ef7 (sz=24, trace=300000, class=java.lang.String@500001cd)
	value		50000ef8
ARR 50000ef8 (sz=2, trace=300000, nelems=1, elem type=char[])
ARR 50000ef9 (sz=4, trace=300000, nelems=2, elem type=char[])
OBJ 50000efa (sz=24, trace=300000, class=java.lang.String@500001cd)
	value		50000efe
OBJ 50000efb (sz=24, trace=300000, class=java.lang.String@500001cd)
	value		50000eff
OBJ 50000efc (sz=24, trace=300000, class=java.lang.String@500001cd)
	value		50000f00
OBJ 50000efd (sz=24, trace=300000, class=java.lang.String@500001cd)
	value		50000f01
ARR 50000efe (sz=28, trace=300000, nelems=14, elem type=char[])
ARR 50000eff (sz=24, trace=300000, nelems=12, elem type=char[])
ARR 50000f00 (sz=20, trace=300000, nelems=10, elem type=char[])
ARR 50000f01 (sz=26, trace=300000, nelems=13, elem type=char[])
OBJ 50000f02 (sz=48, trace=300000, class=java.util.HashMap@50000125)
ARR 50000f03 (sz=18, trace=300000, nelems=9, elem type=char[])
OBJ 50000f04 (sz=40, trace=300000, class=java.io.ObjectStreamField@5000015b)
	name		50000783
	signature	5000097b
	type		500001cd
OBJ 50000f05 (sz=40, trace=300000, class=java.io.ObjectStreamField@5000015b)
	name		50000784
	signature	5000097b
	type		500001cd
OBJ 50000f06 (sz=40, trace=300000, class=java.io.ObjectStreamField@5000015b)
	name		50000785
	signature	500005ba
	type		500003be
OBJ 50000f07 (sz=40, trace=300000, class=java.io.ObjectStreamField@5000015b)
	name		50000786
	signature	5000097b
	type		500001cd
OBJ 50000f08 (sz=40, trace=300000, class=java.io.ObjectStreamField@5000015b)
	name		50000787
	signature	5000097b
	type		500001cd
OBJ 50000f09 (sz=40, trace=300000, class=java.io.ObjectStreamField@5000015b)
	name		50000788
	signature	5000097b
	type		500001cd
OBJ 50000f0a (sz=40, trace=300000, class=java.io.ObjectStreamField@5000015b)
	name		50000789
	signature	500005ba
	type		500003be
ARR 50000f0b (sz=16, trace=300000, nelems=8, elem type=char[])
ARR 50000f0c (sz=6, trace=300000, nelems=3, elem type=char[])
ARR 50000f0d (sz=18, trace=300000, nelems=9, elem type=char[])
ARR 50000f0e (sz=8, trace=300000, nelems=4, elem type=char[])
ARR 50000f0f (sz=8, trace=300000, nelems=4, elem type=char[])
ARR 50000f10 (sz=16, trace=300000, nelems=8, elem type=char[])
ARR 50000f11 (sz=16, trace=300000, nelems=8, elem type=char[])
ARR 50000f12 (sz=2, trace=300000, nelems=1, elem type=char[])
ARR 50000f13 (sz=8, trace=300000, nelems=4, elem type=char[])
OBJ 50000f14 (sz=16, trace=300000, class=java.util.HashSet@5000005f)
	map		50000f15
OBJ 50000f15 (sz=48, trace=300000, class=java.util.HashMap@50000125)
ARR 50000f16 (sz=56, trace=300000, nelems=0, elem type=java.lang.Object[]@50000167)
OBJ 50000f17 (sz=16, trace=300000, class=sun.net.www.protocol.jar.Handler@5000005d)
OBJ 50000f18 (sz=48, trace=300000, class=java.util.HashMap@50000125)
	table		50000f77
OBJ 50000f19 (sz=24, trace=300000, class=java.util.ArrayList@5000013c)
	elementData	50000f3f
OBJ 50000f1a (sz=32, trace=300000, class=java.util.Stack@50000141)
	elementData	50000f3e
OBJ 50000f1b (sz=24, trace=300000, class=java.util.ArrayList@5000013c)
	elementData	50000f1c
ARR 50000f1c (sz=80, trace=300000, nelems=11, elem type=java.lang.Object[]@50000167)
	[0]		50000f1d
	[1]		50000f1e
	[2]		50000f1f
	[3]		50000f20
	[4]		50000f21
	[5]		50000f22
	[6]		50000f23
	[7]		50000f24
	[8]		50000f25
	[9]		50000f26
	[10]		50000f27
OBJ 50000f1d (sz=64, trace=300000, class=java.net.URL@50000178)
	protocol	50000787
	host		500003e5
	file		50000f3c
	authority	500003e5
	path		50000f3c
	handler		50000791
OBJ 50000f1e (sz=64, trace=300000, class=java.net.URL@50000178)
	protocol	50000787
	host		500003e5
	file		50000f3a
	authority	500003e5
	path		50000f3a
	handler		50000791
OBJ 50000f1f (sz=64, trace=300000, class=java.net.URL@50000178)
	protocol	50000787
	host		500003e5
	file		50000f38
	authority	500003e5
	path		50000f38
	handler		50000791
OBJ 50000f20 (sz=64, trace=300000, class=java.net.URL@50000178)
	protocol	50000787
	host		500003e5
	file		50000f36
	authority	500003e5
	path		50000f36
	handler		50000791
OBJ 50000f21 (sz=64, trace=300000, class=java.net.URL@50000178)
	protocol	50000787
	host		500003e5
	file		50000f34
	authority	500003e5
	path		50000f34
	handler		50000791
OBJ 50000f22 (sz=64, trace=300000, class=java.net.URL@50000178)
	protocol	50000787
	host		500003e5
	file		50000f32
	authority	500003e5
	path		50000f32
	handler		50000791
OBJ 50000f23 (sz=64, trace=300000, class=java.net.URL@50000178)
	protocol	50000787
	host		500003e5
	file		50000f30
	authority	500003e5
	path		50000f30
	handler		50000791
OBJ 50000f24 (sz=64, trace=300000, class=java.net.URL@50000178)
	protocol	50000787
	host		500003e5
	file		50000f2e
	authority	500003e5
	path		50000f2e
	handler		50000791
OBJ 50000f25 (sz=64, trace=300000, class=java.net.URL@50000178)
	protocol	50000787
	host		500003e5
	file		50000f2c
	authority	500003e5
	path		50000f2c
	handler		50000791
OBJ 50000f26 (sz=64, trace=300000, class=java.net.URL@50000178)
	protocol	50000787
	host		500003e5
	file		50000f2a
	authority	500003e5
	path		50000f2a
	handler		50000791
OBJ 50000f27 (sz=64, trace=300000, class=java.net.URL@50000178)
	protocol	50000787
	host		500003e5
	file		50000f28
	authority	500003e5
	path		50000f28
	handler		50000791
OBJ 50000f28 (sz=24, trace=300000, class=java.lang.String@500001cd)
	value		50000f29
ARR 50000f29 (sz=92, trace=300000, nelems=46, elem type=char[])
OBJ 50000f2a (sz=24, trace=300000, class=java.lang.String@500001cd)
	value		50000f2b
ARR 50000f2b (sz=172, trace=300000, nelems=86, elem type=char[])
OBJ 50000f2c (sz=24, trace=300000, class=java.lang.String@500001cd)
	value		50000f2d
ARR 50000f2d (sz=176, trace=300000, nelems=88, elem type=char[])
OBJ 50000f2e (sz=24, trace=300000, class=java.lang.String@500001cd)
	value		50000f2f
ARR 50000f2f (sz=180, trace=300000, nelems=90, elem type=char[])
OBJ 50000f30 (sz=24, trace=300000, class=java.lang.String@500001cd)
	value		50000f31
ARR 50000f31 (sz=192, trace=300000, nelems=96, elem type=char[])
OBJ 50000f32 (sz=24, trace=300000, class=java.lang.String@500001cd)
	value		50000f33
ARR 50000f33 (sz=182, trace=300000, nelems=91, elem type=char[])
OBJ 50000f34 (sz=24, trace=300000, class=java.lang.String@500001cd)
	value		50000f35
ARR 50000f35 (sz=172, trace=300000, nelems=86, elem type=char[])
OBJ 50000f36 (sz=24, trace=300000, class=java.lang.String@500001cd)
	value		50000f37
ARR 50000f37 (sz=172, trace=300000, nelems=86, elem type=char[])
OBJ 50000f38 (sz=24, trace=300000, class=java.lang.String@500001cd)
	value		50000f39
ARR 50000f39 (sz=178, trace=300000, nelems=89, elem type=char[])
OBJ 50000f3a (sz=24, trace=300000, class=java.lang.String@500001cd)
	value		50000f3b
ARR 50000f3b (sz=176, trace=300000, nelems=88, elem type=char[])
OBJ 50000f3c (sz=24, trace=300000, class=java.lang.String@500001cd)
	value		50000f3d
ARR 50000f3d (sz=172, trace=300000, nelems=86, elem type=char[])
ARR 50000f3e (sz=96, trace=300000, nelems=0, elem type=java.lang.Object[]@50000167)
ARR 50000f3f (sz=80, trace=300000, nelems=11, elem type=java.lang.Object[]@50000167)
	[0]		50000f40
	[1]		50000f41
	[2]		50000f42
	[3]		50000f43
	[4]		50000f44
	[5]		50000f45
	[6]		50000f46
	[7]		50000f47
	[8]		50000f48
	[9]		50000f49
	[10]		50000f4a
OBJ 50000f40 (sz=56, trace=300000, class=sun.misc.URLClassPath$JarLoader@50000050)
	base		50000f87
	csu		50000f1d
	metaIndex	50000e49
	handler		50000f17
	lmap		50000f18
	acc		50000706
OBJ 50000f41 (sz=56, trace=300000, class=sun.misc.URLClassPath$JarLoader@50000050)
	base		50000f81
	csu		50000f1e
	metaIndex	50000ec4
	handler		50000f17
	lmap		50000f18
	acc		50000706
OBJ 50000f42 (sz=56, trace=300000, class=sun.misc.URLClassPath$JarLoader@50000050)
	base		50000f97
	csu		50000f1f
	metaIndex	50000ebb
	handler		50000f17
	lmap		50000f18
	acc		50000706
OBJ 50000f43 (sz=56, trace=300000, class=sun.misc.URLClassPath$JarLoader@50000050)
	base		50000f9d
	csu		50000f20
	metaIndex	50000e5e
	handler		50000f17
	lmap		50000f18
	acc		50000706
OBJ 50000f44 (sz=56, trace=300000, class=sun.misc.URLClassPath$JarLoader@50000050)
	base		50000fb4
	csu		50000f21
	metaIndex	50000e3f
	handler		50000f17
	lmap		50000f18
	acc		50000706
OBJ 50000f45 (sz=56, trace=300000, class=sun.misc.URLClassPath$JarLoader@50000050)
	base		50000fad
	csu		50000f22
	metaIndex	50000eb1
	handler		50000f17
	lmap		50000f18
	acc		50000706
OBJ 50000f46 (sz=56, trace=300000, class=sun.misc.URLClassPath$JarLoader@50000050)
	base		50000f91
	csu		50000f23
	metaIndex	50000e9b
	handler		50000f17
	lmap		50000f18
	acc		50000706
OBJ 50000f47 (sz=56, trace=300000, class=sun.misc.URLClassPath$JarLoader@50000050)
	base		50000f8c
	csu		50000f24
	metaIndex	50000ea6
	handler		50000f17
	lmap		50000f18
	acc		50000706
OBJ 50000f48 (sz=56, trace=300000, class=sun.misc.URLClassPath$JarLoader@50000050)
	base		50000fa3
	csu		50000f25
	metaIndex	50000e38
	handler		50000f17
	lmap		50000f18
	acc		50000706
OBJ 50000f49 (sz=56, trace=300000, class=sun.misc.URLClassPath$JarLoader@50000050)
	base		50000fa8
	csu		50000f26
	metaIndex	50000e55
	handler		50000f17
	lmap		50000f18
	acc		50000706
OBJ 50000f4a (sz=56, trace=300000, class=sun.misc.URLClassPath$JarLoader@50000050)
	base		50000f4d
	jar		50000f4c
	csu		50000f27
	index		50000f4b
	handler		50000f17
	lmap		50000f18
	acc		50000706
OBJ 50000f4b (sz=24, trace=300000, class=sun.misc.JarIndex@50000033)
	indexMap	50000f5e
	jarMap		50000f5d
	jarFiles	50000f5c
OBJ 50000f4c (sz=64, trace=300000, class=java.util.jar.JarFile@50000049)
	name		50000f28
	zc		50000f54
	streams		50000f53
	inflaterCache	50000f52
OBJ 50000f4d (sz=64, trace=300000, class=java.net.URL@50000178)
	protocol	50000e10
	host		500003e5
	file		50000f4e
	authority	500003e5
	path		50000f4e
	handler		50000f17
OBJ 50000f4e (sz=24, trace=300000, class=java.lang.String@500001cd)
	value		50000f4f
ARR 50000f4f (sz=106, trace=300000, nelems=53, elem type=char[])
OBJ 50000f50 (sz=24, trace=300000, class=java.lang.String@500001cd)
	value		50000f51
ARR 50000f51 (sz=8, trace=300000, nelems=4, elem type=char[])
OBJ 50000f52 (sz=24, trace=300000, class=java.util.ArrayDeque@5000003e)
	elements	50000f5b
OBJ 50000f53 (sz=48, trace=300000, class=java.util.WeakHashMap@50000106)
	table		50000f59
	queue		50000f58
OBJ 50000f54 (sz=32, trace=300000, class=java.util.zip.ZipCoder@5000003d)
	cs		500009c2
	dec		50000f56
	enc		50000f55
OBJ 50000f55 (sz=56, trace=300000, class=sun.nio.cs.UTF_8$Encoder@500000cc)
	charset		500009c2
	replacement	50000f57
	malformedInputAction	500009ba
	unmappableCharacterAction	500009ba
OBJ 50000f56 (sz=40, trace=300000, class=sun.nio.cs.UTF_8$Decoder@500000ee)
	charset		500009c2
	replacement	500007b8
	malformedInputAction	500009ba
	unmappableCharacterAction	500009ba
ARR 50000f57 (sz=1, trace=300000, nelems=1, elem type=byte[])
OBJ 50000f58 (sz=32, trace=300000, class=java.lang.ref.ReferenceQueue@500001ab)
	lock		50000f5a
ARR 50000f59 (sz=80, trace=300000, nelems=0, elem type=java.util.WeakHashMap$Entry[]@5000009f)
OBJ 50000f5a (sz=16, trace=300000, class=java.lang.ref.ReferenceQueue$Lock@50000130)
ARR 50000f5b (sz=80, trace=300000, nelems=0, elem type=java.lang.Object[]@50000167)
ARR 50000f5c (sz=24, trace=300000, nelems=1, elem type=java.lang.String[]@50000127)
	[0]		50000f67
OBJ 50000f5d (sz=48, trace=300000, class=java.util.HashMap@50000125)
	table		50000f71
OBJ 50000f5e (sz=48, trace=300000, class=java.util.HashMap@50000125)
	table		50000f5f
ARR 50000f5f (sz=80, trace=300000, nelems=10, elem type=java.util.HashMap$Node[]@50000121)
	[0]		50000f60
	[3]		50000f61
	[9]		50000f62
OBJ 50000f60 (sz=32, trace=300000, class=java.util.HashMap$Node@50000123)
	key		50000f6e
	value		50000f6d
OBJ 50000f61 (sz=32, trace=300000, class=java.util.HashMap$Node@50000123)
	key		50000f6a
	value		50000f69
OBJ 50000f62 (sz=32, trace=300000, class=java.util.HashMap$Node@50000123)
	key		50000f64
	value		50000f63
OBJ 50000f63 (sz=32, trace=300000, class=java.util.LinkedList@50000029)
	first		50000f66
	last		50000f66
OBJ 50000f64 (sz=24, trace=300000, class=java.lang.String@500001cd)
	value		50000f65
ARR 50000f65 (sz=26, trace=300000, nelems=13, elem type=char[])
OBJ 50000f66 (sz=24, trace=300000, class=java.util.LinkedList$Node@50000028)
	item		50000f67
OBJ 50000f67 (sz=24, trace=300000, class=java.lang.String@500001cd)
	value		50000f68
ARR 50000f68 (sz=28, trace=300000, nelems=14, elem type=char[])
OBJ 50000f69 (sz=32, trace=300000, class=java.util.LinkedList@50000029)
	first		50000f6c
	last		50000f6c
OBJ 50000f6a (sz=24, trace=300000, class=java.lang.String@500001cd)
	value		50000f6b
ARR 50000f6b (sz=18, trace=300000, nelems=9, elem type=char[])
OBJ 50000f6c (sz=24, trace=300000, class=java.util.LinkedList$Node@50000028)
	item		50000f67
OBJ 50000f6d (sz=32, trace=300000, class=java.util.LinkedList@50000029)
	first		50000f70
	last		50000f70
OBJ 50000f6e (sz=24, trace=300000, class=java.lang.String@500001cd)
	value		50000f6f
ARR 50000f6f (sz=6, trace=300000, nelems=3, elem type=char[])
OBJ 50000f70 (sz=24, trace=300000, class=java.util.LinkedList$Node@50000028)
	item		50000f67
ARR 50000f71 (sz=80, trace=300000, nelems=1, elem type=java.util.HashMap$Node[]@50000121)
	[0]		50000f72
OBJ 50000f72 (sz=32, trace=300000, class=java.util.HashMap$Node@50000123)
	key		50000f67
	value		50000f73
OBJ 50000f73 (sz=32, trace=300000, class=java.util.LinkedList@50000029)
	first		50000f75
	last		50000f74
OBJ 50000f74 (sz=24, trace=300000, class=java.util.LinkedList$Node@50000028)
	item		50000f64
	prev		50000f76
OBJ 50000f75 (sz=24, trace=300000, class=java.util.LinkedList$Node@50000028)
	item		50000f6e
	next		50000f76
OBJ 50000f76 (sz=24, trace=300000, class=java.util.LinkedList$Node@50000028)
	item		50000f6a
	next		50000f74
	prev		50000f75
ARR 50000f77 (sz=80, trace=300000, nelems=16, elem type=java.util.HashMap$Node[]@50000121)
	[0]		50000f78
	[2]		50000f79
	[3]		50000f7a
	[6]		50000f7b
	[11]		50000f7c
	[14]		50000f7d
	[15]		50000f7e
OBJ 50000f78 (sz=32, trace=300000, class=java.util.HashMap$Node@50000123)
	key		50000fb2
	value		50000f44
OBJ 50000f79 (sz=32, trace=300000, class=java.util.HashMap$Node@50000123)
	key		50000fb0
	value		50000f4a
OBJ 50000f7a (sz=32, trace=300000, class=java.util.HashMap$Node@50000123)
	key		50000fab
	value		50000f45
OBJ 50000f7b (sz=32, trace=300000, class=java.util.HashMap$Node@50000123)
	key		50000f95
	value		50000f42
	next		50000f94
OBJ 50000f7c (sz=32, trace=300000, class=java.util.HashMap$Node@50000123)
	key		50000f8f
	value		50000f46
OBJ 50000f7d (sz=32, trace=300000, class=java.util.HashMap$Node@50000123)
	key		50000f85
	value		50000f40
	next		50000f84
OBJ 50000f7e (sz=32, trace=300000, class=java.util.HashMap$Node@50000123)
	key		50000f7f
	value		50000f41
OBJ 50000f7f (sz=24, trace=300000, class=java.lang.String@500001cd)
	value		50000f80
ARR 50000f80 (sz=190, trace=300000, nelems=95, elem type=char[])
OBJ 50000f81 (sz=64, trace=300000, class=java.net.URL@50000178)
	protocol	50000e10
	host		500003e5
	file		50000f82
	authority	500003e5
	path		50000f82
	handler		50000f17
OBJ 50000f82 (sz=24, trace=300000, class=java.lang.String@500001cd)
	value		50000f83
ARR 50000f83 (sz=190, trace=300000, nelems=95, elem type=char[])
OBJ 50000f84 (sz=32, trace=300000, class=java.util.HashMap$Node@50000123)
	key		50000f8a
	value		50000f47
OBJ 50000f85 (sz=24, trace=300000, class=java.lang.String@500001cd)
	value		50000f86
ARR 50000f86 (sz=186, trace=300000, nelems=93, elem type=char[])
OBJ 50000f87 (sz=64, trace=300000, class=java.net.URL@50000178)
	protocol	50000e10
	host		500003e5
	file		50000f88
	authority	500003e5
	path		50000f88
	handler		50000f17
OBJ 50000f88 (sz=24, trace=300000, class=java.lang.String@500001cd)
	value		50000f89
ARR 50000f89 (sz=186, trace=300000, nelems=93, elem type=char[])
OBJ 50000f8a (sz=24, trace=300000, class=java.lang.String@500001cd)
	value		50000f8b
ARR 50000f8b (sz=194, trace=300000, nelems=97, elem type=char[])
OBJ 50000f8c (sz=64, trace=300000, class=java.net.URL@50000178)
	protocol	50000e10
	host		500003e5
	file		50000f8d
	authority	500003e5
	path		50000f8d
	handler		50000f17
OBJ 50000f8d (sz=24, trace=300000, class=java.lang.String@500001cd)
	value		50000f8e
ARR 50000f8e (sz=194, trace=300000, nelems=97, elem type=char[])
OBJ 50000f8f (sz=24, trace=300000, class=java.lang.String@500001cd)
	value		50000f90
ARR 50000f90 (sz=206, trace=300000, nelems=103, elem type=char[])
OBJ 50000f91 (sz=64, trace=300000, class=java.net.URL@50000178)
	protocol	50000e10
	host		500003e5
	file		50000f92
	authority	500003e5
	path		50000f92
	handler		50000f17
OBJ 50000f92 (sz=24, trace=300000, class=java.lang.String@500001cd)
	value		50000f93
ARR 50000f93 (sz=206, trace=300000, nelems=103, elem type=char[])
OBJ 50000f94 (sz=32, trace=300000, class=java.util.HashMap$Node@50000123)
	key		50000f9b
	value		50000f43
	next		50000f9a
OBJ 50000f95 (sz=24, trace=300000, class=java.lang.String@500001cd)
	value		50000f96
ARR 50000f96 (sz=192, trace=300000, nelems=96, elem type=char[])
OBJ 50000f97 (sz=64, trace=300000, class=java.net.URL@50000178)
	protocol	50000e10
	host		500003e5
	file		50000f98
	authority	500003e5
	path		50000f98
	handler		50000f17
OBJ 50000f98 (sz=24, trace=300000, class=java.lang.String@500001cd)
	value		50000f99
ARR 50000f99 (sz=192, trace=300000, nelems=96, elem type=char[])
OBJ 50000f9a (sz=32, trace=300000, class=java.util.HashMap$Node@50000123)
	key		50000fa1
	value		50000f48
	next		50000fa0
OBJ 50000f9b (sz=24, trace=300000, class=java.lang.String@500001cd)
	value		50000f9c
ARR 50000f9c (sz=186, trace=300000, nelems=93, elem type=char[])
OBJ 50000f9d (sz=64, trace=300000, class=java.net.URL@50000178)
	protocol	50000e10
	host		500003e5
	file		50000f9e
	authority	500003e5
	path		50000f9e
	handler		50000f17
OBJ 50000f9e (sz=24, trace=300000, class=java.lang.String@500001cd)
	value		50000f9f
ARR 50000f9f (sz=186, trace=300000, nelems=93, elem type=char[])
OBJ 50000fa0 (sz=32, trace=300000, class=java.util.HashMap$Node@50000123)
	key		50000fa6
	value		50000f49
OBJ 50000fa1 (sz=24, trace=300000, class=java.lang.String@500001cd)
	value		50000fa2
ARR 50000fa2 (sz=190, trace=300000, nelems=95, elem type=char[])
OBJ 50000fa3 (sz=64, trace=300000, class=java.net.URL@50000178)
	protocol	50000e10
	host		500003e5
	file		50000fa4
	authority	500003e5
	path		50000fa4
	handler		50000f17
OBJ 50000fa4 (sz=24, trace=300000, class=java.lang.String@500001cd)
	value		50000fa5
ARR 50000fa5 (sz=190, trace=300000, nelems=95, elem type=char[])
OBJ 50000fa6 (sz=24, trace=300000, class=java.lang.String@500001cd)
	value		50000fa7
ARR 50000fa7 (sz=186, trace=300000, nelems=93, elem type=char[])
OBJ 50000fa8 (sz=64, trace=300000, class=java.net.URL@50000178)
	protocol	50000e10
	host		500003e5
	file		50000fa9
	authority	500003e5
	path		50000fa9
	handler		50000f17
OBJ 50000fa9 (sz=24, trace=300000, class=java.lang.String@500001cd)
	value		50000faa
ARR 50000faa (sz=186, trace=300000, nelems=93, elem type=char[])
OBJ 50000fab (sz=24, trace=300000, class=java.lang.String@500001cd)
	value		50000fac
ARR 50000fac (sz=196, trace=300000, nelems=98, elem type=char[])
OBJ 50000fad (sz=64, trace=300000, class=java.net.URL@50000178)
	protocol	50000e10
	host		500003e5
	file		50000fae
	authority	500003e5
	path		50000fae
	handler		50000f17
OBJ 50000fae (sz=24, trace=300000, class=java.lang.String@500001cd)
	value		50000faf
ARR 50000faf (sz=196, trace=300000, nelems=98, elem type=char[])
OBJ 50000fb0 (sz=24, trace=300000, class=java.lang.String@500001cd)
	value		50000fb1
ARR 50000fb1 (sz=106, trace=300000, nelems=53, elem type=char[])
OBJ 50000fb2 (sz=24, trace=300000, class=java.lang.String@500001cd)
	value		50000fb3
ARR 50000fb3 (sz=186, trace=300000, nelems=93, elem type=char[])
OBJ 50000fb4 (sz=64, trace=300000, class=java.net.URL@50000178)
	protocol	50000e10
	host		500003e5
	file		50000fb5
	authority	500003e5
	path		50000fb5
	handler		50000f17
OBJ 50000fb5 (sz=24, trace=300000, class=java.lang.String@500001cd)
	value		50000fb6
ARR 50000fb6 (sz=186, trace=300000, nelems=93, elem type=char[])
OBJ 50000fb7 (sz=32, trace=300000, class=java.lang.ref.ReferenceQueue@500001ab)
	lock		50000fb9
ARR 50000fb8 (sz=80, trace=300000, nelems=0, elem type=java.util.WeakHashMap$Entry[]@5000009f)
OBJ 50000fb9 (sz=16, trace=300000, class=java.lang.ref.ReferenceQueue$Lock@50000130)
OBJ 50000fba (sz=24, trace=300000, class=java.lang.String@500001cd)
	value		50000fc4
OBJ 50000fbb (sz=24, trace=300000, class=java.lang.String@500001cd)
	value		50000fc3
OBJ 50000fbc (sz=24, trace=300000, class=java.lang.String@500001cd)
	value		50000fc2
OBJ 50000fbd (sz=16, trace=300000, class=sun.misc.Launcher@50000176)
	loader		50000274
OBJ 50000fbe (sz=16, trace=300000, class=sun.misc.Launcher$Factory@500000a3)
OBJ 50000fbf (sz=24, trace=300000, class=java.lang.String@500001cd)
	value		50000fc1
ARR 50000fc0 (sz=12, trace=300000, nelems=6, elem type=char[])
ARR 50000fc1 (sz=30, trace=300000, nelems=15, elem type=char[])
ARR 50000fc2 (sz=38, trace=300000, nelems=19, elem type=char[])
ARR 50000fc3 (sz=42, trace=300000, nelems=21, elem type=char[])
ARR 50000fc4 (sz=26, trace=300000, nelems=13, elem type=char[])
OBJ 50000fc5 (sz=32, trace=300000, class=java.util.concurrent.ConcurrentHashMap$Node@5000007a)
	key		50000763
	val		50000fe8
OBJ 50000fc6 (sz=32, trace=300000, class=java.util.concurrent.ConcurrentHashMap$Node@5000007a)
	key		50000760
	val		50000fe7
OBJ 50000fc7 (sz=32, trace=300000, class=java.util.concurrent.ConcurrentHashMap$Node@5000007a)
	key		5000075a
	val		50000fe5
	next		50000fe4
OBJ 50000fc8 (sz=32, trace=300000, class=java.util.concurrent.ConcurrentHashMap$Node@5000007a)
	key		5000074e
	val		50000fe1
	next		50000538
OBJ 50000fc9 (sz=32, trace=300000, class=java.util.concurrent.ConcurrentHashMap$Node@5000007a)
	key		5000074b
	val		50000fe0
OBJ 50000fca (sz=32, trace=300000, class=java.util.concurrent.ConcurrentHashMap$Node@5000007a)
	key		50000748
	val		50000fdf
OBJ 50000fcb (sz=32, trace=300000, class=java.util.concurrent.ConcurrentHashMap$Node@5000007a)
	key		50000745
	val		50000fde
OBJ 50000fcc (sz=32, trace=300000, class=java.util.concurrent.ConcurrentHashMap$Node@5000007a)
	key		50000740
	val		50000fdd
OBJ 50000fcd (sz=32, trace=300000, class=java.util.concurrent.ConcurrentHashMap$Node@5000007a)
	key		50000737
	val		50000fda
OBJ 50000fce (sz=32, trace=300000, class=java.util.concurrent.ConcurrentHashMap$Node@5000007a)
	key		50000734
	val		50000fd9
OBJ 50000fcf (sz=32, trace=300000, class=java.util.concurrent.ConcurrentHashMap$Node@5000007a)
	key		50000731
	val		50000fd8
OBJ 50000fd0 (sz=32, trace=300000, class=java.util.concurrent.ConcurrentHashMap$Node@5000007a)
	key		5000072e
	val		50000fd7
OBJ 50000fd1 (sz=32, trace=300000, class=java.util.concurrent.ConcurrentHashMap$Node@5000007a)
	key		5000072b
	val		50000fd6
	next		5000037d
OBJ 50000fd2 (sz=32, trace=300000, class=java.util.concurrent.ConcurrentHashMap$Node@5000007a)
	key		50000728
	val		50000fd5
OBJ 50000fd3 (sz=32, trace=300000, class=java.util.concurrent.ConcurrentHashMap$Node@5000007a)
	key		50000721
	val		50000fd4
	next		500001ec
OBJ 50000fd4 (sz=16, trace=300000, class=java.lang.Object@500001d1)
OBJ 50000fd5 (sz=16, trace=300000, class=java.lang.Object@500001d1)
OBJ 50000fd6 (sz=16, trace=300000, class=java.lang.Object@500001d1)
OBJ 50000fd7 (sz=16, trace=300000, class=java.lang.Object@500001d1)
OBJ 50000fd8 (sz=16, trace=300000, class=java.lang.Object@500001d1)
OBJ 50000fd9 (sz=16, trace=300000, class=java.lang.Object@500001d1)
OBJ 50000fda (sz=16, trace=300000, class=java.lang.Object@500001d1)
OBJ 50000fdb (sz=16, trace=300000, class=java.lang.Object@500001d1)
OBJ 50000fdc (sz=16, trace=300000, class=java.lang.Object@500001d1)
OBJ 50000fdd (sz=16, trace=300000, class=java.lang.Object@500001d1)
OBJ 50000fde (sz=16, trace=300000, class=java.lang.Object@500001d1)
OBJ 50000fdf (sz=16, trace=300000, class=java.lang.Object@500001d1)
OBJ 50000fe0 (sz=16, trace=300000, class=java.lang.Object@500001d1)
OBJ 50000fe1 (sz=16, trace=300000, class=java.lang.Object@500001d1)
OBJ 50000fe2 (sz=16, trace=300000, class=java.lang.Object@500001d1)
OBJ 50000fe3 (sz=16, trace=300000, class=java.lang.Object@500001d1)
OBJ 50000fe4 (sz=32, trace=300000, class=java.util.concurrent.ConcurrentHashMap$Node@5000007a)
	key		5000075d
	val		50000fe6
OBJ 50000fe5 (sz=16, trace=300000, class=java.lang.Object@500001d1)
OBJ 50000fe6 (sz=16, trace=300000, class=java.lang.Object@500001d1)
OBJ 50000fe7 (sz=16, trace=300000, class=java.lang.Object@500001d1)
OBJ 50000fe8 (sz=16, trace=300000, class=java.lang.Object@500001d1)
ARR 50000fe9 (sz=80, trace=300000, nelems=8, elem type=java.util.concurrent.ConcurrentHashMap$Node[]@50000079)
	[2]		50000fea
	[7]		5000050d
OBJ 50000fea (sz=32, trace=300000, class=java.util.concurrent.ConcurrentHashMap$Node@5000007a)
	key		50000feb
	val		500006f8
OBJ 50000feb (sz=24, trace=300000, class=java.lang.String@500001cd)
	value		50000fec
ARR 50000fec (sz=74, trace=300000, nelems=37, elem type=char[])
ARR 50000fed (sz=56, trace=300000, nelems=4, elem type=java.lang.Object[]@50000167)
	[0]		50000003
	[1]		50000002
	[2]		50000001
	[3]		5000051b
OBJ 50000fee (sz=24, trace=300000, class=java.lang.String@500001cd)
	value		50000ff2
OBJ 50000fef (sz=24, trace=300000, class=java.lang.String@500001cd)
	value		50000ff0
ARR 50000ff0 (sz=36, trace=300000, nelems=18, elem type=char[])
ARR 50000ff1 (sz=28, trace=300000, nelems=14, elem type=char[])
ARR 50000ff2 (sz=34, trace=300000, nelems=17, elem type=char[])
OBJ 50000ff3 (sz=64, trace=300000, class=java.net.URL@50000178)
	protocol	50000787
	host		500003e5
	file		50000ff4
	authority	500003e5
	path		50000ff4
	handler		50000791
OBJ 50000ff4 (sz=24, trace=300000, class=java.lang.String@500001cd)
	value		50000ff5
ARR 50000ff5 (sz=248, trace=300000, nelems=124, elem type=char[])
ARR 50000ff6 (sz=14, trace=300000, nelems=7, elem type=char[])
OBJ 50000ff7 (sz=40, trace=300000, class=java.security.ProtectionDomain@500001bf)
	codesource	5000108e
	classloader	50000274
	principals	5000108d
	permissions	5000108c
	key		5000108b
ARR 50000ff8 (sz=18, trace=300000, nelems=9, elem type=char[])
OBJ 50000ff9 (sz=24, trace=300000, class=java.lang.String@500001cd)
	value		50001012
OBJ 50000ffa (sz=24, trace=300000, class=java.lang.String@500001cd)
	value		50001011
OBJ 50000ffb (sz=24, trace=300000, class=java.lang.String@500001cd)
	value		50001010
OBJ 50000ffc (sz=24, trace=300000, class=java.lang.String@500001cd)
	value		50001008
OBJ 50000ffd (sz=24, trace=300000, class=java.lang.String@500001cd)
	value		50001007
OBJ 50000ffe (sz=24, trace=300000, class=java.lang.String@500001cd)
	value		50001006
OBJ 50000fff (sz=24, trace=300000, class=java.lang.String@500001cd)
	value		5000100f
OBJ 50001000 (sz=24, trace=300000, class=java.lang.String@500001cd)
	value		5000100c
OBJ 50001001 (sz=24, trace=300000, class=java.lang.String@500001cd)
	value		5000100b
OBJ 50001002 (sz=24, trace=300000, class=java.lang.String@500001cd)
	value		50001003
ARR 50001003 (sz=16, trace=300000, nelems=8, elem type=char[])
OBJ 50001004 (sz=24, trace=300000, class=java.lang.String@500001cd)
	value		50001005
ARR 50001005 (sz=16, trace=300000, nelems=8, elem type=char[])
ARR 50001006 (sz=12, trace=300000, nelems=6, elem type=char[])
ARR 50001007 (sz=14, trace=300000, nelems=7, elem type=char[])
ARR 50001008 (sz=16, trace=300000, nelems=8, elem type=char[])
OBJ 50001009 (sz=24, trace=300000, class=java.lang.String@500001cd)
	value		5000100a
ARR 5000100a (sz=32, trace=300000, nelems=16, elem type=char[])
ARR 5000100b (sz=12, trace=300000, nelems=6, elem type=char[])
ARR 5000100c (sz=66, trace=300000, nelems=33, elem type=char[])
OBJ 5000100d (sz=24, trace=300000, class=java.lang.String@500001cd)
	value		5000100e
ARR 5000100e (sz=6, trace=300000, nelems=3, elem type=char[])
ARR 5000100f (sz=56, trace=300000, nelems=28, elem type=char[])
ARR 50001010 (sz=18, trace=300000, nelems=9, elem type=char[])
ARR 50001011 (sz=22, trace=300000, nelems=11, elem type=char[])
ARR 50001012 (sz=14, trace=300000, nelems=7, elem type=char[])
OBJ 50001013 (sz=24, trace=300000, class=java.lang.String@500001cd)
	value		50001020
OBJ 50001014 (sz=24, trace=300000, class=java.lang.String@500001cd)
	value		50001017
OBJ 50001015 (sz=24, trace=300000, class=java.lang.String@500001cd)
	value		50001018
OBJ 50001016 (sz=24, trace=300000, class=java.lang.String@500001cd)
	value		50001019
ARR 50001017 (sz=12, trace=300000, nelems=6, elem type=char[])
ARR 50001018 (sz=8, trace=300000, nelems=4, elem type=char[])
ARR 50001019 (sz=10, trace=300000, nelems=5, elem type=char[])
OBJ 5000101a (sz=24, trace=300000, class=java.lang.String@500001cd)
	value		5000101b
ARR 5000101b (sz=32, trace=300000, nelems=16, elem type=char[])
OBJ 5000101c (sz=24, trace=300000, class=java.lang.String@500001cd)
	value		5000101f
OBJ 5000101d (sz=24, trace=300000, class=java.lang.String@500001cd)
	value		5000101e
ARR 5000101e (sz=8, trace=300000, nelems=4, elem type=char[])
ARR 5000101f (sz=16, trace=300000, nelems=8, elem type=char[])
ARR 50001020 (sz=18, trace=300000, nelems=9, elem type=char[])
OBJ 50001021 (sz=24, trace=300000, class=java.lang.String@500001cd)
	value		50001028
OBJ 50001022 (sz=24, trace=300000, class=java.lang.String@500001cd)
	value		50001027
OBJ 50001023 (sz=24, trace=300000, class=java.lang.String@500001cd)
	value		50001026
OBJ 50001024 (sz=24, trace=300000, class=java.lang.String@500001cd)
	value		50001025
ARR 50001025 (sz=18, trace=300000, nelems=9, elem type=char[])
ARR 50001026 (sz=6, trace=300000, nelems=3, elem type=char[])
ARR 50001027 (sz=2, trace=300000, nelems=1, elem type=char[])
ARR 50001028 (sz=2, trace=300000, nelems=1, elem type=char[])
OBJ 50001029 (sz=24, trace=300000, class=java.lang.String@500001cd)
	value		50001035
OBJ 5000102a (sz=24, trace=300000, class=java.lang.String@500001cd)
	value		50001034
OBJ 5000102b (sz=24, trace=300000, class=java.lang.String@500001cd)
	value		50001033
OBJ 5000102c (sz=24, trace=300000, class=java.lang.String@500001cd)
	value		50001031
OBJ 5000102d (sz=24, trace=300000, class=java.lang.String@500001cd)
	value		50001030
OBJ 5000102e (sz=24, trace=300000, class=java.lang.String@500001cd)
	value		5000102f
ARR 5000102f (sz=22, trace=300000, nelems=11, elem type=char[])
ARR 50001030 (sz=2, trace=300000, nelems=1, elem type=char[])
ARR 50001031 (sz=2, trace=300000, nelems=1, elem type=char[])
ARR 50001032 (sz=8, trace=300000, nelems=4, elem type=char[])
ARR 50001033 (sz=4, trace=300000, nelems=2, elem type=char[])
ARR 50001034 (sz=22, trace=300000, nelems=11, elem type=char[])
ARR 50001035 (sz=6, trace=300000, nelems=3, elem type=char[])
OBJ 50001036 (sz=24, trace=300000, class=java.lang.String@500001cd)
	value		50001040
OBJ 50001037 (sz=24, trace=300000, class=java.lang.String@500001cd)
	value		5000103f
OBJ 50001038 (sz=24, trace=300000, class=java.lang.String@500001cd)
	value		5000103e
OBJ 50001039 (sz=24, trace=300000, class=java.lang.String@500001cd)
	value		5000103d
OBJ 5000103a (sz=24, trace=300000, class=java.lang.String@500001cd)
	value		5000103c
OBJ 5000103b (sz=24, trace=300000, class=java.lang.String@500001cd)
	value		50001041
ARR 5000103c (sz=12, trace=300000, nelems=6, elem type=char[])
ARR 5000103d (sz=32, trace=300000, nelems=16, elem type=char[])
ARR 5000103e (sz=24, trace=300000, nelems=12, elem type=char[])
ARR 5000103f (sz=16, trace=300000, nelems=8, elem type=char[])
ARR 50001040 (sz=18, trace=300000, nelems=9, elem type=char[])
ARR 50001041 (sz=14, trace=300000, nelems=7, elem type=char[])
OBJ 50001042 (sz=24, trace=300000, class=java.lang.String@500001cd)
	value		5000108a
OBJ 50001043 (sz=24, trace=300000, class=java.lang.String@500001cd)
	value		5000105b
OBJ 50001044 (sz=24, trace=300000, class=java.lang.String@500001cd)
	value		50001059
OBJ 50001045 (sz=24, trace=300000, class=java.lang.String@500001cd)
	value		50001057
OBJ 50001046 (sz=24, trace=300000, class=java.lang.String@500001cd)
	value		50001051
OBJ 50001047 (sz=24, trace=300000, class=java.lang.String@500001cd)
	value		50001053
OBJ 50001048 (sz=24, trace=300000, class=java.lang.String@500001cd)
	value		5000105a
OBJ 50001049 (sz=24, trace=300000, class=java.lang.String@500001cd)
	value		50001054
OBJ 5000104a (sz=24, trace=300000, class=java.lang.String@500001cd)
	value		50001050
OBJ 5000104b (sz=24, trace=300000, class=java.lang.String@500001cd)
	value		50001058
OBJ 5000104c (sz=24, trace=300000, class=java.lang.String@500001cd)
	value		50001056
OBJ 5000104d (sz=24, trace=300000, class=java.lang.String@500001cd)
	value		50001055
OBJ 5000104e (sz=24, trace=300000, class=java.lang.String@500001cd)
	value		50001052
OBJ 5000104f (sz=24, trace=300000, class=java.lang.String@500001cd)
	value		5000105c
ARR 50001050 (sz=20, trace=300000, nelems=10, elem type=char[])
ARR 50001051 (sz=12, trace=300000, nelems=6, elem type=char[])
ARR 50001052 (sz=22, trace=300000, nelems=11, elem type=char[])
ARR 50001053 (sz=12, trace=300000, nelems=6, elem type=char[])
ARR 50001054 (sz=10, trace=300000, nelems=5, elem type=char[])
ARR 50001055 (sz=16, trace=300000, nelems=8, elem type=char[])
ARR 50001056 (sz=18, trace=300000, nelems=9, elem type=char[])
ARR 50001057 (sz=6, trace=300000, nelems=3, elem type=char[])
ARR 50001058 (sz=22, trace=300000, nelems=11, elem type=char[])
ARR 50001059 (sz=10, trace=300000, nelems=5, elem type=char[])
ARR 5000105a (sz=20, trace=300000, nelems=10, elem type=char[])
ARR 5000105b (sz=8, trace=300000, nelems=4, elem type=char[])
ARR 5000105c (sz=34, trace=300000, nelems=17, elem type=char[])
OBJ 5000105d (sz=24, trace=300000, class=java.lang.String@500001cd)
	value		50001062
OBJ 5000105e (sz=24, trace=300000, class=java.lang.String@500001cd)
	value		50001061
OBJ 5000105f (sz=24, trace=300000, class=java.lang.String@500001cd)
	value		50001063
OBJ 50001060 (sz=24, trace=300000, class=java.lang.String@500001cd)
	value		50001064
ARR 50001061 (sz=70, trace=300000, nelems=35, elem type=char[])
ARR 50001062 (sz=34, trace=300000, nelems=17, elem type=char[])
ARR 50001063 (sz=36, trace=300000, nelems=18, elem type=char[])
ARR 50001064 (sz=36, trace=300000, nelems=18, elem type=char[])
OBJ 50001065 (sz=24, trace=300000, class=java.lang.String@500001cd)
	value		50001087
OBJ 50001066 (sz=24, trace=300000, class=java.lang.String@500001cd)
	value		50001086
OBJ 50001067 (sz=24, trace=300000, class=java.lang.String@500001cd)
	value		50001085
OBJ 50001068 (sz=24, trace=300000, class=java.lang.String@500001cd)
	value		50001084
OBJ 50001069 (sz=32, trace=300000, class=java.util.concurrent.atomic.AtomicReferenceFieldUpdater$AtomicReferenceFieldUpdaterImpl@500000d9)
	cclass		500000db
	tclass		500000db
	vclass		500001d5
OBJ 5000106a (sz=24, trace=300000, class=java.lang.String@500001cd)
	value		5000106c
OBJ 5000106b (sz=24, trace=300000, class=java.lang.reflect.ReflectPermission@5000014d)
	name		5000106a
	path		5000106a
ARR 5000106c (sz=40, trace=300000, nelems=20, elem type=char[])
OBJ 5000106d (sz=24, trace=300000, class=java.lang.String@500001cd)
	value		5000106e
ARR 5000106e (sz=26, trace=300000, nelems=13, elem type=char[])
OBJ 5000106f (sz=24, trace=300000, class=java.lang.String@500001cd)
	value		5000107f
OBJ 50001070 (sz=24, trace=300000, class=java.lang.String@500001cd)
	value		5000107e
OBJ 50001071 (sz=24, trace=300000, class=java.lang.String@500001cd)
	value		5000107c
OBJ 50001072 (sz=24, trace=300000, class=java.lang.String@500001cd)
	value		5000107a
OBJ 50001073 (sz=48, trace=300000, class=java.util.HashMap@50000125)
	table		50001080
OBJ 50001074 (sz=48, trace=300000, class=java.util.HashMap@50000125)
	table		50001075
ARR 50001075 (sz=80, trace=300000, nelems=11, elem type=java.util.HashMap$Node[]@50000121)
	[2]		50001076
	[5]		50001077
	[10]		50001078
OBJ 50001076 (sz=32, trace=300000, class=java.util.HashMap$Node@50000123)
	key		50000126
	value		5000107d
OBJ 50001077 (sz=32, trace=300000, class=java.util.HashMap$Node@50000123)
	key		500001c6
	value		5000107b
OBJ 50001078 (sz=32, trace=300000, class=java.util.HashMap$Node@50000123)
	key		500001c9
	value		50001079
ARR 50001079 (sz=24, trace=300000, nelems=1, elem type=java.lang.String[]@50000127)
	[0]		50001072
ARR 5000107a (sz=22, trace=300000, nelems=11, elem type=char[])
ARR 5000107b (sz=24, trace=300000, nelems=1, elem type=java.lang.String[]@50000127)
	[0]		50001071
ARR 5000107c (sz=16, trace=300000, nelems=8, elem type=char[])
ARR 5000107d (sz=24, trace=300000, nelems=2, elem type=java.lang.String[]@50000127)
	[0]		5000106f
	[1]		50001070
ARR 5000107e (sz=30, trace=300000, nelems=15, elem type=char[])
ARR 5000107f (sz=28, trace=300000, nelems=14, elem type=char[])
ARR 50001080 (sz=80, trace=300000, nelems=4, elem type=java.util.HashMap$Node[]@50000121)
	[3]		50001081
OBJ 50001081 (sz=32, trace=300000, class=java.util.HashMap$Node@50000123)
	key		5000017f
	value		50001082
ARR 50001082 (sz=24, trace=300000, nelems=1, elem type=java.lang.String[]@50000127)
	[0]		500005cb
ARR 50001083 (sz=18, trace=300000, nelems=9, elem type=char[])
ARR 50001084 (sz=6, trace=300000, nelems=3, elem type=char[])
ARR 50001085 (sz=28, trace=300000, nelems=14, elem type=char[])
ARR 50001086 (sz=6, trace=300000, nelems=3, elem type=char[])
ARR 50001087 (sz=50, trace=300000, nelems=25, elem type=char[])
OBJ 50001088 (sz=24, trace=300000, class=java.lang.String@500001cd)
	value		50001089
ARR 50001089 (sz=8, trace=300000, nelems=4, elem type=char[])
ARR 5000108a (sz=64, trace=300000, nelems=32, elem type=char[])
OBJ 5000108b (sz=16, trace=300000, class=java.security.ProtectionDomain$Key@50000062)
	this$0		50000ff7
OBJ 5000108c (sz=32, trace=300000, class=java.security.Permissions@50000017)
	permsMap	50001092
ARR 5000108d (sz=16, trace=300000, nelems=0, elem type=java.security.Principal[]@50000060)
OBJ 5000108e (sz=32, trace=300000, class=java.security.CodeSource@50000173)
	location	5000108f
OBJ 5000108f (sz=64, trace=300000, class=java.net.URL@50000178)
	protocol	50000787
	host		500003e5
	file		50001090
	authority	500003e5
	path		50001090
	handler		50000791
OBJ 50001090 (sz=24, trace=300000, class=java.lang.String@500001cd)
	value		50001091
ARR 50001091 (sz=116, trace=300000, nelems=58, elem type=char[])
OBJ 50001092 (sz=48, trace=300000, class=java.util.HashMap@50000125)
	table		50001093
ARR 50001093 (sz=80, trace=300000, nelems=4, elem type=java.util.HashMap$Node[]@50000121)
	[1]		50001094
	[3]		50001095
OBJ 50001094 (sz=32, trace=300000, class=java.util.HashMap$Node@50000123)
	key		5000014f
	value		5000109c
OBJ 50001095 (sz=32, trace=300000, class=java.util.HashMap$Node@50000123)
	key		50000012
	value		50001096
OBJ 50001096 (sz=24, trace=300000, class=java.io.FilePermissionCollection@50000010)
	perms		50001097
OBJ 50001097 (sz=24, trace=300000, class=java.util.ArrayList@5000013c)
	elementData	50001098
ARR 50001098 (sz=56, trace=300000, nelems=1, elem type=java.lang.Object[]@50000167)
	[0]		50001099
OBJ 50001099 (sz=32, trace=300000, class=java.io.FilePermission@50000012)
	name		5000109a
	cpath		500004a4
OBJ 5000109a (sz=24, trace=300000, class=java.lang.String@500001cd)
	value		5000109b
ARR 5000109b (sz=112, trace=300000, nelems=56, elem type=char[])
OBJ 5000109c (sz=32, trace=300000, class=java.security.BasicPermissionCollection@5000000d)
	perms		5000109d
	permClass	5000014f
OBJ 5000109d (sz=48, trace=300000, class=java.util.HashMap@50000125)
	table		5000109e
ARR 5000109e (sz=80, trace=300000, nelems=12, elem type=java.util.HashMap$Node[]@50000121)
	[11]		5000109f
OBJ 5000109f (sz=32, trace=300000, class=java.util.HashMap$Node@50000123)
	key		50000400
	value		500010a0
OBJ 500010a0 (sz=24, trace=300000, class=java.lang.RuntimePermission@5000014f)
	name		500003fe
	path		500003ff
OBJ 500010a1 (sz=24, trace=300000, class=java.lang.String@500001cd)
	value		500010ae
OBJ 500010a2 (sz=24, trace=300000, class=java.lang.String@500001cd)
	value		500010ad
OBJ 500010a3 (sz=24, trace=300000, class=java.lang.String@500001cd)
	value		500010ac
OBJ 500010a4 (sz=24, trace=300000, class=java.lang.String@500001cd)
	value		500010ab
OBJ 500010a5 (sz=24, trace=300000, class=java.lang.String@500001cd)
	value		500010aa
OBJ 500010a6 (sz=24, trace=300000, class=java.lang.String@500001cd)
	value		500010a9
OBJ 500010a7 (sz=24, trace=300000, class=java.lang.String@500001cd)
	value		500010a8
ARR 500010a8 (sz=36, trace=300000, nelems=18, elem type=char[])
ARR 500010a9 (sz=44, trace=300000, nelems=22, elem type=char[])
ARR 500010aa (sz=78, trace=300000, nelems=39, elem type=char[])
ARR 500010ab (sz=34, trace=300000, nelems=17, elem type=char[])
ARR 500010ac (sz=36, trace=300000, nelems=18, elem type=char[])
ARR 500010ad (sz=14, trace=300000, nelems=7, elem type=char[])
ARR 500010ae (sz=14, trace=300000, nelems=7, elem type=char[])
OBJ 500010af (sz=16, trace=300000, class=java.security.ProtectionDomain$Key@50000062)
	this$0		50000701
ARR 500010b0 (sz=16, trace=300000, nelems=0, elem type=java.security.Principal[]@50000060)
OBJ 500010b1 (sz=32, trace=300000, class=java.security.CodeSource@50000173)
OBJ 500010b2 (sz=16, trace=300000, class=java.util.HashSet@5000005f)
	map		500010b3
OBJ 500010b3 (sz=48, trace=300000, class=java.util.HashMap@50000125)
	table		500010b4
ARR 500010b4 (sz=80, trace=300000, nelems=12, elem type=java.util.HashMap$Node[]@50000121)
	[1]		5000051a
	[11]		500010b5
OBJ 500010b5 (sz=32, trace=300000, class=java.util.HashMap$Node@50000123)
	key		50000ff7
	value		50000ed2
ARR 500010b6 (sz=80, trace=300000, nelems=8, elem type=java.util.HashMap$Node[]@50000121)
	[2]		500010b7
	[7]		50000402
OBJ 500010b7 (sz=32, trace=300000, class=java.util.HashMap$Node@50000123)
	key		500010b9
	value		500010b8
OBJ 500010b8 (sz=56, trace=300000, class=java.lang.Package@5000001a)
	pkgName		500010b9
	loader		50000274
OBJ 500010b9 (sz=24, trace=300000, class=java.lang.String@500001cd)
	value		500010ba
ARR 500010ba (sz=74, trace=300000, nelems=37, elem type=char[])
ARR 500010bb (sz=56, trace=300000, nelems=0, elem type=java.lang.Object[]@50000167)
ARR 500010bc (sz=80, trace=300000, nelems=15, elem type=java.util.HashMap$Node[]@50000121)
	[8]		500010bd
	[14]		50000507
OBJ 500010bd (sz=32, trace=300000, class=java.util.HashMap$Node@50000123)
	key		5000108e
	value		50000ff7
OBJ 500010be (sz=16, trace=300000, class=sun.net.www.protocol.jar.Handler@5000005d)
OBJ 500010bf (sz=48, trace=300000, class=java.util.HashMap@50000125)
	table		50001173
OBJ 500010c0 (sz=24, trace=300000, class=java.util.ArrayList@5000013c)
	elementData	50001122
OBJ 500010c1 (sz=32, trace=300000, class=java.util.Stack@50000141)
	elementData	50001121
OBJ 500010c2 (sz=24, trace=300000, class=java.util.ArrayList@5000013c)
	elementData	500010c3
ARR 500010c3 (sz=152, trace=300000, nelems=33, elem type=java.lang.Object[]@50000167)
	[0]		500010c4
	[1]		500010c5
	[2]		500010c6
	[3]		500010c7
	[4]		500010c8
	[5]		500010c9
	[6]		500010ca
	[7]		500010cb
	[8]		500010cc
	[9]		500010cd
	[10]		500010ce
	[11]		500010cf
	[12]		500010d0
	[13]		500010d1
	[14]		500010d2
	[15]		500010d3
	[16]		500010d4
	[17]		500010d5
	[18]		500010d6
	[19]		500010d7
	[20]		500010d8
	[21]		500010d9
	[22]		500010da
	[23]		500010db
	[24]		500010dc
	[25]		500010dd
	[26]		500010de
	[27]		500010df
	[28]		50000ff3
	[29]		500010e0
	[30]		500010e1
	[31]		500010e2
	[32]		5000108f
OBJ 500010c4 (sz=64, trace=300000, class=java.net.URL@50000178)
	protocol	50000787
	host		500003e5
	file		5000111f
	authority	500003e5
	path		5000111f
	handler		50000791
OBJ 500010c5 (sz=64, trace=300000, class=java.net.URL@50000178)
	protocol	50000787
	host		500003e5
	file		5000111d
	authority	500003e5
	path		5000111d
	handler		50000791
OBJ 500010c6 (sz=64, trace=300000, class=java.net.URL@50000178)
	protocol	50000787
	host		500003e5
	file		5000111b
	authority	500003e5
	path		5000111b
	handler		50000791
OBJ 500010c7 (sz=64, trace=300000, class=java.net.URL@50000178)
	protocol	50000787
	host		500003e5
	file		50001119
	authority	500003e5
	path		50001119
	handler		50000791
OBJ 500010c8 (sz=64, trace=300000, class=java.net.URL@50000178)
	protocol	50000787
	host		500003e5
	file		50001117
	authority	500003e5
	path		50001117
	handler		50000791
OBJ 500010c9 (sz=64, trace=300000, class=java.net.URL@50000178)
	protocol	50000787
	host		500003e5
	file		50001115
	authority	500003e5
	path		50001115
	handler		50000791
OBJ 500010ca (sz=64, trace=300000, class=java.net.URL@50000178)
	protocol	50000787
	host		500003e5
	file		50001113
	authority	500003e5
	path		50001113
	handler		50000791
OBJ 500010cb (sz=64, trace=300000, class=java.net.URL@50000178)
	protocol	50000787
	host		500003e5
	file		50001111
	authority	500003e5
	path		50001111
	handler		50000791
OBJ 500010cc (sz=64, trace=300000, class=java.net.URL@50000178)
	protocol	50000787
	host		500003e5
	file		5000110f
	authority	500003e5
	path		5000110f
	handler		50000791
OBJ 500010cd (sz=64, trace=300000, class=java.net.URL@50000178)
	protocol	50000787
	host		500003e5
	file		5000110d
	authority	500003e5
	path		5000110d
	handler		50000791
OBJ 500010ce (sz=64, trace=300000, class=java.net.URL@50000178)
	protocol	50000787
	host		500003e5
	file		5000110b
	authority	500003e5
	path		5000110b
	handler		50000791
OBJ 500010cf (sz=64, trace=300000, class=java.net.URL@50000178)
	protocol	50000787
	host		500003e5
	file		50001109
	authority	500003e5
	path		50001109
	handler		50000791
OBJ 500010d0 (sz=64, trace=300000, class=java.net.URL@50000178)
	protocol	50000787
	host		500003e5
	file		50001107
	authority	500003e5
	path		50001107
	handler		50000791
OBJ 500010d1 (sz=64, trace=300000, class=java.net.URL@50000178)
	protocol	50000787
	host		500003e5
	file		50001105
	authority	500003e5
	path		50001105
	handler		50000791
OBJ 500010d2 (sz=64, trace=300000, class=java.net.URL@50000178)
	protocol	50000787
	host		500003e5
	file		50001103
	authority	500003e5
	path		50001103
	handler		50000791
OBJ 500010d3 (sz=64, trace=300000, class=java.net.URL@50000178)
	protocol	50000787
	host		500003e5
	file		50001101
	authority	500003e5
	path		50001101
	handler		50000791
OBJ 500010d4 (sz=64, trace=300000, class=java.net.URL@50000178)
	protocol	50000787
	host		500003e5
	file		500010ff
	authority	500003e5
	path		500010ff
	handler		50000791
OBJ 500010d5 (sz=64, trace=300000, class=java.net.URL@50000178)
	protocol	50000787
	host		500003e5
	file		500010fd
	authority	500003e5
	path		500010fd
	handler		50000791
OBJ 500010d6 (sz=64, trace=300000, class=java.net.URL@50000178)
	protocol	50000787
	host		500003e5
	file		500010fb
	authority	500003e5
	path		500010fb
	handler		50000791
OBJ 500010d7 (sz=64, trace=300000, class=java.net.URL@50000178)
	protocol	50000787
	host		500003e5
	file		500010f9
	authority	500003e5
	path		500010f9
	handler		50000791
OBJ 500010d8 (sz=64, trace=300000, class=java.net.URL@50000178)
	protocol	50000787
	host		500003e5
	file		500010f7
	authority	500003e5
	path		500010f7
	handler		50000791
OBJ 500010d9 (sz=64, trace=300000, class=java.net.URL@50000178)
	protocol	50000787
	host		500003e5
	file		500010f5
	authority	500003e5
	path		500010f5
	handler		50000791
OBJ 500010da (sz=64, trace=300000, class=java.net.URL@50000178)
	protocol	50000787
	host		500003e5
	file		500010f3
	authority	500003e5
	path		500010f3
	handler		50000791
OBJ 500010db (sz=64, trace=300000, class=java.net.URL@50000178)
	protocol	50000787
	host		500003e5
	file		500010f1
	authority	500003e5
	path		500010f1
	handler		50000791
OBJ 500010dc (sz=64, trace=300000, class=java.net.URL@50000178)
	protocol	50000787
	host		500003e5
	file		500010ef
	authority	500003e5
	path		500010ef
	handler		50000791
OBJ 500010dd (sz=64, trace=300000, class=java.net.URL@50000178)
	protocol	50000787
	host		500003e5
	file		500010ed
	authority	500003e5
	path		500010ed
	handler		50000791
OBJ 500010de (sz=64, trace=300000, class=java.net.URL@50000178)
	protocol	50000787
	host		500003e5
	file		500010eb
	authority	500003e5
	path		500010eb
	handler		50000791
OBJ 500010df (sz=64, trace=300000, class=java.net.URL@50000178)
	protocol	50000787
	host		500003e5
	file		500010e9
	authority	500003e5
	path		500010e9
	handler		50000791
OBJ 500010e0 (sz=64, trace=300000, class=java.net.URL@50000178)
	protocol	50000787
	host		500003e5
	file		500010e7
	authority	500003e5
	path		500010e7
	handler		50000791
OBJ 500010e1 (sz=64, trace=300000, class=java.net.URL@50000178)
	protocol	50000787
	host		500003e5
	file		500010e5
	authority	500003e5
	path		500010e5
	handler		50000791
OBJ 500010e2 (sz=64, trace=300000, class=java.net.URL@50000178)
	protocol	50000787
	host		500003e5
	file		500010e3
	authority	500003e5
	path		500010e3
	handler		50000791
OBJ 500010e3 (sz=24, trace=300000, class=java.lang.String@500001cd)
	value		500010e4
ARR 500010e4 (sz=176, trace=300000, nelems=88, elem type=char[])
OBJ 500010e5 (sz=24, trace=300000, class=java.lang.String@500001cd)
	value		500010e6
ARR 500010e6 (sz=168, trace=300000, nelems=84, elem type=char[])
OBJ 500010e7 (sz=24, trace=300000, class=java.lang.String@500001cd)
	value		500010e8
ARR 500010e8 (sz=154, trace=300000, nelems=77, elem type=char[])
OBJ 500010e9 (sz=24, trace=300000, class=java.lang.String@500001cd)
	value		500010ea
ARR 500010ea (sz=156, trace=300000, nelems=78, elem type=char[])
OBJ 500010eb (sz=24, trace=300000, class=java.lang.String@500001cd)
	value		500010ec
ARR 500010ec (sz=158, trace=300000, nelems=79, elem type=char[])
OBJ 500010ed (sz=24, trace=300000, class=java.lang.String@500001cd)
	value		500010ee
ARR 500010ee (sz=162, trace=300000, nelems=81, elem type=char[])
OBJ 500010ef (sz=24, trace=300000, class=java.lang.String@500001cd)
	value		500010f0
ARR 500010f0 (sz=162, trace=300000, nelems=81, elem type=char[])
OBJ 500010f1 (sz=24, trace=300000, class=java.lang.String@500001cd)
	value		500010f2
ARR 500010f2 (sz=164, trace=300000, nelems=82, elem type=char[])
OBJ 500010f3 (sz=24, trace=300000, class=java.lang.String@500001cd)
	value		500010f4
ARR 500010f4 (sz=150, trace=300000, nelems=75, elem type=char[])
OBJ 500010f5 (sz=24, trace=300000, class=java.lang.String@500001cd)
	value		500010f6
ARR 500010f6 (sz=166, trace=300000, nelems=83, elem type=char[])
OBJ 500010f7 (sz=24, trace=300000, class=java.lang.String@500001cd)
	value		500010f8
ARR 500010f8 (sz=158, trace=300000, nelems=79, elem type=char[])
OBJ 500010f9 (sz=24, trace=300000, class=java.lang.String@500001cd)
	value		500010fa
ARR 500010fa (sz=172, trace=300000, nelems=86, elem type=char[])
OBJ 500010fb (sz=24, trace=300000, class=java.lang.String@500001cd)
	value		500010fc
ARR 500010fc (sz=166, trace=300000, nelems=83, elem type=char[])
OBJ 500010fd (sz=24, trace=300000, class=java.lang.String@500001cd)
	value		500010fe
ARR 500010fe (sz=186, trace=300000, nelems=93, elem type=char[])
OBJ 500010ff (sz=24, trace=300000, class=java.lang.String@500001cd)
	value		50001100
ARR 50001100 (sz=162, trace=300000, nelems=81, elem type=char[])
OBJ 50001101 (sz=24, trace=300000, class=java.lang.String@500001cd)
	value		50001102
ARR 50001102 (sz=166, trace=300000, nelems=83, elem type=char[])
OBJ 50001103 (sz=24, trace=300000, class=java.lang.String@500001cd)
	value		50001104
ARR 50001104 (sz=160, trace=300000, nelems=80, elem type=char[])
OBJ 50001105 (sz=24, trace=300000, class=java.lang.String@500001cd)
	value		50001106
ARR 50001106 (sz=160, trace=300000, nelems=80, elem type=char[])
OBJ 50001107 (sz=24, trace=300000, class=java.lang.String@500001cd)
	value		50001108
ARR 50001108 (sz=166, trace=300000, nelems=83, elem type=char[])
OBJ 50001109 (sz=24, trace=300000, class=java.lang.String@500001cd)
	value		5000110a
ARR 5000110a (sz=172, trace=300000, nelems=86, elem type=char[])
OBJ 5000110b (sz=24, trace=300000, class=java.lang.String@500001cd)
	value		5000110c
ARR 5000110c (sz=180, trace=300000, nelems=90, elem type=char[])
OBJ 5000110d (sz=24, trace=300000, class=java.lang.String@500001cd)
	value		5000110e
ARR 5000110e (sz=192, trace=300000, nelems=96, elem type=char[])
OBJ 5000110f (sz=24, trace=300000, class=java.lang.String@500001cd)
	value		50001110
ARR 50001110 (sz=172, trace=300000, nelems=86, elem type=char[])
OBJ 50001111 (sz=24, trace=300000, class=java.lang.String@500001cd)
	value		50001112
ARR 50001112 (sz=176, trace=300000, nelems=88, elem type=char[])
OBJ 50001113 (sz=24, trace=300000, class=java.lang.String@500001cd)
	value		50001114
ARR 50001114 (sz=182, trace=300000, nelems=91, elem type=char[])
OBJ 50001115 (sz=24, trace=300000, class=java.lang.String@500001cd)
	value		50001116
ARR 50001116 (sz=172, trace=300000, nelems=86, elem type=char[])
OBJ 50001117 (sz=24, trace=300000, class=java.lang.String@500001cd)
	value		50001118
ARR 50001118 (sz=176, trace=300000, nelems=88, elem type=char[])
OBJ 50001119 (sz=24, trace=300000, class=java.lang.String@500001cd)
	value		5000111a
ARR 5000111a (sz=172, trace=300000, nelems=86, elem type=char[])
OBJ 5000111b (sz=24, trace=300000, class=java.lang.String@500001cd)
	value		5000111c
ARR 5000111c (sz=178, trace=300000, nelems=89, elem type=char[])
OBJ 5000111d (sz=24, trace=300000, class=java.lang.String@500001cd)
	value		5000111e
ARR 5000111e (sz=166, trace=300000, nelems=83, elem type=char[])
OBJ 5000111f (sz=24, trace=300000, class=java.lang.String@500001cd)
	value		50001120
ARR 50001120 (sz=170, trace=300000, nelems=85, elem type=char[])
ARR 50001121 (sz=176, trace=300000, nelems=0, elem type=java.lang.Object[]@50000167)
ARR 50001122 (sz=152, trace=300000, nelems=33, elem type=java.lang.Object[]@50000167)
	[0]		50001123
	[1]		50001124
	[2]		50001125
	[3]		50001126
	[4]		50001127
	[5]		50001128
	[6]		50001129
	[7]		5000112a
	[8]		5000112b
	[9]		5000112c
	[10]		5000112d
	[11]		5000112e
	[12]		5000112f
	[13]		50001130
	[14]		50001131
	[15]		50001132
	[16]		50001133
	[17]		50001134
	[18]		50001135
	[19]		50001136
	[20]		50001137
	[21]		50001138
	[22]		50001139
	[23]		5000113a
	[24]		5000113b
	[25]		5000113c
	[26]		5000113d
	[27]		5000113e
	[28]		5000113f
	[29]		50001140
	[30]		50001141
	[31]		50001142
	[32]		50001143
OBJ 50001123 (sz=56, trace=300000, class=sun.misc.URLClassPath$JarLoader@50000050)
	base		50001191
	jar		50001190
	csu		500010c4
	handler		500010be
	lmap		500010bf
	acc		500006fb
OBJ 50001124 (sz=56, trace=300000, class=sun.misc.URLClassPath$JarLoader@50000050)
	base		500011c4
	jar		500011c3
	csu		500010c5
	handler		500010be
	lmap		500010bf
	acc		500006fb
OBJ 50001125 (sz=56, trace=300000, class=sun.misc.URLClassPath$JarLoader@50000050)
	base		500011d9
	csu		500010c6
	metaIndex	50000ebb
	handler		500010be
	lmap		500010bf
	acc		500006fb
OBJ 50001126 (sz=56, trace=300000, class=sun.misc.URLClassPath$JarLoader@50000050)
	base		5000127f
	csu		500010c7
	metaIndex	50000e3f
	handler		500010be
	lmap		500010bf
	acc		500006fb
OBJ 50001127 (sz=56, trace=300000, class=sun.misc.URLClassPath$JarLoader@50000050)
	base		500011de
	csu		500010c8
	metaIndex	50000e38
	handler		500010be
	lmap		500010bf
	acc		500006fb
OBJ 50001128 (sz=56, trace=300000, class=sun.misc.URLClassPath$JarLoader@50000050)
	base		5000134b
	csu		500010c9
	metaIndex	50000e5e
	handler		500010be
	lmap		500010bf
	acc		500006fb
OBJ 50001129 (sz=56, trace=300000, class=sun.misc.URLClassPath$JarLoader@50000050)
	base		5000123f
	csu		500010ca
	metaIndex	50000eb1
	handler		500010be
	lmap		500010bf
	acc		500006fb
OBJ 5000112a (sz=56, trace=300000, class=sun.misc.URLClassPath$JarLoader@50000050)
	base		50001284
	csu		500010cb
	metaIndex	50000ec4
	handler		500010be
	lmap		500010bf
	acc		500006fb
OBJ 5000112b (sz=56, trace=300000, class=sun.misc.URLClassPath$JarLoader@50000050)
	base		50001289
	csu		500010cc
	metaIndex	50000e49
	handler		500010be
	lmap		500010bf
	acc		500006fb
OBJ 5000112c (sz=56, trace=300000, class=sun.misc.URLClassPath$JarLoader@50000050)
	base		5000128f
	csu		500010cd
	metaIndex	50000e9b
	handler		500010be
	lmap		500010bf
	acc		500006fb
OBJ 5000112d (sz=56, trace=300000, class=sun.misc.URLClassPath$JarLoader@50000050)
	base		500011fa
	csu		500010ce
	metaIndex	50000ea6
	handler		500010be
	lmap		500010bf
	acc		500006fb
OBJ 5000112e (sz=56, trace=300000, class=sun.misc.URLClassPath$JarLoader@50000050)
	base		50001351
	csu		500010cf
	metaIndex	50000e55
	handler		500010be
	lmap		500010bf
	acc		500006fb
OBJ 5000112f (sz=56, trace=300000, class=sun.misc.URLClassPath$JarLoader@50000050)
	base		50001216
	jar		50001215
	csu		500010d0
	handler		500010be
	lmap		500010bf
	acc		500006fb
OBJ 50001130 (sz=56, trace=300000, class=sun.misc.URLClassPath$JarLoader@50000050)
	base		50001245
	jar		50001244
	csu		500010d1
	handler		500010be
	lmap		500010bf
	acc		500006fb
OBJ 50001131 (sz=56, trace=300000, class=sun.misc.URLClassPath$JarLoader@50000050)
	base		5000130e
	jar		5000130d
	csu		500010d2
	handler		500010be
	lmap		500010bf
	acc		500006fb
OBJ 50001132 (sz=56, trace=300000, class=sun.misc.URLClassPath$JarLoader@50000050)
	base		50001255
	jar		50001254
	csu		500010d3
	index		50001253
	handler		500010be
	lmap		500010bf
	acc		500006fb
OBJ 50001133 (sz=56, trace=300000, class=sun.misc.URLClassPath$JarLoader@50000050)
	base		500012fe
	jar		500012fd
	csu		500010d4
	handler		500010be
	lmap		500010bf
	acc		500006fb
OBJ 50001134 (sz=56, trace=300000, class=sun.misc.URLClassPath$JarLoader@50000050)
	base		500011a0
	jar		5000119f
	csu		500010d5
	handler		500010be
	lmap		500010bf
	acc		500006fb
OBJ 50001135 (sz=56, trace=300000, class=sun.misc.URLClassPath$JarLoader@50000050)
	base		50001200
	jar		500011ff
	csu		500010d6
	handler		500010be
	lmap		500010bf
	acc		500006fb
OBJ 50001136 (sz=56, trace=300000, class=sun.misc.URLClassPath$JarLoader@50000050)
	base		50001295
	jar		50001294
	csu		500010d7
	handler		500010be
	lmap		500010bf
	acc		500006fb
OBJ 50001137 (sz=56, trace=300000, class=sun.misc.URLClassPath$JarLoader@50000050)
	base		500011b5
	jar		500011b4
	csu		500010d8
	handler		500010be
	lmap		500010bf
	acc		500006fb
OBJ 50001138 (sz=56, trace=300000, class=sun.misc.URLClassPath$JarLoader@50000050)
	base		500012a9
	jar		500012a8
	csu		500010d9
	handler		500010be
	lmap		500010bf
	acc		500006fb
OBJ 50001139 (sz=56, trace=300000, class=sun.misc.URLClassPath$JarLoader@50000050)
	base		500011e4
	jar		500011e3
	csu		500010da
	handler		500010be
	lmap		500010bf
	acc		500006fb
OBJ 5000113a (sz=56, trace=300000, class=sun.misc.URLClassPath$JarLoader@50000050)
	base		500012e6
	jar		500012e5
	csu		500010db
	handler		500010be
	lmap		500010bf
	acc		500006fb
OBJ 5000113b (sz=56, trace=300000, class=sun.misc.URLClassPath$JarLoader@50000050)
	base		5000122b
	jar		5000122a
	csu		500010dc
	handler		500010be
	lmap		500010bf
	acc		500006fb
OBJ 5000113c (sz=56, trace=300000, class=sun.misc.URLClassPath$JarLoader@50000050)
	base		5000136c
	jar		5000136b
	csu		500010dd
	handler		500010be
	lmap		500010bf
	acc		500006fb
OBJ 5000113d (sz=56, trace=300000, class=sun.misc.URLClassPath$JarLoader@50000050)
	base		50001321
	jar		50001320
	csu		500010de
	handler		500010be
	lmap		500010bf
	acc		500006fb
OBJ 5000113e (sz=56, trace=300000, class=sun.misc.URLClassPath$JarLoader@50000050)
	base		500012d3
	jar		500012d2
	csu		500010df
	handler		500010be
	lmap		500010bf
	acc		500006fb
OBJ 5000113f (sz=24, trace=300000, class=sun.misc.URLClassPath$FileLoader@50000025)
	base		50000ff3
	dir		500012fa
OBJ 50001140 (sz=56, trace=300000, class=sun.misc.URLClassPath$JarLoader@50000050)
	base		500012be
	jar		500012bd
	csu		500010e0
	handler		500010be
	lmap		500010bf
	acc		500006fb
OBJ 50001141 (sz=56, trace=300000, class=sun.misc.URLClassPath$JarLoader@50000050)
	base		50001357
	jar		50001356
	csu		500010e1
	handler		500010be
	lmap		500010bf
	acc		500006fb
OBJ 50001142 (sz=56, trace=300000, class=sun.misc.URLClassPath$JarLoader@50000050)
	base		50001336
	jar		50001335
	csu		500010e2
	handler		500010be
	lmap		500010bf
	acc		500006fb
OBJ 50001143 (sz=56, trace=300000, class=sun.misc.URLClassPath$JarLoader@50000050)
	base		50001145
	jar		50001144
	csu		5000108f
	handler		500010be
	lmap		500010bf
	acc		500006fb
OBJ 50001144 (sz=64, trace=300000, class=java.util.jar.JarFile@50000049)
	name		5000114d
	zc		5000114c
	streams		5000114b
	inflaterCache	5000114a
	manRef		50001149
	manEntry	50001148
OBJ 50001145 (sz=64, trace=300000, class=java.net.URL@50000178)
	protocol	50000e10
	host		500003e5
	file		50001146
	authority	500003e5
	path		50001146
	handler		500010be
OBJ 50001146 (sz=24, trace=300000, class=java.lang.String@500001cd)
	value		50001147
ARR 50001147 (sz=130, trace=300000, nelems=65, elem type=char[])
OBJ 50001148 (sz=96, trace=300000, class=java.util.jar.JarFile$JarFileEntry@50000030)
	name		50001171
	this$0		50001144
OBJ 50001149 (sz=40, trace=300000, class=java.lang.ref.SoftReference@500001b1)
	referent	50001156
	queue		500008a2
OBJ 5000114a (sz=24, trace=300000, class=java.util.ArrayDeque@5000003e)
	elements	50001155
OBJ 5000114b (sz=48, trace=300000, class=java.util.WeakHashMap@50000106)
	table		50001153
	queue		50001152
OBJ 5000114c (sz=32, trace=300000, class=java.util.zip.ZipCoder@5000003d)
	cs		500009c2
	dec		50001150
	enc		5000114f
OBJ 5000114d (sz=24, trace=300000, class=java.lang.String@500001cd)
	value		5000114e
ARR 5000114e (sz=112, trace=300000, nelems=56, elem type=char[])
OBJ 5000114f (sz=56, trace=300000, class=sun.nio.cs.UTF_8$Encoder@500000cc)
	charset		500009c2
	replacement	50001151
	malformedInputAction	500009ba
	unmappableCharacterAction	500009ba
OBJ 50001150 (sz=40, trace=300000, class=sun.nio.cs.UTF_8$Decoder@500000ee)
	charset		500009c2
	replacement	500007b8
	malformedInputAction	500009ba
	unmappableCharacterAction	500009ba
ARR 50001151 (sz=1, trace=300000, nelems=1, elem type=byte[])
OBJ 50001152 (sz=32, trace=300000, class=java.lang.ref.ReferenceQueue@500001ab)
	lock		50001154
ARR 50001153 (sz=80, trace=300000, nelems=0, elem type=java.util.WeakHashMap$Entry[]@5000009f)
OBJ 50001154 (sz=16, trace=300000, class=java.lang.ref.ReferenceQueue$Lock@50000130)
ARR 50001155 (sz=80, trace=300000, nelems=0, elem type=java.lang.Object[]@50000167)
OBJ 50001156 (sz=24, trace=300000, class=java.util.jar.Manifest@50000177)
	attr		50001158
	entries		50001157
OBJ 50001157 (sz=48, trace=300000, class=java.util.HashMap@50000125)
OBJ 50001158 (sz=16, trace=300000, class=java.util.jar.Attributes@5000001e)
	map		50001159
OBJ 50001159 (sz=48, trace=300000, class=java.util.HashMap@50000125)
	table		5000115a
ARR 5000115a (sz=80, trace=300000, nelems=16, elem type=java.util.HashMap$Node[]@50000121)
	[0]		5000115b
	[3]		5000115c
	[14]		5000115d
	[15]		5000115e
OBJ 5000115b (sz=32, trace=300000, class=java.util.HashMap$Node@50000123)
	key		5000116d
	value		5000116c
OBJ 5000115c (sz=32, trace=300000, class=java.util.HashMap$Node@50000123)
	key		50001168
	value		50001167
OBJ 5000115d (sz=32, trace=300000, class=java.util.HashMap$Node@50000123)
	key		50001163
	value		50001162
OBJ 5000115e (sz=32, trace=300000, class=java.util.HashMap$Node@50000123)
	key		50001160
	value		5000115f
OBJ 5000115f (sz=24, trace=300000, class=java.lang.String@500001cd)
	value		50001161
OBJ 50001160 (sz=24, trace=300000, class=java.util.jar.Attributes$Name@5000001c)
	name		500007da
ARR 50001161 (sz=6, trace=300000, nelems=3, elem type=char[])
OBJ 50001162 (sz=24, trace=300000, class=java.lang.String@500001cd)
	value		50001166
OBJ 50001163 (sz=24, trace=300000, class=java.util.jar.Attributes$Name@5000001c)
	name		50001164
OBJ 50001164 (sz=24, trace=300000, class=java.lang.String@500001cd)
	value		50001165
ARR 50001165 (sz=20, trace=300000, nelems=10, elem type=char[])
ARR 50001166 (sz=88, trace=300000, nelems=44, elem type=char[])
OBJ 50001167 (sz=24, trace=300000, class=java.lang.String@500001cd)
	value		5000116b
OBJ 50001168 (sz=24, trace=300000, class=java.util.jar.Attributes$Name@5000001c)
	name		50001169
OBJ 50001169 (sz=24, trace=300000, class=java.lang.String@500001cd)
	value		5000116a
ARR 5000116a (sz=26, trace=300000, nelems=13, elem type=char[])
ARR 5000116b (sz=106, trace=300000, nelems=53, elem type=char[])
OBJ 5000116c (sz=24, trace=300000, class=java.lang.String@500001cd)
	value		50001170
OBJ 5000116d (sz=24, trace=300000, class=java.util.jar.Attributes$Name@5000001c)
	name		5000116e
OBJ 5000116e (sz=24, trace=300000, class=java.lang.String@500001cd)
	value		5000116f
ARR 5000116f (sz=22, trace=300000, nelems=11, elem type=char[])
ARR 50001170 (sz=32, trace=300000, nelems=16, elem type=char[])
OBJ 50001171 (sz=24, trace=300000, class=java.lang.String@500001cd)
	value		50001172
ARR 50001172 (sz=40, trace=300000, nelems=20, elem type=char[])
ARR 50001173 (sz=272, trace=300000, nelems=64, elem type=java.util.HashMap$Node[]@50000121)
	[5]		50001174
	[6]		50001175
	[7]		50001176
	[10]		50001177
	[12]		50001178
	[14]		50001179
	[20]		5000117a
	[21]		5000117b
	[23]		5000117c
	[27]		5000117d
	[30]		5000117e
	[31]		5000117f
	[32]		50001180
	[33]		50001181
	[34]		50001182
	[35]		50001183
	[38]		50001184
	[44]		50001185
	[46]		50001186
	[49]		50001187
	[50]		50001188
	[54]		50001189
	[57]		5000118a
	[58]		5000118b
	[61]		5000118c
	[63]		5000118d
OBJ 50001174 (sz=32, trace=300000, class=java.util.HashMap$Node@50000123)
	key		50001369
	value		5000113c
OBJ 50001175 (sz=32, trace=300000, class=java.util.HashMap$Node@50000123)
	key		50001349
	value		50001128
	next		50001348
OBJ 50001176 (sz=32, trace=300000, class=java.util.HashMap$Node@50000123)
	key		50001333
	value		50001142
OBJ 50001177 (sz=32, trace=300000, class=java.util.HashMap$Node@50000123)
	key		5000130b
	value		50001131
	next		5000130a
OBJ 50001178 (sz=32, trace=300000, class=java.util.HashMap$Node@50000123)
	key		500012fb
	value		50001133
OBJ 50001179 (sz=32, trace=300000, class=java.util.HashMap$Node@50000123)
	key		500012f8
	value		5000113f
OBJ 5000117a (sz=32, trace=300000, class=java.util.HashMap$Node@50000123)
	key		500012e3
	value		5000113a
OBJ 5000117b (sz=32, trace=300000, class=java.util.HashMap$Node@50000123)
	key		500012d0
	value		5000113e
OBJ 5000117c (sz=32, trace=300000, class=java.util.HashMap$Node@50000123)
	key		500012a6
	value		50001138
	next		500012a5
OBJ 5000117d (sz=32, trace=300000, class=java.util.HashMap$Node@50000123)
	key		5000128d
	value		5000112c
	next		5000128c
OBJ 5000117e (sz=32, trace=300000, class=java.util.HashMap$Node@50000123)
	key		50001287
	value		5000112b
OBJ 5000117f (sz=32, trace=300000, class=java.util.HashMap$Node@50000123)
	key		50001282
	value		5000112a
OBJ 50001180 (sz=32, trace=300000, class=java.util.HashMap$Node@50000123)
	key		5000127d
	value		50001126
OBJ 50001181 (sz=32, trace=300000, class=java.util.HashMap$Node@50000123)
	key		50001251
	value		50001132
OBJ 50001182 (sz=32, trace=300000, class=java.util.HashMap$Node@50000123)
	key		50001242
	value		50001130
OBJ 50001183 (sz=32, trace=300000, class=java.util.HashMap$Node@50000123)
	key		5000123d
	value		50001129
OBJ 50001184 (sz=32, trace=300000, class=java.util.HashMap$Node@50000123)
	key		50001213
	value		5000112f
	next		50001212
OBJ 50001185 (sz=32, trace=300000, class=java.util.HashMap$Node@50000123)
	key		500011fd
	value		50001135
OBJ 50001186 (sz=32, trace=300000, class=java.util.HashMap$Node@50000123)
	key		500011f8
	value		5000112d
OBJ 50001187 (sz=32, trace=300000, class=java.util.HashMap$Node@50000123)
	key		500011f6
	value		50001143
OBJ 50001188 (sz=32, trace=300000, class=java.util.HashMap$Node@50000123)
	key		500011e1
	value		50001139
OBJ 50001189 (sz=32, trace=300000, class=java.util.HashMap$Node@50000123)
	key		500011d7
	value		50001125
	next		500011d6
OBJ 5000118a (sz=32, trace=300000, class=java.util.HashMap$Node@50000123)
	key		500011c1
	value		50001124
OBJ 5000118b (sz=32, trace=300000, class=java.util.HashMap$Node@50000123)
	key		500011b2
	value		50001137
OBJ 5000118c (sz=32, trace=300000, class=java.util.HashMap$Node@50000123)
	key		5000119d
	value		50001134
OBJ 5000118d (sz=32, trace=300000, class=java.util.HashMap$Node@50000123)
	key		5000118e
	value		50001123
OBJ 5000118e (sz=24, trace=300000, class=java.lang.String@500001cd)
	value		5000118f
ARR 5000118f (sz=184, trace=300000, nelems=92, elem type=char[])
OBJ 50001190 (sz=64, trace=300000, class=java.util.jar.JarFile@50000049)
	name		5000111f
	zc		50001196
	streams		50001195
	inflaterCache	50001194
OBJ 50001191 (sz=64, trace=300000, class=java.net.URL@50000178)
	protocol	50000e10
	host		500003e5
	file		50001192
	authority	500003e5
	path		50001192
	handler		500010be
OBJ 50001192 (sz=24, trace=300000, class=java.lang.String@500001cd)
	value		50001193
ARR 50001193 (sz=184, trace=300000, nelems=92, elem type=char[])
OBJ 50001194 (sz=24, trace=300000, class=java.util.ArrayDeque@5000003e)
	elements	5000119c
OBJ 50001195 (sz=48, trace=300000, class=java.util.WeakHashMap@50000106)
	table		5000119a
	queue		50001199
OBJ 50001196 (sz=32, trace=300000, class=java.util.zip.ZipCoder@5000003d)
	cs		500009c2
	enc		50001197
OBJ 50001197 (sz=56, trace=300000, class=sun.nio.cs.UTF_8$Encoder@500000cc)
	charset		500009c2
	replacement	50001198
	malformedInputAction	500009ba
	unmappableCharacterAction	500009ba
ARR 50001198 (sz=1, trace=300000, nelems=1, elem type=byte[])
OBJ 50001199 (sz=32, trace=300000, class=java.lang.ref.ReferenceQueue@500001ab)
	lock		5000119b
ARR 5000119a (sz=80, trace=300000, nelems=0, elem type=java.util.WeakHashMap$Entry[]@5000009f)
OBJ 5000119b (sz=16, trace=300000, class=java.lang.ref.ReferenceQueue$Lock@50000130)
ARR 5000119c (sz=80, trace=300000, nelems=0, elem type=java.lang.Object[]@50000167)
OBJ 5000119d (sz=24, trace=300000, class=java.lang.String@500001cd)
	value		5000119e
ARR 5000119e (sz=200, trace=300000, nelems=100, elem type=char[])
OBJ 5000119f (sz=64, trace=300000, class=java.util.jar.JarFile@50000049)
	name		500010fd
	zc		500011a6
	streams		500011a5
	inflaterCache	500011a4
	manEntry	500011a3
OBJ 500011a0 (sz=64, trace=300000, class=java.net.URL@50000178)
	protocol	50000e10
	host		500003e5
	file		500011a1
	authority	500003e5
	path		500011a1
	handler		500010be
OBJ 500011a1 (sz=24, trace=300000, class=java.lang.String@500001cd)
	value		500011a2
ARR 500011a2 (sz=200, trace=300000, nelems=100, elem type=char[])
OBJ 500011a3 (sz=96, trace=300000, class=java.util.jar.JarFile$JarFileEntry@50000030)
	name		500011b0
	this$0		5000119f
OBJ 500011a4 (sz=24, trace=300000, class=java.util.ArrayDeque@5000003e)
	elements	500011ad
OBJ 500011a5 (sz=48, trace=300000, class=java.util.WeakHashMap@50000106)
	table		500011ab
	queue		500011aa
OBJ 500011a6 (sz=32, trace=300000, class=java.util.zip.ZipCoder@5000003d)
	cs		500009c2
	dec		500011a8
	enc		500011a7
OBJ 500011a7 (sz=56, trace=300000, class=sun.nio.cs.UTF_8$Encoder@500000cc)
	charset		500009c2
	replacement	500011a9
	malformedInputAction	500009ba
	unmappableCharacterAction	500009ba
OBJ 500011a8 (sz=40, trace=300000, class=sun.nio.cs.UTF_8$Decoder@500000ee)
	charset		500009c2
	replacement	500007b8
	malformedInputAction	500009ba
	unmappableCharacterAction	500009ba
ARR 500011a9 (sz=1, trace=300000, nelems=1, elem type=byte[])
OBJ 500011aa (sz=32, trace=300000, class=java.lang.ref.ReferenceQueue@500001ab)
	lock		500011ac
ARR 500011ab (sz=80, trace=300000, nelems=0, elem type=java.util.WeakHashMap$Entry[]@5000009f)
OBJ 500011ac (sz=16, trace=300000, class=java.lang.ref.ReferenceQueue$Lock@50000130)
ARR 500011ad (sz=80, trace=300000, nelems=1, elem type=java.lang.Object[]@50000167)
	[0]		500011ae
OBJ 500011ae (sz=48, trace=300000, class=java.util.zip.Inflater@5000002e)
	zsRef		500011af
	buf		50000de3
OBJ 500011af (sz=24, trace=300000, class=java.util.zip.ZStreamRef@5000002d)
OBJ 500011b0 (sz=24, trace=300000, class=java.lang.String@500001cd)
	value		500011b1
ARR 500011b1 (sz=40, trace=300000, nelems=20, elem type=char[])
OBJ 500011b2 (sz=24, trace=300000, class=java.lang.String@500001cd)
	value		500011b3
ARR 500011b3 (sz=172, trace=300000, nelems=86, elem type=char[])
OBJ 500011b4 (sz=64, trace=300000, class=java.util.jar.JarFile@50000049)
	name		500010f7
	zc		500011ba
	streams		500011b9
	inflaterCache	500011b8
OBJ 500011b5 (sz=64, trace=300000, class=java.net.URL@50000178)
	protocol	50000e10
	host		500003e5
	file		500011b6
	authority	500003e5
	path		500011b6
	handler		500010be
OBJ 500011b6 (sz=24, trace=300000, class=java.lang.String@500001cd)
	value		500011b7
ARR 500011b7 (sz=172, trace=300000, nelems=86, elem type=char[])
OBJ 500011b8 (sz=24, trace=300000, class=java.util.ArrayDeque@5000003e)
	elements	500011c0
OBJ 500011b9 (sz=48, trace=300000, class=java.util.WeakHashMap@50000106)
	table		500011be
	queue		500011bd
OBJ 500011ba (sz=32, trace=300000, class=java.util.zip.ZipCoder@5000003d)
	cs		500009c2
	enc		500011bb
OBJ 500011bb (sz=56, trace=300000, class=sun.nio.cs.UTF_8$Encoder@500000cc)
	charset		500009c2
	replacement	500011bc
	malformedInputAction	500009ba
	unmappableCharacterAction	500009ba
ARR 500011bc (sz=1, trace=300000, nelems=1, elem type=byte[])
OBJ 500011bd (sz=32, trace=300000, class=java.lang.ref.ReferenceQueue@500001ab)
	lock		500011bf
ARR 500011be (sz=80, trace=300000, nelems=0, elem type=java.util.WeakHashMap$Entry[]@5000009f)
OBJ 500011bf (sz=16, trace=300000, class=java.lang.ref.ReferenceQueue$Lock@50000130)
ARR 500011c0 (sz=80, trace=300000, nelems=0, elem type=java.lang.Object[]@50000167)
OBJ 500011c1 (sz=24, trace=300000, class=java.lang.String@500001cd)
	value		500011c2
ARR 500011c2 (sz=180, trace=300000, nelems=90, elem type=char[])
OBJ 500011c3 (sz=64, trace=300000, class=java.util.jar.JarFile@50000049)
	name		5000111d
	zc		500011ca
	streams		500011c9
	inflaterCache	500011c8
	manEntry	500011c7
OBJ 500011c4 (sz=64, trace=300000, class=java.net.URL@50000178)
	protocol	50000e10
	host		500003e5
	file		500011c5
	authority	500003e5
	path		500011c5
	handler		500010be
OBJ 500011c5 (sz=24, trace=300000, class=java.lang.String@500001cd)
	value		500011c6
ARR 500011c6 (sz=180, trace=300000, nelems=90, elem type=char[])
OBJ 500011c7 (sz=96, trace=300000, class=java.util.jar.JarFile$JarFileEntry@50000030)
	name		500011d4
	this$0		500011c3
OBJ 500011c8 (sz=24, trace=300000, class=java.util.ArrayDeque@5000003e)
	elements	500011d1
OBJ 500011c9 (sz=48, trace=300000, class=java.util.WeakHashMap@50000106)
	table		500011cf
	queue		500011ce
OBJ 500011ca (sz=32, trace=300000, class=java.util.zip.ZipCoder@5000003d)
	cs		500009c2
	dec		500011cc
	enc		500011cb
OBJ 500011cb (sz=56, trace=300000, class=sun.nio.cs.UTF_8$Encoder@500000cc)
	charset		500009c2
	replacement	500011cd
	malformedInputAction	500009ba
	unmappableCharacterAction	500009ba
OBJ 500011cc (sz=40, trace=300000, class=sun.nio.cs.UTF_8$Decoder@500000ee)
	charset		500009c2
	replacement	500007b8
	malformedInputAction	500009ba
	unmappableCharacterAction	500009ba
ARR 500011cd (sz=1, trace=300000, nelems=1, elem type=byte[])
OBJ 500011ce (sz=32, trace=300000, class=java.lang.ref.ReferenceQueue@500001ab)
	lock		500011d0
ARR 500011cf (sz=80, trace=300000, nelems=0, elem type=java.util.WeakHashMap$Entry[]@5000009f)
OBJ 500011d0 (sz=16, trace=300000, class=java.lang.ref.ReferenceQueue$Lock@50000130)
ARR 500011d1 (sz=80, trace=300000, nelems=1, elem type=java.lang.Object[]@50000167)
	[0]		500011d2
OBJ 500011d2 (sz=48, trace=300000, class=java.util.zip.Inflater@5000002e)
	zsRef		500011d3
	buf		50000de3
OBJ 500011d3 (sz=24, trace=300000, class=java.util.zip.ZStreamRef@5000002d)
OBJ 500011d4 (sz=24, trace=300000, class=java.lang.String@500001cd)
	value		500011d5
ARR 500011d5 (sz=40, trace=300000, nelems=20, elem type=char[])
OBJ 500011d6 (sz=32, trace=300000, class=java.util.HashMap$Node@50000123)
	key		500011dc
	value		50001127
OBJ 500011d7 (sz=24, trace=300000, class=java.lang.String@500001cd)
	value		500011d8
ARR 500011d8 (sz=192, trace=300000, nelems=96, elem type=char[])
OBJ 500011d9 (sz=64, trace=300000, class=java.net.URL@50000178)
	protocol	50000e10
	host		500003e5
	file		500011da
	authority	500003e5
	path		500011da
	handler		500010be
OBJ 500011da (sz=24, trace=300000, class=java.lang.String@500001cd)
	value		500011db
ARR 500011db (sz=192, trace=300000, nelems=96, elem type=char[])
OBJ 500011dc (sz=24, trace=300000, class=java.lang.String@500001cd)
	value		500011dd
ARR 500011dd (sz=190, trace=300000, nelems=95, elem type=char[])
OBJ 500011de (sz=64, trace=300000, class=java.net.URL@50000178)
	protocol	50000e10
	host		500003e5
	file		500011df
	authority	500003e5
	path		500011df
	handler		500010be
OBJ 500011df (sz=24, trace=300000, class=java.lang.String@500001cd)
	value		500011e0
ARR 500011e0 (sz=190, trace=300000, nelems=95, elem type=char[])
OBJ 500011e1 (sz=24, trace=300000, class=java.lang.String@500001cd)
	value		500011e2
ARR 500011e2 (sz=164, trace=300000, nelems=82, elem type=char[])
OBJ 500011e3 (sz=64, trace=300000, class=java.util.jar.JarFile@50000049)
	name		500010f3
	zc		500011ea
	streams		500011e9
	inflaterCache	500011e8
	manEntry	500011e7
OBJ 500011e4 (sz=64, trace=300000, class=java.net.URL@50000178)
	protocol	50000e10
	host		500003e5
	file		500011e5
	authority	500003e5
	path		500011e5
	handler		500010be
OBJ 500011e5 (sz=24, trace=300000, class=java.lang.String@500001cd)
	value		500011e6
ARR 500011e6 (sz=164, trace=300000, nelems=82, elem type=char[])
OBJ 500011e7 (sz=96, trace=300000, class=java.util.jar.JarFile$JarFileEntry@50000030)
	name		500011f4
	this$0		500011e3
OBJ 500011e8 (sz=24, trace=300000, class=java.util.ArrayDeque@5000003e)
	elements	500011f1
OBJ 500011e9 (sz=48, trace=300000, class=java.util.WeakHashMap@50000106)
	table		500011ef
	queue		500011ee
OBJ 500011ea (sz=32, trace=300000, class=java.util.zip.ZipCoder@5000003d)
	cs		500009c2
	dec		500011ec
	enc		500011eb
OBJ 500011eb (sz=56, trace=300000, class=sun.nio.cs.UTF_8$Encoder@500000cc)
	charset		500009c2
	replacement	500011ed
	malformedInputAction	500009ba
	unmappableCharacterAction	500009ba
OBJ 500011ec (sz=40, trace=300000, class=sun.nio.cs.UTF_8$Decoder@500000ee)
	charset		500009c2
	replacement	500007b8
	malformedInputAction	500009ba
	unmappableCharacterAction	500009ba
ARR 500011ed (sz=1, trace=300000, nelems=1, elem type=byte[])
OBJ 500011ee (sz=32, trace=300000, class=java.lang.ref.ReferenceQueue@500001ab)
	lock		500011f0
ARR 500011ef (sz=80, trace=300000, nelems=0, elem type=java.util.WeakHashMap$Entry[]@5000009f)
OBJ 500011f0 (sz=16, trace=300000, class=java.lang.ref.ReferenceQueue$Lock@50000130)
ARR 500011f1 (sz=80, trace=300000, nelems=1, elem type=java.lang.Object[]@50000167)
	[0]		500011f2
OBJ 500011f2 (sz=48, trace=300000, class=java.util.zip.Inflater@5000002e)
	zsRef		500011f3
	buf		50000de3
OBJ 500011f3 (sz=24, trace=300000, class=java.util.zip.ZStreamRef@5000002d)
OBJ 500011f4 (sz=24, trace=300000, class=java.lang.String@500001cd)
	value		500011f5
ARR 500011f5 (sz=40, trace=300000, nelems=20, elem type=char[])
OBJ 500011f6 (sz=24, trace=300000, class=java.lang.String@500001cd)
	value		500011f7
ARR 500011f7 (sz=130, trace=300000, nelems=65, elem type=char[])
OBJ 500011f8 (sz=24, trace=300000, class=java.lang.String@500001cd)
	value		500011f9
ARR 500011f9 (sz=194, trace=300000, nelems=97, elem type=char[])
OBJ 500011fa (sz=64, trace=300000, class=java.net.URL@50000178)
	protocol	50000e10
	host		500003e5
	file		500011fb
	authority	500003e5
	path		500011fb
	handler		500010be
OBJ 500011fb (sz=24, trace=300000, class=java.lang.String@500001cd)
	value		500011fc
ARR 500011fc (sz=194, trace=300000, nelems=97, elem type=char[])
OBJ 500011fd (sz=24, trace=300000, class=java.lang.String@500001cd)
	value		500011fe
ARR 500011fe (sz=180, trace=300000, nelems=90, elem type=char[])
OBJ 500011ff (sz=64, trace=300000, class=java.util.jar.JarFile@50000049)
	name		500010fb
	zc		50001206
	streams		50001205
	inflaterCache	50001204
	manEntry	50001203
OBJ 50001200 (sz=64, trace=300000, class=java.net.URL@50000178)
	protocol	50000e10
	host		500003e5
	file		50001201
	authority	500003e5
	path		50001201
	handler		500010be
OBJ 50001201 (sz=24, trace=300000, class=java.lang.String@500001cd)
	value		50001202
ARR 50001202 (sz=180, trace=300000, nelems=90, elem type=char[])
OBJ 50001203 (sz=96, trace=300000, class=java.util.jar.JarFile$JarFileEntry@50000030)
	name		50001210
	this$0		500011ff
OBJ 50001204 (sz=24, trace=300000, class=java.util.ArrayDeque@5000003e)
	elements	5000120d
OBJ 50001205 (sz=48, trace=300000, class=java.util.WeakHashMap@50000106)
	table		5000120b
	queue		5000120a
OBJ 50001206 (sz=32, trace=300000, class=java.util.zip.ZipCoder@5000003d)
	cs		500009c2
	dec		50001208
	enc		50001207
OBJ 50001207 (sz=56, trace=300000, class=sun.nio.cs.UTF_8$Encoder@500000cc)
	charset		500009c2
	replacement	50001209
	malformedInputAction	500009ba
	unmappableCharacterAction	500009ba
OBJ 50001208 (sz=40, trace=300000, class=sun.nio.cs.UTF_8$Decoder@500000ee)
	charset		500009c2
	replacement	500007b8
	malformedInputAction	500009ba
	unmappableCharacterAction	500009ba
ARR 50001209 (sz=1, trace=300000, nelems=1, elem type=byte[])
OBJ 5000120a (sz=32, trace=300000, class=java.lang.ref.ReferenceQueue@500001ab)
	lock		5000120c
ARR 5000120b (sz=80, trace=300000, nelems=0, elem type=java.util.WeakHashMap$Entry[]@5000009f)
OBJ 5000120c (sz=16, trace=300000, class=java.lang.ref.ReferenceQueue$Lock@50000130)
ARR 5000120d (sz=80, trace=300000, nelems=1, elem type=java.lang.Object[]@50000167)
	[0]		5000120e
OBJ 5000120e (sz=48, trace=300000, class=java.util.zip.Inflater@5000002e)
	zsRef		5000120f
	buf		50000de3
OBJ 5000120f (sz=24, trace=300000, class=java.util.zip.ZStreamRef@5000002d)
OBJ 50001210 (sz=24, trace=300000, class=java.lang.String@500001cd)
	value		50001211
ARR 50001211 (sz=40, trace=300000, nelems=20, elem type=char[])
OBJ 50001212 (sz=32, trace=300000, class=java.util.HashMap$Node@50000123)
	key		50001228
	value		5000113b
OBJ 50001213 (sz=24, trace=300000, class=java.lang.String@500001cd)
	value		50001214
ARR 50001214 (sz=180, trace=300000, nelems=90, elem type=char[])
OBJ 50001215 (sz=64, trace=300000, class=java.util.jar.JarFile@50000049)
	name		50001107
	zc		5000121c
	streams		5000121b
	inflaterCache	5000121a
	manEntry	50001219
OBJ 50001216 (sz=64, trace=300000, class=java.net.URL@50000178)
	protocol	50000e10
	host		500003e5
	file		50001217
	authority	500003e5
	path		50001217
	handler		500010be
OBJ 50001217 (sz=24, trace=300000, class=java.lang.String@500001cd)
	value		50001218
ARR 50001218 (sz=180, trace=300000, nelems=90, elem type=char[])
OBJ 50001219 (sz=96, trace=300000, class=java.util.jar.JarFile$JarFileEntry@50000030)
	name		50001226
	this$0		50001215
OBJ 5000121a (sz=24, trace=300000, class=java.util.ArrayDeque@5000003e)
	elements	50001223
OBJ 5000121b (sz=48, trace=300000, class=java.util.WeakHashMap@50000106)
	table		50001221
	queue		50001220
OBJ 5000121c (sz=32, trace=300000, class=java.util.zip.ZipCoder@5000003d)
	cs		500009c2
	dec		5000121e
	enc		5000121d
OBJ 5000121d (sz=56, trace=300000, class=sun.nio.cs.UTF_8$Encoder@500000cc)
	charset		500009c2
	replacement	5000121f
	malformedInputAction	500009ba
	unmappableCharacterAction	500009ba
OBJ 5000121e (sz=40, trace=300000, class=sun.nio.cs.UTF_8$Decoder@500000ee)
	charset		500009c2
	replacement	500007b8
	malformedInputAction	500009ba
	unmappableCharacterAction	500009ba
ARR 5000121f (sz=1, trace=300000, nelems=1, elem type=byte[])
OBJ 50001220 (sz=32, trace=300000, class=java.lang.ref.ReferenceQueue@500001ab)
	lock		50001222
ARR 50001221 (sz=80, trace=300000, nelems=0, elem type=java.util.WeakHashMap$Entry[]@5000009f)
OBJ 50001222 (sz=16, trace=300000, class=java.lang.ref.ReferenceQueue$Lock@50000130)
ARR 50001223 (sz=80, trace=300000, nelems=1, elem type=java.lang.Object[]@50000167)
	[0]		50001224
OBJ 50001224 (sz=48, trace=300000, class=java.util.zip.Inflater@5000002e)
	zsRef		50001225
	buf		50000de3
OBJ 50001225 (sz=24, trace=300000, class=java.util.zip.ZStreamRef@5000002d)
OBJ 50001226 (sz=24, trace=300000, class=java.lang.String@500001cd)
	value		50001227
ARR 50001227 (sz=40, trace=300000, nelems=20, elem type=char[])
OBJ 50001228 (sz=24, trace=300000, class=java.lang.String@500001cd)
	value		50001229
ARR 50001229 (sz=176, trace=300000, nelems=88, elem type=char[])
OBJ 5000122a (sz=64, trace=300000, class=java.util.jar.JarFile@50000049)
	name		500010ef
	zc		50001231
	streams		50001230
	inflaterCache	5000122f
	manEntry	5000122e
OBJ 5000122b (sz=64, trace=300000, class=java.net.URL@50000178)
	protocol	50000e10
	host		500003e5
	file		5000122c
	authority	500003e5
	path		5000122c
	handler		500010be
OBJ 5000122c (sz=24, trace=300000, class=java.lang.String@500001cd)
	value		5000122d
ARR 5000122d (sz=176, trace=300000, nelems=88, elem type=char[])
OBJ 5000122e (sz=96, trace=300000, class=java.util.jar.JarFile$JarFileEntry@50000030)
	name		5000123b
	this$0		5000122a
OBJ 5000122f (sz=24, trace=300000, class=java.util.ArrayDeque@5000003e)
	elements	50001238
OBJ 50001230 (sz=48, trace=300000, class=java.util.WeakHashMap@50000106)
	table		50001236
	queue		50001235
OBJ 50001231 (sz=32, trace=300000, class=java.util.zip.ZipCoder@5000003d)
	cs		500009c2
	dec		50001233
	enc		50001232
OBJ 50001232 (sz=56, trace=300000, class=sun.nio.cs.UTF_8$Encoder@500000cc)
	charset		500009c2
	replacement	50001234
	malformedInputAction	500009ba
	unmappableCharacterAction	500009ba
OBJ 50001233 (sz=40, trace=300000, class=sun.nio.cs.UTF_8$Decoder@500000ee)
	charset		500009c2
	replacement	500007b8
	malformedInputAction	500009ba
	unmappableCharacterAction	500009ba
ARR 50001234 (sz=1, trace=300000, nelems=1, elem type=byte[])
OBJ 50001235 (sz=32, trace=300000, class=java.lang.ref.ReferenceQueue@500001ab)
	lock		50001237
ARR 50001236 (sz=80, trace=300000, nelems=0, elem type=java.util.WeakHashMap$Entry[]@5000009f)
OBJ 50001237 (sz=16, trace=300000, class=java.lang.ref.ReferenceQueue$Lock@50000130)
ARR 50001238 (sz=80, trace=300000, nelems=1, elem type=java.lang.Object[]@50000167)
	[0]		50001239
OBJ 50001239 (sz=48, trace=300000, class=java.util.zip.Inflater@5000002e)
	zsRef		5000123a
	buf		50000de3
OBJ 5000123a (sz=24, trace=300000, class=java.util.zip.ZStreamRef@5000002d)
OBJ 5000123b (sz=24, trace=300000, class=java.lang.String@500001cd)
	value		5000123c
ARR 5000123c (sz=40, trace=300000, nelems=20, elem type=char[])
OBJ 5000123d (sz=24, trace=300000, class=java.lang.String@500001cd)
	value		5000123e
ARR 5000123e (sz=196, trace=300000, nelems=98, elem type=char[])
OBJ 5000123f (sz=64, trace=300000, class=java.net.URL@50000178)
	protocol	50000e10
	host		500003e5
	file		50001240
	authority	500003e5
	path		50001240
	handler		500010be
OBJ 50001240 (sz=24, trace=300000, class=java.lang.String@500001cd)
	value		50001241
ARR 50001241 (sz=196, trace=300000, nelems=98, elem type=char[])
OBJ 50001242 (sz=24, trace=300000, class=java.lang.String@500001cd)
	value		50001243
ARR 50001243 (sz=174, trace=300000, nelems=87, elem type=char[])
OBJ 50001244 (sz=64, trace=300000, class=java.util.jar.JarFile@50000049)
	name		50001105
	zc		5000124a
	streams		50001249
	inflaterCache	50001248
OBJ 50001245 (sz=64, trace=300000, class=java.net.URL@50000178)
	protocol	50000e10
	host		500003e5
	file		50001246
	authority	500003e5
	path		50001246
	handler		500010be
OBJ 50001246 (sz=24, trace=300000, class=java.lang.String@500001cd)
	value		50001247
ARR 50001247 (sz=174, trace=300000, nelems=87, elem type=char[])
OBJ 50001248 (sz=24, trace=300000, class=java.util.ArrayDeque@5000003e)
	elements	50001250
OBJ 50001249 (sz=48, trace=300000, class=java.util.WeakHashMap@50000106)
	table		5000124e
	queue		5000124d
OBJ 5000124a (sz=32, trace=300000, class=java.util.zip.ZipCoder@5000003d)
	cs		500009c2
	enc		5000124b
OBJ 5000124b (sz=56, trace=300000, class=sun.nio.cs.UTF_8$Encoder@500000cc)
	charset		500009c2
	replacement	5000124c
	malformedInputAction	500009ba
	unmappableCharacterAction	500009ba
ARR 5000124c (sz=1, trace=300000, nelems=1, elem type=byte[])
OBJ 5000124d (sz=32, trace=300000, class=java.lang.ref.ReferenceQueue@500001ab)
	lock		5000124f
ARR 5000124e (sz=80, trace=300000, nelems=0, elem type=java.util.WeakHashMap$Entry[]@5000009f)
OBJ 5000124f (sz=16, trace=300000, class=java.lang.ref.ReferenceQueue$Lock@50000130)
ARR 50001250 (sz=80, trace=300000, nelems=0, elem type=java.lang.Object[]@50000167)
OBJ 50001251 (sz=24, trace=300000, class=java.lang.String@500001cd)
	value		50001252
ARR 50001252 (sz=180, trace=300000, nelems=90, elem type=char[])
OBJ 50001253 (sz=24, trace=300000, class=sun.misc.JarIndex@50000033)
	indexMap	50001264
	jarMap		50001263
	jarFiles	50001262
OBJ 50001254 (sz=64, trace=300000, class=java.util.jar.JarFile@50000049)
	name		50001101
	zc		5000125a
	streams		50001259
	inflaterCache	50001258
OBJ 50001255 (sz=64, trace=300000, class=java.net.URL@50000178)
	protocol	50000e10
	host		500003e5
	file		50001256
	authority	500003e5
	path		50001256
	handler		500010be
OBJ 50001256 (sz=24, trace=300000, class=java.lang.String@500001cd)
	value		50001257
ARR 50001257 (sz=180, trace=300000, nelems=90, elem type=char[])
OBJ 50001258 (sz=24, trace=300000, class=java.util.ArrayDeque@5000003e)
	elements	50001261
OBJ 50001259 (sz=48, trace=300000, class=java.util.WeakHashMap@50000106)
	table		5000125f
	queue		5000125e
OBJ 5000125a (sz=32, trace=300000, class=java.util.zip.ZipCoder@5000003d)
	cs		500009c2
	dec		5000125c
	enc		5000125b
OBJ 5000125b (sz=56, trace=300000, class=sun.nio.cs.UTF_8$Encoder@500000cc)
	charset		500009c2
	replacement	5000125d
	malformedInputAction	500009ba
	unmappableCharacterAction	500009ba
OBJ 5000125c (sz=40, trace=300000, class=sun.nio.cs.UTF_8$Decoder@500000ee)
	charset		500009c2
	replacement	500007b8
	malformedInputAction	500009ba
	unmappableCharacterAction	500009ba
ARR 5000125d (sz=1, trace=300000, nelems=1, elem type=byte[])
OBJ 5000125e (sz=32, trace=300000, class=java.lang.ref.ReferenceQueue@500001ab)
	lock		50001260
ARR 5000125f (sz=80, trace=300000, nelems=0, elem type=java.util.WeakHashMap$Entry[]@5000009f)
OBJ 50001260 (sz=16, trace=300000, class=java.lang.ref.ReferenceQueue$Lock@50000130)
ARR 50001261 (sz=80, trace=300000, nelems=0, elem type=java.lang.Object[]@50000167)
ARR 50001262 (sz=24, trace=300000, nelems=1, elem type=java.lang.String[]@50000127)
	[0]		5000126d
OBJ 50001263 (sz=48, trace=300000, class=java.util.HashMap@50000125)
	table		50001277
OBJ 50001264 (sz=48, trace=300000, class=java.util.HashMap@50000125)
	table		50001265
ARR 50001265 (sz=80, trace=300000, nelems=12, elem type=java.util.HashMap$Node[]@50000121)
	[6]		50001266
	[10]		50001267
	[11]		50001268
OBJ 50001266 (sz=32, trace=300000, class=java.util.HashMap$Node@50000123)
	key		50001274
	value		50001273
OBJ 50001267 (sz=32, trace=300000, class=java.util.HashMap$Node@50000123)
	key		50001270
	value		5000126f
OBJ 50001268 (sz=32, trace=300000, class=java.util.HashMap$Node@50000123)
	key		5000126a
	value		50001269
OBJ 50001269 (sz=32, trace=300000, class=java.util.LinkedList@50000029)
	first		5000126c
	last		5000126c
OBJ 5000126a (sz=24, trace=300000, class=java.lang.String@500001cd)
	value		5000126b
ARR 5000126b (sz=12, trace=300000, nelems=6, elem type=char[])
OBJ 5000126c (sz=24, trace=300000, class=java.util.LinkedList$Node@50000028)
	item		5000126d
OBJ 5000126d (sz=24, trace=300000, class=java.lang.String@500001cd)
	value		5000126e
ARR 5000126e (sz=20, trace=300000, nelems=10, elem type=char[])
OBJ 5000126f (sz=32, trace=300000, class=java.util.LinkedList@50000029)
	first		50001272
	last		50001272
OBJ 50001270 (sz=24, trace=300000, class=java.lang.String@500001cd)
	value		50001271
ARR 50001271 (sz=32, trace=300000, nelems=16, elem type=char[])
OBJ 50001272 (sz=24, trace=300000, class=java.util.LinkedList$Node@50000028)
	item		5000126d
OBJ 50001273 (sz=32, trace=300000, class=java.util.LinkedList@50000029)
	first		50001276
	last		50001276
OBJ 50001274 (sz=24, trace=300000, class=java.lang.String@500001cd)
	value		50001275
ARR 50001275 (sz=24, trace=300000, nelems=12, elem type=char[])
OBJ 50001276 (sz=24, trace=300000, class=java.util.LinkedList$Node@50000028)
	item		5000126d
ARR 50001277 (sz=80, trace=300000, nelems=2, elem type=java.util.HashMap$Node[]@50000121)
	[1]		50001278
OBJ 50001278 (sz=32, trace=300000, class=java.util.HashMap$Node@50000123)
	key		5000126d
	value		50001279
OBJ 50001279 (sz=32, trace=300000, class=java.util.LinkedList@50000029)
	first		5000127b
	last		5000127a
OBJ 5000127a (sz=24, trace=300000, class=java.util.LinkedList$Node@50000028)
	item		50001270
	prev		5000127c
OBJ 5000127b (sz=24, trace=300000, class=java.util.LinkedList$Node@50000028)
	item		5000126a
	next		5000127c
OBJ 5000127c (sz=24, trace=300000, class=java.util.LinkedList$Node@50000028)
	item		50001274
	next		5000127a
	prev		5000127b
OBJ 5000127d (sz=24, trace=300000, class=java.lang.String@500001cd)
	value		5000127e
ARR 5000127e (sz=186, trace=300000, nelems=93, elem type=char[])
OBJ 5000127f (sz=64, trace=300000, class=java.net.URL@50000178)
	protocol	50000e10
	host		500003e5
	file		50001280
	authority	500003e5
	path		50001280
	handler		500010be
OBJ 50001280 (sz=24, trace=300000, class=java.lang.String@500001cd)
	value		50001281
ARR 50001281 (sz=186, trace=300000, nelems=93, elem type=char[])
OBJ 50001282 (sz=24, trace=300000, class=java.lang.String@500001cd)
	value		50001283
ARR 50001283 (sz=190, trace=300000, nelems=95, elem type=char[])
OBJ 50001284 (sz=64, trace=300000, class=java.net.URL@50000178)
	protocol	50000e10
	host		500003e5
	file		50001285
	authority	500003e5
	path		50001285
	handler		500010be
OBJ 50001285 (sz=24, trace=300000, class=java.lang.String@500001cd)
	value		50001286
ARR 50001286 (sz=190, trace=300000, nelems=95, elem type=char[])
OBJ 50001287 (sz=24, trace=300000, class=java.lang.String@500001cd)
	value		50001288
ARR 50001288 (sz=186, trace=300000, nelems=93, elem type=char[])
OBJ 50001289 (sz=64, trace=300000, class=java.net.URL@50000178)
	protocol	50000e10
	host		500003e5
	file		5000128a
	authority	500003e5
	path		5000128a
	handler		500010be
OBJ 5000128a (sz=24, trace=300000, class=java.lang.String@500001cd)
	value		5000128b
ARR 5000128b (sz=186, trace=300000, nelems=93, elem type=char[])
OBJ 5000128c (sz=32, trace=300000, class=java.util.HashMap$Node@50000123)
	key		50001292
	value		50001136
OBJ 5000128d (sz=24, trace=300000, class=java.lang.String@500001cd)
	value		5000128e
ARR 5000128e (sz=206, trace=300000, nelems=103, elem type=char[])
OBJ 5000128f (sz=64, trace=300000, class=java.net.URL@50000178)
	protocol	50000e10
	host		500003e5
	file		50001290
	authority	500003e5
	path		50001290
	handler		500010be
OBJ 50001290 (sz=24, trace=300000, class=java.lang.String@500001cd)
	value		50001291
ARR 50001291 (sz=206, trace=300000, nelems=103, elem type=char[])
OBJ 50001292 (sz=24, trace=300000, class=java.lang.String@500001cd)
	value		50001293
ARR 50001293 (sz=186, trace=300000, nelems=93, elem type=char[])
OBJ 50001294 (sz=64, trace=300000, class=java.util.jar.JarFile@50000049)
	name		500010f9
	zc		5000129b
	streams		5000129a
	inflaterCache	50001299
	manEntry	50001298
OBJ 50001295 (sz=64, trace=300000, class=java.net.URL@50000178)
	protocol	50000e10
	host		500003e5
	file		50001296
	authority	500003e5
	path		50001296
	handler		500010be
OBJ 50001296 (sz=24, trace=300000, class=java.lang.String@500001cd)
	value		50001297
ARR 50001297 (sz=186, trace=300000, nelems=93, elem type=char[])
OBJ 50001298 (sz=96, trace=300000, class=java.util.jar.JarFile$JarFileEntry@50000030)
	name		500012a3
	this$0		50001294
OBJ 50001299 (sz=24, trace=300000, class=java.util.ArrayDeque@5000003e)
	elements	500012a2
OBJ 5000129a (sz=48, trace=300000, class=java.util.WeakHashMap@50000106)
	table		500012a0
	queue		5000129f
OBJ 5000129b (sz=32, trace=300000, class=java.util.zip.ZipCoder@5000003d)
	cs		500009c2
	dec		5000129d
	enc		5000129c
OBJ 5000129c (sz=56, trace=300000, class=sun.nio.cs.UTF_8$Encoder@500000cc)
	charset		500009c2
	replacement	5000129e
	malformedInputAction	500009ba
	unmappableCharacterAction	500009ba
OBJ 5000129d (sz=40, trace=300000, class=sun.nio.cs.UTF_8$Decoder@500000ee)
	charset		500009c2
	replacement	500007b8
	malformedInputAction	500009ba
	unmappableCharacterAction	500009ba
ARR 5000129e (sz=1, trace=300000, nelems=1, elem type=byte[])
OBJ 5000129f (sz=32, trace=300000, class=java.lang.ref.ReferenceQueue@500001ab)
	lock		500012a1
ARR 500012a0 (sz=80, trace=300000, nelems=0, elem type=java.util.WeakHashMap$Entry[]@5000009f)
OBJ 500012a1 (sz=16, trace=300000, class=java.lang.ref.ReferenceQueue$Lock@50000130)
ARR 500012a2 (sz=80, trace=300000, nelems=0, elem type=java.lang.Object[]@50000167)
OBJ 500012a3 (sz=24, trace=300000, class=java.lang.String@500001cd)
	value		500012a4
ARR 500012a4 (sz=40, trace=300000, nelems=20, elem type=char[])
OBJ 500012a5 (sz=32, trace=300000, class=java.util.HashMap$Node@50000123)
	key		500012bb
	value		50001140
OBJ 500012a6 (sz=24, trace=300000, class=java.lang.String@500001cd)
	value		500012a7
ARR 500012a7 (sz=180, trace=300000, nelems=90, elem type=char[])
OBJ 500012a8 (sz=64, trace=300000, class=java.util.jar.JarFile@50000049)
	name		500010f5
	zc		500012af
	streams		500012ae
	inflaterCache	500012ad
	manEntry	500012ac
OBJ 500012a9 (sz=64, trace=300000, class=java.net.URL@50000178)
	protocol	50000e10
	host		500003e5
	file		500012aa
	authority	500003e5
	path		500012aa
	handler		500010be
OBJ 500012aa (sz=24, trace=300000, class=java.lang.String@500001cd)
	value		500012ab
ARR 500012ab (sz=180, trace=300000, nelems=90, elem type=char[])
OBJ 500012ac (sz=96, trace=300000, class=java.util.jar.JarFile$JarFileEntry@50000030)
	name		500012b9
	this$0		500012a8
OBJ 500012ad (sz=24, trace=300000, class=java.util.ArrayDeque@5000003e)
	elements	500012b6
OBJ 500012ae (sz=48, trace=300000, class=java.util.WeakHashMap@50000106)
	table		500012b4
	queue		500012b3
OBJ 500012af (sz=32, trace=300000, class=java.util.zip.ZipCoder@5000003d)
	cs		500009c2
	dec		500012b1
	enc		500012b0
OBJ 500012b0 (sz=56, trace=300000, class=sun.nio.cs.UTF_8$Encoder@500000cc)
	charset		500009c2
	replacement	500012b2
	malformedInputAction	500009ba
	unmappableCharacterAction	500009ba
OBJ 500012b1 (sz=40, trace=300000, class=sun.nio.cs.UTF_8$Decoder@500000ee)
	charset		500009c2
	replacement	500007b8
	malformedInputAction	500009ba
	unmappableCharacterAction	500009ba
ARR 500012b2 (sz=1, trace=300000, nelems=1, elem type=byte[])
OBJ 500012b3 (sz=32, trace=300000, class=java.lang.ref.ReferenceQueue@500001ab)
	lock		500012b5
ARR 500012b4 (sz=80, trace=300000, nelems=0, elem type=java.util.WeakHashMap$Entry[]@5000009f)
OBJ 500012b5 (sz=16, trace=300000, class=java.lang.ref.ReferenceQueue$Lock@50000130)
ARR 500012b6 (sz=80, trace=300000, nelems=1, elem type=java.lang.Object[]@50000167)
	[0]		500012b7
OBJ 500012b7 (sz=48, trace=300000, class=java.util.zip.Inflater@5000002e)
	zsRef		500012b8
	buf		50000de3
OBJ 500012b8 (sz=24, trace=300000, class=java.util.zip.ZStreamRef@5000002d)
OBJ 500012b9 (sz=24, trace=300000, class=java.lang.String@500001cd)
	value		500012ba
ARR 500012ba (sz=40, trace=300000, nelems=20, elem type=char[])
OBJ 500012bb (sz=24, trace=300000, class=java.lang.String@500001cd)
	value		500012bc
ARR 500012bc (sz=168, trace=300000, nelems=84, elem type=char[])
OBJ 500012bd (sz=64, trace=300000, class=java.util.jar.JarFile@50000049)
	name		500010e7
	zc		500012c4
	streams		500012c3
	inflaterCache	500012c2
	manEntry	500012c1
OBJ 500012be (sz=64, trace=300000, class=java.net.URL@50000178)
	protocol	50000e10
	host		500003e5
	file		500012bf
	authority	500003e5
	path		500012bf
	handler		500010be
OBJ 500012bf (sz=24, trace=300000, class=java.lang.String@500001cd)
	value		500012c0
ARR 500012c0 (sz=168, trace=300000, nelems=84, elem type=char[])
OBJ 500012c1 (sz=96, trace=300000, class=java.util.jar.JarFile$JarFileEntry@50000030)
	name		500012ce
	this$0		500012bd
OBJ 500012c2 (sz=24, trace=300000, class=java.util.ArrayDeque@5000003e)
	elements	500012cb
OBJ 500012c3 (sz=48, trace=300000, class=java.util.WeakHashMap@50000106)
	table		500012c9
	queue		500012c8
OBJ 500012c4 (sz=32, trace=300000, class=java.util.zip.ZipCoder@5000003d)
	cs		500009c2
	dec		500012c6
	enc		500012c5
OBJ 500012c5 (sz=56, trace=300000, class=sun.nio.cs.UTF_8$Encoder@500000cc)
	charset		500009c2
	replacement	500012c7
	malformedInputAction	500009ba
	unmappableCharacterAction	500009ba
OBJ 500012c6 (sz=40, trace=300000, class=sun.nio.cs.UTF_8$Decoder@500000ee)
	charset		500009c2
	replacement	500007b8
	malformedInputAction	500009ba
	unmappableCharacterAction	500009ba
ARR 500012c7 (sz=1, trace=300000, nelems=1, elem type=byte[])
OBJ 500012c8 (sz=32, trace=300000, class=java.lang.ref.ReferenceQueue@500001ab)
	lock		500012ca
ARR 500012c9 (sz=80, trace=300000, nelems=0, elem type=java.util.WeakHashMap$Entry[]@5000009f)
OBJ 500012ca (sz=16, trace=300000, class=java.lang.ref.ReferenceQueue$Lock@50000130)
ARR 500012cb (sz=80, trace=300000, nelems=1, elem type=java.lang.Object[]@50000167)
	[0]		500012cc
OBJ 500012cc (sz=48, trace=300000, class=java.util.zip.Inflater@5000002e)
	zsRef		500012cd
	buf		50000de3
OBJ 500012cd (sz=24, trace=300000, class=java.util.zip.ZStreamRef@5000002d)
OBJ 500012ce (sz=24, trace=300000, class=java.lang.String@500001cd)
	value		500012cf
ARR 500012cf (sz=40, trace=300000, nelems=20, elem type=char[])
OBJ 500012d0 (sz=24, trace=300000, class=java.lang.String@500001cd)
	value		500012d1
ARR 500012d1 (sz=170, trace=300000, nelems=85, elem type=char[])
OBJ 500012d2 (sz=64, trace=300000, class=java.util.jar.JarFile@50000049)
	name		500010e9
	zc		500012d9
	streams		500012d8
	inflaterCache	500012d7
	manEntry	500012d6
OBJ 500012d3 (sz=64, trace=300000, class=java.net.URL@50000178)
	protocol	50000e10
	host		500003e5
	file		500012d4
	authority	500003e5
	path		500012d4
	handler		500010be
OBJ 500012d4 (sz=24, trace=300000, class=java.lang.String@500001cd)
	value		500012d5
ARR 500012d5 (sz=170, trace=300000, nelems=85, elem type=char[])
OBJ 500012d6 (sz=96, trace=300000, class=java.util.jar.JarFile$JarFileEntry@50000030)
	name		500012e1
	this$0		500012d2
OBJ 500012d7 (sz=24, trace=300000, class=java.util.ArrayDeque@5000003e)
	elements	500012e0
OBJ 500012d8 (sz=48, trace=300000, class=java.util.WeakHashMap@50000106)
	table		500012de
	queue		500012dd
OBJ 500012d9 (sz=32, trace=300000, class=java.util.zip.ZipCoder@5000003d)
	cs		500009c2
	dec		500012db
	enc		500012da
OBJ 500012da (sz=56, trace=300000, class=sun.nio.cs.UTF_8$Encoder@500000cc)
	charset		500009c2
	replacement	500012dc
	malformedInputAction	500009ba
	unmappableCharacterAction	500009ba
OBJ 500012db (sz=40, trace=300000, class=sun.nio.cs.UTF_8$Decoder@500000ee)
	charset		500009c2
	replacement	500007b8
	malformedInputAction	500009ba
	unmappableCharacterAction	500009ba
ARR 500012dc (sz=1, trace=300000, nelems=1, elem type=byte[])
OBJ 500012dd (sz=32, trace=300000, class=java.lang.ref.ReferenceQueue@500001ab)
	lock		500012df
ARR 500012de (sz=80, trace=300000, nelems=0, elem type=java.util.WeakHashMap$Entry[]@5000009f)
OBJ 500012df (sz=16, trace=300000, class=java.lang.ref.ReferenceQueue$Lock@50000130)
ARR 500012e0 (sz=80, trace=300000, nelems=0, elem type=java.lang.Object[]@50000167)
OBJ 500012e1 (sz=24, trace=300000, class=java.lang.String@500001cd)
	value		500012e2
ARR 500012e2 (sz=40, trace=300000, nelems=20, elem type=char[])
OBJ 500012e3 (sz=24, trace=300000, class=java.lang.String@500001cd)
	value		500012e4
ARR 500012e4 (sz=178, trace=300000, nelems=89, elem type=char[])
OBJ 500012e5 (sz=64, trace=300000, class=java.util.jar.JarFile@50000049)
	name		500010f1
	zc		500012ec
	streams		500012eb
	inflaterCache	500012ea
	manEntry	500012e9
OBJ 500012e6 (sz=64, trace=300000, class=java.net.URL@50000178)
	protocol	50000e10
	host		500003e5
	file		500012e7
	authority	500003e5
	path		500012e7
	handler		500010be
OBJ 500012e7 (sz=24, trace=300000, class=java.lang.String@500001cd)
	value		500012e8
ARR 500012e8 (sz=178, trace=300000, nelems=89, elem type=char[])
OBJ 500012e9 (sz=96, trace=300000, class=java.util.jar.JarFile$JarFileEntry@50000030)
	name		500012f6
	this$0		500012e5
OBJ 500012ea (sz=24, trace=300000, class=java.util.ArrayDeque@5000003e)
	elements	500012f3
OBJ 500012eb (sz=48, trace=300000, class=java.util.WeakHashMap@50000106)
	table		500012f1
	queue		500012f0
OBJ 500012ec (sz=32, trace=300000, class=java.util.zip.ZipCoder@5000003d)
	cs		500009c2
	dec		500012ee
	enc		500012ed
OBJ 500012ed (sz=56, trace=300000, class=sun.nio.cs.UTF_8$Encoder@500000cc)
	charset		500009c2
	replacement	500012ef
	malformedInputAction	500009ba
	unmappableCharacterAction	500009ba
OBJ 500012ee (sz=40, trace=300000, class=sun.nio.cs.UTF_8$Decoder@500000ee)
	charset		500009c2
	replacement	500007b8
	malformedInputAction	500009ba
	unmappableCharacterAction	500009ba
ARR 500012ef (sz=1, trace=300000, nelems=1, elem type=byte[])
OBJ 500012f0 (sz=32, trace=300000, class=java.lang.ref.ReferenceQueue@500001ab)
	lock		500012f2
ARR 500012f1 (sz=80, trace=300000, nelems=0, elem type=java.util.WeakHashMap$Entry[]@5000009f)
OBJ 500012f2 (sz=16, trace=300000, class=java.lang.ref.ReferenceQueue$Lock@50000130)
ARR 500012f3 (sz=80, trace=300000, nelems=1, elem type=java.lang.Object[]@50000167)
	[0]		500012f4
OBJ 500012f4 (sz=48, trace=300000, class=java.util.zip.Inflater@5000002e)
	zsRef		500012f5
	buf		50000de3
OBJ 500012f5 (sz=24, trace=300000, class=java.util.zip.ZStreamRef@5000002d)
OBJ 500012f6 (sz=24, trace=300000, class=java.lang.String@500001cd)
	value		500012f7
ARR 500012f7 (sz=40, trace=300000, nelems=20, elem type=char[])
OBJ 500012f8 (sz=24, trace=300000, class=java.lang.String@500001cd)
	value		500012f9
ARR 500012f9 (sz=262, trace=300000, nelems=131, elem type=char[])
OBJ 500012fa (sz=32, trace=300000, class=java.io.File@5000017a)
	path		50000489
OBJ 500012fb (sz=24, trace=300000, class=java.lang.String@500001cd)
	value		500012fc
ARR 500012fc (sz=176, trace=300000, nelems=88, elem type=char[])
OBJ 500012fd (sz=64, trace=300000, class=java.util.jar.JarFile@50000049)
	name		500010ff
	zc		50001303
	streams		50001302
	inflaterCache	50001301
OBJ 500012fe (sz=64, trace=300000, class=java.net.URL@50000178)
	protocol	50000e10
	host		500003e5
	file		500012ff
	authority	500003e5
	path		500012ff
	handler		500010be
OBJ 500012ff (sz=24, trace=300000, class=java.lang.String@500001cd)
	value		50001300
ARR 50001300 (sz=176, trace=300000, nelems=88, elem type=char[])
OBJ 50001301 (sz=24, trace=300000, class=java.util.ArrayDeque@5000003e)
	elements	50001309
OBJ 50001302 (sz=48, trace=300000, class=java.util.WeakHashMap@50000106)
	table		50001307
	queue		50001306
OBJ 50001303 (sz=32, trace=300000, class=java.util.zip.ZipCoder@5000003d)
	cs		500009c2
	enc		50001304
OBJ 50001304 (sz=56, trace=300000, class=sun.nio.cs.UTF_8$Encoder@500000cc)
	charset		500009c2
	replacement	50001305
	malformedInputAction	500009ba
	unmappableCharacterAction	500009ba
ARR 50001305 (sz=1, trace=300000, nelems=1, elem type=byte[])
OBJ 50001306 (sz=32, trace=300000, class=java.lang.ref.ReferenceQueue@500001ab)
	lock		50001308
ARR 50001307 (sz=80, trace=300000, nelems=0, elem type=java.util.WeakHashMap$Entry[]@5000009f)
OBJ 50001308 (sz=16, trace=300000, class=java.lang.ref.ReferenceQueue$Lock@50000130)
ARR 50001309 (sz=80, trace=300000, nelems=0, elem type=java.lang.Object[]@50000167)
OBJ 5000130a (sz=32, trace=300000, class=java.util.HashMap$Node@50000123)
	key		5000131e
	value		5000113d
OBJ 5000130b (sz=24, trace=300000, class=java.lang.String@500001cd)
	value		5000130c
ARR 5000130c (sz=174, trace=300000, nelems=87, elem type=char[])
OBJ 5000130d (sz=64, trace=300000, class=java.util.jar.JarFile@50000049)
	name		50001103
	zc		50001314
	streams		50001313
	inflaterCache	50001312
	manEntry	50001311
OBJ 5000130e (sz=64, trace=300000, class=java.net.URL@50000178)
	protocol	50000e10
	host		500003e5
	file		5000130f
	authority	500003e5
	path		5000130f
	handler		500010be
OBJ 5000130f (sz=24, trace=300000, class=java.lang.String@500001cd)
	value		50001310
ARR 50001310 (sz=174, trace=300000, nelems=87, elem type=char[])
OBJ 50001311 (sz=96, trace=300000, class=java.util.jar.JarFile$JarFileEntry@50000030)
	name		5000131c
	this$0		5000130d
OBJ 50001312 (sz=24, trace=300000, class=java.util.ArrayDeque@5000003e)
	elements	5000131b
OBJ 50001313 (sz=48, trace=300000, class=java.util.WeakHashMap@50000106)
	table		50001319
	queue		50001318
OBJ 50001314 (sz=32, trace=300000, class=java.util.zip.ZipCoder@5000003d)
	cs		500009c2
	dec		50001316
	enc		50001315
OBJ 50001315 (sz=56, trace=300000, class=sun.nio.cs.UTF_8$Encoder@500000cc)
	charset		500009c2
	replacement	50001317
	malformedInputAction	500009ba
	unmappableCharacterAction	500009ba
OBJ 50001316 (sz=40, trace=300000, class=sun.nio.cs.UTF_8$Decoder@500000ee)
	charset		500009c2
	replacement	500007b8
	malformedInputAction	500009ba
	unmappableCharacterAction	500009ba
ARR 50001317 (sz=1, trace=300000, nelems=1, elem type=byte[])
OBJ 50001318 (sz=32, trace=300000, class=java.lang.ref.ReferenceQueue@500001ab)
	lock		5000131a
ARR 50001319 (sz=80, trace=300000, nelems=0, elem type=java.util.WeakHashMap$Entry[]@5000009f)
OBJ 5000131a (sz=16, trace=300000, class=java.lang.ref.ReferenceQueue$Lock@50000130)
ARR 5000131b (sz=80, trace=300000, nelems=0, elem type=java.lang.Object[]@50000167)
OBJ 5000131c (sz=24, trace=300000, class=java.lang.String@500001cd)
	value		5000131d
ARR 5000131d (sz=40, trace=300000, nelems=20, elem type=char[])
OBJ 5000131e (sz=24, trace=300000, class=java.lang.String@500001cd)
	value		5000131f
ARR 5000131f (sz=172, trace=300000, nelems=86, elem type=char[])
OBJ 50001320 (sz=64, trace=300000, class=java.util.jar.JarFile@50000049)
	name		500010eb
	zc		50001327
	streams		50001326
	inflaterCache	50001325
	manEntry	50001324
OBJ 50001321 (sz=64, trace=300000, class=java.net.URL@50000178)
	protocol	50000e10
	host		500003e5
	file		50001322
	authority	500003e5
	path		50001322
	handler		500010be
OBJ 50001322 (sz=24, trace=300000, class=java.lang.String@500001cd)
	value		50001323
ARR 50001323 (sz=172, trace=300000, nelems=86, elem type=char[])
OBJ 50001324 (sz=96, trace=300000, class=java.util.jar.JarFile$JarFileEntry@50000030)
	name		50001331
	this$0		50001320
OBJ 50001325 (sz=24, trace=300000, class=java.util.ArrayDeque@5000003e)
	elements	5000132e
OBJ 50001326 (sz=48, trace=300000, class=java.util.WeakHashMap@50000106)
	table		5000132c
	queue		5000132b
OBJ 50001327 (sz=32, trace=300000, class=java.util.zip.ZipCoder@5000003d)
	cs		500009c2
	dec		50001329
	enc		50001328
OBJ 50001328 (sz=56, trace=300000, class=sun.nio.cs.UTF_8$Encoder@500000cc)
	charset		500009c2
	replacement	5000132a
	malformedInputAction	500009ba
	unmappableCharacterAction	500009ba
OBJ 50001329 (sz=40, trace=300000, class=sun.nio.cs.UTF_8$Decoder@500000ee)
	charset		500009c2
	replacement	500007b8
	malformedInputAction	500009ba
	unmappableCharacterAction	500009ba
ARR 5000132a (sz=1, trace=300000, nelems=1, elem type=byte[])
OBJ 5000132b (sz=32, trace=300000, class=java.lang.ref.ReferenceQueue@500001ab)
	lock		5000132d
ARR 5000132c (sz=80, trace=300000, nelems=0, elem type=java.util.WeakHashMap$Entry[]@5000009f)
OBJ 5000132d (sz=16, trace=300000, class=java.lang.ref.ReferenceQueue$Lock@50000130)
ARR 5000132e (sz=80, trace=300000, nelems=1, elem type=java.lang.Object[]@50000167)
	[0]		5000132f
OBJ 5000132f (sz=48, trace=300000, class=java.util.zip.Inflater@5000002e)
	zsRef		50001330
	buf		50000de3
OBJ 50001330 (sz=24, trace=300000, class=java.util.zip.ZStreamRef@5000002d)
OBJ 50001331 (sz=24, trace=300000, class=java.lang.String@500001cd)
	value		50001332
ARR 50001332 (sz=40, trace=300000, nelems=20, elem type=char[])
OBJ 50001333 (sz=24, trace=300000, class=java.lang.String@500001cd)
	value		50001334
ARR 50001334 (sz=190, trace=300000, nelems=95, elem type=char[])
OBJ 50001335 (sz=64, trace=300000, class=java.util.jar.JarFile@50000049)
	name		500010e3
	zc		5000133c
	streams		5000133b
	inflaterCache	5000133a
	manEntry	50001339
OBJ 50001336 (sz=64, trace=300000, class=java.net.URL@50000178)
	protocol	50000e10
	host		500003e5
	file		50001337
	authority	500003e5
	path		50001337
	handler		500010be
OBJ 50001337 (sz=24, trace=300000, class=java.lang.String@500001cd)
	value		50001338
ARR 50001338 (sz=190, trace=300000, nelems=95, elem type=char[])
OBJ 50001339 (sz=96, trace=300000, class=java.util.jar.JarFile$JarFileEntry@50000030)
	name		50001346
	this$0		50001335
OBJ 5000133a (sz=24, trace=300000, class=java.util.ArrayDeque@5000003e)
	elements	50001343
OBJ 5000133b (sz=48, trace=300000, class=java.util.WeakHashMap@50000106)
	table		50001341
	queue		50001340
OBJ 5000133c (sz=32, trace=300000, class=java.util.zip.ZipCoder@5000003d)
	cs		500009c2
	dec		5000133e
	enc		5000133d
OBJ 5000133d (sz=56, trace=300000, class=sun.nio.cs.UTF_8$Encoder@500000cc)
	charset		500009c2
	replacement	5000133f
	malformedInputAction	500009ba
	unmappableCharacterAction	500009ba
OBJ 5000133e (sz=40, trace=300000, class=sun.nio.cs.UTF_8$Decoder@500000ee)
	charset		500009c2
	replacement	500007b8
	malformedInputAction	500009ba
	unmappableCharacterAction	500009ba
ARR 5000133f (sz=1, trace=300000, nelems=1, elem type=byte[])
OBJ 50001340 (sz=32, trace=300000, class=java.lang.ref.ReferenceQueue@500001ab)
	lock		50001342
ARR 50001341 (sz=80, trace=300000, nelems=0, elem type=java.util.WeakHashMap$Entry[]@5000009f)
OBJ 50001342 (sz=16, trace=300000, class=java.lang.ref.ReferenceQueue$Lock@50000130)
ARR 50001343 (sz=80, trace=300000, nelems=1, elem type=java.lang.Object[]@50000167)
	[0]		50001344
OBJ 50001344 (sz=48, trace=300000, class=java.util.zip.Inflater@5000002e)
	zsRef		50001345
	buf		50000de3
OBJ 50001345 (sz=24, trace=300000, class=java.util.zip.ZStreamRef@5000002d)
OBJ 50001346 (sz=24, trace=300000, class=java.lang.String@500001cd)
	value		50001347
ARR 50001347 (sz=40, trace=300000, nelems=20, elem type=char[])
OBJ 50001348 (sz=32, trace=300000, class=java.util.HashMap$Node@50000123)
	key		5000134f
	value		5000112e
	next		5000134e
OBJ 50001349 (sz=24, trace=300000, class=java.lang.String@500001cd)
	value		5000134a
ARR 5000134a (sz=186, trace=300000, nelems=93, elem type=char[])
OBJ 5000134b (sz=64, trace=300000, class=java.net.URL@50000178)
	protocol	50000e10
	host		500003e5
	file		5000134c
	authority	500003e5
	path		5000134c
	handler		500010be
OBJ 5000134c (sz=24, trace=300000, class=java.lang.String@500001cd)
	value		5000134d
ARR 5000134d (sz=186, trace=300000, nelems=93, elem type=char[])
OBJ 5000134e (sz=32, trace=300000, class=java.util.HashMap$Node@50000123)
	key		50001354
	value		50001141
OBJ 5000134f (sz=24, trace=300000, class=java.lang.String@500001cd)
	value		50001350
ARR 50001350 (sz=186, trace=300000, nelems=93, elem type=char[])
OBJ 50001351 (sz=64, trace=300000, class=java.net.URL@50000178)
	protocol	50000e10
	host		500003e5
	file		50001352
	authority	500003e5
	path		50001352
	handler		500010be
OBJ 50001352 (sz=24, trace=300000, class=java.lang.String@500001cd)
	value		50001353
ARR 50001353 (sz=186, trace=300000, nelems=93, elem type=char[])
OBJ 50001354 (sz=24, trace=300000, class=java.lang.String@500001cd)
	value		50001355
ARR 50001355 (sz=182, trace=300000, nelems=91, elem type=char[])
OBJ 50001356 (sz=64, trace=300000, class=java.util.jar.JarFile@50000049)
	name		500010e5
	zc		5000135d
	streams		5000135c
	inflaterCache	5000135b
	manEntry	5000135a
OBJ 50001357 (sz=64, trace=300000, class=java.net.URL@50000178)
	protocol	50000e10
	host		500003e5
	file		50001358
	authority	500003e5
	path		50001358
	handler		500010be
OBJ 50001358 (sz=24, trace=300000, class=java.lang.String@500001cd)
	value		50001359
ARR 50001359 (sz=182, trace=300000, nelems=91, elem type=char[])
OBJ 5000135a (sz=96, trace=300000, class=java.util.jar.JarFile$JarFileEntry@50000030)
	name		50001367
	this$0		50001356
OBJ 5000135b (sz=24, trace=300000, class=java.util.ArrayDeque@5000003e)
	elements	50001364
OBJ 5000135c (sz=48, trace=300000, class=java.util.WeakHashMap@50000106)
	table		50001362
	queue		50001361
OBJ 5000135d (sz=32, trace=300000, class=java.util.zip.ZipCoder@5000003d)
	cs		500009c2
	dec		5000135f
	enc		5000135e
OBJ 5000135e (sz=56, trace=300000, class=sun.nio.cs.UTF_8$Encoder@500000cc)
	charset		500009c2
	replacement	50001360
	malformedInputAction	500009ba
	unmappableCharacterAction	500009ba
OBJ 5000135f (sz=40, trace=300000, class=sun.nio.cs.UTF_8$Decoder@500000ee)
	charset		500009c2
	replacement	500007b8
	malformedInputAction	500009ba
	unmappableCharacterAction	500009ba
ARR 50001360 (sz=1, trace=300000, nelems=1, elem type=byte[])
OBJ 50001361 (sz=32, trace=300000, class=java.lang.ref.ReferenceQueue@500001ab)
	lock		50001363
ARR 50001362 (sz=80, trace=300000, nelems=0, elem type=java.util.WeakHashMap$Entry[]@5000009f)
OBJ 50001363 (sz=16, trace=300000, class=java.lang.ref.ReferenceQueue$Lock@50000130)
ARR 50001364 (sz=80, trace=300000, nelems=1, elem type=java.lang.Object[]@50000167)
	[0]		50001365
OBJ 50001365 (sz=48, trace=300000, class=java.util.zip.Inflater@5000002e)
	zsRef		50001366
	buf		50000de3
OBJ 50001366 (sz=24, trace=300000, class=java.util.zip.ZStreamRef@5000002d)
OBJ 50001367 (sz=24, trace=300000, class=java.lang.String@500001cd)
	value		50001368
ARR 50001368 (sz=40, trace=300000, nelems=20, elem type=char[])
OBJ 50001369 (sz=24, trace=300000, class=java.lang.String@500001cd)
	value		5000136a
ARR 5000136a (sz=176, trace=300000, nelems=88, elem type=char[])
OBJ 5000136b (sz=64, trace=300000, class=java.util.jar.JarFile@50000049)
	name		500010ed
	zc		50001372
	streams		50001371
	inflaterCache	50001370
	manEntry	5000136f
OBJ 5000136c (sz=64, trace=300000, class=java.net.URL@50000178)
	protocol	50000e10
	host		500003e5
	file		5000136d
	authority	500003e5
	path		5000136d
	handler		500010be
OBJ 5000136d (sz=24, trace=300000, class=java.lang.String@500001cd)
	value		5000136e
ARR 5000136e (sz=176, trace=300000, nelems=88, elem type=char[])
OBJ 5000136f (sz=96, trace=300000, class=java.util.jar.JarFile$JarFileEntry@50000030)
	name		5000137c
	this$0		5000136b
OBJ 50001370 (sz=24, trace=300000, class=java.util.ArrayDeque@5000003e)
	elements	50001379
OBJ 50001371 (sz=48, trace=300000, class=java.util.WeakHashMap@50000106)
	table		50001377
	queue		50001376
OBJ 50001372 (sz=32, trace=300000, class=java.util.zip.ZipCoder@5000003d)
	cs		500009c2
	dec		50001374
	enc		50001373
OBJ 50001373 (sz=56, trace=300000, class=sun.nio.cs.UTF_8$Encoder@500000cc)
	charset		500009c2
	replacement	50001375
	malformedInputAction	500009ba
	unmappableCharacterAction	500009ba
OBJ 50001374 (sz=40, trace=300000, class=sun.nio.cs.UTF_8$Decoder@500000ee)
	charset		500009c2
	replacement	500007b8
	malformedInputAction	500009ba
	unmappableCharacterAction	500009ba
ARR 50001375 (sz=1, trace=300000, nelems=1, elem type=byte[])
OBJ 50001376 (sz=32, trace=300000, class=java.lang.ref.ReferenceQueue@500001ab)
	lock		50001378
ARR 50001377 (sz=80, trace=300000, nelems=0, elem type=java.util.WeakHashMap$Entry[]@5000009f)
OBJ 50001378 (sz=16, trace=300000, class=java.lang.ref.ReferenceQueue$Lock@50000130)
ARR 50001379 (sz=80, trace=300000, nelems=1, elem type=java.lang.Object[]@50000167)
	[0]		5000137a
OBJ 5000137a (sz=48, trace=300000, class=java.util.zip.Inflater@5000002e)
	zsRef		5000137b
	buf		50000de3
OBJ 5000137b (sz=24, trace=300000, class=java.util.zip.ZStreamRef@5000002d)
OBJ 5000137c (sz=24, trace=300000, class=java.lang.String@500001cd)
	value		5000137d
ARR 5000137d (sz=40, trace=300000, nelems=20, elem type=char[])
OBJ 5000137e (sz=32, trace=300000, class=java.lang.ref.ReferenceQueue@500001ab)
	lock		50001380
ARR 5000137f (sz=80, trace=300000, nelems=0, elem type=java.util.WeakHashMap$Entry[]@5000009f)
OBJ 50001380 (sz=16, trace=300000, class=java.lang.ref.ReferenceQueue$Lock@50000130)
ARR 50001381 (sz=56, trace=300000, nelems=3, elem type=java.lang.Object[]@50000167)
	[0]		50000595
	[1]		5000049f
	[2]		50000231
ARR 50001382 (sz=56, trace=300000, nelems=3, elem type=java.lang.Object[]@50000167)
	[0]		50001383
	[1]		50001384
	[2]		5000023b
OBJ 50001383 (sz=40, trace=300000, class=java.lang.ClassLoader$NativeLibrary@500000b3)
	fromClass	500001c6
	name		50000595
OBJ 50001384 (sz=40, trace=300000, class=java.lang.ClassLoader$NativeLibrary@500000b3)
	fromClass	50000058
	name		5000049f
OBJ 50001385 (sz=24, trace=300000, class=java.lang.String@500001cd)
	value		50001388
OBJ 50001386 (sz=24, trace=300000, class=java.lang.String@500001cd)
	value		50001387
ARR 50001387 (sz=20, trace=300000, nelems=10, elem type=char[])
ARR 50001388 (sz=14, trace=300000, nelems=7, elem type=char[])
ARR 50001389 (sz=56, trace=300000, nelems=0, elem type=java.lang.Object[]@50000167)
OBJ 5000138a (sz=24, trace=300000, class=java.lang.String@500001cd)
	value		50001395
OBJ 5000138b (sz=24, trace=300000, class=java.lang.String@500001cd)
	value		50001394
OBJ 5000138c (sz=24, trace=300000, class=java.lang.String@500001cd)
	value		50001393
OBJ 5000138d (sz=24, trace=300000, class=java.lang.String@500001cd)
	value		50001392
OBJ 5000138e (sz=24, trace=300000, class=java.lang.String@500001cd)
	value		50001391
OBJ 5000138f (sz=24, trace=300000, class=java.lang.String@500001cd)
	value		50001390
ARR 50001390 (sz=2, trace=300000, nelems=1, elem type=char[])
ARR 50001391 (sz=26, trace=300000, nelems=13, elem type=char[])
ARR 50001392 (sz=62, trace=300000, nelems=31, elem type=char[])
ARR 50001393 (sz=64, trace=300000, nelems=32, elem type=char[])
ARR 50001394 (sz=48, trace=300000, nelems=24, elem type=char[])
ARR 50001395 (sz=76, trace=300000, nelems=38, elem type=char[])
OBJ 50001396 (sz=24, trace=300000, class=java.util.Collections$SetFromMap@5000009e)
	m		50001398
	s		50001397
OBJ 50001397 (sz=16, trace=300000, class=java.util.WeakHashMap$KeySet@5000009d)
	this$0		50001398
OBJ 50001398 (sz=48, trace=300000, class=java.util.WeakHashMap@50000106)
	keySet		50001397
	table		5000139a
	queue		50001399
OBJ 50001399 (sz=32, trace=300000, class=java.lang.ref.ReferenceQueue@500001ab)
	lock		5000139f
ARR 5000139a (sz=80, trace=300000, nelems=14, elem type=java.util.WeakHashMap$Entry[]@5000009f)
	[4]		5000139b
	[6]		5000139c
	[13]		5000139d
OBJ 5000139b (sz=40, trace=300000, class=java.util.WeakHashMap$Entry@500000a0)
	referent	50000179
	queue		50001399
	value		500005c2
OBJ 5000139c (sz=40, trace=300000, class=java.util.WeakHashMap$Entry@500000a0)
	referent	500001bd
	queue		50001399
	value		500005c2
	next		500013a0
OBJ 5000139d (sz=40, trace=300000, class=java.util.WeakHashMap$Entry@500000a0)
	referent	50000175
	queue		50001399
	value		500005c2
	next		5000139e
OBJ 5000139e (sz=40, trace=300000, class=java.util.WeakHashMap$Entry@500000a0)
	referent	50000174
	queue		50001399
	value		500005c2
OBJ 5000139f (sz=16, trace=300000, class=java.lang.ref.ReferenceQueue$Lock@50000130)
OBJ 500013a0 (sz=40, trace=300000, class=java.util.WeakHashMap$Entry@500000a0)
	referent	500001c7
	queue		50001399
	value		500005c2
ARR 500013a1 (sz=42, trace=300000, nelems=21, elem type=char[])
ARR 500013a2 (sz=34, trace=300000, nelems=17, elem type=char[])
OBJ 500013a3 (sz=24, trace=300000, class=java.lang.String@500001cd)
	value		500013a4
ARR 500013a4 (sz=48, trace=300000, nelems=24, elem type=char[])
ARR 500013a5 (sz=10, trace=300000, nelems=5, elem type=char[])
ARR 500013a6 (sz=44, trace=300000, nelems=22, elem type=char[])
ARR 500013a7 (sz=70, trace=300000, nelems=35, elem type=char[])
ARR 500013a8 (sz=74, trace=300000, nelems=37, elem type=char[])
ARR 500013a9 (sz=58, trace=300000, nelems=29, elem type=char[])
ARR 500013aa (sz=4, trace=300000, nelems=2, elem type=char[])
ARR 500013ab (sz=54, trace=300000, nelems=27, elem type=char[])
OBJ 500013ac (sz=24, trace=300000, class=java.lang.String@500001cd)
	value		500013b1
OBJ 500013ad (sz=24, trace=300000, class=java.lang.String@500001cd)
	value		500013b2
ARR 500013ae (sz=24, trace=300000, nelems=2, elem type=java.io.File$PathStatus[]@500000b6)
	[0]		500013b0
	[1]		500013af
OBJ 500013af (sz=24, trace=300000, class=java.io.File$PathStatus@500000bc)
	name		500013ad
OBJ 500013b0 (sz=24, trace=300000, class=java.io.File$PathStatus@500000bc)
	name		500013ac
ARR 500013b1 (sz=14, trace=300000, nelems=7, elem type=char[])
ARR 500013b2 (sz=14, trace=300000, nelems=7, elem type=char[])
ARR 500013b3 (sz=24, trace=300000, nelems=12, elem type=char[])
OBJ 500013b4 (sz=32, trace=300000, class=java.io.FileOutputStream@500000dd)
	fd		50000437
	closeLock	500013b5
OBJ 500013b5 (sz=16, trace=300000, class=java.lang.Object@500001d1)
OBJ 500013b6 (sz=24, trace=300000, class=java.io.OutputStreamWriter@500000d1)
	lock		50000430
	se		500013bb
OBJ 500013b7 (sz=40, trace=300000, class=java.io.BufferedWriter@500000c4)
	lock		500013b6
	out		500013b6
	cb		500013ba
	lineSeparator	5000042c
OBJ 500013b8 (sz=24, trace=300000, class=java.io.BufferedOutputStream@500000d3)
	out		50000439
	buf		500013b9
ARR 500013b9 (sz=128, trace=300000, nelems=128, elem type=byte[])
ARR 500013ba (sz=16384, trace=300000, nelems=8192, elem type=char[])
OBJ 500013bb (sz=48, trace=300000, class=sun.nio.cs.StreamEncoder@500000d0)
	lock		500013b6
	cs		500009c2
	encoder		500013bd
	bb		500013bc
	out		50000430
OBJ 500013bc (sz=48, trace=300000, class=java.nio.HeapByteBuffer@500000ca)
	hb		500013bf
OBJ 500013bd (sz=56, trace=300000, class=sun.nio.cs.UTF_8$Encoder@500000cc)
	charset		500009c2
	replacement	500013be
	malformedInputAction	500009bb
	unmappableCharacterAction	500009bb
ARR 500013be (sz=1, trace=300000, nelems=1, elem type=byte[])
ARR 500013bf (sz=8192, trace=300000, nelems=8192, elem type=byte[])
OBJ 500013c0 (sz=24, trace=300000, class=java.io.OutputStreamWriter@500000d1)
	lock		5000042f
	se		500013c5
OBJ 500013c1 (sz=40, trace=300000, class=java.io.BufferedWriter@500000c4)
	lock		500013c0
	out		500013c0
	cb		500013c4
	lineSeparator	5000042c
OBJ 500013c2 (sz=24, trace=300000, class=java.io.BufferedOutputStream@500000d3)
	out		500013b4
	buf		500013c3
ARR 500013c3 (sz=128, trace=300000, nelems=128, elem type=byte[])
ARR 500013c4 (sz=16384, trace=300000, nelems=8192, elem type=char[])
OBJ 500013c5 (sz=48, trace=300000, class=sun.nio.cs.StreamEncoder@500000d0)
	lock		500013c0
	cs		500009c2
	encoder		500013c7
	bb		500013c6
	out		5000042f
OBJ 500013c6 (sz=48, trace=300000, class=java.nio.HeapByteBuffer@500000ca)
	hb		500013c9
OBJ 500013c7 (sz=56, trace=300000, class=sun.nio.cs.UTF_8$Encoder@500000cc)
	charset		500009c2
	replacement	500013c8
	malformedInputAction	500009bb
	unmappableCharacterAction	500009bb
ARR 500013c8 (sz=1, trace=300000, nelems=1, elem type=byte[])
ARR 500013c9 (sz=8192, trace=300000, nelems=8192, elem type=byte[])
OBJ 500013ca (sz=24, trace=300000, class=java.util.Collections$SynchronizedSet@500000ea)
	c		5000140e
	mutex		5000042e
ARR 500013cb (sz=400, trace=300000, nelems=92, elem type=java.util.Hashtable$Entry[]@5000011e)
	[0]		500013cc
	[1]		500013cd
	[4]		500013ce
	[9]		500013cf
	[11]		500013d0
	[13]		500013d1
	[16]		500013d2
	[17]		500013d3
	[18]		500013d4
	[19]		500013d5
	[21]		500013d6
	[22]		500013d7
	[24]		500013d8
	[26]		500013d9
	[27]		500013da
	[33]		500013db
	[38]		500013dc
	[39]		500013dd
	[40]		500013de
	[41]		500013df
	[42]		500013e0
	[44]		500013e1
	[47]		500013e2
	[49]		500013e3
	[54]		500013e4
	[57]		500013e5
	[63]		500013e6
	[65]		500013e7
	[67]		500013e8
	[68]		500013e9
	[70]		500013ea
	[72]		500013eb
	[74]		500013ec
	[76]		500013ed
	[79]		500013ee
	[80]		500013ef
	[81]		500013f0
	[82]		500013f1
	[85]		500013f2
	[88]		500013f3
	[91]		500013f4
OBJ 500013cc (sz=32, trace=300000, class=java.util.Hashtable$Entry@5000011f)
	key		500006e8
	value		500006e7
OBJ 500013cd (sz=32, trace=300000, class=java.util.Hashtable$Entry@5000011f)
	key		500006e4
	value		500006e3
OBJ 500013ce (sz=32, trace=300000, class=java.util.Hashtable$Entry@5000011f)
	key		500006e0
	value		500006df
OBJ 500013cf (sz=32, trace=300000, class=java.util.Hashtable$Entry@5000011f)
	key		500006dc
	value		500006db
	next		5000140d
OBJ 500013d0 (sz=32, trace=300000, class=java.util.Hashtable$Entry@5000011f)
	key		500006cf
	value		500006ce
OBJ 500013d1 (sz=32, trace=300000, class=java.util.Hashtable$Entry@5000011f)
	key		500006cb
	value		500006ca
OBJ 500013d2 (sz=32, trace=300000, class=java.util.Hashtable$Entry@5000011f)
	key		500006c7
	value		500006c6
OBJ 500013d3 (sz=32, trace=300000, class=java.util.Hashtable$Entry@5000011f)
	key		500006c3
	value		500006c2
OBJ 500013d4 (sz=32, trace=300000, class=java.util.Hashtable$Entry@5000011f)
	key		500006bf
	value		500006be
OBJ 500013d5 (sz=32, trace=300000, class=java.util.Hashtable$Entry@5000011f)
	key		500006bb
	value		50000e18
OBJ 500013d6 (sz=32, trace=300000, class=java.util.Hashtable$Entry@5000011f)
	key		500006b3
	value		5000140b
OBJ 500013d7 (sz=32, trace=300000, class=java.util.Hashtable$Entry@5000011f)
	key		500006ae
	value		500006ad
OBJ 500013d8 (sz=32, trace=300000, class=java.util.Hashtable$Entry@5000011f)
	key		500006aa
	value		500006a9
	next		5000140a
OBJ 500013d9 (sz=32, trace=300000, class=java.util.Hashtable$Entry@5000011f)
	key		500006a1
	value		500006a0
	next		50001408
OBJ 500013da (sz=32, trace=300000, class=java.util.Hashtable$Entry@5000011f)
	key		50000695
	value		50000694
OBJ 500013db (sz=32, trace=300000, class=java.util.Hashtable$Entry@5000011f)
	key		50000691
	value		50000690
	next		50001407
OBJ 500013dc (sz=32, trace=300000, class=java.util.Hashtable$Entry@5000011f)
	key		50000684
	value		50000683
	next		50001406
OBJ 500013dd (sz=32, trace=300000, class=java.util.Hashtable$Entry@5000011f)
	key		5000067f
	value		5000067e
OBJ 500013de (sz=32, trace=300000, class=java.util.Hashtable$Entry@5000011f)
	key		5000067b
	value		5000067a
OBJ 500013df (sz=32, trace=300000, class=java.util.Hashtable$Entry@5000011f)
	key		50000677
	value		50000676
OBJ 500013e0 (sz=32, trace=300000, class=java.util.Hashtable$Entry@5000011f)
	key		50000673
	value		50000672
OBJ 500013e1 (sz=32, trace=300000, class=java.util.Hashtable$Entry@5000011f)
	key		5000066f
	value		5000066e
OBJ 500013e2 (sz=32, trace=300000, class=java.util.Hashtable$Entry@5000011f)
	key		5000066b
	value		5000066a
OBJ 500013e3 (sz=32, trace=300000, class=java.util.Hashtable$Entry@5000011f)
	key		50000663
	value		50000662
	next		50001405
OBJ 500013e4 (sz=32, trace=300000, class=java.util.Hashtable$Entry@5000011f)
	key		5000065e
	value		5000065d
OBJ 500013e5 (sz=32, trace=300000, class=java.util.Hashtable$Entry@5000011f)
	key		5000065a
	value		50000270
OBJ 500013e6 (sz=32, trace=300000, class=java.util.Hashtable$Entry@5000011f)
	key		50000657
	value		50000656
OBJ 500013e7 (sz=32, trace=300000, class=java.util.Hashtable$Entry@5000011f)
	key		50000653
	value		50000652
OBJ 500013e8 (sz=32, trace=300000, class=java.util.Hashtable$Entry@5000011f)
	key		5000064c
	value		5000064b
	next		50001404
OBJ 500013e9 (sz=32, trace=300000, class=java.util.Hashtable$Entry@5000011f)
	key		50000647
	value		50000646
OBJ 500013ea (sz=32, trace=300000, class=java.util.Hashtable$Entry@5000011f)
	key		5000063f
	value		5000063e
	next		50001403
OBJ 500013eb (sz=32, trace=300000, class=java.util.Hashtable$Entry@5000011f)
	key		5000063a
	value		50000639
OBJ 500013ec (sz=32, trace=300000, class=java.util.Hashtable$Entry@5000011f)
	key		50001400
	value		500013ff
OBJ 500013ed (sz=32, trace=300000, class=java.util.Hashtable$Entry@5000011f)
	key		50000632
	value		50000631
	next		500013fe
OBJ 500013ee (sz=32, trace=300000, class=java.util.Hashtable$Entry@5000011f)
	key		50000624
	value		50000623
	next		500013fc
OBJ 500013ef (sz=32, trace=300000, class=java.util.Hashtable$Entry@5000011f)
	key		5000061b
	value		5000061a
	next		500013fb
OBJ 500013f0 (sz=32, trace=300000, class=java.util.Hashtable$Entry@5000011f)
	key		50000616
	value		50000615
OBJ 500013f1 (sz=32, trace=300000, class=java.util.Hashtable$Entry@5000011f)
	key		5000060e
	value		5000060d
	next		500013fa
OBJ 500013f2 (sz=32, trace=300000, class=java.util.Hashtable$Entry@5000011f)
	key		50000609
	value		50000608
OBJ 500013f3 (sz=32, trace=300000, class=java.util.Hashtable$Entry@5000011f)
	key		50000601
	value		50000600
	next		500013f9
OBJ 500013f4 (sz=32, trace=300000, class=java.util.Hashtable$Entry@5000011f)
	key		500013f6
	value		500013f5
OBJ 500013f5 (sz=24, trace=300000, class=java.lang.String@500001cd)
	value		500013f8
OBJ 500013f6 (sz=24, trace=300000, class=java.lang.String@500001cd)
	value		500013f7
ARR 500013f7 (sz=34, trace=300000, nelems=17, elem type=char[])
ARR 500013f8 (sz=62, trace=300000, nelems=31, elem type=char[])
OBJ 500013f9 (sz=32, trace=300000, class=java.util.Hashtable$Entry@5000011f)
	key		50000605
	value		50000604
OBJ 500013fa (sz=32, trace=300000, class=java.util.Hashtable$Entry@5000011f)
	key		50000612
	value		50000611
OBJ 500013fb (sz=32, trace=300000, class=java.util.Hashtable$Entry@5000011f)
	key		5000061f
	value		5000061e
OBJ 500013fc (sz=32, trace=300000, class=java.util.Hashtable$Entry@5000011f)
	key		50000629
	value		50000628
	next		500013fd
OBJ 500013fd (sz=32, trace=300000, class=java.util.Hashtable$Entry@5000011f)
	key		5000062d
	value		5000062c
OBJ 500013fe (sz=32, trace=300000, class=java.util.Hashtable$Entry@5000011f)
	key		50000636
	value		50000635
OBJ 500013ff (sz=24, trace=300000, class=java.lang.String@500001cd)
	value		50001402
OBJ 50001400 (sz=24, trace=300000, class=java.lang.String@500001cd)
	value		50001401
ARR 50001401 (sz=40, trace=300000, nelems=20, elem type=char[])
ARR 50001402 (sz=26, trace=300000, nelems=13, elem type=char[])
OBJ 50001403 (sz=32, trace=300000, class=java.util.Hashtable$Entry@5000011f)
	key		50000643
	value		50000642
OBJ 50001404 (sz=32, trace=300000, class=java.util.Hashtable$Entry@5000011f)
	key		5000064f
	value		5000042c
OBJ 50001405 (sz=32, trace=300000, class=java.util.Hashtable$Entry@5000011f)
	key		50000667
	value		50000666
OBJ 50001406 (sz=32, trace=300000, class=java.util.Hashtable$Entry@5000011f)
	key		50000688
	value		50000687
OBJ 50001407 (sz=32, trace=300000, class=java.util.Hashtable$Entry@5000011f)
	key		5000068d
	value		5000068c
OBJ 50001408 (sz=32, trace=300000, class=java.util.Hashtable$Entry@5000011f)
	key		5000069e
	value		50000443
	next		50001409
OBJ 50001409 (sz=32, trace=300000, class=java.util.Hashtable$Entry@5000011f)
	key		5000069a
	value		50000699
OBJ 5000140a (sz=32, trace=300000, class=java.util.Hashtable$Entry@5000011f)
	key		500006a6
	value		500006a5
OBJ 5000140b (sz=24, trace=300000, class=java.lang.String@500001cd)
	value		5000140c
ARR 5000140c (sz=20, trace=300000, nelems=10, elem type=char[])
OBJ 5000140d (sz=32, trace=300000, class=java.util.Hashtable$Entry@5000011f)
	key		500006d8
	value		500006d7
OBJ 5000140e (sz=16, trace=300000, class=java.util.Hashtable$EntrySet@500000ec)
	this$0		5000042e
OBJ 5000140f (sz=24, trace=300000, class=java.lang.String@500001cd)
	value		50001417
OBJ 50001410 (sz=24, trace=300000, class=java.lang.String@500001cd)
	value		50001416
OBJ 50001411 (sz=24, trace=300000, class=java.lang.String@500001cd)
	value		50001415
OBJ 50001412 (sz=16, trace=300000, class=java.lang.Terminator$1@500000b0)
OBJ 50001413 (sz=24, trace=300000, class=sun.misc.NativeSignalHandler@500000ae)
OBJ 50001414 (sz=24, trace=300000, class=sun.misc.NativeSignalHandler@500000ae)
ARR 50001415 (sz=8, trace=300000, nelems=4, elem type=char[])
ARR 50001416 (sz=6, trace=300000, nelems=3, elem type=char[])
ARR 50001417 (sz=6, trace=300000, nelems=3, elem type=char[])
OBJ 50001418 (sz=48, trace=300000, class=java.util.Hashtable@500001a4)
	table		50001421
OBJ 50001419 (sz=48, trace=300000, class=java.util.Hashtable@500001a4)
	table		5000141a
ARR 5000141a (sz=32, trace=300000, nelems=4, elem type=java.util.Hashtable$Entry[]@5000011e)
	[1]		5000141b
	[2]		5000141c
	[3]		5000141d
OBJ 5000141b (sz=32, trace=300000, class=java.util.Hashtable$Entry@5000011f)
	key		50001420
	value		50001412
OBJ 5000141c (sz=32, trace=300000, class=java.util.Hashtable$Entry@5000011f)
	key		5000141f
	value		50001412
OBJ 5000141d (sz=32, trace=300000, class=java.util.Hashtable$Entry@5000011f)
	key		5000141e
	value		50001412
OBJ 5000141e (sz=24, trace=300000, class=sun.misc.Signal@500000af)
	name		50001411
OBJ 5000141f (sz=24, trace=300000, class=sun.misc.Signal@500000af)
	name		50001410
OBJ 50001420 (sz=24, trace=300000, class=sun.misc.Signal@500000af)
	name		5000140f
ARR 50001421 (sz=32, trace=300000, nelems=4, elem type=java.util.Hashtable$Entry[]@5000011e)
	[1]		50001422
	[2]		50001423
	[3]		50001424
OBJ 50001422 (sz=32, trace=300000, class=java.util.Hashtable$Entry@5000011f)
	key		50001427
	value		50001420
OBJ 50001423 (sz=32, trace=300000, class=java.util.Hashtable$Entry@5000011f)
	key		50001426
	value		5000141f
OBJ 50001424 (sz=32, trace=300000, class=java.util.Hashtable$Entry@5000011f)
	key		50001425
	value		5000141e
OBJ 50001425 (sz=16, trace=300000, class=java.lang.Integer@50000169)
OBJ 50001426 (sz=16, trace=300000, class=java.lang.Integer@50000169)
OBJ 50001427 (sz=16, trace=300000, class=java.lang.Integer@50000169)
OBJ 50001428 (sz=24, trace=300000, class=java.lang.String@500001cd)
	value		50001429
ARR 50001429 (sz=8, trace=300000, nelems=4, elem type=char[])
ARR 5000142a (sz=6, trace=300000, nelems=3, elem type=char[])
ARR 5000142b (sz=38, trace=300000, nelems=19, elem type=char[])
ARR 5000142c (sz=38, trace=300000, nelems=19, elem type=char[])
ARR 5000142d (sz=6, trace=300000, nelems=3, elem type=char[])
ARR 5000142e (sz=1040, trace=300000, nelems=256, elem type=java.lang.Integer[]@500000ab)
	[0]		5000142f
	[1]		50001430
	[2]		50001431
	[3]		50001432
	[4]		50001433
	[5]		50001434
	[6]		50001435
	[7]		50001436
	[8]		50001437
	[9]		50001438
	[10]		50001439
	[11]		5000143a
	[12]		5000143b
	[13]		5000143c
	[14]		5000143d
	[15]		5000143e
	[16]		5000143f
	[17]		50001440
	[18]		50001441
	[19]		50001442
	[20]		50001443
	[21]		50001444
	[22]		50001445
	[23]		50001446
	[24]		50001447
	[25]		50001448
	[26]		50001449
	[27]		5000144a
	[28]		5000144b
	[29]		5000144c
	[30]		5000144d
	[31]		5000144e
	[32]		5000144f
	[33]		50001450
	[34]		50001451
	[35]		50001452
	[36]		50001453
	[37]		50001454
	[38]		50001455
	[39]		50001456
	[40]		50001457
	[41]		50001458
	[42]		50001459
	[43]		5000145a
	[44]		5000145b
	[45]		5000145c
	[46]		5000145d
	[47]		5000145e
	[48]		5000145f
	[49]		50001460
	[50]		50001461
	[51]		50001462
	[52]		50001463
	[53]		50001464
	[54]		50001465
	[55]		50001466
	[56]		50001467
	[57]		50001468
	[58]		50001469
	[59]		5000146a
	[60]		5000146b
	[61]		5000146c
	[62]		5000146d
	[63]		5000146e
	[64]		5000146f
	[65]		50001470
	[66]		50001471
	[67]		50001472
	[68]		50001473
	[69]		50001474
	[70]		50001475
	[71]		50001476
	[72]		50001477
	[73]		50001478
	[74]		50001479
	[75]		5000147a
	[76]		5000147b
	[77]		5000147c
	[78]		5000147d
	[79]		5000147e
	[80]		5000147f
	[81]		50001480
	[82]		50001481
	[83]		50001482
	[84]		50001483
	[85]		50001484
	[86]		50001485
	[87]		50001486
	[88]		50001487
	[89]		50001488
	[90]		50001489
	[91]		5000148a
	[92]		5000148b
	[93]		5000148c
	[94]		5000148d
	[95]		5000148e
	[96]		5000148f
	[97]		50001490
	[98]		50001491
	[99]		50001492
	[100]		50001493
	[101]		50001494
	[102]		50001495
	[103]		50001496
	[104]		50001497
	[105]		50001498
	[106]		50001499
	[107]		5000149a
	[108]		5000149b
	[109]		5000149c
	[110]		5000149d
	[111]		5000149e
	[112]		5000149f
	[113]		500014a0
	[114]		500014a1
	[115]		500014a2
	[116]		500014a3
	[117]		500014a4
	[118]		500014a5
	[119]		500014a6
	[120]		500014a7
	[121]		500014a8
	[122]		500014a9
	[123]		500014aa
	[124]		500014ab
	[125]		500014ac
	[126]		500014ad
	[127]		500014ae
	[128]		500014af
	[129]		50001427
	[130]		50001426
	[131]		500014b0
	[132]		500014b1
	[133]		500014b2
	[134]		500014b3
	[135]		500014b4
	[136]		500014b5
	[137]		500014b6
	[138]		500014b7
	[139]		500014b8
	[140]		500014b9
	[141]		500014ba
	[142]		500014bb
	[143]		50001425
	[144]		500014bc
	[145]		500014bd
	[146]		500014be
	[147]		500014bf
	[148]		500014c0
	[149]		500014c1
	[150]		500014c2
	[151]		500014c3
	[152]		500014c4
	[153]		500014c5
	[154]		500014c6
	[155]		500014c7
	[156]		500014c8
	[157]		500014c9
	[158]		500014ca
	[159]		500014cb
	[160]		500014cc
	[161]		500014cd
	[162]		500014ce
	[163]		500014cf
	[164]		500014d0
	[165]		500014d1
	[166]		500014d2
	[167]		500014d3
	[168]		500014d4
	[169]		500014d5
	[170]		500014d6
	[171]		500014d7
	[172]		500014d8
	[173]		500014d9
	[174]		500014da
	[175]		500014db
	[176]		500014dc
	[177]		500014dd
	[178]		500014de
	[179]		500014df
	[180]		500014e0
	[181]		500014e1
	[182]		500014e2
	[183]		500014e3
	[184]		500014e4
	[185]		500014e5
	[186]		500014e6
	[187]		500014e7
	[188]		500014e8
	[189]		500014e9
	[190]		500014ea
	[191]		500014eb
	[192]		500014ec
	[193]		500014ed
	[194]		500014ee
	[195]		500014ef
	[196]		500014f0
	[197]		500014f1
	[198]		500014f2
	[199]		500014f3
	[200]		500014f4
	[201]		500014f5
	[202]		500014f6
	[203]		500014f7
	[204]		500014f8
	[205]		500014f9
	[206]		500014fa
	[207]		500014fb
	[208]		500014fc
	[209]		500014fd
	[210]		500014fe
	[211]		500014ff
	[212]		50001500
	[213]		50001501
	[214]		50001502
	[215]		50001503
	[216]		50001504
	[217]		50001505
	[218]		50001506
	[219]		50001507
	[220]		50001508
	[221]		50001509
	[222]		5000150a
	[223]		5000150b
	[224]		5000150c
	[225]		5000150d
	[226]		5000150e
	[227]		5000150f
	[228]		50001510
	[229]		50001511
	[230]		50001512
	[231]		50001513
	[232]		50001514
	[233]		50001515
	[234]		50001516
	[235]		50001517
	[236]		50001518
	[237]		50001519
	[238]		5000151a
	[239]		5000151b
	[240]		5000151c
	[241]		5000151d
	[242]		5000151e
	[243]		5000151f
	[244]		50001520
	[245]		50001521
	[246]		50001522
	[247]		50001523
	[248]		50001524
	[249]		50001525
	[250]		50001526
	[251]		50001527
	[252]		50001528
	[253]		50001529
	[254]		5000152a
	[255]		5000152b
OBJ 5000142f (sz=16, trace=300000, class=java.lang.Integer@50000169)
OBJ 50001430 (sz=16, trace=300000, class=java.lang.Integer@50000169)
OBJ 50001431 (sz=16, trace=300000, class=java.lang.Integer@50000169)
OBJ 50001432 (sz=16, trace=300000, class=java.lang.Integer@50000169)
OBJ 50001433 (sz=16, trace=300000, class=java.lang.Integer@50000169)
OBJ 50001434 (sz=16, trace=300000, class=java.lang.Integer@50000169)
OBJ 50001435 (sz=16, trace=300000, class=java.lang.Integer@50000169)
OBJ 50001436 (sz=16, trace=300000, class=java.lang.Integer@50000169)
OBJ 50001437 (sz=16, trace=300000, class=java.lang.Integer@50000169)
OBJ 50001438 (sz=16, trace=300000, class=java.lang.Integer@50000169)
OBJ 50001439 (sz=16, trace=300000, class=java.lang.Integer@50000169)
OBJ 5000143a (sz=16, trace=300000, class=java.lang.Integer@50000169)
OBJ 5000143b (sz=16, trace=300000, class=java.lang.Integer@50000169)
OBJ 5000143c (sz=16, trace=300000, class=java.lang.Integer@50000169)
OBJ 5000143d (sz=16, trace=300000, class=java.lang.Integer@50000169)
OBJ 5000143e (sz=16, trace=300000, class=java.lang.Integer@50000169)
OBJ 5000143f (sz=16, trace=300000, class=java.lang.Integer@50000169)
OBJ 50001440 (sz=16, trace=300000, class=java.lang.Integer@50000169)
OBJ 50001441 (sz=16, trace=300000, class=java.lang.Integer@50000169)
OBJ 50001442 (sz=16, trace=300000, class=java.lang.Integer@50000169)
OBJ 50001443 (sz=16, trace=300000, class=java.lang.Integer@50000169)
OBJ 50001444 (sz=16, trace=300000, class=java.lang.Integer@50000169)
OBJ 50001445 (sz=16, trace=300000, class=java.lang.Integer@50000169)
OBJ 50001446 (sz=16, trace=300000, class=java.lang.Integer@50000169)
OBJ 50001447 (sz=16, trace=300000, class=java.lang.Integer@50000169)
OBJ 50001448 (sz=16, trace=300000, class=java.lang.Integer@50000169)
OBJ 50001449 (sz=16, trace=300000, class=java.lang.Integer@50000169)
OBJ 5000144a (sz=16, trace=300000, class=java.lang.Integer@50000169)
OBJ 5000144b (sz=16, trace=300000, class=java.lang.Integer@50000169)
OBJ 5000144c (sz=16, trace=300000, class=java.lang.Integer@50000169)
OBJ 5000144d (sz=16, trace=300000, class=java.lang.Integer@50000169)
OBJ 5000144e (sz=16, trace=300000, class=java.lang.Integer@50000169)
OBJ 5000144f (sz=16, trace=300000, class=java.lang.Integer@50000169)
OBJ 50001450 (sz=16, trace=300000, class=java.lang.Integer@50000169)
OBJ 50001451 (sz=16, trace=300000, class=java.lang.Integer@50000169)
OBJ 50001452 (sz=16, trace=300000, class=java.lang.Integer@50000169)
OBJ 50001453 (sz=16, trace=300000, class=java.lang.Integer@50000169)
OBJ 50001454 (sz=16, trace=300000, class=java.lang.Integer@50000169)
OBJ 50001455 (sz=16, trace=300000, class=java.lang.Integer@50000169)
OBJ 50001456 (sz=16, trace=300000, class=java.lang.Integer@50000169)
OBJ 50001457 (sz=16, trace=300000, class=java.lang.Integer@50000169)
OBJ 50001458 (sz=16, trace=300000, class=java.lang.Integer@50000169)
OBJ 50001459 (sz=16, trace=300000, class=java.lang.Integer@50000169)
OBJ 5000145a (sz=16, trace=300000, class=java.lang.Integer@50000169)
OBJ 5000145b (sz=16, trace=300000, class=java.lang.Integer@50000169)
OBJ 5000145c (sz=16, trace=300000, class=java.lang.Integer@50000169)
OBJ 5000145d (sz=16, trace=300000, class=java.lang.Integer@50000169)
OBJ 5000145e (sz=16, trace=300000, class=java.lang.Integer@50000169)
OBJ 5000145f (sz=16, trace=300000, class=java.lang.Integer@50000169)
OBJ 50001460 (sz=16, trace=300000, class=java.lang.Integer@50000169)
OBJ 50001461 (sz=16, trace=300000, class=java.lang.Integer@50000169)
OBJ 50001462 (sz=16, trace=300000, class=java.lang.Integer@50000169)
OBJ 50001463 (sz=16, trace=300000, class=java.lang.Integer@50000169)
OBJ 50001464 (sz=16, trace=300000, class=java.lang.Integer@50000169)
OBJ 50001465 (sz=16, trace=300000, class=java.lang.Integer@50000169)
OBJ 50001466 (sz=16, trace=300000, class=java.lang.Integer@50000169)
OBJ 50001467 (sz=16, trace=300000, class=java.lang.Integer@50000169)
OBJ 50001468 (sz=16, trace=300000, class=java.lang.Integer@50000169)
OBJ 50001469 (sz=16, trace=300000, class=java.lang.Integer@50000169)
OBJ 5000146a (sz=16, trace=300000, class=java.lang.Integer@50000169)
OBJ 5000146b (sz=16, trace=300000, class=java.lang.Integer@50000169)
OBJ 5000146c (sz=16, trace=300000, class=java.lang.Integer@50000169)
OBJ 5000146d (sz=16, trace=300000, class=java.lang.Integer@50000169)
OBJ 5000146e (sz=16, trace=300000, class=java.lang.Integer@50000169)
OBJ 5000146f (sz=16, trace=300000, class=java.lang.Integer@50000169)
OBJ 50001470 (sz=16, trace=300000, class=java.lang.Integer@50000169)
OBJ 50001471 (sz=16, trace=300000, class=java.lang.Integer@50000169)
OBJ 50001472 (sz=16, trace=300000, class=java.lang.Integer@50000169)
OBJ 50001473 (sz=16, trace=300000, class=java.lang.Integer@50000169)
OBJ 50001474 (sz=16, trace=300000, class=java.lang.Integer@50000169)
OBJ 50001475 (sz=16, trace=300000, class=java.lang.Integer@50000169)
OBJ 50001476 (sz=16, trace=300000, class=java.lang.Integer@50000169)
OBJ 50001477 (sz=16, trace=300000, class=java.lang.Integer@50000169)
OBJ 50001478 (sz=16, trace=300000, class=java.lang.Integer@50000169)
OBJ 50001479 (sz=16, trace=300000, class=java.lang.Integer@50000169)
OBJ 5000147a (sz=16, trace=300000, class=java.lang.Integer@50000169)
OBJ 5000147b (sz=16, trace=300000, class=java.lang.Integer@50000169)
OBJ 5000147c (sz=16, trace=300000, class=java.lang.Integer@50000169)
OBJ 5000147d (sz=16, trace=300000, class=java.lang.Integer@50000169)
OBJ 5000147e (sz=16, trace=300000, class=java.lang.Integer@50000169)
OBJ 5000147f (sz=16, trace=300000, class=java.lang.Integer@50000169)
OBJ 50001480 (sz=16, trace=300000, class=java.lang.Integer@50000169)
OBJ 50001481 (sz=16, trace=300000, class=java.lang.Integer@50000169)
OBJ 50001482 (sz=16, trace=300000, class=java.lang.Integer@50000169)
OBJ 50001483 (sz=16, trace=300000, class=java.lang.Integer@50000169)
OBJ 50001484 (sz=16, trace=300000, class=java.lang.Integer@50000169)
OBJ 50001485 (sz=16, trace=300000, class=java.lang.Integer@50000169)
OBJ 50001486 (sz=16, trace=300000, class=java.lang.Integer@50000169)
OBJ 50001487 (sz=16, trace=300000, class=java.lang.Integer@50000169)
OBJ 50001488 (sz=16, trace=300000, class=java.lang.Integer@50000169)
OBJ 50001489 (sz=16, trace=300000, class=java.lang.Integer@50000169)
OBJ 5000148a (sz=16, trace=300000, class=java.lang.Integer@50000169)
OBJ 5000148b (sz=16, trace=300000, class=java.lang.Integer@50000169)
OBJ 5000148c (sz=16, trace=300000, class=java.lang.Integer@50000169)
OBJ 5000148d (sz=16, trace=300000, class=java.lang.Integer@50000169)
OBJ 5000148e (sz=16, trace=300000, class=java.lang.Integer@50000169)
OBJ 5000148f (sz=16, trace=300000, class=java.lang.Integer@50000169)
OBJ 50001490 (sz=16, trace=300000, class=java.lang.Integer@50000169)
OBJ 50001491 (sz=16, trace=300000, class=java.lang.Integer@50000169)
OBJ 50001492 (sz=16, trace=300000, class=java.lang.Integer@50000169)
OBJ 50001493 (sz=16, trace=300000, class=java.lang.Integer@50000169)
OBJ 50001494 (sz=16, trace=300000, class=java.lang.Integer@50000169)
OBJ 50001495 (sz=16, trace=300000, class=java.lang.Integer@50000169)
OBJ 50001496 (sz=16, trace=300000, class=java.lang.Integer@50000169)
OBJ 50001497 (sz=16, trace=300000, class=java.lang.Integer@50000169)
OBJ 50001498 (sz=16, trace=300000, class=java.lang.Integer@50000169)
OBJ 50001499 (sz=16, trace=300000, class=java.lang.Integer@50000169)
OBJ 5000149a (sz=16, trace=300000, class=java.lang.Integer@50000169)
OBJ 5000149b (sz=16, trace=300000, class=java.lang.Integer@50000169)
OBJ 5000149c (sz=16, trace=300000, class=java.lang.Integer@50000169)
OBJ 5000149d (sz=16, trace=300000, class=java.lang.Integer@50000169)
OBJ 5000149e (sz=16, trace=300000, class=java.lang.Integer@50000169)
OBJ 5000149f (sz=16, trace=300000, class=java.lang.Integer@50000169)
OBJ 500014a0 (sz=16, trace=300000, class=java.lang.Integer@50000169)
OBJ 500014a1 (sz=16, trace=300000, class=java.lang.Integer@50000169)
OBJ 500014a2 (sz=16, trace=300000, class=java.lang.Integer@50000169)
OBJ 500014a3 (sz=16, trace=300000, class=java.lang.Integer@50000169)
OBJ 500014a4 (sz=16, trace=300000, class=java.lang.Integer@50000169)
OBJ 500014a5 (sz=16, trace=300000, class=java.lang.Integer@50000169)
OBJ 500014a6 (sz=16, trace=300000, class=java.lang.Integer@50000169)
OBJ 500014a7 (sz=16, trace=300000, class=java.lang.Integer@50000169)
OBJ 500014a8 (sz=16, trace=300000, class=java.lang.Integer@50000169)
OBJ 500014a9 (sz=16, trace=300000, class=java.lang.Integer@50000169)
OBJ 500014aa (sz=16, trace=300000, class=java.lang.Integer@50000169)
OBJ 500014ab (sz=16, trace=300000, class=java.lang.Integer@50000169)
OBJ 500014ac (sz=16, trace=300000, class=java.lang.Integer@50000169)
OBJ 500014ad (sz=16, trace=300000, class=java.lang.Integer@50000169)
OBJ 500014ae (sz=16, trace=300000, class=java.lang.Integer@50000169)
OBJ 500014af (sz=16, trace=300000, class=java.lang.Integer@50000169)
OBJ 500014b0 (sz=16, trace=300000, class=java.lang.Integer@50000169)
OBJ 500014b1 (sz=16, trace=300000, class=java.lang.Integer@50000169)
OBJ 500014b2 (sz=16, trace=300000, class=java.lang.Integer@50000169)
OBJ 500014b3 (sz=16, trace=300000, class=java.lang.Integer@50000169)
OBJ 500014b4 (sz=16, trace=300000, class=java.lang.Integer@50000169)
OBJ 500014b5 (sz=16, trace=300000, class=java.lang.Integer@50000169)
OBJ 500014b6 (sz=16, trace=300000, class=java.lang.Integer@50000169)
OBJ 500014b7 (sz=16, trace=300000, class=java.lang.Integer@50000169)
OBJ 500014b8 (sz=16, trace=300000, class=java.lang.Integer@50000169)
OBJ 500014b9 (sz=16, trace=300000, class=java.lang.Integer@50000169)
OBJ 500014ba (sz=16, trace=300000, class=java.lang.Integer@50000169)
OBJ 500014bb (sz=16, trace=300000, class=java.lang.Integer@50000169)
OBJ 500014bc (sz=16, trace=300000, class=java.lang.Integer@50000169)
OBJ 500014bd (sz=16, trace=300000, class=java.lang.Integer@50000169)
OBJ 500014be (sz=16, trace=300000, class=java.lang.Integer@50000169)
OBJ 500014bf (sz=16, trace=300000, class=java.lang.Integer@50000169)
OBJ 500014c0 (sz=16, trace=300000, class=java.lang.Integer@50000169)
OBJ 500014c1 (sz=16, trace=300000, class=java.lang.Integer@50000169)
OBJ 500014c2 (sz=16, trace=300000, class=java.lang.Integer@50000169)
OBJ 500014c3 (sz=16, trace=300000, class=java.lang.Integer@50000169)
OBJ 500014c4 (sz=16, trace=300000, class=java.lang.Integer@50000169)
OBJ 500014c5 (sz=16, trace=300000, class=java.lang.Integer@50000169)
OBJ 500014c6 (sz=16, trace=300000, class=java.lang.Integer@50000169)
OBJ 500014c7 (sz=16, trace=300000, class=java.lang.Integer@50000169)
OBJ 500014c8 (sz=16, trace=300000, class=java.lang.Integer@50000169)
OBJ 500014c9 (sz=16, trace=300000, class=java.lang.Integer@50000169)
OBJ 500014ca (sz=16, trace=300000, class=java.lang.Integer@50000169)
OBJ 500014cb (sz=16, trace=300000, class=java.lang.Integer@50000169)
OBJ 500014cc (sz=16, trace=300000, class=java.lang.Integer@50000169)
OBJ 500014cd (sz=16, trace=300000, class=java.lang.Integer@50000169)
OBJ 500014ce (sz=16, trace=300000, class=java.lang.Integer@50000169)
OBJ 500014cf (sz=16, trace=300000, class=java.lang.Integer@50000169)
OBJ 500014d0 (sz=16, trace=300000, class=java.lang.Integer@50000169)
OBJ 500014d1 (sz=16, trace=300000, class=java.lang.Integer@50000169)
OBJ 500014d2 (sz=16, trace=300000, class=java.lang.Integer@50000169)
OBJ 500014d3 (sz=16, trace=300000, class=java.lang.Integer@50000169)
OBJ 500014d4 (sz=16, trace=300000, class=java.lang.Integer@50000169)
OBJ 500014d5 (sz=16, trace=300000, class=java.lang.Integer@50000169)
OBJ 500014d6 (sz=16, trace=300000, class=java.lang.Integer@50000169)
OBJ 500014d7 (sz=16, trace=300000, class=java.lang.Integer@50000169)
OBJ 500014d8 (sz=16, trace=300000, class=java.lang.Integer@50000169)
OBJ 500014d9 (sz=16, trace=300000, class=java.lang.Integer@50000169)
OBJ 500014da (sz=16, trace=300000, class=java.lang.Integer@50000169)
OBJ 500014db (sz=16, trace=300000, class=java.lang.Integer@50000169)
OBJ 500014dc (sz=16, trace=300000, class=java.lang.Integer@50000169)
OBJ 500014dd (sz=16, trace=300000, class=java.lang.Integer@50000169)
OBJ 500014de (sz=16, trace=300000, class=java.lang.Integer@50000169)
OBJ 500014df (sz=16, trace=300000, class=java.lang.Integer@50000169)
OBJ 500014e0 (sz=16, trace=300000, class=java.lang.Integer@50000169)
OBJ 500014e1 (sz=16, trace=300000, class=java.lang.Integer@50000169)
OBJ 500014e2 (sz=16, trace=300000, class=java.lang.Integer@50000169)
OBJ 500014e3 (sz=16, trace=300000, class=java.lang.Integer@50000169)
OBJ 500014e4 (sz=16, trace=300000, class=java.lang.Integer@50000169)
OBJ 500014e5 (sz=16, trace=300000, class=java.lang.Integer@50000169)
OBJ 500014e6 (sz=16, trace=300000, class=java.lang.Integer@50000169)
OBJ 500014e7 (sz=16, trace=300000, class=java.lang.Integer@50000169)
OBJ 500014e8 (sz=16, trace=300000, class=java.lang.Integer@50000169)
OBJ 500014e9 (sz=16, trace=300000, class=java.lang.Integer@50000169)
OBJ 500014ea (sz=16, trace=300000, class=java.lang.Integer@50000169)
OBJ 500014eb (sz=16, trace=300000, class=java.lang.Integer@50000169)
OBJ 500014ec (sz=16, trace=300000, class=java.lang.Integer@50000169)
OBJ 500014ed (sz=16, trace=300000, class=java.lang.Integer@50000169)
OBJ 500014ee (sz=16, trace=300000, class=java.lang.Integer@50000169)
OBJ 500014ef (sz=16, trace=300000, class=java.lang.Integer@50000169)
OBJ 500014f0 (sz=16, trace=300000, class=java.lang.Integer@50000169)
OBJ 500014f1 (sz=16, trace=300000, class=java.lang.Integer@50000169)
OBJ 500014f2 (sz=16, trace=300000, class=java.lang.Integer@50000169)
OBJ 500014f3 (sz=16, trace=300000, class=java.lang.Integer@50000169)
OBJ 500014f4 (sz=16, trace=300000, class=java.lang.Integer@50000169)
OBJ 500014f5 (sz=16, trace=300000, class=java.lang.Integer@50000169)
OBJ 500014f6 (sz=16, trace=300000, class=java.lang.Integer@50000169)
OBJ 500014f7 (sz=16, trace=300000, class=java.lang.Integer@50000169)
OBJ 500014f8 (sz=16, trace=300000, class=java.lang.Integer@50000169)
OBJ 500014f9 (sz=16, trace=300000, class=java.lang.Integer@50000169)
OBJ 500014fa (sz=16, trace=300000, class=java.lang.Integer@50000169)
OBJ 500014fb (sz=16, trace=300000, class=java.lang.Integer@50000169)
OBJ 500014fc (sz=16, trace=300000, class=java.lang.Integer@50000169)
OBJ 500014fd (sz=16, trace=300000, class=java.lang.Integer@50000169)
OBJ 500014fe (sz=16, trace=300000, class=java.lang.Integer@50000169)
OBJ 500014ff (sz=16, trace=300000, class=java.lang.Integer@50000169)
OBJ 50001500 (sz=16, trace=300000, class=java.lang.Integer@50000169)
OBJ 50001501 (sz=16, trace=300000, class=java.lang.Integer@50000169)
OBJ 50001502 (sz=16, trace=300000, class=java.lang.Integer@50000169)
OBJ 50001503 (sz=16, trace=300000, class=java.lang.Integer@50000169)
OBJ 50001504 (sz=16, trace=300000, class=java.lang.Integer@50000169)
OBJ 50001505 (sz=16, trace=300000, class=java.lang.Integer@50000169)
OBJ 50001506 (sz=16, trace=300000, class=java.lang.Integer@50000169)
OBJ 50001507 (sz=16, trace=300000, class=java.lang.Integer@50000169)
OBJ 50001508 (sz=16, trace=300000, class=java.lang.Integer@50000169)
OBJ 50001509 (sz=16, trace=300000, class=java.lang.Integer@50000169)
OBJ 5000150a (sz=16, trace=300000, class=java.lang.Integer@50000169)
OBJ 5000150b (sz=16, trace=300000, class=java.lang.Integer@50000169)
OBJ 5000150c (sz=16, trace=300000, class=java.lang.Integer@50000169)
OBJ 5000150d (sz=16, trace=300000, class=java.lang.Integer@50000169)
OBJ 5000150e (sz=16, trace=300000, class=java.lang.Integer@50000169)
OBJ 5000150f (sz=16, trace=300000, class=java.lang.Integer@50000169)
OBJ 50001510 (sz=16, trace=300000, class=java.lang.Integer@50000169)
OBJ 50001511 (sz=16, trace=300000, class=java.lang.Integer@50000169)
OBJ 50001512 (sz=16, trace=300000, class=java.lang.Integer@50000169)
OBJ 50001513 (sz=16, trace=300000, class=java.lang.Integer@50000169)
OBJ 50001514 (sz=16, trace=300000, class=java.lang.Integer@50000169)
OBJ 50001515 (sz=16, trace=300000, class=java.lang.Integer@50000169)
OBJ 50001516 (sz=16, trace=300000, class=java.lang.Integer@50000169)
OBJ 50001517 (sz=16, trace=300000, class=java.lang.Integer@50000169)
OBJ 50001518 (sz=16, trace=300000, class=java.lang.Integer@50000169)
OBJ 50001519 (sz=16, trace=300000, class=java.lang.Integer@50000169)
OBJ 5000151a (sz=16, trace=300000, class=java.lang.Integer@50000169)
OBJ 5000151b (sz=16, trace=300000, class=java.lang.Integer@50000169)
OBJ 5000151c (sz=16, trace=300000, class=java.lang.Integer@50000169)
OBJ 5000151d (sz=16, trace=300000, class=java.lang.Integer@50000169)
OBJ 5000151e (sz=16, trace=300000, class=java.lang.Integer@50000169)
OBJ 5000151f (sz=16, trace=300000, class=java.lang.Integer@50000169)
OBJ 50001520 (sz=16, trace=300000, class=java.lang.Integer@50000169)
OBJ 50001521 (sz=16, trace=300000, class=java.lang.Integer@50000169)
OBJ 50001522 (sz=16, trace=300000, class=java.lang.Integer@50000169)
OBJ 50001523 (sz=16, trace=300000, class=java.lang.Integer@50000169)
OBJ 50001524 (sz=16, trace=300000, class=java.lang.Integer@50000169)
OBJ 50001525 (sz=16, trace=300000, class=java.lang.Integer@50000169)
OBJ 50001526 (sz=16, trace=300000, class=java.lang.Integer@50000169)
OBJ 50001527 (sz=16, trace=300000, class=java.lang.Integer@50000169)
OBJ 50001528 (sz=16, trace=300000, class=java.lang.Integer@50000169)
OBJ 50001529 (sz=16, trace=300000, class=java.lang.Integer@50000169)
OBJ 5000152a (sz=16, trace=300000, class=java.lang.Integer@50000169)
OBJ 5000152b (sz=16, trace=300000, class=java.lang.Integer@50000169)
OBJ 5000152c (sz=24, trace=300000, class=java.lang.String@500001cd)
	value		5000152d
ARR 5000152d (sz=10, trace=300000, nelems=5, elem type=char[])
OBJ 5000152e (sz=24, trace=300000, class=java.lang.String@500001cd)
	value		5000152f
ARR 5000152f (sz=8, trace=300000, nelems=4, elem type=char[])
ARR 50001530 (sz=22, trace=300000, nelems=11, elem type=char[])
OBJ 50001531 (sz=24, trace=300000, class=java.lang.String@500001cd)
	value		50001534
OBJ 50001532 (sz=24, trace=300000, class=java.lang.String@500001cd)
	value		50001533
ARR 50001533 (sz=60, trace=300000, nelems=30, elem type=char[])
ARR 50001534 (sz=46, trace=300000, nelems=23, elem type=char[])
OBJ 50001535 (sz=24, trace=300000, class=java.lang.String@500001cd)
	value		5000153a
OBJ 50001536 (sz=24, trace=300000, class=java.lang.String@500001cd)
	value		50001539
OBJ 50001537 (sz=24, trace=300000, class=java.lang.String@500001cd)
	value		50001538
ARR 50001538 (sz=28, trace=300000, nelems=14, elem type=char[])
ARR 50001539 (sz=28, trace=300000, nelems=14, elem type=char[])
ARR 5000153a (sz=28, trace=300000, nelems=14, elem type=char[])
OBJ 5000153b (sz=24, trace=300000, class=java.lang.String@500001cd)
	value		5000153c
ARR 5000153c (sz=40, trace=300000, nelems=20, elem type=char[])
ARR 5000153d (sz=8, trace=300000, nelems=4, elem type=char[])
OBJ 5000153e (sz=16, trace=300000, class=java.lang.ThreadLocal@50000113)
OBJ 5000153f (sz=16, trace=300000, class=java.lang.ThreadLocal@50000113)
ARR 50001540 (sz=10, trace=300000, nelems=5, elem type=char[])
ARR 50001541 (sz=8, trace=300000, nelems=4, elem type=char[])
ARR 50001542 (sz=4, trace=300000, nelems=2, elem type=char[])
ARR 50001543 (sz=4, trace=300000, nelems=2, elem type=char[])
ARR 50001544 (sz=4, trace=300000, nelems=2, elem type=char[])
ARR 50001545 (sz=24, trace=300000, nelems=12, elem type=char[])
ARR 50001546 (sz=14, trace=300000, nelems=7, elem type=char[])
ARR 50001547 (sz=22, trace=300000, nelems=11, elem type=char[])
ARR 50001548 (sz=24, trace=300000, nelems=12, elem type=char[])
ARR 50001549 (sz=66, trace=300000, nelems=33, elem type=char[])
ARR 5000154a (sz=60, trace=300000, nelems=30, elem type=char[])
ARR 5000154b (sz=22, trace=300000, nelems=11, elem type=char[])
ARR 5000154c (sz=24, trace=300000, nelems=12, elem type=char[])
ARR 5000154d (sz=32, trace=300000, nelems=1, elem type=java.lang.ThreadGroup[]@50000154)
	[0]		500003d3
ARR 5000154e (sz=32, trace=300000, nelems=3, elem type=java.lang.Thread[]@5000012e)
	[0]		50000246
	[1]		50000242
	[2]		50000241
OBJ 5000154f (sz=16, trace=300000, class=java.lang.Object@500001d1)
OBJ 50001550 (sz=40, trace=300000, class=java.security.AccessControlContext@500001be)
OBJ 50001551 (sz=24, trace=300000, class=java.lang.String@500001cd)
	value		50001552
ARR 50001552 (sz=34, trace=300000, nelems=17, elem type=char[])
OBJ 50001553 (sz=16, trace=300000, class=java.lang.Object@500001d1)
OBJ 50001554 (sz=40, trace=300000, class=java.security.AccessControlContext@500001be)
OBJ 50001555 (sz=24, trace=300000, class=java.lang.String@500001cd)
	value		50001556
ARR 50001556 (sz=18, trace=300000, nelems=9, elem type=char[])
OBJ 50001557 (sz=16, trace=300000, class=java.lang.Object@500001d1)
OBJ 50001558 (sz=40, trace=300000, class=java.lang.ref.Finalizer@500001ac)
	referent	50001144
	queue		50000243
	next		50001559
	prev		5000023c
OBJ 50001559 (sz=40, trace=300000, class=java.lang.ref.Finalizer@500001ac)
	referent	50001344
	queue		50000243
	next		5000155a
	prev		50001558
OBJ 5000155a (sz=40, trace=300000, class=java.lang.ref.Finalizer@500001ac)
	referent	50001335
	queue		50000243
	next		5000155b
	prev		50001559
OBJ 5000155b (sz=40, trace=300000, class=java.lang.ref.Finalizer@500001ac)
	referent	50001365
	queue		50000243
	next		5000155c
	prev		5000155a
OBJ 5000155c (sz=40, trace=300000, class=java.lang.ref.Finalizer@500001ac)
	referent	50001356
	queue		50000243
	next		5000155d
	prev		5000155b
OBJ 5000155d (sz=40, trace=300000, class=java.lang.ref.Finalizer@500001ac)
	referent	500012cc
	queue		50000243
	next		5000155e
	prev		5000155c
OBJ 5000155e (sz=40, trace=300000, class=java.lang.ref.Finalizer@500001ac)
	referent	500012bd
	queue		50000243
	next		5000155f
	prev		5000155d
OBJ 5000155f (sz=40, trace=300000, class=java.lang.ref.Finalizer@500001ac)
	referent	500012d2
	queue		50000243
	next		50001560
	prev		5000155e
OBJ 50001560 (sz=40, trace=300000, class=java.lang.ref.Finalizer@500001ac)
	referent	5000132f
	queue		50000243
	next		50001561
	prev		5000155f
OBJ 50001561 (sz=40, trace=300000, class=java.lang.ref.Finalizer@500001ac)
	referent	50001320
	queue		50000243
	next		50001562
	prev		50001560
OBJ 50001562 (sz=40, trace=300000, class=java.lang.ref.Finalizer@500001ac)
	referent	5000137a
	queue		50000243
	next		50001563
	prev		50001561
OBJ 50001563 (sz=40, trace=300000, class=java.lang.ref.Finalizer@500001ac)
	referent	5000136b
	queue		50000243
	next		50001564
	prev		50001562
OBJ 50001564 (sz=40, trace=300000, class=java.lang.ref.Finalizer@500001ac)
	referent	50001239
	queue		50000243
	next		50001565
	prev		50001563
OBJ 50001565 (sz=40, trace=300000, class=java.lang.ref.Finalizer@500001ac)
	referent	5000122a
	queue		50000243
	next		50001566
	prev		50001564
OBJ 50001566 (sz=40, trace=300000, class=java.lang.ref.Finalizer@500001ac)
	referent	500012f4
	queue		50000243
	next		50001567
	prev		50001565
OBJ 50001567 (sz=40, trace=300000, class=java.lang.ref.Finalizer@500001ac)
	referent	500012e5
	queue		50000243
	next		50001568
	prev		50001566
OBJ 50001568 (sz=40, trace=300000, class=java.lang.ref.Finalizer@500001ac)
	referent	500011f2
	queue		50000243
	next		50001569
	prev		50001567
OBJ 50001569 (sz=40, trace=300000, class=java.lang.ref.Finalizer@500001ac)
	referent	500011e3
	queue		50000243
	next		5000156a
	prev		50001568
OBJ 5000156a (sz=40, trace=300000, class=java.lang.ref.Finalizer@500001ac)
	referent	500012b7
	queue		50000243
	next		5000156b
	prev		50001569
OBJ 5000156b (sz=40, trace=300000, class=java.lang.ref.Finalizer@500001ac)
	referent	500012a8
	queue		50000243
	next		5000156c
	prev		5000156a
OBJ 5000156c (sz=40, trace=300000, class=java.lang.ref.Finalizer@500001ac)
	referent	500011b4
	queue		50000243
	next		5000156d
	prev		5000156b
OBJ 5000156d (sz=40, trace=300000, class=java.lang.ref.Finalizer@500001ac)
	referent	50001294
	queue		50000243
	next		5000156e
	prev		5000156c
OBJ 5000156e (sz=40, trace=300000, class=java.lang.ref.Finalizer@500001ac)
	referent	5000120e
	queue		50000243
	next		5000156f
	prev		5000156d
OBJ 5000156f (sz=40, trace=300000, class=java.lang.ref.Finalizer@500001ac)
	referent	500011ff
	queue		50000243
	next		50001570
	prev		5000156e
OBJ 50001570 (sz=40, trace=300000, class=java.lang.ref.Finalizer@500001ac)
	referent	500011ae
	queue		50000243
	next		50001571
	prev		5000156f
OBJ 50001571 (sz=40, trace=300000, class=java.lang.ref.Finalizer@500001ac)
	referent	5000119f
	queue		50000243
	next		50001572
	prev		50001570
OBJ 50001572 (sz=40, trace=300000, class=java.lang.ref.Finalizer@500001ac)
	referent	500012fd
	queue		50000243
	next		50001573
	prev		50001571
OBJ 50001573 (sz=40, trace=300000, class=java.lang.ref.Finalizer@500001ac)
	referent	50001575
	queue		50000243
	next		50001574
	prev		50001572
OBJ 50001574 (sz=40, trace=300000, class=java.lang.ref.Finalizer@500001ac)
	referent	50001254
	queue		50000243
	next		50001578
	prev		50001573
OBJ 50001575 (sz=48, trace=300000, class=java.util.zip.Inflater@5000002e)
	zsRef		50001577
	buf		50001576
ARR 50001576 (sz=74, trace=300000, nelems=74, elem type=byte[])
OBJ 50001577 (sz=24, trace=300000, class=java.util.zip.ZStreamRef@5000002d)
OBJ 50001578 (sz=40, trace=300000, class=java.lang.ref.Finalizer@500001ac)
	referent	5000130d
	queue		50000243
	next		50001579
	prev		50001574
OBJ 50001579 (sz=40, trace=300000, class=java.lang.ref.Finalizer@500001ac)
	referent	50001244
	queue		50000243
	next		5000157a
	prev		50001578
OBJ 5000157a (sz=40, trace=300000, class=java.lang.ref.Finalizer@500001ac)
	referent	50001224
	queue		50000243
	next		5000157b
	prev		50001579
OBJ 5000157b (sz=40, trace=300000, class=java.lang.ref.Finalizer@500001ac)
	referent	50001215
	queue		50000243
	next		5000157c
	prev		5000157a
OBJ 5000157c (sz=40, trace=300000, class=java.lang.ref.Finalizer@500001ac)
	referent	500011d2
	queue		50000243
	next		5000157d
	prev		5000157b
OBJ 5000157d (sz=40, trace=300000, class=java.lang.ref.Finalizer@500001ac)
	referent	500011c3
	queue		50000243
	next		5000157e
	prev		5000157c
OBJ 5000157e (sz=40, trace=300000, class=java.lang.ref.Finalizer@500001ac)
	referent	50001190
	queue		50000243
	next		5000157f
	prev		5000157d
OBJ 5000157f (sz=40, trace=300000, class=java.lang.ref.Finalizer@500001ac)
	referent	50001581
	queue		50000243
	next		50001580
	prev		5000157e
OBJ 50001580 (sz=40, trace=300000, class=java.lang.ref.Finalizer@500001ac)
	referent	50000f4c
	queue		50000243
	next		50001584
	prev		5000157f
OBJ 50001581 (sz=48, trace=300000, class=java.util.zip.Inflater@5000002e)
	zsRef		50001583
	buf		50001582
ARR 50001582 (sz=69, trace=300000, nelems=69, elem type=byte[])
OBJ 50001583 (sz=24, trace=300000, class=java.util.zip.ZStreamRef@5000002d)
OBJ 50001584 (sz=40, trace=300000, class=java.lang.ref.Finalizer@500001ac)
	referent	50001384
	queue		50000243
	next		50001585
	prev		50001580
OBJ 50001585 (sz=40, trace=300000, class=java.lang.ref.Finalizer@500001ac)
	referent	50001383
	queue		50000243
	next		50001586
	prev		50001584
OBJ 50001586 (sz=40, trace=300000, class=java.lang.ref.Finalizer@500001ac)
	referent	500013b4
	queue		50000243
	next		50001587
	prev		50001585
OBJ 50001587 (sz=40, trace=300000, class=java.lang.ref.Finalizer@500001ac)
	referent	50000439
	queue		50000243
	next		50001588
	prev		50001586
OBJ 50001588 (sz=40, trace=300000, class=java.lang.ref.Finalizer@500001ac)
	referent	50000433
	queue		50000243
	prev		50001587
OBJ 50001589 (sz=16, trace=300000, class=java.lang.Object@500001d1)
OBJ 5000158a (sz=40, trace=300000, class=java.security.AccessControlContext@500001be)
ARR 5000158b (sz=32, trace=300000, nelems=2, elem type=java.lang.Thread[]@5000012e)
	[0]		5000023f
	[1]		5000022a
OBJ 5000158c (sz=24, trace=300000, class=java.lang.String@500001cd)
	value		5000158d
ARR 5000158d (sz=8, trace=300000, nelems=4, elem type=char[])
OBJ 5000158e (sz=40, trace=300000, class=java.security.AccessControlContext@500001be)
OBJ 5000158f (sz=24, trace=300000, class=java.lang.String@500001cd)
	value		50001590
ARR 50001590 (sz=26, trace=300000, nelems=13, elem type=char[])
OBJ 50001591 (sz=16, trace=300000, class=java.lang.Object@500001d1)
OBJ 50001592 (sz=40, trace=300000, class=java.security.AccessControlContext@500001be)
	context		50001593
ARR 50001593 (sz=24, trace=300000, nelems=1, elem type=java.security.ProtectionDomain[]@50000005)
	[0]		50000ff7
OBJ 50001594 (sz=24, trace=300000, class=java.lang.String@500001cd)
	value		50001595
ARR 50001595 (sz=18, trace=300000, nelems=9, elem type=char[])
OBJ 50001596 (sz=32, trace=300000, class=java.lang.OutOfMemoryError@500001b5)
OBJ 50001597 (sz=32, trace=300000, class=java.lang.OutOfMemoryError@500001b5)
OBJ 50001598 (sz=32, trace=300000, class=java.lang.OutOfMemoryError@500001b5)
OBJ 50001599 (sz=32, trace=300000, class=java.lang.OutOfMemoryError@500001b5)
OBJ 5000159a (sz=24, trace=300000, class=java.lang.String@500001cd)
	value		5000159b
ARR 5000159b (sz=126, trace=300000, nelems=63, elem type=char[])
OBJ 5000159c (sz=24, trace=300000, class=java.lang.String@500001cd)
	value		5000159d
ARR 5000159d (sz=52, trace=300000, nelems=26, elem type=char[])
OBJ 5000159e (sz=24, trace=300000, class=java.lang.String@500001cd)
	value		5000159f
ARR 5000159f (sz=74, trace=300000, nelems=37, elem type=char[])
OBJ 500015a0 (sz=24, trace=300000, class=java.lang.String@500001cd)
	value		500015a1
ARR 500015a1 (sz=44, trace=300000, nelems=22, elem type=char[])
OBJ 500015a2 (sz=24, trace=300000, class=java.lang.String@500001cd)
	value		500015a3
ARR 500015a3 (sz=18, trace=300000, nelems=9, elem type=char[])
OBJ 500015a4 (sz=24, trace=300000, class=java.lang.String@500001cd)
	value		500015a5
ARR 500015a5 (sz=30, trace=300000, nelems=15, elem type=char[])
ARR 500015a6 (sz=22, trace=300000, nelems=11, elem type=char[])
OBJ 500015a7 (sz=24, trace=300000, class=java.lang.String@500001cd)
	value		500015be
OBJ 500015a8 (sz=24, trace=300000, class=java.lang.String@500001cd)
	value		500015b9
OBJ 500015a9 (sz=24, trace=300000, class=java.lang.String@500001cd)
	value		500015b8
OBJ 500015aa (sz=24, trace=300000, class=java.lang.String@500001cd)
	value		500015b7
OBJ 500015ab (sz=24, trace=300000, class=java.lang.String@500001cd)
	value		500015b6
OBJ 500015ac (sz=24, trace=300000, class=java.lang.String@500001cd)
	value		500015b5
OBJ 500015ad (sz=24, trace=300000, class=java.lang.String@500001cd)
	value		500015b4
OBJ 500015ae (sz=24, trace=300000, class=java.lang.String@500001cd)
	value		500015b3
OBJ 500015af (sz=24, trace=300000, class=java.lang.String@500001cd)
	value		500015b2
OBJ 500015b0 (sz=24, trace=300000, class=java.lang.String@500001cd)
	value		500015b1
ARR 500015b1 (sz=98, trace=300000, nelems=49, elem type=char[])
ARR 500015b2 (sz=82, trace=300000, nelems=41, elem type=char[])
ARR 500015b3 (sz=86, trace=300000, nelems=43, elem type=char[])
ARR 500015b4 (sz=102, trace=300000, nelems=51, elem type=char[])
ARR 500015b5 (sz=94, trace=300000, nelems=47, elem type=char[])
ARR 500015b6 (sz=100, trace=300000, nelems=50, elem type=char[])
ARR 500015b7 (sz=94, trace=300000, nelems=47, elem type=char[])
ARR 500015b8 (sz=92, trace=300000, nelems=46, elem type=char[])
ARR 500015b9 (sz=82, trace=300000, nelems=41, elem type=char[])
OBJ 500015ba (sz=24, trace=300000, class=java.lang.String@500001cd)
	value		500015bb
ARR 500015bb (sz=12, trace=300000, nelems=6, elem type=char[])
OBJ 500015bc (sz=24, trace=300000, class=java.lang.String@500001cd)
	value		500015bd
ARR 500015bd (sz=20, trace=300000, nelems=10, elem type=char[])
ARR 500015be (sz=8, trace=300000, nelems=4, elem type=char[])
OBJ 500015bf (sz=24, trace=300000, class=java.lang.String@500001cd)
	value		500015c4
OBJ 500015c0 (sz=24, trace=300000, class=java.lang.String@500001cd)
	value		500015c3
OBJ 500015c1 (sz=24, trace=300000, class=java.lang.String@500001cd)
	value		500015c2
ARR 500015c2 (sz=14, trace=300000, nelems=7, elem type=char[])
ARR 500015c3 (sz=24, trace=300000, nelems=12, elem type=char[])
ARR 500015c4 (sz=26, trace=300000, nelems=13, elem type=char[])
OBJ 500015c5 (sz=24, trace=300000, class=java.lang.String@500001cd)
	value		5000160e
OBJ 500015c6 (sz=24, trace=300000, class=java.lang.String@500001cd)
	value		50001610
OBJ 500015c7 (sz=24, trace=300000, class=java.lang.String@500001cd)
	value		500015d8
OBJ 500015c8 (sz=24, trace=300000, class=java.lang.String@500001cd)
	value		500015d7
OBJ 500015c9 (sz=24, trace=300000, class=java.lang.String@500001cd)
	value		500015d6
OBJ 500015ca (sz=24, trace=300000, class=java.lang.String@500001cd)
	value		500015d5
OBJ 500015cb (sz=24, trace=300000, class=java.lang.String@500001cd)
	value		500015d4
OBJ 500015cc (sz=24, trace=300000, class=java.lang.String@500001cd)
	value		500015d0
OBJ 500015cd (sz=24, trace=300000, class=java.lang.String@500001cd)
	value		500015d3
OBJ 500015ce (sz=24, trace=300000, class=java.lang.String@500001cd)
	value		500015d2
OBJ 500015cf (sz=24, trace=300000, class=java.lang.String@500001cd)
	value		500015d1
ARR 500015d0 (sz=46, trace=300000, nelems=23, elem type=char[])
ARR 500015d1 (sz=128, trace=300000, nelems=64, elem type=char[])
ARR 500015d2 (sz=6, trace=300000, nelems=3, elem type=char[])
ARR 500015d3 (sz=10, trace=300000, nelems=5, elem type=char[])
ARR 500015d4 (sz=20, trace=300000, nelems=10, elem type=char[])
ARR 500015d5 (sz=8, trace=300000, nelems=4, elem type=char[])
ARR 500015d6 (sz=70, trace=300000, nelems=35, elem type=char[])
ARR 500015d7 (sz=32, trace=300000, nelems=16, elem type=char[])
ARR 500015d8 (sz=16, trace=300000, nelems=8, elem type=char[])
OBJ 500015d9 (sz=24, trace=300000, class=java.lang.String@500001cd)
	value		50001603
OBJ 500015da (sz=24, trace=300000, class=java.lang.String@500001cd)
	value		5000160f
OBJ 500015db (sz=24, trace=300000, class=java.lang.String@500001cd)
	value		5000160d
OBJ 500015dc (sz=24, trace=300000, class=java.lang.String@500001cd)
	value		5000160c
OBJ 500015dd (sz=24, trace=300000, class=java.lang.String@500001cd)
	value		5000160b
OBJ 500015de (sz=24, trace=300000, class=java.lang.String@500001cd)
	value		500015f3
OBJ 500015df (sz=24, trace=300000, class=java.lang.String@500001cd)
	value		50001608
OBJ 500015e0 (sz=24, trace=300000, class=java.lang.String@500001cd)
	value		50001607
OBJ 500015e1 (sz=24, trace=300000, class=java.lang.String@500001cd)
	value		50001606
OBJ 500015e2 (sz=24, trace=300000, class=java.lang.String@500001cd)
	value		50001605
OBJ 500015e3 (sz=24, trace=300000, class=java.lang.String@500001cd)
	value		50001604
OBJ 500015e4 (sz=24, trace=300000, class=java.lang.String@500001cd)
	value		50001602
OBJ 500015e5 (sz=24, trace=300000, class=java.lang.String@500001cd)
	value		50001601
OBJ 500015e6 (sz=24, trace=300000, class=java.lang.String@500001cd)
	value		50001600
OBJ 500015e7 (sz=24, trace=300000, class=java.lang.String@500001cd)
	value		500015ff
OBJ 500015e8 (sz=24, trace=300000, class=java.lang.String@500001cd)
	value		500015fe
OBJ 500015e9 (sz=24, trace=300000, class=java.lang.String@500001cd)
	value		500015fd
OBJ 500015ea (sz=24, trace=300000, class=java.lang.String@500001cd)
	value		500015fc
OBJ 500015eb (sz=24, trace=300000, class=java.lang.String@500001cd)
	value		500015fb
OBJ 500015ec (sz=24, trace=300000, class=java.lang.String@500001cd)
	value		500015fa
OBJ 500015ed (sz=24, trace=300000, class=java.lang.String@500001cd)
	value		500015f9
OBJ 500015ee (sz=24, trace=300000, class=java.lang.String@500001cd)
	value		500015f8
OBJ 500015ef (sz=24, trace=300000, class=java.lang.String@500001cd)
	value		500015f7
OBJ 500015f0 (sz=24, trace=300000, class=java.lang.String@500001cd)
	value		500015f6
OBJ 500015f1 (sz=24, trace=300000, class=java.lang.String@500001cd)
	value		500015f5
OBJ 500015f2 (sz=24, trace=300000, class=java.lang.String@500001cd)
	value		500015f4
ARR 500015f3 (sz=34, trace=300000, nelems=17, elem type=char[])
ARR 500015f4 (sz=48, trace=300000, nelems=24, elem type=char[])
ARR 500015f5 (sz=78, trace=300000, nelems=39, elem type=char[])
ARR 500015f6 (sz=66, trace=300000, nelems=33, elem type=char[])
ARR 500015f7 (sz=76, trace=300000, nelems=38, elem type=char[])
ARR 500015f8 (sz=64, trace=300000, nelems=32, elem type=char[])
ARR 500015f9 (sz=62, trace=300000, nelems=31, elem type=char[])
ARR 500015fa (sz=72, trace=300000, nelems=36, elem type=char[])
ARR 500015fb (sz=88, trace=300000, nelems=44, elem type=char[])
ARR 500015fc (sz=80, trace=300000, nelems=40, elem type=char[])
ARR 500015fd (sz=62, trace=300000, nelems=31, elem type=char[])
ARR 500015fe (sz=58, trace=300000, nelems=29, elem type=char[])
ARR 500015ff (sz=88, trace=300000, nelems=44, elem type=char[])
ARR 50001600 (sz=66, trace=300000, nelems=33, elem type=char[])
ARR 50001601 (sz=58, trace=300000, nelems=29, elem type=char[])
ARR 50001602 (sz=68, trace=300000, nelems=34, elem type=char[])
ARR 50001603 (sz=56, trace=300000, nelems=28, elem type=char[])
ARR 50001604 (sz=2, trace=300000, nelems=1, elem type=char[])
ARR 50001605 (sz=2, trace=300000, nelems=1, elem type=char[])
ARR 50001606 (sz=2, trace=300000, nelems=1, elem type=char[])
ARR 50001607 (sz=24, trace=300000, nelems=12, elem type=char[])
ARR 50001608 (sz=20, trace=300000, nelems=10, elem type=char[])
OBJ 50001609 (sz=24, trace=300000, class=java.lang.String@500001cd)
	value		5000160a
ARR 5000160a (sz=68, trace=300000, nelems=34, elem type=char[])
ARR 5000160b (sz=30, trace=300000, nelems=15, elem type=char[])
ARR 5000160c (sz=36, trace=300000, nelems=18, elem type=char[])
ARR 5000160d (sz=18, trace=300000, nelems=9, elem type=char[])
ARR 5000160e (sz=6, trace=300000, nelems=3, elem type=char[])
ARR 5000160f (sz=10, trace=300000, nelems=5, elem type=char[])
ARR 50001610 (sz=8, trace=300000, nelems=4, elem type=char[])
OBJ 50001611 (sz=24, trace=300000, class=java.lang.String@500001cd)
	value		50001622
OBJ 50001612 (sz=24, trace=300000, class=java.lang.String@500001cd)
	value		5000161f
OBJ 50001613 (sz=24, trace=300000, class=java.lang.String@500001cd)
	value		50001619
OBJ 50001614 (sz=24, trace=300000, class=java.lang.String@500001cd)
	value		5000161e
OBJ 50001615 (sz=24, trace=300000, class=java.lang.String@500001cd)
	value		5000161d
OBJ 50001616 (sz=24, trace=300000, class=java.lang.String@500001cd)
	value		5000161c
OBJ 50001617 (sz=24, trace=300000, class=java.lang.String@500001cd)
	value		5000161b
OBJ 50001618 (sz=24, trace=300000, class=java.lang.String@500001cd)
	value		5000161a
ARR 50001619 (sz=16, trace=300000, nelems=8, elem type=char[])
ARR 5000161a (sz=8, trace=300000, nelems=4, elem type=char[])
ARR 5000161b (sz=24, trace=300000, nelems=12, elem type=char[])
ARR 5000161c (sz=36, trace=300000, nelems=18, elem type=char[])
ARR 5000161d (sz=32, trace=300000, nelems=16, elem type=char[])
ARR 5000161e (sz=62, trace=300000, nelems=31, elem type=char[])
ARR 5000161f (sz=32, trace=300000, nelems=16, elem type=char[])
OBJ 50001620 (sz=24, trace=300000, class=java.lang.String@500001cd)
	value		50001621
ARR 50001621 (sz=8, trace=300000, nelems=4, elem type=char[])
ARR 50001622 (sz=8, trace=300000, nelems=4, elem type=char[])
OBJ 50001623 (sz=24, trace=300000, class=java.lang.String@500001cd)
	value		50001628
OBJ 50001624 (sz=24, trace=300000, class=java.lang.String@500001cd)
	value		5000162a
OBJ 50001625 (sz=24, trace=300000, class=java.lang.String@500001cd)
	value		50001629
OBJ 50001626 (sz=24, trace=300000, class=java.lang.String@500001cd)
	value		50001627
ARR 50001627 (sz=48, trace=300000, nelems=24, elem type=char[])
ARR 50001628 (sz=60, trace=300000, nelems=30, elem type=char[])
ARR 50001629 (sz=16, trace=300000, nelems=8, elem type=char[])
ARR 5000162a (sz=12, trace=300000, nelems=6, elem type=char[])
OBJ 5000162b (sz=24, trace=300000, class=sun.instrument.TransformerManager@50000057)
	mTransformerList	5000162c
ARR 5000162c (sz=16, trace=300000, nelems=0, elem type=sun.instrument.TransformerManager$TransformerInfo[]@50000055)
CLS 500001d1 (name=java.lang.Object, trace=300000)
	constant pool entry 79	50000156
	constant pool entry 17	500001d1
CLS 500001a9 (name=java.lang.Thread, trace=300000)
	super		500001d1
	static EMPTY_STACK_TRACE	500003e3
	static SUBCLASS_IMPLEMENTATION_PERMISSION	500003e2
	constant pool entry 551	50000156
	constant pool entry 370	5000014e
	constant pool entry 356	500001a7
	constant pool entry 352	500001c6
	constant pool entry 142	500003e1
	constant pool entry 141	50000172
	constant pool entry 106	5000014f
	constant pool entry 82	500001a9
	constant pool entry 49	500001d1
CLS 50000001 (name=com.intellij.rt.execution.application.AppMainV2$1, trace=300000)
	super		500001a9
	loader		50000274
	domain		50000ff7
	constant pool entry 24	500001a9
	constant pool entry 23	50000001
	constant pool entry 5	50000240
	constant pool entry 4	50000004
CLS 50000002 (name=com.intellij.rt.execution.application.AppMainV2, trace=300000)
	super		500001d1
	loader		50000274
	domain		50000ff7
	static LAUNCHER_PORT_NUMBER	500010a7
	static LAUNCHER_BIN_PATH	500010a6
	static JAVAFX_LAUNCHER	500010a5
	static LAUNCH_APPLICATION_METHOD_NAME	500010a4
	constant pool entry 159	50000169
	constant pool entry 152	500001a9
	constant pool entry 134	50000085
	constant pool entry 132	500001c6
	constant pool entry 40	500001cd
	constant pool entry 24	50000002
	constant pool entry 20	500010a3
	constant pool entry 19	50000001
	constant pool entry 7	500010a2
	constant pool entry 3	500010a1
CLS 50000003 (name=com.intellij.rt.execution.application.AppMainV2$Agent, trace=300000)
	super		500001d1
	loader		50000274
	domain		50000ff7
	constant pool entry 23	50000002
CLS 50000004 (name=java.net.Socket, trace=300000)
	super		500001d1
	constant pool entry 319	5000030a
	constant pool entry 301	500001c6
	constant pool entry 155	50000004
	constant pool entry 90	500002d4
	constant pool entry 75	50000ff9
	constant pool entry 32	5000030f
	constant pool entry 22	500001e0
	constant pool entry 6	500001d1
CLS 50000005 (name=java.security.ProtectionDomain[], trace=300000)
	super		500001d1
CLS 500001c5 (name=java.lang.Throwable, trace=300000)
	super		500001d1
	static UNASSIGNED_STACK	500003dc
	static SUPPRESSED_SENTINEL	500003db
	static NULL_CAUSE_MESSAGE	500003da
	static SELF_SUPPRESSION_MESSAGE	500003d9
	static CAUSE_CAPTION	500003d8
	static SUPPRESSED_CAPTION	500003d7
	static EMPTY_THROWABLE_ARRAY	500003d6
	constant pool entry 341	50000156
	constant pool entry 219	5000013b
	constant pool entry 208	500001c9
	constant pool entry 95	500001d1
	constant pool entry 75	5000013c
	constant pool entry 67	50000172
	constant pool entry 42	500001c5
CLS 500001c2 (name=java.lang.Exception, trace=300000)
	super		500001c5
	constant pool entry 7	500001c5
CLS 500001bc (name=java.lang.ReflectiveOperationException, trace=300000)
	super		500001c2
	constant pool entry 6	500001c2
CLS 50000006 (name=java.lang.NoSuchMethodException, trace=300000)
	super		500001bc
CLS 50000007 (name=java.lang.reflect.InvocationTargetException, trace=300000)
	super		500001bc
CLS 5000007a (name=java.util.concurrent.ConcurrentHashMap$Node, trace=300000)
	super		500001d1
	constant pool entry 20	500001d1
	constant pool entry 19	5000007a
CLS 50000008 (name=java.util.concurrent.ConcurrentHashMap$ForwardingNode, trace=300000)
	super		5000007a
	constant pool entry 11	5000007a
	constant pool entry 8	50000008
CLS 5000019b (name=sun.reflect.MagicAccessorImpl, trace=300000)
	super		500001d1
	constant pool entry 3	500001d1
CLS 50000199 (name=sun.reflect.MethodAccessorImpl, trace=300000)
	super		5000019b
	constant pool entry 3	5000019b
CLS 50000009 (name=sun.reflect.DelegatingMethodAccessorImpl, trace=300000)
	super		50000199
	constant pool entry 6	50000199
	constant pool entry 5	50000009
CLS 5000000a (name=sun.reflect.NativeMethodAccessorImpl, trace=300000)
	super		50000199
	constant pool entry 45	50000140
	constant pool entry 19	5000000a
	constant pool entry 15	50000199
CLS 5000000b (name=sun.instrument.InstrumentationImpl$1, trace=300000)
	super		500001d1
	constant pool entry 28	500001a2
	constant pool entry 6	500001d1
	constant pool entry 5	5000000b
CLS 5000000c (name=java.lang.reflect.Method[], trace=300000)
	super		500001d1
CLS 50000018 (name=java.security.PermissionCollection, trace=300000)
	super		500001d1
	constant pool entry 19	500001d1
	constant pool entry 18	50000018
CLS 5000000d (name=java.security.BasicPermissionCollection, trace=300000)
	super		50000018
	static serialPersistentFields	5000040d
	constant pool entry 235	50000156
	constant pool entry 167	50000170
	constant pool entry 133	500001cd
	constant pool entry 130	500001a6
	constant pool entry 127	500001d1
	constant pool entry 59	50000018
	constant pool entry 58	5000000d
	constant pool entry 54	5000015b
	constant pool entry 50	500001c9
	constant pool entry 43	5000040c
	constant pool entry 41	5000040b
	constant pool entry 39	5000040a
	constant pool entry 34	500001a4
	constant pool entry 23	50000409
	constant pool entry 7	50000150
	constant pool entry 2	50000125
CLS 50000151 (name=java.security.Permission, trace=300000)
	super		500001d1
	constant pool entry 17	500001d1
	constant pool entry 16	50000151
CLS 5000000e (name=java.security.UnresolvedPermission, trace=300000)
	super		50000151
CLS 5000000f (name=java.security.AllPermission, trace=300000)
	super		50000151
CLS 50000010 (name=java.io.FilePermissionCollection, trace=300000)
	super		50000018
	static serialPersistentFields	50000e08
	constant pool entry 183	50000156
	constant pool entry 101	50000146
	constant pool entry 43	50000018
	constant pool entry 42	50000010
	constant pool entry 39	5000015b
	constant pool entry 28	5000040b
	constant pool entry 24	50000142
	constant pool entry 5	50000012
	constant pool entry 2	5000013c
CLS 50000011 (name=java.io.FilePermission$1, trace=300000)
	super		500001d1
	constant pool entry 45	500001cd
	constant pool entry 39	50000012
	constant pool entry 19	500001d1
	constant pool entry 18	50000011
	constant pool entry 13	5000017a
	constant pool entry 4	50000409
CLS 50000012 (name=java.io.FilePermission, trace=300000)
	super		50000151
	constant pool entry 144	5000017a
	constant pool entry 139	5000014e
	constant pool entry 51	50000151
	constant pool entry 46	50000010
	constant pool entry 32	50000de5
	constant pool entry 19	500001cd
	constant pool entry 16	50000011
	constant pool entry 11	50000e07
	constant pool entry 1	50000012
CLS 50000013 (name=sun.net.www.MessageHeader, trace=300000)
	super		500001d1
	constant pool entry 261	50000156
	constant pool entry 66	500001d1
	constant pool entry 65	50000013
	constant pool entry 40	500001cd
CLS 50000016 (name=java.net.URLConnection, trace=300000)
	super		500001d1
	static handlers	50000deb
	static contentClassPrefix	50000dea
	static contentPathProp	50000de9
	constant pool entry 153	500001d1
	constant pool entry 151	500001a4
	constant pool entry 110	50000016
CLS 50000015 (name=sun.net.www.URLConnection, trace=300000)
	super		50000016
	static proxiedHosts	50000f02
	constant pool entry 53	50000016
	constant pool entry 52	50000015
	constant pool entry 50	50000125
	constant pool entry 3	50000013
CLS 50000014 (name=sun.net.www.protocol.file.FileURLConnection, trace=300000)
	super		50000015
	static CONTENT_LENGTH	50000efa
	static CONTENT_TYPE	50000efb
	static TEXT_PLAIN	50000efc
	static LAST_MODIFIED	50000efd
	constant pool entry 242	50000087
	constant pool entry 240	50000178
	constant pool entry 162	5000017a
	constant pool entry 96	50000015
	constant pool entry 95	50000014
	constant pool entry 94	50000efd
	constant pool entry 93	50000efc
	constant pool entry 92	50000efb
	constant pool entry 91	50000efa
	constant pool entry 88	50000de5
	constant pool entry 87	50000012
CLS 50000017 (name=java.security.Permissions, trace=300000)
	super		50000018
	static serialPersistentFields	50000dfc
	constant pool entry 226	50000156
	constant pool entry 137	50000151
	constant pool entry 132	500001d1
	constant pool entry 127	500001a6
	constant pool entry 53	50000017
	constant pool entry 50	5000015b
	constant pool entry 42	50000dfb
	constant pool entry 40	50000dfa
	constant pool entry 35	500001a4
	constant pool entry 22	50000018
	constant pool entry 14	5000000e
	constant pool entry 13	5000000f
	constant pool entry 3	50000125
CLS 50000019 (name=sun.nio.ByteBuffered, trace=300000)
CLS 5000001a (name=java.lang.Package, trace=300000)
	super		500001d1
	static pkgs	50000de8
	static urls	50000de7
	static mans	50000de6
	constant pool entry 289	500001a6
	constant pool entry 222	500001cd
	constant pool entry 98	500001d1
	constant pool entry 96	50000125
	constant pool entry 75	5000001a
	constant pool entry 60	500005a8
CLS 5000001b (name=sun.misc.ASCIICaseInsensitiveComparator, trace=300000)
	super		500001d1
	static CASE_INSENSITIVE_ORDER	5000080d
	constant pool entry 55	500001c9
	constant pool entry 16	500001d1
	constant pool entry 12	5000001b
	constant pool entry 10	500001cd
CLS 5000001c (name=java.util.jar.Attributes$Name, trace=300000)
	super		500001d1
	static MANIFEST_VERSION	500007fb
	static SIGNATURE_VERSION	500007fa
	static CONTENT_TYPE	500007f9
	static CLASS_PATH	500007f8
	static MAIN_CLASS	500007f7
	static SEALED	500007f6
	static EXTENSION_LIST	500007f5
	static EXTENSION_NAME	500007f4
	static EXTENSION_INSTALLATION	500007f3
	static IMPLEMENTATION_TITLE	500007f2
	static IMPLEMENTATION_VERSION	500007f1
	static IMPLEMENTATION_VENDOR	500007f0
	static IMPLEMENTATION_VENDOR_ID	500007ef
	static IMPLEMENTATION_URL	500007ee
	static SPECIFICATION_TITLE	500007ed
	static SPECIFICATION_VERSION	500007ec
	static SPECIFICATION_VENDOR	500007eb
	constant pool entry 121	5000001b
	constant pool entry 111	500001cd
	constant pool entry 55	500001d1
	constant pool entry 53	500007ea
	constant pool entry 51	500007e9
	constant pool entry 49	500007e8
	constant pool entry 47	500007e7
	constant pool entry 45	500007e6
	constant pool entry 43	500007e5
	constant pool entry 41	500007e4
	constant pool entry 39	500007e3
	constant pool entry 37	500007e2
	constant pool entry 35	500007e1
	constant pool entry 33	500007e0
	constant pool entry 31	500007df
	constant pool entry 29	500007de
	constant pool entry 27	500007dd
	constant pool entry 25	500007dc
	constant pool entry 23	500007db
	constant pool entry 20	500007da
	constant pool entry 16	5000001c
CLS 5000017c (name=java.io.InputStream, trace=300000)
	super		500001d1
	constant pool entry 15	500001d1
CLS 500000dc (name=java.io.FilterInputStream, trace=300000)
	super		5000017c
	constant pool entry 13	5000017c
	constant pool entry 12	500000dc
CLS 5000001d (name=java.util.jar.Manifest$FastInputStream, trace=300000)
	super		500000dc
	constant pool entry 81	50000156
	constant pool entry 58	500001c6
	constant pool entry 56	5000017c
	constant pool entry 16	500000dc
	constant pool entry 15	5000001d
CLS 5000001e (name=java.util.jar.Attributes, trace=300000)
	super		500001d1
	constant pool entry 135	5000001d
	constant pool entry 75	500001a6
	constant pool entry 74	500001d1
	constant pool entry 42	500007d8
	constant pool entry 17	5000001e
	constant pool entry 11	500001cd
	constant pool entry 8	5000001c
	constant pool entry 3	50000125
CLS 50000020 (name=sun.misc.Resource, trace=300000)
	super		500001d1
	constant pool entry 106	50000156
	constant pool entry 73	5000017c
	constant pool entry 71	50000101
	constant pool entry 69	5000011d
	constant pool entry 64	500001a9
	constant pool entry 23	500001d1
	constant pool entry 22	50000020
	constant pool entry 20	50000019
CLS 5000001f (name=sun.misc.URLClassPath$JarLoader$2, trace=300000)
	super		50000020
	constant pool entry 66	50000048
	constant pool entry 64	5000012b
	constant pool entry 62	50000031
	constant pool entry 60	50000049
	constant pool entry 24	50000050
	constant pool entry 16	50000020
	constant pool entry 15	5000001f
CLS 50000023 (name=sun.nio.cs.ThreadLocalCoders$Cache, trace=300000)
	super		500001d1
	constant pool entry 57	50000156
	constant pool entry 13	50000023
	constant pool entry 8	500001d1
	constant pool entry 7	50000167
	constant pool entry 2	50000113
CLS 50000021 (name=sun.nio.cs.ThreadLocalCoders$2, trace=300000)
	super		50000023
	constant pool entry 47	500001c9
	constant pool entry 17	50000023
	constant pool entry 16	50000021
	constant pool entry 14	50000024
CLS 50000022 (name=sun.nio.cs.ThreadLocalCoders$1, trace=300000)
	super		50000023
	constant pool entry 47	500001c9
	constant pool entry 17	50000023
	constant pool entry 16	50000022
	constant pool entry 14	50000024
	constant pool entry 7	5000011b
	constant pool entry 3	500000ef
	constant pool entry 2	500001cd
CLS 50000024 (name=sun.nio.cs.ThreadLocalCoders, trace=300000)
	super		500001d1
	static decoderCache	50000ede
	static encoderCache	50000edd
	constant pool entry 15	50000023
	constant pool entry 12	50000021
	constant pool entry 10	50000024
	constant pool entry 9	50000022
	constant pool entry 4	500000ef
CLS 50000051 (name=sun.misc.URLClassPath$Loader, trace=300000)
	super		500001d1
	constant pool entry 29	500001d1
	constant pool entry 28	50000051
CLS 50000025 (name=sun.misc.URLClassPath$FileLoader, trace=300000)
	super		50000051
	constant pool entry 69	50000087
	constant pool entry 61	500001cd
	constant pool entry 34	50000051
	constant pool entry 33	50000025
	constant pool entry 30	500003f3
	constant pool entry 25	50000ed5
	constant pool entry 20	50000781
	constant pool entry 18	50000178
	constant pool entry 12	5000017a
	constant pool entry 2	50000787
CLS 50000026 (name=sun.misc.IOUtils, trace=300000)
	super		500001d1
	constant pool entry 71	50000156
	constant pool entry 40	5000017c
	constant pool entry 38	50000101
	constant pool entry 36	5000011d
CLS 50000027 (name=sun.misc.ExtensionDependency, trace=300000)
	super		500001d1
	constant pool entry 1	50000027
CLS 50000028 (name=java.util.LinkedList$Node, trace=300000)
	super		500001d1
	constant pool entry 6	500001d1
	constant pool entry 5	50000028
CLS 50000144 (name=java.util.AbstractCollection, trace=300000)
	super		500001d1
	constant pool entry 8	500001d1
CLS 50000143 (name=java.util.AbstractList, trace=300000)
	super		50000144
	constant pool entry 46	50000144
	constant pool entry 45	50000143
CLS 5000002a (name=java.util.AbstractSequentialList, trace=300000)
	super		50000143
	constant pool entry 21	50000143
CLS 50000029 (name=java.util.LinkedList, trace=300000)
	super		5000002a
	constant pool entry 69	5000002a
	constant pool entry 56	500001d1
	constant pool entry 51	50000029
	constant pool entry 6	50000028
CLS 5000002c (name=java.util.zip.InflaterInputStream, trace=300000)
	super		500000dc
	constant pool entry 164	50000156
	constant pool entry 134	5000017c
	constant pool entry 52	500000dc
	constant pool entry 51	5000002c
	constant pool entry 18	5000002e
CLS 5000002b (name=java.util.zip.ZipFile$ZipFileInflaterInputStream, trace=300000)
	super		5000002c
	constant pool entry 76	5000017c
	constant pool entry 67	500001a6
	constant pool entry 65	5000004e
	constant pool entry 33	5000002f
	constant pool entry 28	5000002c
	constant pool entry 27	5000002b
	constant pool entry 9	5000002e
CLS 5000002d (name=java.util.zip.ZStreamRef, trace=300000)
	super		500001d1
	constant pool entry 4	500001d1
	constant pool entry 3	5000002d
CLS 5000002e (name=java.util.zip.Inflater, trace=300000)
	super		500001d1
	static defaultBuf	50000de3
	constant pool entry 156	50000156
	constant pool entry 141	500001c9
	constant pool entry 42	500001d1
	constant pool entry 39	5000002e
	constant pool entry 4	5000002d
CLS 5000002f (name=java.util.zip.ZipFile$ZipFileInputStream, trace=300000)
	super		5000017c
	constant pool entry 74	500001a6
	constant pool entry 60	5000004e
	constant pool entry 23	5000017c
	constant pool entry 22	5000002f
CLS 50000032 (name=java.util.zip.ZipEntry, trace=300000)
	super		500001d1
	constant pool entry 149	500000e9
	constant pool entry 64	500001d1
	constant pool entry 26	50000032
	constant pool entry 19	50000838
CLS 50000031 (name=java.util.jar.JarEntry, trace=300000)
	super		50000032
	constant pool entry 12	50000032
CLS 50000030 (name=java.util.jar.JarFile$JarFileEntry, trace=300000)
	super		50000031
	constant pool entry 41	50000049
	constant pool entry 20	50000031
	constant pool entry 19	50000030
CLS 50000033 (name=sun.misc.JarIndex, trace=300000)
	super		500001d1
	static INDEX_NAME	50000e27
	constant pool entry 304	50000156
	constant pool entry 231	5000014e
	constant pool entry 88	500001d1
	constant pool entry 85	50000e29
	constant pool entry 84	500000cf
	constant pool entry 83	500003ec
	constant pool entry 76	50000127
	constant pool entry 70	50000e28
	constant pool entry 67	50000142
	constant pool entry 64	50000093
	constant pool entry 63	50000094
	constant pool entry 61	500001cd
	constant pool entry 48	500007d8
	constant pool entry 39	50000049
	constant pool entry 23	500005a8
	constant pool entry 18	50000029
	constant pool entry 12	50000e27
	constant pool entry 11	50000033
	constant pool entry 2	50000125
CLS 50000171 (name=java.nio.Buffer, trace=300000)
	super		500001d1
	constant pool entry 30	500001d1
	constant pool entry 29	50000171
CLS 50000035 (name=java.nio.LongBuffer, trace=300000)
	super		50000171
	constant pool entry 51	50000171
	constant pool entry 44	50000035
CLS 50000034 (name=java.nio.DirectLongBufferU, trace=300000)
	super		50000035
	static unsafe	5000043d
	constant pool entry 154	500001c9
	constant pool entry 125	5000017f
	constant pool entry 62	50000038
	constant pool entry 61	50000035
	constant pool entry 57	500001d2
	constant pool entry 21	500000c9
	constant pool entry 10	50000034
CLS 500000cb (name=java.nio.ByteBuffer, trace=300000)
	super		50000171
	constant pool entry 175	500000c8
	constant pool entry 173	500000c9
	constant pool entry 58	50000171
	constant pool entry 50	500000cb
	constant pool entry 13	500000ca
CLS 50000037 (name=java.nio.MappedByteBuffer, trace=300000)
	super		500000cb
	constant pool entry 20	500000cb
	constant pool entry 19	50000037
CLS 50000036 (name=java.nio.DirectByteBuffer, trace=300000)
	super		50000037
	static unsafe	5000043d
	constant pool entry 415	500001c9
	constant pool entry 300	5000017f
	constant pool entry 167	50000037
	constant pool entry 164	500001d5
	constant pool entry 130	50000034
	constant pool entry 34	500000c9
	constant pool entry 24	50000036
CLS 50000038 (name=sun.nio.ch.DirectBuffer, trace=300000)
CLS 50000039 (name=sun.misc.PerfCounter$CoreCounters, trace=300000)
	super		500001d1
	static pdt	500009a4
	static lc	500009a3
	static lct	500009a2
	static rcbt	500009a1
	static zfc	500009a0
	static zfot	5000099f
	constant pool entry 33	5000003c
	constant pool entry 15	50000039
	constant pool entry 13	5000099e
	constant pool entry 11	5000099d
	constant pool entry 9	5000099c
	constant pool entry 7	5000099b
	constant pool entry 5	5000099a
	constant pool entry 2	50000999
CLS 5000003a (name=sun.misc.Perf, trace=300000)
	super		500001d1
	static instance	50000998
	constant pool entry 86	500001c6
	constant pool entry 31	500001d1
	constant pool entry 11	5000003a
CLS 5000003b (name=sun.misc.Perf$GetPerfAction, trace=300000)
	super		500001d1
	constant pool entry 19	5000003a
	constant pool entry 5	500001d1
	constant pool entry 4	5000003b
CLS 5000003c (name=sun.misc.PerfCounter, trace=300000)
	super		500001d1
	static perf	50000998
	constant pool entry 116	5000014e
	constant pool entry 100	500001c6
	constant pool entry 95	50000035
	constant pool entry 90	500000cb
	constant pool entry 88	500000c8
	constant pool entry 37	50000039
	constant pool entry 33	500001d1
	constant pool entry 32	5000003a
	constant pool entry 29	5000003b
	constant pool entry 4	5000003c
CLS 5000003d (name=java.util.zip.ZipCoder, trace=300000)
	super		500001d1
	constant pool entry 202	50000156
	constant pool entry 140	500000ed
	constant pool entry 135	5000011b
	constant pool entry 130	50000046
	constant pool entry 122	50000101
	constant pool entry 116	500000cd
	constant pool entry 92	500000ef
	constant pool entry 50	500001d1
	constant pool entry 34	5000003d
	constant pool entry 25	500000ce
	constant pool entry 7	500000f0
	constant pool entry 4	500001cd
CLS 5000003e (name=java.util.ArrayDeque, trace=300000)
	super		50000144
	constant pool entry 270	50000156
	constant pool entry 205	500001c9
	constant pool entry 62	50000144
	constant pool entry 4	500001d1
	constant pool entry 2	5000003e
CLS 5000003f (name=java.util.Deque, trace=300000)
CLS 50000040 (name=java.util.Queue, trace=300000)
CLS 5000011b (name=java.nio.charset.Charset, trace=300000)
	super		500001d1
	static bugLevel	500003e5
	static standardProvider	500009c6
	static cache1	500009c5
	static cache2	500009c4
	static gate	500009c3
	static defaultCharset	500009c2
	constant pool entry 325	50000156
	constant pool entry 215	5000011a
	constant pool entry 194	5000014e
	constant pool entry 188	50000120
	constant pool entry 86	50000113
	constant pool entry 84	50000118
	constant pool entry 52	500009c1
	constant pool entry 29	5000011b
	constant pool entry 21	500001d1
	constant pool entry 14	500007b7
	constant pool entry 11	500001cd
	constant pool entry 8	500003e5
	constant pool entry 7	500009c0
	constant pool entry 6	500000cf
CLS 500000ff (name=sun.nio.cs.Unicode, trace=300000)
	super		5000011b
	constant pool entry 57	5000011b
CLS 50000041 (name=sun.nio.cs.UTF_16, trace=300000)
	super		500000ff
	constant pool entry 26	50000118
	constant pool entry 9	500000ff
	constant pool entry 1	50000dd4
CLS 50000042 (name=sun.nio.cs.UTF_16LE, trace=300000)
	super		500000ff
	constant pool entry 27	50000118
	constant pool entry 10	500000ff
	constant pool entry 1	50000ddc
CLS 50000043 (name=sun.nio.cs.UTF_16BE, trace=300000)
	super		500000ff
	constant pool entry 27	50000118
	constant pool entry 10	500000ff
	constant pool entry 1	50000dd0
CLS 50000044 (name=sun.nio.cs.ISO_8859_1, trace=300000)
	super		5000011b
	constant pool entry 33	50000118
	constant pool entry 11	5000011b
	constant pool entry 1	50000dcd
CLS 50000045 (name=sun.nio.cs.US_ASCII, trace=300000)
	super		5000011b
	constant pool entry 31	50000118
	constant pool entry 10	5000011b
	constant pool entry 1	50000d17
CLS 50000046 (name=java.nio.charset.StandardCharsets, trace=300000)
	super		500001d1
	static US_ASCII	50000d15
	static ISO_8859_1	50000dcc
	static UTF_8	500009c2
	static UTF_16BE	50000dcf
	static UTF_16LE	50000ddb
	static UTF_16	50000dd3
	constant pool entry 39	5000011b
	constant pool entry 18	50000046
	constant pool entry 16	50000dd4
	constant pool entry 14	50000ddc
	constant pool entry 12	50000dd0
	constant pool entry 10	50000794
	constant pool entry 8	50000dcd
	constant pool entry 5	50000d17
CLS 50000047 (name=java.util.jar.JavaUtilJarAccessImpl, trace=300000)
	super		500001d1
	constant pool entry 53	50000177
	constant pool entry 45	50000049
	constant pool entry 12	500001d1
CLS 50000048 (name=sun.misc.JavaUtilJarAccess, trace=300000)
CLS 5000004e (name=java.util.zip.ZipFile, trace=300000)
	super		500001d1
	constant pool entry 434	5000012b
	constant pool entry 425	50000120
	constant pool entry 373	5000003f
	constant pool entry 366	500001a6
	constant pool entry 346	5000003c
	constant pool entry 339	5000003d
	constant pool entry 332	500001c6
	constant pool entry 317	50000046
	constant pool entry 146	500001d1
	constant pool entry 143	5000004c
	constant pool entry 141	50000997
	constant pool entry 136	500005d1
	constant pool entry 89	5000002e
	constant pool entry 83	5000002b
	constant pool entry 70	5000002f
	constant pool entry 28	5000003e
	constant pool entry 26	50000106
	constant pool entry 21	5000004e
	constant pool entry 19	5000017a
	constant pool entry 1	50000032
CLS 50000049 (name=java.util.jar.JarFile, trace=300000)
	super		5000004e
	static MANIFEST_NAME	50000812
	static CLASSPATH_CHARS	50000821
	static CLASSPATH_LASTOCC	50000820
	static CLASSPATH_OPTOSFT	5000081f
	static javaHome	50000443
	static jarNames	5000081e
	constant pool entry 467	50000156
	constant pool entry 385	5000012b
	constant pool entry 340	5000014e
	constant pool entry 329	5000011d
	constant pool entry 317	5000017c
	constant pool entry 315	50000026
	constant pool entry 313	50000032
	constant pool entry 282	50000085
	constant pool entry 136	50000047
	constant pool entry 108	5000081d
	constant pool entry 107	5000081c
	constant pool entry 106	5000081b
	constant pool entry 105	5000081a
	constant pool entry 104	50000819
	constant pool entry 103	50000818
	constant pool entry 102	50000817
	constant pool entry 101	50000816
	constant pool entry 100	50000815
	constant pool entry 99	50000814
	constant pool entry 97	50000813
	constant pool entry 94	50000180
	constant pool entry 91	500001cd
	constant pool entry 88	500005a7
	constant pool entry 87	500000cf
	constant pool entry 47	50000812
	constant pool entry 46	50000049
	constant pool entry 44	50000811
	constant pool entry 43	50000810
	constant pool entry 42	5000080f
	constant pool entry 40	5000080e
	constant pool entry 29	50000030
	constant pool entry 27	50000031
	constant pool entry 24	500001b1
	constant pool entry 13	50000177
	constant pool entry 6	5000004e
	constant pool entry 4	5000017a
CLS 5000004a (name=sun.misc.FileURLMapper, trace=300000)
	super		500001d1
	constant pool entry 44	50000087
	constant pool entry 39	500001cd
	constant pool entry 36	50000178
	constant pool entry 16	500001d1
	constant pool entry 15	5000004a
	constant pool entry 12	5000017a
	constant pool entry 5	500003e5
CLS 5000004b (name=sun.misc.URLClassPath$JarLoader$1, trace=300000)
	super		500001d1
	constant pool entry 87	50000125
	constant pool entry 84	50000053
	constant pool entry 77	50000033
	constant pool entry 59	5000005e
	constant pool entry 34	50000050
	constant pool entry 31	500001d1
	constant pool entry 30	5000004b
	constant pool entry 22	50000178
CLS 5000004c (name=java.util.zip.ZipFile$1, trace=300000)
	super		500001d1
	constant pool entry 4	500001d1
CLS 5000004d (name=sun.misc.JavaUtilZipFileAccess, trace=300000)
CLS 5000004f (name=java.util.zip.ZipConstants, trace=300000)
CLS 50000050 (name=sun.misc.URLClassPath$JarLoader, trace=300000)
	super		50000051
	static zipAccess	500007d0
	constant pool entry 369	50000027
	constant pool entry 359	50000048
	constant pool entry 357	5000012b
	constant pool entry 334	50000033
	constant pool entry 287	500001c6
	constant pool entry 282	5000014e
	constant pool entry 273	50000097
	constant pool entry 269	50000087
	constant pool entry 142	50000051
	constant pool entry 95	50000050
	constant pool entry 90	500001cd
	constant pool entry 85	5000005f
	constant pool entry 70	5000001f
	constant pool entry 53	50000049
	constant pool entry 47	5000004a
	constant pool entry 34	5000004b
	constant pool entry 31	50000787
	constant pool entry 26	5000017a
	constant pool entry 16	50000e26
	constant pool entry 13	50000180
	constant pool entry 12	500003e5
	constant pool entry 11	50000e10
	constant pool entry 10	50000178
CLS 50000052 (name=sun.misc.URLClassPath$3, trace=300000)
	super		500001d1
	constant pool entry 54	500001cd
	constant pool entry 51	50000178
	constant pool entry 46	5000005e
	constant pool entry 21	500001d1
	constant pool entry 20	50000052
	constant pool entry 14	50000050
	constant pool entry 10	50000025
	constant pool entry 7	50000787
	constant pool entry 5	500005a8
CLS 50000053 (name=sun.net.util.URLUtil, trace=300000)
	super		500001d1
	constant pool entry 56	500001cd
	constant pool entry 26	50000178
	constant pool entry 7	50000e1c
	constant pool entry 2	50000180
CLS 50000054 (name=java.net.URLClassLoader$1, trace=300000)
	super		500001d1
	constant pool entry 51	5000005e
	constant pool entry 46	500001cd
	constant pool entry 41	50000179
	constant pool entry 15	500001d1
	constant pool entry 14	50000054
	constant pool entry 5	50000e0f
CLS 50000055 (name=sun.instrument.TransformerManager$TransformerInfo[], trace=300000)
	super		500001d1
CLS 50000056 (name=sun.instrument.TransformerManager$TransformerInfo, trace=300000)
	super		500001d1
CLS 50000057 (name=sun.instrument.TransformerManager, trace=300000)
	super		500001d1
	constant pool entry 94	50000156
	constant pool entry 15	500001d1
	constant pool entry 14	50000057
	constant pool entry 2	50000056
CLS 50000058 (name=sun.instrument.InstrumentationImpl, trace=300000)
	super		500001d1
	constant pool entry 273	50000156
	constant pool entry 238	500001c6
	constant pool entry 231	5000019d
	constant pool entry 220	500001c7
	constant pool entry 218	5000014e
	constant pool entry 72	50000058
	constant pool entry 70	50001386
	constant pool entry 66	50001385
	constant pool entry 64	500001d1
	constant pool entry 59	50000059
	constant pool entry 58	500001cd
	constant pool entry 57	500001c9
	constant pool entry 52	5000000b
	constant pool entry 2	50000057
CLS 50000059 (name=java.lang.instrument.Instrumentation, trace=300000)
CLS 500001c4 (name=java.lang.Error, trace=300000)
	super		500001c5
	constant pool entry 7	500001c5
CLS 500001b6 (name=java.lang.VirtualMachineError, trace=300000)
	super		500001c4
	constant pool entry 6	500001c4
CLS 5000005a (name=java.lang.InternalError, trace=300000)
	super		500001b6
	constant pool entry 6	500001b6
CLS 5000005b (name=java.lang.SystemClassLoaderAction, trace=300000)
	super		500001d1
	constant pool entry 36	500001c6
	constant pool entry 14	5000005b
	constant pool entry 9	500001d1
	constant pool entry 3	500013a3
CLS 5000005c (name=sun.misc.Launcher$AppClassLoader$1, trace=300000)
	super		500001d1
	constant pool entry 41	50000176
	constant pool entry 11	500001d1
	constant pool entry 10	5000005c
	constant pool entry 7	50000175
CLS 50000069 (name=java.net.URLStreamHandler, trace=300000)
	super		500001d1
	constant pool entry 126	500001cd
	constant pool entry 117	50000178
	constant pool entry 73	500001d1
	constant pool entry 72	50000069
	constant pool entry 64	50000ef7
	constant pool entry 61	50000181
	constant pool entry 43	50000798
	constant pool entry 41	50000ef6
	constant pool entry 39	50000797
	constant pool entry 36	50000795
	constant pool entry 34	50000796
	constant pool entry 30	500003e5
	constant pool entry 22	50000180
CLS 5000005d (name=sun.net.www.protocol.jar.Handler, trace=300000)
	super		50000069
	static separator	50000e26
	constant pool entry 84	500001cd
	constant pool entry 50	50000069
	constant pool entry 44	500005a8
	constant pool entry 35	500003e5
	constant pool entry 31	50000180
	constant pool entry 28	50000087
	constant pool entry 23	50000f50
	constant pool entry 16	50000178
	constant pool entry 11	5000005d
	constant pool entry 8	50000e10
CLS 5000005e (name=sun.misc.URLClassPath, trace=300000)
	super		500001d1
	static USER_AGENT_JAVA_VERSION	50000e19
	static JAVA_VERSION	50000e18
	constant pool entry 429	50000120
	constant pool entry 375	5000014e
	constant pool entry 353	50000053
	constant pool entry 302	500000a4
	constant pool entry 149	500001d1
	constant pool entry 148	5000005e
	constant pool entry 146	500005d3
	constant pool entry 145	50000e17
	constant pool entry 142	50000e16
	constant pool entry 141	50000e15
	constant pool entry 139	500003ec
	constant pool entry 138	50000e14
	constant pool entry 137	50000e13
	constant pool entry 136	50000e12
	constant pool entry 134	500001cd
	constant pool entry 131	50000e11
	constant pool entry 130	500000cf
	constant pool entry 94	50000052
	constant pool entry 42	50000178
	constant pool entry 33	50000051
	constant pool entry 23	50000e10
	constant pool entry 17	50000125
	constant pool entry 13	50000141
	constant pool entry 10	5000013c
CLS 50000139 (name=java.util.AbstractSet, trace=300000)
	super		50000144
	constant pool entry 19	50000144
CLS 5000005f (name=java.util.HashSet, trace=300000)
	super		50000139
	static PRESENT	50000ed2
	constant pool entry 64	50000139
	constant pool entry 62	500001d1
	constant pool entry 23	5000005f
	constant pool entry 2	50000125
CLS 50000060 (name=java.security.Principal[], trace=300000)
	super		500001d1
CLS 50000061 (name=java.security.Principal, trace=300000)
CLS 50000062 (name=java.security.ProtectionDomain$Key, trace=300000)
	super		500001d1
	constant pool entry 4	500001d1
	constant pool entry 3	50000062
CLS 50000063 (name=java.security.ProtectionDomain$2, trace=300000)
	super		500001d1
	constant pool entry 6	500001d1
CLS 50000064 (name=sun.misc.JavaSecurityProtectionDomainAccess, trace=300000)
CLS 50000065 (name=java.security.ProtectionDomain$JavaSecurityAccessImpl, trace=300000)
	super		500001d1
	constant pool entry 16	500001d1
	constant pool entry 15	50000065
CLS 50000066 (name=sun.misc.JavaSecurityAccess, trace=300000)
CLS 50000067 (name=java.net.URL[], trace=300000)
	super		500001d1
CLS 50000068 (name=sun.net.www.protocol.file.Handler, trace=300000)
	super		50000069
	constant pool entry 78	50000087
	constant pool entry 68	500001cd
	constant pool entry 37	50000069
	constant pool entry 36	50000068
	constant pool entry 33	50000014
	constant pool entry 17	50000178
	constant pool entry 12	5000017a
	constant pool entry 10	50000793
	constant pool entry 3	500003e5
CLS 5000006a (name=java.net.Parts, trace=300000)
	super		500001d1
	constant pool entry 29	500001cd
	constant pool entry 10	500001d1
	constant pool entry 9	5000006a
CLS 5000006c (name=java.lang.CharacterData, trace=300000)
	super		500001d1
	constant pool entry 49	5000006b
	constant pool entry 11	500001d1
CLS 5000006b (name=java.lang.CharacterDataLatin1, trace=300000)
	super		5000006c
	static sharpsMap	50000ee7
	static instance	50000ee6
	static A	50000ee5
	static A_DATA	50000ee3
	static B	50000ee4
	constant pool entry 99	50000156
	constant pool entry 87	500001cd
	constant pool entry 82	500001c9
	constant pool entry 24	5000006c
	constant pool entry 21	50000ee3
	constant pool entry 19	50000ee2
	constant pool entry 14	5000006b
CLS 5000006d (name=sun.util.locale.LocaleUtils, trace=300000)
	super		500001d1
	constant pool entry 18	5000006d
	constant pool entry 9	500001cd
CLS 5000006e (name=java.util.Locale$LocaleKey, trace=300000)
	super		500001d1
	constant pool entry 44	50000072
	constant pool entry 11	500001d1
	constant pool entry 8	5000006e
CLS 500001b2 (name=java.lang.ref.Reference, trace=300000)
	super		500001d1
	static lock	5000026e
	constant pool entry 113	5000012b
	constant pool entry 103	500001a7
	constant pool entry 92	500001ab
	constant pool entry 33	500001d1
	constant pool entry 32	500001b2
	constant pool entry 29	5000012c
	constant pool entry 25	500001a9
	constant pool entry 23	500008a7
	constant pool entry 22	5000013e
	constant pool entry 17	5000013f
	constant pool entry 3	500001ad
CLS 500001b1 (name=java.lang.ref.SoftReference, trace=300000)
	super		500001b2
	constant pool entry 7	500001b2
	constant pool entry 6	500001b1
CLS 5000006f (name=sun.util.locale.LocaleObjectCache$CacheEntry, trace=300000)
	super		500001b1
	constant pool entry 4	500001b1
	constant pool entry 3	5000006f
CLS 50000070 (name=sun.util.locale.BaseLocale$Key, trace=300000)
	super		500001d1
	constant pool entry 102	500001c9
	constant pool entry 89	5000006d
	constant pool entry 31	500001d1
	constant pool entry 29	50000072
	constant pool entry 23	500001cd
	constant pool entry 21	50000070
	constant pool entry 13	500003e5
	constant pool entry 11	500001b1
CLS 50000084 (name=sun.util.locale.LocaleObjectCache, trace=300000)
	super		500001d1
	constant pool entry 61	50000082
	constant pool entry 23	500001d1
	constant pool entry 22	50000084
	constant pool entry 12	5000006f
	constant pool entry 7	50000081
	constant pool entry 4	500001ab
CLS 50000071 (name=sun.util.locale.BaseLocale$Cache, trace=300000)
	super		50000084
	constant pool entry 55	500001c9
	constant pool entry 42	500001b1
	constant pool entry 19	50000084
	constant pool entry 18	50000071
	constant pool entry 14	50000070
	constant pool entry 12	500001cd
	constant pool entry 11	50000072
CLS 50000072 (name=sun.util.locale.BaseLocale, trace=300000)
	super		500001d1
	static SEP	5000088a
	static CACHE	50000889
	constant pool entry 97	500001cd
	constant pool entry 95	5000006d
	constant pool entry 42	500001d1
	constant pool entry 40	50000071
	constant pool entry 24	50000888
	constant pool entry 22	50000887
	constant pool entry 19	50000886
	constant pool entry 16	50000070
	constant pool entry 13	50000072
	constant pool entry 5	500003e5
CLS 50000076 (name=java.util.concurrent.ConcurrentHashMap$CollectionView, trace=300000)
	super		500001d1
CLS 50000073 (name=java.util.concurrent.ConcurrentHashMap$EntrySetView, trace=300000)
	super		50000076
CLS 50000074 (name=java.util.concurrent.ConcurrentHashMap$ValuesView, trace=300000)
	super		50000076
CLS 50000075 (name=java.util.concurrent.ConcurrentHashMap$KeySetView, trace=300000)
	super		50000076
CLS 50000077 (name=java.util.concurrent.ConcurrentHashMap$CounterCell[], trace=300000)
	super		500001d1
CLS 50000078 (name=java.util.concurrent.ConcurrentHashMap$CounterCell, trace=300000)
	super		500001d1
CLS 50000079 (name=java.util.concurrent.ConcurrentHashMap$Node[], trace=300000)
	super		500001d1
CLS 5000007b (name=java.util.concurrent.ConcurrentHashMap$Segment[], trace=300000)
	super		500001d1
CLS 5000007c (name=java.util.concurrent.locks.ReentrantLock[], trace=300000)
	super		500001d1
CLS 5000007d (name=java.util.concurrent.locks.Lock[], trace=300000)
	super		500001d1
CLS 5000007f (name=java.util.concurrent.locks.ReentrantLock, trace=300000)
	super		500001d1
CLS 5000007e (name=java.util.concurrent.ConcurrentHashMap$Segment, trace=300000)
	super		5000007f
CLS 50000080 (name=java.util.concurrent.locks.Lock, trace=300000)
CLS 50000136 (name=java.util.AbstractMap, trace=300000)
	super		500001d1
	constant pool entry 41	500001d1
CLS 50000081 (name=java.util.concurrent.ConcurrentHashMap, trace=300000)
	super		50000136
	static serialPersistentFields	5000076c
	static U	5000043d
	constant pool entry 1037	50000156
	constant pool entry 861	500000e5
	constant pool entry 660	5000017f
	constant pool entry 651	500001c9
	constant pool entry 648	500001d1
	constant pool entry 286	50000136
	constant pool entry 278	500005b0
	constant pool entry 277	5000076b
	constant pool entry 276	5000076a
	constant pool entry 275	50000769
	constant pool entry 272	50000768
	constant pool entry 267	5000015b
	constant pool entry 156	50000078
	constant pool entry 148	50000008
	constant pool entry 110	50000079
	constant pool entry 103	50000767
	constant pool entry 101	50000766
	constant pool entry 99	50000765
	constant pool entry 95	5000007b
	constant pool entry 17	5000007a
	constant pool entry 2	50000081
	constant pool entry 1	50000169
CLS 50000082 (name=java.util.concurrent.ConcurrentMap, trace=300000)
CLS 50000083 (name=java.util.Locale$Cache, trace=300000)
	super		50000084
	constant pool entry 10	50000084
	constant pool entry 9	50000083
	constant pool entry 7	5000006e
	constant pool entry 3	50000085
CLS 50000085 (name=java.util.Locale, trace=300000)
	super		500001d1
	static LOCALECACHE	5000086c
	static ENGLISH	5000086b
	static FRENCH	5000086a
	static GERMAN	50000869
	static ITALIAN	50000868
	static JAPANESE	50000867
	static KOREAN	50000866
	static CHINESE	50000865
	static SIMPLIFIED_CHINESE	5000085f
	static TRADITIONAL_CHINESE	5000085e
	static FRANCE	50000864
	static GERMANY	50000863
	static ITALY	50000862
	static JAPAN	50000861
	static KOREA	50000860
	static CHINA	5000085f
	static PRC	5000085f
	static TAIWAN	5000085e
	static UK	5000085d
	static US	5000085c
	static CANADA	5000085b
	static CANADA_FRENCH	5000085a
	static ROOT	50000859
	static defaultLocale	50000858
	static serialPersistentFields	50000857
	constant pool entry 915	50000156
	constant pool entry 712	500001c9
	constant pool entry 668	5000006d
	constant pool entry 526	5000014e
	constant pool entry 500	50000072
	constant pool entry 270	5000015b
	constant pool entry 265	50000856
	constant pool entry 263	50000855
	constant pool entry 261	50000854
	constant pool entry 256	50000853
	constant pool entry 253	50000852
	constant pool entry 251	50000851
	constant pool entry 249	50000850
	constant pool entry 247	5000084f
	constant pool entry 245	5000084e
	constant pool entry 243	5000084d
	constant pool entry 241	5000084c
	constant pool entry 238	5000084b
	constant pool entry 236	5000084a
	constant pool entry 234	50000849
	constant pool entry 230	50000083
	constant pool entry 219	50000848
	constant pool entry 216	50000847
	constant pool entry 213	50000846
	constant pool entry 195	50000845
	constant pool entry 194	50000844
	constant pool entry 193	50000843
	constant pool entry 192	50000842
	constant pool entry 191	50000841
	constant pool entry 189	50000840
	constant pool entry 167	50000169
	constant pool entry 144	500001d1
	constant pool entry 45	5000083f
	constant pool entry 44	5000083e
	constant pool entry 43	5000083d
	constant pool entry 38	5000083c
	constant pool entry 37	500001cd
	constant pool entry 34	5000083b
	constant pool entry 33	5000083a
	constant pool entry 32	500000cf
	constant pool entry 20	50000085
	constant pool entry 16	5000006e
	constant pool entry 10	500003e5
CLS 50000086 (name=java.util.BitSet, trace=300000)
	super		500001d1
	static serialPersistentFields	500007a5
	constant pool entry 401	50000156
	constant pool entry 302	500001c9
	constant pool entry 97	500001d1
	constant pool entry 94	5000015b
	constant pool entry 76	500007a4
	constant pool entry 71	500001d2
	constant pool entry 1	50000086
CLS 50000087 (name=sun.net.www.ParseUtil, trace=300000)
	super		500001d1
	static encodedInPath	500007a2
	static hexDigits	500007a1
	constant pool entry 520	50000156
	constant pool entry 391	500001c9
	constant pool entry 388	5000011d
	constant pool entry 312	5000008e
	constant pool entry 297	500000ef
	constant pool entry 295	500000ed
	constant pool entry 293	50000024
	constant pool entry 290	50000090
	constant pool entry 288	500000cb
	constant pool entry 281	5000016f
	constant pool entry 271	5000017a
	constant pool entry 157	500001d1
	constant pool entry 156	500007a0
	constant pool entry 155	5000079f
	constant pool entry 154	5000079e
	constant pool entry 153	5000079d
	constant pool entry 150	5000079c
	constant pool entry 147	5000079b
	constant pool entry 144	5000079a
	constant pool entry 137	50000799
	constant pool entry 126	50000086
	constant pool entry 67	500003e5
	constant pool entry 66	50000787
	constant pool entry 65	50000178
	constant pool entry 62	500005a8
	constant pool entry 59	50000798
	constant pool entry 57	50000797
	constant pool entry 56	50000796
	constant pool entry 51	50000795
	constant pool entry 23	50000794
	constant pool entry 19	50000180
	constant pool entry 13	500001cd
	constant pool entry 10	50000169
	constant pool entry 1	50000087
CLS 50000088 (name=java.io.FileInputStream$1, trace=300000)
	super		500001d1
	constant pool entry 20	500000e3
	constant pool entry 5	500001d1
	constant pool entry 4	50000088
CLS 50000123 (name=java.util.HashMap$Node, trace=300000)
	super		500001d1
	constant pool entry 18	500001d1
	constant pool entry 17	50000123
CLS 500000b4 (name=java.util.LinkedHashMap$Entry, trace=300000)
	super		50000123
	constant pool entry 3	50000123
CLS 50000089 (name=java.util.HashMap$TreeNode, trace=300000)
	super		500000b4
CLS 5000008a (name=java.lang.reflect.Array, trace=300000)
	super		500001d1
	constant pool entry 4	5000008a
CLS 5000008d (name=java.nio.charset.CoderResult$Cache, trace=300000)
	super		500001d1
	constant pool entry 20	500001d1
	constant pool entry 19	5000008d
CLS 5000008b (name=java.nio.charset.CoderResult$2, trace=300000)
	super		5000008d
	constant pool entry 5	5000008d
CLS 5000008c (name=java.nio.charset.CoderResult$1, trace=300000)
	super		5000008d
	constant pool entry 5	5000008d
CLS 5000008e (name=java.nio.charset.CoderResult, trace=300000)
	super		500001d1
	static names	500007b2
	static UNDERFLOW	500007b1
	static OVERFLOW	500007b0
	static malformedCache	500007af
	static unmappableCache	500007ae
	constant pool entry 141	50000156
	constant pool entry 120	500001c9
	constant pool entry 43	500001d1
	constant pool entry 41	5000008b
	constant pool entry 39	5000008c
	constant pool entry 36	500007ad
	constant pool entry 35	500007ac
	constant pool entry 34	500007ab
	constant pool entry 33	500007aa
	constant pool entry 32	500001cd
	constant pool entry 14	5000008e
CLS 50000090 (name=java.nio.CharBuffer, trace=300000)
	super		50000171
	constant pool entry 53	50000171
	constant pool entry 42	50000090
	constant pool entry 7	5000008f
CLS 5000008f (name=java.nio.HeapCharBuffer, trace=300000)
	super		50000090
	constant pool entry 141	50000156
	constant pool entry 40	50000090
	constant pool entry 32	500001cd
	constant pool entry 2	5000008f
CLS 50000095 (name=java.io.Reader, trace=300000)
	super		500001d1
	constant pool entry 20	500001d1
	constant pool entry 12	50000095
CLS 50000091 (name=sun.nio.cs.StreamDecoder, trace=300000)
	super		50000095
	constant pool entry 246	500001c9
	constant pool entry 233	5000008e
	constant pool entry 229	50000090
	constant pool entry 218	5000017c
	constant pool entry 207	500000cb
	constant pool entry 198	500000ef
	constant pool entry 196	500000ed
	constant pool entry 164	5000011b
	constant pool entry 87	50000095
	constant pool entry 8	50000091
CLS 50000093 (name=java.io.InputStreamReader, trace=300000)
	super		50000095
	constant pool entry 53	50000091
	constant pool entry 21	50000095
	constant pool entry 20	50000093
CLS 50000092 (name=java.io.FileReader, trace=300000)
	super		50000093
	constant pool entry 7	50000093
	constant pool entry 1	500000e3
CLS 50000094 (name=java.io.BufferedReader, trace=300000)
	super		50000095
	constant pool entry 185	50000156
	constant pool entry 48	50000095
	constant pool entry 31	500001cd
	constant pool entry 2	50000094
CLS 50000096 (name=java.lang.Readable, trace=300000)
CLS 50000097 (name=sun.misc.MetaIndex, trace=300000)
	super		500001d1
	static jarMap	50000e2f
	constant pool entry 160	50000156
	constant pool entry 124	500001c9
	constant pool entry 104	50000146
	constant pool entry 85	500001a6
	constant pool entry 45	500001d1
	constant pool entry 39	50000125
	constant pool entry 37	50000127
	constant pool entry 35	500001cd
	constant pool entry 28	50000e0f
	constant pool entry 16	50000e2e
	constant pool entry 12	5000013c
	constant pool entry 9	50000092
	constant pool entry 8	50000094
	constant pool entry 5	50000e2d
	constant pool entry 4	5000017a
	constant pool entry 3	50000097
CLS 50000098 (name=java.io.File[], trace=300000)
	super		500001d1
CLS 50000099 (name=java.util.StringTokenizer, trace=300000)
	super		500001d1
	constant pool entry 81	500001cd
	constant pool entry 34	500001d1
	constant pool entry 33	50000099
	constant pool entry 5	5000016f
CLS 5000009a (name=sun.misc.Launcher$ExtClassLoader$1, trace=300000)
	super		500001d1
	constant pool entry 32	50000097
	constant pool entry 8	500001d1
	constant pool entry 7	5000009a
	constant pool entry 4	50000174
CLS 5000009b (name=java.net.URLClassLoader$7, trace=300000)
	super		500001d1
	constant pool entry 19	50000179
	constant pool entry 6	500001d1
CLS 5000009c (name=sun.misc.JavaNetAccess, trace=300000)
CLS 5000009d (name=java.util.WeakHashMap$KeySet, trace=300000)
	super		50000139
	constant pool entry 13	50000139
	constant pool entry 12	5000009d
CLS 5000009e (name=java.util.Collections$SetFromMap, trace=300000)
	super		50000139
	constant pool entry 115	50000170
	constant pool entry 103	500001a6
	constant pool entry 31	50000139
	constant pool entry 30	5000009e
CLS 5000009f (name=java.util.WeakHashMap$Entry[], trace=300000)
	super		500001d1
CLS 500001b0 (name=java.lang.ref.WeakReference, trace=300000)
	super		500001b2
	constant pool entry 4	500001b2
CLS 500000a0 (name=java.util.WeakHashMap$Entry, trace=300000)
	super		500001b0
	constant pool entry 21	500001b0
	constant pool entry 20	500000a0
CLS 500000a1 (name=java.lang.ClassLoader$ParallelLoaders, trace=300000)
	super		500001d1
	static loaderTypes	50001396
	constant pool entry 39	5000013b
	constant pool entry 35	5000013a
	constant pool entry 33	500001c9
	constant pool entry 10	500000a1
	constant pool entry 9	500001c7
	constant pool entry 6	50000106
CLS 500000a2 (name=sun.security.util.Debug, trace=300000)
	super		500001d1
	static hexDigits	50000df3
	constant pool entry 243	5000014e
	constant pool entry 108	50000df2
	constant pool entry 102	50000df1
	constant pool entry 101	500001cd
	constant pool entry 98	50000df0
	constant pool entry 97	500000cf
	constant pool entry 47	500000a2
CLS 500000a3 (name=sun.misc.Launcher$Factory, trace=300000)
	super		500001d1
	static PREFIX	50000780
	constant pool entry 47	500001c9
	constant pool entry 20	500001d1
	constant pool entry 19	500000a3
	constant pool entry 18	50000780
	constant pool entry 12	50000069
	constant pool entry 8	50000782
	constant pool entry 7	50000781
	constant pool entry 3	50000180
CLS 500000a4 (name=java.net.URLStreamHandlerFactory, trace=300000)
CLS 500000a5 (name=java.lang.Compiler$1, trace=300000)
	super		500001d1
	constant pool entry 45	500001c6
	constant pool entry 24	500001d1
	constant pool entry 23	500000a5
	constant pool entry 21	500015c1
	constant pool entry 18	500015c0
	constant pool entry 11	50000180
	constant pool entry 2	500015bf
CLS 500000a6 (name=java.lang.Compiler, trace=300000)
	super		500001d1
	constant pool entry 34	5000014e
	constant pool entry 7	500000a6
	constant pool entry 4	500000a5
CLS 500001c1 (name=java.lang.RuntimeException, trace=300000)
	super		500001c2
CLS 500000a7 (name=java.lang.IllegalArgumentException, trace=300000)
	super		500001c1
CLS 500000a8 (name=java.lang.System$2, trace=300000)
	super		500001d1
	constant pool entry 21	500001d1
CLS 500000a9 (name=sun.misc.JavaLangAccess, trace=300000)
CLS 500000aa (name=sun.misc.OSEnvironment, trace=300000)
	super		500001d1
CLS 500000ab (name=java.lang.Integer[], trace=300000)
	super		500001d1
CLS 500000ac (name=java.lang.Number[], trace=300000)
	super		500001d1
CLS 500000ad (name=java.lang.Integer$IntegerCache, trace=300000)
	super		500001d1
	static cache	5000142e
	constant pool entry 74	50000156
	constant pool entry 44	50000120
	constant pool entry 40	500001c9
	constant pool entry 9	500000ad
	constant pool entry 5	500005d0
	constant pool entry 2	50000169
CLS 500000ae (name=sun.misc.NativeSignalHandler, trace=300000)
	super		500001d1
	constant pool entry 6	500001d1
	constant pool entry 5	500000ae
CLS 500000af (name=sun.misc.Signal, trace=300000)
	super		500001d1
	static handlers	50001419
	static signals	50001418
	constant pool entry 111	50000169
	constant pool entry 44	500001d1
	constant pool entry 42	500001a4
	constant pool entry 29	500000b1
	constant pool entry 15	500000ae
	constant pool entry 3	500000af
CLS 500000b0 (name=java.lang.Terminator$1, trace=300000)
	super		500001d1
	constant pool entry 5	500001d1
CLS 500000b1 (name=sun.misc.SignalHandler, trace=300000)
	static SIG_DFL	50001414
	static SIG_IGN	50001413
	constant pool entry 5	500000b1
	constant pool entry 1	500000ae
CLS 500000b2 (name=java.lang.Terminator, trace=300000)
	super		500001d1
	static handler	50001412
	constant pool entry 12	500000b2
	constant pool entry 11	50001411
	constant pool entry 10	50001410
	constant pool entry 6	5000140f
	constant pool entry 5	500000af
	constant pool entry 3	500000b0
CLS 500000b3 (name=java.lang.ClassLoader$NativeLibrary, trace=300000)
	super		500001d1
	constant pool entry 72	50000141
	constant pool entry 60	500001c7
	constant pool entry 18	500001d1
	constant pool entry 17	500000b3
CLS 500000b5 (name=java.io.ExpiringCache$Entry, trace=300000)
	super		500001d1
	constant pool entry 5	500001d1
	constant pool entry 4	500000b5
CLS 500000b6 (name=java.io.File$PathStatus[], trace=300000)
	super		500001d1
CLS 500000b7 (name=java.lang.Enum[], trace=300000)
	super		500001d1
CLS 500000b8 (name=java.lang.ClassLoader$3, trace=300000)
	super		500001d1
	constant pool entry 29	50000170
	constant pool entry 27	5000017a
	constant pool entry 6	500001d1
	constant pool entry 5	500000b8
CLS 500000b9 (name=java.lang.StringCoding$StringEncoder, trace=300000)
	super		500001d1
	constant pool entry 152	50000156
	constant pool entry 84	500000f7
	constant pool entry 77	500001c9
	constant pool entry 72	500000cd
	constant pool entry 70	500000ed
	constant pool entry 68	5000011b
	constant pool entry 33	500001d1
	constant pool entry 32	500000b9
	constant pool entry 18	500000ce
CLS 500000ba (name=java.nio.file.Path, trace=300000)
CLS 500000bb (name=java.nio.file.Watchable, trace=300000)
CLS 500000bd (name=java.lang.Enum, trace=300000)
	super		500001d1
	constant pool entry 31	500001d1
	constant pool entry 12	500000bd
CLS 500000bc (name=java.io.File$PathStatus, trace=300000)
	super		500000bd
	static INVALID	500013b0
	static CHECKED	500013af
	static $VALUES	500013ae
	constant pool entry 49	50000156
	constant pool entry 12	500000bd
	constant pool entry 10	500013ad
	constant pool entry 7	500013ac
	constant pool entry 4	500000bc
CLS 50000125 (name=java.util.HashMap, trace=300000)
	super		50000136
	constant pool entry 496	50000156
	constant pool entry 317	5000016d
	constant pool entry 297	500001d1
	constant pool entry 113	500001a6
	constant pool entry 112	50000136
	constant pool entry 61	50000121
	constant pool entry 60	50000123
	constant pool entry 50	50000089
	constant pool entry 10	50000125
CLS 500000bf (name=java.util.LinkedHashMap, trace=300000)
	super		50000125
	constant pool entry 86	50000123
	constant pool entry 46	50000125
	constant pool entry 45	500000bf
	constant pool entry 6	500000b4
CLS 500000be (name=java.io.ExpiringCache$1, trace=300000)
	super		500000bf
	constant pool entry 26	500000c0
	constant pool entry 6	500000bf
	constant pool entry 5	500000be
CLS 500000c0 (name=java.io.ExpiringCache, trace=300000)
	super		500001d1
	constant pool entry 86	500001a6
	constant pool entry 80	500001c6
	constant pool entry 32	500001d1
	constant pool entry 31	500000c0
	constant pool entry 18	500000b5
	constant pool entry 8	500000be
CLS 500000c2 (name=java.io.FileSystem, trace=300000)
	super		500001d1
	constant pool entry 89	500001c6
	constant pool entry 11	500001d1
	constant pool entry 10	500000c2
	constant pool entry 9	500005aa
	constant pool entry 7	500005a9
CLS 500000c1 (name=java.io.UnixFileSystem, trace=300000)
	super		500000c2
	constant pool entry 148	5000014e
	constant pool entry 66	500000c1
	constant pool entry 55	500000c2
	constant pool entry 48	5000017a
	constant pool entry 28	50000180
	constant pool entry 26	500003e5
	constant pool entry 18	50000181
	constant pool entry 17	500005a8
	constant pool entry 15	500005a7
	constant pool entry 13	500005a6
	constant pool entry 10	500001cd
	constant pool entry 7	500005a5
	constant pool entry 6	500000cf
	constant pool entry 2	500000c0
CLS 500000c3 (name=java.io.DefaultFileSystem, trace=300000)
	super		500001d1
	constant pool entry 2	500000c1
CLS 500000d2 (name=java.io.Writer, trace=300000)
	super		500001d1
	constant pool entry 68	500001cd
	constant pool entry 19	500001d1
	constant pool entry 6	500000d2
CLS 500000c4 (name=java.io.BufferedWriter, trace=300000)
	super		500000d2
	constant pool entry 123	50000156
	constant pool entry 84	5000014e
	constant pool entry 35	500000d2
	constant pool entry 34	500000c4
	constant pool entry 15	500001cd
	constant pool entry 12	50000422
	constant pool entry 11	500000cf
CLS 500000c5 (name=java.nio.Bits$1, trace=300000)
	super		500001d1
	constant pool entry 8	500001d1
CLS 500000c6 (name=sun.misc.JavaNioAccess, trace=300000)
CLS 5000016e (name=java.lang.Number, trace=300000)
	super		500001d1
	constant pool entry 4	500001d1
CLS 500000c7 (name=java.util.concurrent.atomic.AtomicLong, trace=300000)
	super		5000016e
	static unsafe	5000043d
	constant pool entry 102	500001c9
	constant pool entry 85	5000017f
	constant pool entry 26	5000016e
	constant pool entry 20	500005b0
	constant pool entry 19	500000c7
CLS 500000c8 (name=java.nio.ByteOrder, trace=300000)
	super		500001d1
	static BIG_ENDIAN	500007c5
	static LITTLE_ENDIAN	500007c4
	constant pool entry 30	500000c9
	constant pool entry 10	500001d1
	constant pool entry 8	500007c3
	constant pool entry 5	500007c2
	constant pool entry 4	500000c8
CLS 500000c9 (name=java.nio.Bits, trace=300000)
	super		500001d1
	static unsafe	5000043d
	static byteOrder	500007c4
	static reservedMemory	500007cf
	static totalCapacity	500007ce
	static count	500007cd
	constant pool entry 530	500000c8
	constant pool entry 518	500001c9
	constant pool entry 493	5000012b
	constant pool entry 488	50000120
	constant pool entry 477	5000014e
	constant pool entry 463	5000017f
	constant pool entry 176	500000c5
	constant pool entry 174	500000c7
	constant pool entry 134	500000c9
	constant pool entry 121	500007cc
	constant pool entry 120	500007cb
	constant pool entry 119	500007ca
	constant pool entry 117	500007c9
	constant pool entry 116	500001cd
	constant pool entry 113	500007c8
	constant pool entry 112	500000cf
CLS 500000ca (name=java.nio.HeapByteBuffer, trace=300000)
	super		500000cb
	constant pool entry 261	50000156
	constant pool entry 174	500001c6
	constant pool entry 72	500000cb
	constant pool entry 2	500000ca
CLS 500000cd (name=java.nio.charset.CharsetEncoder, trace=300000)
	super		500001d1
	static stateNames	50000dc9
	constant pool entry 369	50000156
	constant pool entry 298	500001c9
	constant pool entry 242	5000008e
	constant pool entry 219	50000101
	constant pool entry 211	5000011b
	constant pool entry 198	500000ed
	constant pool entry 110	500001d1
	constant pool entry 109	500007bc
	constant pool entry 108	500007bb
	constant pool entry 107	500007ba
	constant pool entry 106	500007b9
	constant pool entry 105	500001cd
	constant pool entry 13	500007b7
	constant pool entry 5	500000cd
CLS 500000cc (name=sun.nio.cs.UTF_8$Encoder, trace=300000)
	super		500000cd
	constant pool entry 96	5000011d
	constant pool entry 94	500000cb
	constant pool entry 88	50000090
	constant pool entry 86	5000008e
	constant pool entry 84	500000fe
	constant pool entry 41	500000cd
	constant pool entry 40	500000cc
CLS 500000ce (name=sun.nio.cs.ArrayEncoder, trace=300000)
CLS 500000cf (name=sun.security.action.GetPropertyAction, trace=300000)
	super		500001d1
	constant pool entry 35	500001c6
	constant pool entry 11	500001d1
	constant pool entry 6	500000cf
CLS 500000d0 (name=sun.nio.cs.StreamEncoder, trace=300000)
	super		500000d2
	constant pool entry 228	500001c9
	constant pool entry 214	5000008e
	constant pool entry 207	50000090
	constant pool entry 204	500000de
	constant pool entry 191	500000cb
	constant pool entry 180	500000cd
	constant pool entry 178	500000ed
	constant pool entry 153	5000011b
	constant pool entry 78	500000d2
	constant pool entry 8	500000d0
CLS 500000d1 (name=java.io.OutputStreamWriter, trace=300000)
	super		500000d2
	constant pool entry 58	500000d0
	constant pool entry 23	500000d2
	constant pool entry 22	500000d1
CLS 500000de (name=java.io.OutputStream, trace=300000)
	super		500001d1
	constant pool entry 9	500001d1
CLS 500000d5 (name=java.io.FilterOutputStream, trace=300000)
	super		500000de
	constant pool entry 14	500000de
	constant pool entry 13	500000d5
CLS 500000d3 (name=java.io.BufferedOutputStream, trace=300000)
	super		500000d5
	constant pool entry 62	50000156
	constant pool entry 48	500001c6
	constant pool entry 45	500000de
	constant pool entry 14	500000d5
	constant pool entry 13	500000d3
CLS 500000d4 (name=java.io.PrintStream, trace=300000)
	super		500000d5
	constant pool entry 210	500001cd
	constant pool entry 87	500000d5
	constant pool entry 40	500000d4
	constant pool entry 24	500000de
	constant pool entry 23	50000fef
	constant pool entry 17	500000c4
	constant pool entry 14	500000d1
CLS 500000d6 (name=sun.reflect.misc.ReflectUtil, trace=300000)
	super		500001d1
	static PROXY_PACKAGE	5000106d
	constant pool entry 125	50000126
	constant pool entry 7	50000104
CLS 500000d7 (name=java.util.concurrent.atomic.AtomicReferenceFieldUpdater$AtomicReferenceFieldUpdaterImpl$1, trace=300000)
	super		500001d1
	constant pool entry 39	500001c9
	constant pool entry 8	500001d1
	constant pool entry 7	500000d7
CLS 500000d8 (name=java.security.PrivilegedExceptionAction, trace=300000)
CLS 500000da (name=java.util.concurrent.atomic.AtomicReferenceFieldUpdater, trace=300000)
	super		500001d1
	constant pool entry 50	50000126
	constant pool entry 10	500001d1
	constant pool entry 1	500000d9
CLS 500000d9 (name=java.util.concurrent.atomic.AtomicReferenceFieldUpdater$AtomicReferenceFieldUpdaterImpl, trace=300000)
	super		500000da
	static U	5000043d
	constant pool entry 168	500001cd
	constant pool entry 165	500000e9
	constant pool entry 159	5000017f
	constant pool entry 149	50000104
	constant pool entry 134	500001c9
	constant pool entry 132	500000d6
	constant pool entry 128	5000014e
	constant pool entry 63	500000da
	constant pool entry 62	500000d9
	constant pool entry 5	500001a0
	constant pool entry 2	500000d7
CLS 500000db (name=java.io.BufferedInputStream, trace=300000)
	super		500000dc
	static bufUpdater	50001069
	constant pool entry 137	50000156
	constant pool entry 110	5000017c
	constant pool entry 106	500000da
	constant pool entry 41	500000dc
	constant pool entry 39	50001068
	constant pool entry 38	500001d5
	constant pool entry 37	500000db
CLS 500000dd (name=java.io.FileOutputStream, trace=300000)
	super		500000de
	constant pool entry 106	500001c6
	constant pool entry 44	500000de
	constant pool entry 43	500000dd
	constant pool entry 32	5000034e
	constant pool entry 19	500000e2
	constant pool entry 6	500001d1
	constant pool entry 2	5000017a
CLS 500000df (name=java.io.Flushable, trace=300000)
CLS 500000e0 (name=java.io.FileDescriptor$1, trace=300000)
	super		500001d1
	constant pool entry 7	500001d1
CLS 500000e1 (name=sun.misc.JavaIOFileDescriptorAccess, trace=300000)
CLS 500000e2 (name=java.io.FileDescriptor, trace=300000)
	super		500001d1
	static in	50000435
	static out	50000438
	static err	50000437
	constant pool entry 94	5000012b
	constant pool entry 27	500001d1
	constant pool entry 24	500000e0
	constant pool entry 18	500000e2
	constant pool entry 12	5000017d
CLS 500000e3 (name=java.io.FileInputStream, trace=300000)
	super		5000017c
	constant pool entry 107	500001c6
	constant pool entry 43	5000017c
	constant pool entry 42	500000e3
	constant pool entry 33	50000088
	constant pool entry 20	500000e2
	constant pool entry 7	500001d1
	constant pool entry 2	5000017a
CLS 500000e4 (name=sun.misc.Version, trace=300000)
	super		500001d1
	static launcher_name	50001428
	static java_version	50000e18
	static java_runtime_name	500013f5
	static java_profile_name	500003e5
	static java_runtime_version	500013ff
	constant pool entry 137	500001c6
	constant pool entry 9	500013f5
	constant pool entry 8	500013f6
	constant pool entry 7	500013ff
	constant pool entry 6	50001400
	constant pool entry 4	50000e18
	constant pool entry 3	500000e4
	constant pool entry 2	50000e11
CLS 500000e5 (name=java.lang.Runtime, trace=300000)
	super		500001d1
	static currentRuntime	500006ef
	constant pool entry 162	500001c7
	constant pool entry 119	500001c6
	constant pool entry 55	500001d1
	constant pool entry 53	500000e5
	constant pool entry 38	5000017a
	constant pool entry 25	500001cd
CLS 500000e6 (name=java.util.Hashtable$Enumerator, trace=300000)
	super		500001d1
	constant pool entry 36	5000011f
	constant pool entry 32	500001d1
	constant pool entry 31	500000e6
	constant pool entry 1	500001a4
CLS 500000e7 (name=java.util.Iterator, trace=300000)
CLS 500000e8 (name=java.util.Enumeration, trace=300000)
CLS 500000e9 (name=java.util.Objects, trace=300000)
	super		500001d1
	constant pool entry 18	500001d1
CLS 500000eb (name=java.util.Collections$SynchronizedCollection, trace=300000)
	super		500001d1
	constant pool entry 104	500000e9
	constant pool entry 27	500001d1
	constant pool entry 26	500000eb
	constant pool entry 3	50000147
CLS 500000ea (name=java.util.Collections$SynchronizedSet, trace=300000)
	super		500000eb
	constant pool entry 8	500000eb
CLS 500000ec (name=java.util.Hashtable$EntrySet, trace=300000)
	super		50000139
	constant pool entry 22	50000139
	constant pool entry 21	500000ec
	constant pool entry 1	500001a4
CLS 500000ed (name=java.nio.charset.CodingErrorAction, trace=300000)
	super		500001d1
	static IGNORE	500009bc
	static REPLACE	500009bb
	static REPORT	500009ba
	constant pool entry 11	500001d1
	constant pool entry 9	500009b9
	constant pool entry 7	500009b8
	constant pool entry 4	500009b7
	constant pool entry 3	500000ed
CLS 500000ef (name=java.nio.charset.CharsetDecoder, trace=300000)
	super		500001d1
	static stateNames	500007bd
	constant pool entry 284	50000156
	constant pool entry 234	500001c9
	constant pool entry 199	500000cb
	constant pool entry 196	5000008e
	constant pool entry 173	5000011b
	constant pool entry 161	500000ed
	constant pool entry 83	500001d1
	constant pool entry 82	500007bc
	constant pool entry 81	500007bb
	constant pool entry 80	500007ba
	constant pool entry 79	500007b9
	constant pool entry 78	500001cd
	constant pool entry 19	500007b8
	constant pool entry 12	500007b7
	constant pool entry 5	500000ef
CLS 500000ee (name=sun.nio.cs.UTF_8$Decoder, trace=300000)
	super		500000ef
	constant pool entry 162	500001c9
	constant pool entry 130	5000011d
	constant pool entry 128	50000090
	constant pool entry 112	5000008e
	constant pool entry 109	500000cb
	constant pool entry 58	500000ef
	constant pool entry 57	500000ee
	constant pool entry 55	500000fe
CLS 500000f0 (name=sun.nio.cs.ArrayDecoder, trace=300000)
CLS 500000f1 (name=java.lang.StringCoding$StringDecoder, trace=300000)
	super		500001d1
	constant pool entry 152	50000156
	constant pool entry 84	500000f7
	constant pool entry 77	500001c9
	constant pool entry 72	500000ef
	constant pool entry 70	500000ed
	constant pool entry 68	5000011b
	constant pool entry 33	500001d1
	constant pool entry 32	500000f1
	constant pool entry 18	500000f0
	constant pool entry 13	50000100
CLS 500000f2 (name=java.lang.ThreadLocal$ThreadLocalMap$Entry[], trace=300000)
	super		500001d1
CLS 500000f3 (name=java.lang.ref.WeakReference[], trace=300000)
	super		500001d1
CLS 500000f4 (name=java.lang.ref.Reference[], trace=300000)
	super		500001d1
CLS 500000f5 (name=java.lang.ThreadLocal$ThreadLocalMap$Entry, trace=300000)
	super		500001b0
	constant pool entry 4	500001b0
	constant pool entry 3	500000f5
CLS 500000f6 (name=java.lang.ThreadLocal$ThreadLocalMap, trace=300000)
	super		500001d1
	constant pool entry 128	50000156
	constant pool entry 28	500001d1
	constant pool entry 15	50000113
	constant pool entry 9	500000f5
	constant pool entry 8	500000f6
CLS 500000f7 (name=java.lang.StringCoding, trace=300000)
	super		500001d1
	static decoder	5000153f
	static encoder	5000153e
	constant pool entry 183	500001cd
	constant pool entry 164	5000011b
	constant pool entry 161	50000101
	constant pool entry 88	500000f7
	constant pool entry 86	50000113
	constant pool entry 67	500000b9
	constant pool entry 28	500000f1
	constant pool entry 6	500001b1
CLS 50000197 (name=sun.reflect.ConstructorAccessorImpl, trace=300000)
	super		5000019b
	constant pool entry 3	5000019b
CLS 500000f8 (name=sun.reflect.DelegatingConstructorAccessorImpl, trace=300000)
	super		50000197
	constant pool entry 6	50000197
	constant pool entry 5	500000f8
CLS 500000f9 (name=sun.reflect.NativeConstructorAccessorImpl, trace=300000)
	super		50000197
	constant pool entry 48	50000140
	constant pool entry 17	500000f9
	constant pool entry 13	50000197
CLS 500000fa (name=sun.reflect.ReflectionFactory$1, trace=300000)
	super		500001d1
	constant pool entry 38	500001c6
	constant pool entry 35	50000140
	constant pool entry 18	500001d1
	constant pool entry 17	500000fa
	constant pool entry 8	50001532
	constant pool entry 3	50001531
CLS 500000fb (name=java.lang.Class$1, trace=300000)
	super		500001d1
	constant pool entry 30	5000019c
	constant pool entry 7	500001d1
	constant pool entry 6	500000fb
CLS 500000fc (name=java.lang.reflect.Constructor[], trace=300000)
	super		500001d1
CLS 500000fd (name=java.lang.reflect.Executable[], trace=300000)
	super		500001d1
CLS 500000fe (name=sun.nio.cs.UTF_8, trace=300000)
	super		500000ff
	constant pool entry 42	50000171
	constant pool entry 35	50000118
	constant pool entry 13	500000ff
	constant pool entry 12	500000fe
	constant pool entry 8	500000cc
	constant pool entry 6	500000ee
	constant pool entry 5	500007d8
	constant pool entry 2	50000794
CLS 50000100 (name=sun.nio.cs.HistoricallyNamedCharset, trace=300000)
CLS 50000101 (name=java.util.Arrays, trace=300000)
	super		500001d1
	constant pool entry 811	50000156
	constant pool entry 543	5000011d
	constant pool entry 502	500001c6
	constant pool entry 485	5000008a
	constant pool entry 483	500001c9
	constant pool entry 102	500005ad
	constant pool entry 99	500001d1
	constant pool entry 54	50000167
	constant pool entry 22	50000101
CLS 50000102 (name=java.lang.reflect.ReflectAccess, trace=300000)
	super		500001d1
	constant pool entry 21	500001d1
	constant pool entry 6	5000019c
	constant pool entry 4	5000019d
	constant pool entry 2	500001a0
CLS 50000103 (name=sun.reflect.LangReflectAccess, trace=300000)
CLS 50000104 (name=java.lang.reflect.Modifier, trace=300000)
	super		500001d1
	constant pool entry 135	5000014e
	constant pool entry 27	50000102
	constant pool entry 26	50000140
	constant pool entry 23	5000014b
CLS 50000106 (name=java.util.WeakHashMap, trace=300000)
	super		50000136
	static NULL_KEY	50000de4
	constant pool entry 331	50000156
	constant pool entry 214	5000016d
	constant pool entry 80	50000136
	constant pool entry 78	500001d1
	constant pool entry 64	5000009d
	constant pool entry 15	50000106
	constant pool entry 4	500001ab
	constant pool entry 2	5000009f
	constant pool entry 1	500000a0
CLS 50000105 (name=java.lang.ClassValue$ClassValueMap, trace=300000)
	super		50000106
CLS 50000107 (name=sun.reflect.annotation.AnnotationType, trace=300000)
	super		500001d1
CLS 50000108 (name=java.lang.Class$AnnotationData, trace=300000)
	super		500001d1
CLS 5000010b (name=sun.reflect.generics.repository.AbstractRepository, trace=300000)
	super		500001d1
CLS 5000010a (name=sun.reflect.generics.repository.GenericDeclRepository, trace=300000)
	super		5000010b
CLS 50000109 (name=sun.reflect.generics.repository.ClassRepository, trace=300000)
	super		5000010a
CLS 5000010c (name=java.lang.reflect.Field[], trace=300000)
	super		500001d1
CLS 5000010d (name=java.lang.reflect.Member[], trace=300000)
	super		500001d1
CLS 5000010e (name=java.lang.reflect.AccessibleObject[], trace=300000)
	super		500001d1
CLS 5000010f (name=java.lang.Class$Atomic, trace=300000)
	super		500001d1
	static unsafe	5000043d
	constant pool entry 68	5000017f
	constant pool entry 24	5000010f
	constant pool entry 23	50001537
	constant pool entry 22	50001536
	constant pool entry 20	50001535
	constant pool entry 18	500001c9
CLS 50000110 (name=java.lang.Class$ReflectionData, trace=300000)
	super		500001d1
	constant pool entry 4	500001d1
	constant pool entry 3	50000110
CLS 50000111 (name=java.lang.Class$3, trace=300000)
	super		500001d1
	constant pool entry 30	500001c6
	constant pool entry 27	500001c9
	constant pool entry 11	500001d1
	constant pool entry 10	50000111
	constant pool entry 3	5000153b
CLS 50000112 (name=java.util.concurrent.atomic.AtomicInteger, trace=300000)
	super		5000016e
	static unsafe	5000043d
	constant pool entry 93	500001c9
	constant pool entry 78	5000017f
	constant pool entry 22	5000016e
	constant pool entry 16	500005b0
	constant pool entry 15	50000112
CLS 50000113 (name=java.lang.ThreadLocal, trace=300000)
	super		500001d1
	static nextHashCode	50000dde
	constant pool entry 88	500000f5
	constant pool entry 84	500001a9
	constant pool entry 27	500001d1
	constant pool entry 25	50000112
	constant pool entry 20	500000f6
	constant pool entry 3	50000113
CLS 50000117 (name=sun.util.PreHashedMap, trace=300000)
	super		50000136
	constant pool entry 94	50000156
	constant pool entry 23	50000136
	constant pool entry 22	50000117
	constant pool entry 20	500001cd
	constant pool entry 10	50000167
	constant pool entry 7	500001d1
CLS 50000114 (name=sun.nio.cs.StandardCharsets$Cache, trace=300000)
	super		50000117
	constant pool entry 118	50000156
	constant pool entry 44	50000117
	constant pool entry 43	500009e4
	constant pool entry 42	500009e8
	constant pool entry 41	500009ec
	constant pool entry 40	500009f0
	constant pool entry 39	500009f4
	constant pool entry 38	500009f8
	constant pool entry 37	50000a02
	constant pool entry 36	500009ff
	constant pool entry 35	500009fc
	constant pool entry 34	50000a10
	constant pool entry 33	50000a0d
	constant pool entry 32	50000a0a
	constant pool entry 31	50000a1b
	constant pool entry 30	50000a18
	constant pool entry 29	50000a24
	constant pool entry 28	50000a21
	constant pool entry 27	50000a2a
	constant pool entry 26	50000a2e
	constant pool entry 25	50000a32
	constant pool entry 24	50000a39
	constant pool entry 23	50000a36
	constant pool entry 22	50000a3f
	constant pool entry 21	50000a46
	constant pool entry 20	50000a43
	constant pool entry 19	50000a4f
	constant pool entry 18	50000a4c
	constant pool entry 17	50000a55
	constant pool entry 16	50000a59
	constant pool entry 15	50000a60
	constant pool entry 14	50000a5d
	constant pool entry 13	50000a6c
	constant pool entry 12	50000a69
	constant pool entry 11	50000a66
	constant pool entry 10	50000a77
	constant pool entry 9	50000a74
	constant pool entry 8	50000a83
	constant pool entry 7	50000a80
	constant pool entry 6	50000a7d
	constant pool entry 5	50000a8b
	constant pool entry 4	500001d1
	constant pool entry 2	50000114
CLS 50000115 (name=sun.nio.cs.StandardCharsets$Classes, trace=300000)
	super		50000117
	constant pool entry 196	50000156
	constant pool entry 83	50000117
	constant pool entry 82	500009e5
	constant pool entry 81	500009e4
	constant pool entry 80	500009e9
	constant pool entry 79	500009e8
	constant pool entry 78	500009ed
	constant pool entry 77	500009ec
	constant pool entry 76	500009f1
	constant pool entry 75	500009f0
	constant pool entry 74	500009f5
	constant pool entry 73	500009f4
	constant pool entry 72	500009f9
	constant pool entry 71	500009f8
	constant pool entry 70	50000a03
	constant pool entry 69	50000a02
	constant pool entry 68	50000a00
	constant pool entry 67	500009ff
	constant pool entry 66	500009fd
	constant pool entry 65	500009fc
	constant pool entry 64	50000a11
	constant pool entry 63	50000a10
	constant pool entry 62	50000a0e
	constant pool entry 61	50000a0d
	constant pool entry 60	50000a0b
	constant pool entry 59	50000a0a
	constant pool entry 58	50000a1c
	constant pool entry 57	50000a1b
	constant pool entry 56	50000a19
	constant pool entry 55	50000a18
	constant pool entry 54	50000a25
	constant pool entry 53	50000a24
	constant pool entry 52	50000a22
	constant pool entry 51	50000a21
	constant pool entry 50	50000a2b
	constant pool entry 49	50000a2a
	constant pool entry 48	50000a2f
	constant pool entry 47	50000a2e
	constant pool entry 46	50000a33
	constant pool entry 45	50000a32
	constant pool entry 44	50000a3a
	constant pool entry 43	50000a39
	constant pool entry 42	50000a37
	constant pool entry 41	50000a36
	constant pool entry 40	50000a40
	constant pool entry 39	50000a3f
	constant pool entry 38	50000a47
	constant pool entry 37	50000a46
	constant pool entry 36	50000a44
	constant pool entry 35	50000a43
	constant pool entry 34	50000a50
	constant pool entry 33	50000a4f
	constant pool entry 32	50000a4d
	constant pool entry 31	50000a4c
	constant pool entry 30	50000a56
	constant pool entry 29	50000a55
	constant pool entry 28	50000a5a
	constant pool entry 27	50000a59
	constant pool entry 26	50000a61
	constant pool entry 25	50000a60
	constant pool entry 24	50000a5e
	constant pool entry 23	50000a5d
	constant pool entry 22	50000a6d
	constant pool entry 21	50000a6c
	constant pool entry 20	50000a6a
	constant pool entry 19	50000a69
	constant pool entry 18	50000a67
	constant pool entry 17	50000a66
	constant pool entry 16	50000a78
	constant pool entry 15	50000a77
	constant pool entry 14	50000a75
	constant pool entry 13	50000a74
	constant pool entry 12	50000a84
	constant pool entry 11	50000a83
	constant pool entry 10	50000a81
	constant pool entry 9	50000a80
	constant pool entry 8	50000a7e
	constant pool entry 7	50000a7d
	constant pool entry 6	50000a8c
	constant pool entry 5	50000a8b
	constant pool entry 4	500001d1
	constant pool entry 2	50000115
CLS 50000116 (name=sun.nio.cs.StandardCharsets$Aliases, trace=300000)
	super		50000117
	constant pool entry 522	50000156
	constant pool entry 246	50000117
	constant pool entry 245	50000b51
	constant pool entry 244	50000b53
	constant pool entry 243	50000b55
	constant pool entry 242	50000b57
	constant pool entry 241	50000b59
	constant pool entry 240	50000b5b
	constant pool entry 239	50000b5d
	constant pool entry 238	50000b5f
	constant pool entry 237	50000b61
	constant pool entry 236	50000b63
	constant pool entry 235	50000b65
	constant pool entry 234	50000b67
	constant pool entry 233	50000b69
	constant pool entry 232	50000b6b
	constant pool entry 231	50000b6d
	constant pool entry 230	50000b6f
	constant pool entry 229	50000b71
	constant pool entry 228	50000b73
	constant pool entry 227	50000b75
	constant pool entry 226	50000b79
	constant pool entry 225	50000b77
	constant pool entry 224	50000b7c
	constant pool entry 223	50000b7e
	constant pool entry 222	50000b80
	constant pool entry 221	50000b84
	constant pool entry 220	50000b82
	constant pool entry 219	50000b87
	constant pool entry 218	50000b89
	constant pool entry 217	50000b8b
	constant pool entry 216	50000b8d
	constant pool entry 215	50000b8f
	constant pool entry 214	50000b91
	constant pool entry 213	50000b93
	constant pool entry 212	50000b95
	constant pool entry 211	50000b97
	constant pool entry 210	50000b99
	constant pool entry 209	50000b9b
	constant pool entry 208	50000b9d
	constant pool entry 207	50000b9f
	constant pool entry 206	50000ba1
	constant pool entry 205	50000ba3
	constant pool entry 204	50000ba5
	constant pool entry 203	50000ba7
	constant pool entry 202	50000ba9
	constant pool entry 201	50000bab
	constant pool entry 200	50000bad
	constant pool entry 199	50000baf
	constant pool entry 198	50000bb1
	constant pool entry 197	50000bb3
	constant pool entry 196	50000bb5
	constant pool entry 195	50000bb7
	constant pool entry 194	50000bb9
	constant pool entry 193	50000bbd
	constant pool entry 192	50000bbb
	constant pool entry 191	50000bc0
	constant pool entry 190	500009f4
	constant pool entry 189	50000bc4
	constant pool entry 188	50000bc2
	constant pool entry 187	50000a59
	constant pool entry 186	50000bc9
	constant pool entry 185	50000bc7
	constant pool entry 184	50000a5d
	constant pool entry 183	50000bcc
	constant pool entry 182	50000a66
	constant pool entry 181	50000bce
	constant pool entry 180	50000a69
	constant pool entry 179	50000bd0
	constant pool entry 178	50000bd2
	constant pool entry 177	50000a77
	constant pool entry 176	50000bd4
	constant pool entry 175	50000bd6
	constant pool entry 174	50000bd8
	constant pool entry 173	50000bda
	constant pool entry 172	50000bdc
	constant pool entry 171	50000a80
	constant pool entry 170	50000bde
	constant pool entry 169	50000be0
	constant pool entry 168	50000be2
	constant pool entry 167	50000be4
	constant pool entry 166	500009e4
	constant pool entry 165	50000be6
	constant pool entry 164	50000be8
	constant pool entry 163	50000bea
	constant pool entry 162	50000bec
	constant pool entry 161	50000bee
	constant pool entry 160	50000bf0
	constant pool entry 159	50000bf2
	constant pool entry 158	50000bf4
	constant pool entry 157	50000bf6
	constant pool entry 156	50000bf8
	constant pool entry 155	50000bfa
	constant pool entry 154	50000bfc
	constant pool entry 153	50000bfe
	constant pool entry 152	50000c00
	constant pool entry 151	50000c02
	constant pool entry 150	50000c04
	constant pool entry 149	50000c06
	constant pool entry 148	50000c08
	constant pool entry 147	500009f0
	constant pool entry 146	50000c0a
	constant pool entry 145	50000c0c
	constant pool entry 144	50000c0e
	constant pool entry 143	50000c10
	constant pool entry 142	50000c12
	constant pool entry 141	50000c14
	constant pool entry 140	50000c16
	constant pool entry 139	50000c18
	constant pool entry 138	50000c1a
	constant pool entry 137	50000c1c
	constant pool entry 136	50000c1e
	constant pool entry 135	50000c20
	constant pool entry 134	50000c22
	constant pool entry 133	50000c24
	constant pool entry 132	50000c26
	constant pool entry 131	50000c28
	constant pool entry 130	50000c2a
	constant pool entry 129	50000c2c
	constant pool entry 128	50000c2e
	constant pool entry 127	50000c30
	constant pool entry 126	50000c32
	constant pool entry 125	50000c34
	constant pool entry 124	50000c36
	constant pool entry 123	50000a24
	constant pool entry 122	50000c38
	constant pool entry 121	50000c3a
	constant pool entry 120	50000c3c
	constant pool entry 119	50000c40
	constant pool entry 118	50000c3e
	constant pool entry 117	50000c45
	constant pool entry 116	50000c43
	constant pool entry 115	50000c48
	constant pool entry 114	50000c4a
	constant pool entry 113	50000c4e
	constant pool entry 112	50000c4c
	constant pool entry 111	50000c51
	constant pool entry 110	50000c57
	constant pool entry 109	50000c55
	constant pool entry 108	50000c53
	constant pool entry 107	50000c5b
	constant pool entry 106	50000c5d
	constant pool entry 105	50000c61
	constant pool entry 104	50000c5f
	constant pool entry 103	50000c64
	constant pool entry 102	50000c68
	constant pool entry 101	50000c66
	constant pool entry 100	50000c6b
	constant pool entry 99	50000a18
	constant pool entry 98	50000c6d
	constant pool entry 97	50000c6f
	constant pool entry 96	50000c71
	constant pool entry 95	50000c73
	constant pool entry 94	50000c75
	constant pool entry 93	50000c77
	constant pool entry 92	50000c79
	constant pool entry 91	50000c7b
	constant pool entry 90	50000c7d
	constant pool entry 89	50000c7f
	constant pool entry 88	50000c81
	constant pool entry 87	50000a36
	constant pool entry 86	50000c83
	constant pool entry 85	50000c85
	constant pool entry 84	50000a60
	constant pool entry 83	50000c87
	constant pool entry 82	50000c89
	constant pool entry 81	50000a6c
	constant pool entry 80	50000c8b
	constant pool entry 79	50000a7d
	constant pool entry 78	50000c8d
	constant pool entry 77	50000a8b
	constant pool entry 76	50000c8f
	constant pool entry 75	50000c91
	constant pool entry 74	50000a2e
	constant pool entry 73	50000c95
	constant pool entry 72	500009fc
	constant pool entry 71	50000c93
	constant pool entry 70	50000c9a
	constant pool entry 69	500009ff
	constant pool entry 68	50000c98
	constant pool entry 67	50000a0a
	constant pool entry 66	50000c9d
	constant pool entry 65	50000a21
	constant pool entry 64	50000c9f
	constant pool entry 63	50000ca3
	constant pool entry 62	50000a2a
	constant pool entry 61	50000ca1
	constant pool entry 60	50000ca6
	constant pool entry 59	50000a74
	constant pool entry 58	50000caa
	constant pool entry 57	50000a0d
	constant pool entry 56	50000ca8
	constant pool entry 55	50000a55
	constant pool entry 54	50000cad
	constant pool entry 53	50000a02
	constant pool entry 52	50000caf
	constant pool entry 51	50000cb1
	constant pool entry 50	50000cb3
	constant pool entry 49	50000cb5
	constant pool entry 48	50000cb7
	constant pool entry 47	50000cb9
	constant pool entry 46	500009e8
	constant pool entry 45	50000cbb
	constant pool entry 44	500009ec
	constant pool entry 43	50000cbd
	constant pool entry 42	50000cbf
	constant pool entry 41	50000a83
	constant pool entry 40	50000cc1
	constant pool entry 39	50000a46
	constant pool entry 38	50000cc3
	constant pool entry 37	50000cc5
	constant pool entry 36	50000cc7
	constant pool entry 35	50000cc9
	constant pool entry 34	50000ccb
	constant pool entry 33	50000ccf
	constant pool entry 32	50000ccd
	constant pool entry 31	50000cd2
	constant pool entry 30	50000cd4
	constant pool entry 29	50000cd8
	constant pool entry 28	50000cd6
	constant pool entry 27	50000cdb
	constant pool entry 26	50000cdd
	constant pool entry 25	50000a3f
	constant pool entry 24	50000cdf
	constant pool entry 23	50000ce1
	constant pool entry 22	50000ce3
	constant pool entry 21	50000a39
	constant pool entry 20	50000ce5
	constant pool entry 19	50000a1b
	constant pool entry 18	50000ce7
	constant pool entry 17	500009f8
	constant pool entry 16	50000ce9
	constant pool entry 15	50000ceb
	constant pool entry 14	50000a32
	constant pool entry 13	50000ced
	constant pool entry 12	50000a43
	constant pool entry 11	50000cef
	constant pool entry 10	50000a4c
	constant pool entry 9	50000cf1
	constant pool entry 8	50000a4f
	constant pool entry 7	50000cf3
	constant pool entry 6	50000a10
	constant pool entry 5	50000cf5
	constant pool entry 4	500001d1
	constant pool entry 2	50000116
CLS 5000011a (name=java.nio.charset.spi.CharsetProvider, trace=300000)
	super		500001d1
	constant pool entry 25	500001c6
	constant pool entry 8	500001d1
CLS 50000119 (name=sun.nio.cs.FastCharsetProvider, trace=300000)
	super		5000011a
	constant pool entry 142	50000156
	constant pool entry 99	500001c9
	constant pool entry 97	500001d1
	constant pool entry 80	500001a6
	constant pool entry 35	5000011a
	constant pool entry 34	50000119
	constant pool entry 23	50000781
	constant pool entry 20	50000180
	constant pool entry 17	50000045
	constant pool entry 15	50000a1c
	constant pool entry 14	5000011b
	constant pool entry 8	500001cd
CLS 50000118 (name=sun.nio.cs.StandardCharsets, trace=300000)
	super		50000119
	static aliases_US_ASCII	50000d16
	static aliases_UTF_8	50000d87
	static aliases_CESU_8	50000d86
	static aliases_UTF_16	50000d85
	static aliases_UTF_16BE	50000d84
	static aliases_UTF_16LE	50000d83
	static aliases_UTF_16LE_BOM	50000d82
	static aliases_UTF_32	50000d81
	static aliases_UTF_32LE	50000d80
	static aliases_UTF_32BE	50000d7f
	static aliases_UTF_32LE_BOM	50000d7e
	static aliases_UTF_32BE_BOM	50000d7d
	static aliases_ISO_8859_1	50000d7c
	static aliases_ISO_8859_2	50000d7b
	static aliases_ISO_8859_4	50000d7a
	static aliases_ISO_8859_5	50000d79
	static aliases_ISO_8859_7	50000d78
	static aliases_ISO_8859_9	50000d77
	static aliases_ISO_8859_13	50000d76
	static aliases_ISO_8859_15	50000d75
	static aliases_KOI8_R	50000d74
	static aliases_KOI8_U	50000d73
	static aliases_MS1250	50000d72
	static aliases_MS1251	50000d71
	static aliases_MS1252	50000d70
	static aliases_MS1253	50000d6f
	static aliases_MS1254	50000d6e
	static aliases_MS1257	50000d6d
	static aliases_IBM437	50000d6c
	static aliases_IBM737	50000d6b
	static aliases_IBM775	50000d6a
	static aliases_IBM850	50000d69
	static aliases_IBM852	50000d68
	static aliases_IBM855	50000d67
	static aliases_IBM857	50000d66
	static aliases_IBM858	50000d65
	static aliases_IBM862	50000d64
	static aliases_IBM866	50000d63
	static aliases_IBM874	50000d62
	constant pool entry 577	50000156
	constant pool entry 261	50000119
	constant pool entry 260	50000118
	constant pool entry 258	50000c83
	constant pool entry 257	50000be4
	constant pool entry 256	50000be8
	constant pool entry 255	50000c22
	constant pool entry 253	50000d61
	constant pool entry 252	50000c8d
	constant pool entry 251	50000bea
	constant pool entry 250	50000a7d
	constant pool entry 249	50000c2c
	constant pool entry 247	50000b8b
	constant pool entry 246	50000d60
	constant pool entry 245	50000c8f
	constant pool entry 244	50000bec
	constant pool entry 243	50000a8b
	constant pool entry 242	50000c2e
	constant pool entry 240	50000d5f
	constant pool entry 239	50000c93
	constant pool entry 238	50000bb5
	constant pool entry 237	50000b8d
	constant pool entry 236	50000c3e
	constant pool entry 234	50000d5e
	constant pool entry 233	50000c98
	constant pool entry 232	50000bfa
	constant pool entry 231	500009ff
	constant pool entry 230	50000c43
	constant pool entry 228	50000b73
	constant pool entry 227	50000c9d
	constant pool entry 226	50000a0a
	constant pool entry 225	50000bfc
	constant pool entry 224	50000c48
	constant pool entry 222	50000d5d
	constant pool entry 221	50000c9f
	constant pool entry 220	50000bfe
	constant pool entry 219	50000a21
	constant pool entry 218	50000c4c
	constant pool entry 216	50000b55
	constant pool entry 215	50000ca1
	constant pool entry 214	50000a2a
	constant pool entry 213	50000c00
	constant pool entry 212	50000c53
	constant pool entry 210	50000c38
	constant pool entry 209	50000bb7
	constant pool entry 208	50000a24
	constant pool entry 207	50000c08
	constant pool entry 205	50000c95
	constant pool entry 204	50000bf8
	constant pool entry 203	50000c04
	constant pool entry 202	50000c40
	constant pool entry 200	50000b71
	constant pool entry 199	50000ca8
	constant pool entry 198	50000c1c
	constant pool entry 197	50000ba9
	constant pool entry 196	50000a0d
	constant pool entry 195	50000bf4
	constant pool entry 193	50000b5b
	constant pool entry 192	50000bc9
	constant pool entry 190	50000b5d
	constant pool entry 189	50000bcc
	constant pool entry 187	50000b61
	constant pool entry 186	50000bce
	constant pool entry 184	50000b63
	constant pool entry 183	50000bd0
	constant pool entry 181	50000caa
	constant pool entry 180	50000b65
	constant pool entry 179	50000bd2
	constant pool entry 177	50000b67
	constant pool entry 176	50000bd4
	constant pool entry 174	50000cbb
	constant pool entry 172	50000b97
	constant pool entry 171	50000c3a
	constant pool entry 170	50000cbd
	constant pool entry 168	50000d5c
	constant pool entry 167	50000d5b
	constant pool entry 166	50000d5a
	constant pool entry 165	50000d59
	constant pool entry 164	50000d58
	constant pool entry 163	50000d57
	constant pool entry 162	50000cdb
	constant pool entry 161	50000cb1
	constant pool entry 160	50000d56
	constant pool entry 159	50000d55
	constant pool entry 158	50000d54
	constant pool entry 157	50000d53
	constant pool entry 156	50000d52
	constant pool entry 155	50000baf
	constant pool entry 154	50000d51
	constant pool entry 152	50000d50
	constant pool entry 151	50000c6d
	constant pool entry 150	50000bb3
	constant pool entry 149	50000bc0
	constant pool entry 147	50000d4f
	constant pool entry 146	50000cb3
	constant pool entry 145	50000cdd
	constant pool entry 144	50000c34
	constant pool entry 143	50000c5f
	constant pool entry 142	50000c4a
	constant pool entry 141	50000c12
	constant pool entry 140	50000d4e
	constant pool entry 139	50000d4d
	constant pool entry 138	50000d4c
	constant pool entry 137	50000bee
	constant pool entry 136	50000cc9
	constant pool entry 135	50000c75
	constant pool entry 133	50000b91
	constant pool entry 132	50000ca6
	constant pool entry 131	50000ccd
	constant pool entry 130	50000c26
	constant pool entry 129	50000c30
	constant pool entry 128	50000b80
	constant pool entry 127	50000d4b
	constant pool entry 126	50000c66
	constant pool entry 125	50000b9f
	constant pool entry 124	50000d4a
	constant pool entry 123	50000d49
	constant pool entry 122	50000d48
	constant pool entry 121	50000d47
	constant pool entry 120	50000c06
	constant pool entry 119	50000ccb
	constant pool entry 118	50000c77
	constant pool entry 116	50000d46
	constant pool entry 115	50000cdf
	constant pool entry 114	50000cb5
	constant pool entry 113	50000c5d
	constant pool entry 112	50000c6f
	constant pool entry 111	50000c51
	constant pool entry 110	50000d45
	constant pool entry 109	50000d44
	constant pool entry 108	50000d43
	constant pool entry 107	50000bf0
	constant pool entry 106	50000ccf
	constant pool entry 105	50000c79
	constant pool entry 103	50000d42
	constant pool entry 102	50000ce1
	constant pool entry 101	50000cb7
	constant pool entry 100	50000c61
	constant pool entry 99	50000c71
	constant pool entry 98	50000c4e
	constant pool entry 97	50000c14
	constant pool entry 96	50000d41
	constant pool entry 95	50000d40
	constant pool entry 94	50000c10
	constant pool entry 93	50000cd2
	constant pool entry 92	50000b95
	constant pool entry 91	50000c7b
	constant pool entry 89	50000d3f
	constant pool entry 88	50000ce3
	constant pool entry 87	50000cb9
	constant pool entry 86	50000c64
	constant pool entry 85	50000c73
	constant pool entry 84	50000c57
	constant pool entry 83	50000c16
	constant pool entry 82	50000d3e
	constant pool entry 81	50000d3d
	constant pool entry 80	50000d3c
	constant pool entry 79	50000c1e
	constant pool entry 78	50000cd4
	constant pool entry 77	50000c7d
	constant pool entry 75	50000d3b
	constant pool entry 74	50000cd8
	constant pool entry 73	50000a50
	constant pool entry 72	50000d3a
	constant pool entry 71	50000d39
	constant pool entry 70	50000d38
	constant pool entry 69	50000cc5
	constant pool entry 68	50000d37
	constant pool entry 67	50000ca3
	constant pool entry 66	50000d36
	constant pool entry 65	50000c5b
	constant pool entry 64	50000c18
	constant pool entry 63	50000d35
	constant pool entry 62	50000c20
	constant pool entry 60	50000d34
	constant pool entry 59	500009f1
	constant pool entry 57	50000d33
	constant pool entry 56	50000a03
	constant pool entry 54	50000d32
	constant pool entry 53	50000a6d
	constant pool entry 51	50000d31
	constant pool entry 50	500009e5
	constant pool entry 48	50000d30
	constant pool entry 47	50000a81
	constant pool entry 45	50000d2f
	constant pool entry 43	50000d2e
	constant pool entry 42	50000d2d
	constant pool entry 41	50000a84
	constant pool entry 39	50000d2c
	constant pool entry 38	50000d2b
	constant pool entry 37	50000d2a
	constant pool entry 36	50000a56
	constant pool entry 34	50000d29
	constant pool entry 33	50000ba1
	constant pool entry 32	50000bf2
	constant pool entry 31	50000a61
	constant pool entry 29	50000d28
	constant pool entry 28	50000d27
	constant pool entry 26	50000cc3
	constant pool entry 25	500007d8
	constant pool entry 23	50000b9d
	constant pool entry 22	50000d1f
	constant pool entry 21	50000b69
	constant pool entry 20	50000c68
	constant pool entry 19	50000be0
	constant pool entry 18	50000d1e
	constant pool entry 17	50000bad
	constant pool entry 16	50000d1d
	constant pool entry 15	50000bb1
	constant pool entry 14	50000d1c
	constant pool entry 13	50000d1b
	constant pool entry 12	50000d1a
	constant pool entry 11	50000d19
	constant pool entry 10	50000c9a
	constant pool entry 9	500001cd
	constant pool entry 6	50000114
	constant pool entry 4	50000115
	constant pool entry 2	50000116
	constant pool entry 1	500009c7
CLS 5000011c (name=java.lang.ref.Finalizer$FinalizerThread, trace=300000)
	super		500001a9
	constant pool entry 37	500001ab
	constant pool entry 34	5000012b
	constant pool entry 30	50000120
	constant pool entry 13	500001a9
	constant pool entry 12	5000011c
	constant pool entry 10	500001ac
	constant pool entry 1	50001555
CLS 5000011d (name=java.lang.Math, trace=300000)
	super		500001d1
	constant pool entry 268	500001c9
	constant pool entry 99	5000016d
	constant pool entry 64	5000016c
	constant pool entry 10	5000011d
CLS 5000011e (name=java.util.Hashtable$Entry[], trace=300000)
	super		500001d1
CLS 5000011f (name=java.util.Hashtable$Entry, trace=300000)
	super		500001d1
	constant pool entry 22	500001d1
	constant pool entry 6	5000011f
CLS 50000120 (name=sun.misc.VM, trace=300000)
	super		500001d1
	static lock	500005d5
	static savedProps	500005d4
	constant pool entry 186	500000aa
	constant pool entry 171	500000e5
	constant pool entry 54	500001a3
	constant pool entry 51	500001d1
	constant pool entry 38	500005d3
	constant pool entry 37	500005d2
	constant pool entry 36	500005d1
	constant pool entry 35	500005d0
	constant pool entry 32	500005cf
	constant pool entry 31	500003ec
	constant pool entry 30	500005ce
	constant pool entry 23	500005cd
	constant pool entry 22	500001cd
	constant pool entry 20	500005cc
	constant pool entry 4	50000120
CLS 50000121 (name=java.util.HashMap$Node[], trace=300000)
	super		500001d1
CLS 50000122 (name=java.util.Map$Entry[], trace=300000)
	super		500001d1
CLS 50000124 (name=java.util.Map$Entry, trace=300000)
CLS 50000126 (name=sun.reflect.Reflection, trace=300000)
	super		500001d1
	static fieldFilterMap	50001074
	static methodFilterMap	50001073
	constant pool entry 237	50000156
	constant pool entry 161	500001a6
	constant pool entry 131	50000104
	constant pool entry 65	50001072
	constant pool entry 64	500001c9
	constant pool entry 63	50001071
	constant pool entry 62	500001c6
	constant pool entry 61	50001070
	constant pool entry 60	5000106f
	constant pool entry 59	500001cd
	constant pool entry 58	50000126
	constant pool entry 46	5000000c
	constant pool entry 45	5000010c
	constant pool entry 40	50000125
CLS 50000127 (name=java.lang.String[], trace=300000)
	super		500001d1
CLS 50000128 (name=java.lang.CharSequence[], trace=300000)
	super		500001d1
CLS 500001ba (name=java.lang.LinkageError, trace=300000)
	super		500001c4
	constant pool entry 5	500001c4
CLS 5000012a (name=java.lang.IncompatibleClassChangeError, trace=300000)
	super		500001ba
	constant pool entry 4	500001ba
CLS 50000129 (name=java.lang.NoSuchMethodError, trace=300000)
	super		5000012a
	constant pool entry 4	5000012a
CLS 5000012b (name=sun.misc.SharedSecrets, trace=300000)
	super		500001d1
	static unsafe	5000043d
	static javaUtilJarAccess	500007d7
	static javaLangAccess	50000245
	static javaLangRefAccess	500007d6
	static javaNetAccess	500007d5
	static javaNioAccess	500007d4
	static javaIOFileDescriptorAccess	500007d3
	static javaSecurityProtectionDomainAccess	500007d2
	static javaSecurityAccess	500007d1
	static javaUtilZipFileAccess	500007d0
	constant pool entry 135	5000017f
	constant pool entry 30	5000012b
	constant pool entry 24	5000004e
CLS 5000012c (name=java.lang.ref.Reference$1, trace=300000)
	super		500001d1
	constant pool entry 4	500001d1
CLS 5000012d (name=sun.misc.JavaLangRefAccess, trace=300000)
CLS 5000012e (name=java.lang.Thread[], trace=300000)
	super		500001d1
CLS 5000012f (name=java.lang.Runnable[], trace=300000)
	super		500001d1
CLS 50000130 (name=java.lang.ref.ReferenceQueue$Lock, trace=300000)
	super		500001d1
	constant pool entry 4	500001d1
	constant pool entry 3	50000130
CLS 500001ab (name=java.lang.ref.ReferenceQueue, trace=300000)
	super		500001d1
	static NULL	500008a2
	static ENQUEUED	500008a5
	constant pool entry 106	500001c9
	constant pool entry 92	50000120
	constant pool entry 84	500001b2
	constant pool entry 31	500001d1
	constant pool entry 29	50000131
	constant pool entry 27	500001ab
	constant pool entry 14	500001af
	constant pool entry 2	50000130
CLS 50000131 (name=java.lang.ref.ReferenceQueue$Null, trace=300000)
	super		500001ab
	constant pool entry 4	500001ab
	constant pool entry 3	50000131
CLS 50000134 (name=java.util.Collections$UnmodifiableCollection, trace=300000)
	super		500001d1
	constant pool entry 21	500001d1
	constant pool entry 20	50000134
CLS 50000133 (name=java.util.Collections$UnmodifiableList, trace=300000)
	super		50000134
	constant pool entry 19	50000134
	constant pool entry 13	50000133
CLS 50000132 (name=java.util.Collections$UnmodifiableRandomAccessList, trace=300000)
	super		50000133
	constant pool entry 6	50000133
CLS 50000135 (name=java.util.Collections$EmptyMap, trace=300000)
	super		50000136
	constant pool entry 11	50000136
	constant pool entry 10	50000135
CLS 50000137 (name=java.util.Collections$EmptyList, trace=300000)
	super		50000143
	constant pool entry 21	50000143
	constant pool entry 20	50000137
CLS 50000138 (name=java.util.Collections$EmptySet, trace=300000)
	super		50000139
	constant pool entry 10	50000139
	constant pool entry 9	50000138
CLS 5000013a (name=java.util.Set, trace=300000)
CLS 5000013b (name=java.util.Collections, trace=300000)
	super		500001d1
	static EMPTY_SET	500006ee
	static EMPTY_LIST	500006ed
	static EMPTY_MAP	500006ec
	constant pool entry 159	50000135
	constant pool entry 157	50000137
	constant pool entry 155	50000138
	constant pool entry 151	5000009e
	constant pool entry 66	500000ea
	constant pool entry 53	50000132
	constant pool entry 5	5000013b
	constant pool entry 3	50000145
CLS 5000013c (name=java.util.ArrayList, trace=300000)
	super		50000143
	static EMPTY_ELEMENTDATA	500003de
	static DEFAULTCAPACITY_EMPTY_ELEMENTDATA	500003df
	constant pool entry 366	50000156
	constant pool entry 242	5000011d
	constant pool entry 236	50000101
	constant pool entry 84	50000143
	constant pool entry 64	50000229
	constant pool entry 22	5000013c
	constant pool entry 18	50000167
	constant pool entry 4	500001d1
CLS 5000013d (name=java.lang.InterruptedException, trace=300000)
	super		500001c2
CLS 5000013e (name=java.lang.ref.Reference$ReferenceHandler, trace=300000)
	super		500001a9
	constant pool entry 43	500001b2
	constant pool entry 32	500001c9
	constant pool entry 16	500001a9
	constant pool entry 15	5000013e
	constant pool entry 14	500001ad
	constant pool entry 12	5000013d
CLS 5000013f (name=java.lang.ref.Reference$Lock, trace=300000)
	super		500001d1
	constant pool entry 4	500001d1
	constant pool entry 3	5000013f
CLS 50000140 (name=sun.reflect.ReflectionFactory, trace=300000)
	super		500001d1
	static reflectionFactoryAccessPerm	500003fc
	static soleInstance	500003f4
	static langReflectAccess	500003fb
	constant pool entry 356	5000014e
	constant pool entry 284	50000103
	constant pool entry 274	50000126
	constant pool entry 267	5000019c
	constant pool entry 241	500001c6
	constant pool entry 129	50000140
	constant pool entry 127	500003fa
	constant pool entry 126	5000014f
	constant pool entry 120	500000fa
	constant pool entry 97	500001d1
	constant pool entry 64	50000104
	constant pool entry 44	500000f8
	constant pool entry 42	500000f9
	constant pool entry 34	50000197
	constant pool entry 32	500001c9
	constant pool entry 24	50000009
	constant pool entry 22	5000000a
CLS 50000142 (name=java.util.Vector, trace=300000)
	super		50000143
	constant pool entry 393	50000156
	constant pool entry 263	500001c6
	constant pool entry 261	50000101
	constant pool entry 97	50000143
	constant pool entry 26	50000142
	constant pool entry 11	500001d1
CLS 50000141 (name=java.util.Stack, trace=300000)
	super		50000142
	constant pool entry 11	50000142
	constant pool entry 10	50000141
CLS 50000145 (name=java.util.RandomAccess, trace=300000)
CLS 50000146 (name=java.util.List, trace=300000)
CLS 50000147 (name=java.util.Collection, trace=300000)
CLS 50000148 (name=java.lang.Iterable, trace=300000)
CLS 50000149 (name=java.security.cert.Certificate[], trace=300000)
	super		500001d1
CLS 5000014a (name=java.security.cert.Certificate, trace=300000)
	super		500001d1
CLS 5000014b (name=sun.reflect.ReflectionFactory$GetReflectionFactoryAction, trace=300000)
	super		500001d1
	constant pool entry 19	50000140
	constant pool entry 5	500001d1
	constant pool entry 4	5000014b
CLS 5000014c (name=java.security.PrivilegedAction, trace=300000)
CLS 50000150 (name=java.security.BasicPermission, trace=300000)
	super		50000151
	constant pool entry 83	500001d1
	constant pool entry 70	500001cd
	constant pool entry 28	50000151
	constant pool entry 27	50000400
	constant pool entry 24	5000000d
	constant pool entry 20	50000150
	constant pool entry 15	500003ff
	constant pool entry 13	500003fe
CLS 5000014d (name=java.lang.reflect.ReflectPermission, trace=300000)
	super		50000150
	constant pool entry 4	50000150
CLS 5000014e (name=java.security.AccessController, trace=300000)
	super		500001d1
	constant pool entry 48	5000014e
	constant pool entry 22	500001be
CLS 5000014f (name=java.lang.RuntimePermission, trace=300000)
	super		50000150
	constant pool entry 4	50000150
CLS 50000152 (name=java.security.Guard, trace=300000)
CLS 50000153 (name=java.lang.StackTraceElement[], trace=300000)
	super		500001d1
CLS 50000154 (name=java.lang.ThreadGroup[], trace=300000)
	super		500001d1
CLS 50000155 (name=java.lang.Thread$UncaughtExceptionHandler[], trace=300000)
	super		500001d1
CLS 50000156 (name=com.sun.demo.jvmti.hprof.Tracker, trace=300000)
	super		500001d1
	constant pool entry 42	500001a9
	constant pool entry 13	50000156
	constant pool entry 4	500003e0
CLS 50000157 (name=java.lang.String$CaseInsensitiveComparator, trace=300000)
	super		500001d1
	constant pool entry 12	500001d1
	constant pool entry 11	50000157
CLS 50000158 (name=java.util.Comparator, trace=300000)
CLS 50000159 (name=java.io.ObjectStreamField[], trace=300000)
	super		500001d1
CLS 5000015a (name=java.lang.Comparable[], trace=300000)
	super		500001d1
CLS 5000015b (name=java.io.ObjectStreamField, trace=300000)
	super		500001d1
	constant pool entry 136	500001c9
	constant pool entry 128	5000016c
	constant pool entry 127	5000016d
	constant pool entry 126	50000168
	constant pool entry 125	50000169
	constant pool entry 124	5000016a
	constant pool entry 123	5000016f
	constant pool entry 122	5000016b
	constant pool entry 120	50000170
	constant pool entry 115	500001cd
	constant pool entry 37	50000180
	constant pool entry 35	5000015b
	constant pool entry 22	500001d1
CLS 5000015c (name=java.lang.OutOfMemoryError[], trace=300000)
	super		500001d1
CLS 5000015d (name=java.lang.VirtualMachineError[], trace=300000)
	super		500001d1
CLS 5000015e (name=java.lang.Error[], trace=300000)
	super		500001d1
CLS 5000015f (name=java.lang.Throwable[], trace=300000)
	super		500001d1
CLS 50000160 (name=java.lang.ArithmeticException, trace=300000)
	super		500001c1
CLS 50000161 (name=java.lang.NullPointerException, trace=300000)
	super		500001c1
CLS 50000162 (name=java.lang.Class[], trace=300000)
	super		500001d1
CLS 50000163 (name=java.io.Serializable[], trace=300000)
	super		500001d1
CLS 50000164 (name=java.lang.reflect.GenericDeclaration[], trace=300000)
	super		500001d1
CLS 50000165 (name=java.lang.reflect.AnnotatedElement[], trace=300000)
	super		500001d1
CLS 50000166 (name=java.lang.reflect.Type[], trace=300000)
	super		500001d1
CLS 50000167 (name=java.lang.Object[], trace=300000)
	super		500001d1
CLS 50000168 (name=java.lang.Long, trace=300000)
	super		5000016e
	static TYPE	500003bd
	constant pool entry 362	50000156
	constant pool entry 311	500001c9
	constant pool entry 250	5000011d
	constant pool entry 113	500003f2
	constant pool entry 38	50000169
	constant pool entry 6	500001cd
	constant pool entry 1	50000168
CLS 50000169 (name=java.lang.Integer, trace=300000)
	super		5000016e
	static TYPE	500003be
	static digits	50000421
	static DigitTens	50000420
	static DigitOnes	5000041f
	static sizeTable	5000041e
	constant pool entry 315	50000156
	constant pool entry 276	500001c9
	constant pool entry 256	500001c6
	constant pool entry 94	5000016e
	constant pool entry 85	5000041c
	constant pool entry 51	500000ad
	constant pool entry 6	500001cd
	constant pool entry 3	5000016f
	constant pool entry 1	50000169
CLS 5000016a (name=java.lang.Short, trace=300000)
	super		5000016e
	static TYPE	500003bf
	constant pool entry 141	500001c9
	constant pool entry 34	5000152c
	constant pool entry 1	5000016a
CLS 5000016b (name=java.lang.Byte, trace=300000)
	super		5000016e
	static TYPE	500003c0
	constant pool entry 133	500001c9
	constant pool entry 30	5000152e
	constant pool entry 1	5000016b
CLS 5000016c (name=java.lang.Double, trace=300000)
	super		5000016e
	static TYPE	500003c1
	constant pool entry 201	500001c9
	constant pool entry 61	50000418
	constant pool entry 1	5000016c
CLS 5000016d (name=java.lang.Float, trace=300000)
	super		5000016e
	static TYPE	500003c2
	constant pool entry 154	500001c9
	constant pool entry 34	5000041a
	constant pool entry 1	5000016d
CLS 5000016f (name=java.lang.Character, trace=300000)
	super		500001d1
	static TYPE	500003c3
	constant pool entry 420	500001c9
	constant pool entry 372	5000006c
	constant pool entry 103	50000ee1
	constant pool entry 1	5000016f
CLS 50000170 (name=java.lang.Boolean, trace=300000)
	super		500001d1
	static TRUE	500005c2
	static FALSE	500005c1
	static TYPE	500003c4
	constant pool entry 97	500001c9
	constant pool entry 90	500001c6
	constant pool entry 82	500001cd
	constant pool entry 21	500001d1
	constant pool entry 18	500005c0
	constant pool entry 11	50000170
	constant pool entry 5	500003ec
CLS 50000172 (name=java.lang.StackTraceElement, trace=300000)
	super		500001d1
CLS 50000173 (name=java.security.CodeSource, trace=300000)
	super		500001d1
	constant pool entry 181	50000178
	constant pool entry 108	500001d1
	constant pool entry 11	50000173
CLS 500001c7 (name=java.lang.ClassLoader, trace=300000)
	super		500001d1
	static nocerts	500006f8
	static scl	50000274
	static loadedLibraryNames	500006f7
	static systemNativeLibraries	500006f6
	static nativeLibraryContext	500006f5
	static usr_paths	500006f4
	static sys_paths	500006f3
	constant pool entry 866	50000156
	constant pool entry 602	50000176
	constant pool entry 590	50000126
	constant pool entry 563	50000120
	constant pool entry 545	50000178
	constant pool entry 527	5000013a
	constant pool entry 525	5000014e
	constant pool entry 516	500001c9
	constant pool entry 504	5000003c
	constant pool entry 488	5000013b
	constant pool entry 464	500001c6
	constant pool entry 253	500000a1
	constant pool entry 249	50000141
	constant pool entry 248	5000014a
	constant pool entry 219	500000b3
	constant pool entry 212	500000b8
	constant pool entry 195	5000017a
	constant pool entry 194	500006f2
	constant pool entry 191	500006f1
	constant pool entry 187	500001cd
	constant pool entry 170	5000001a
	constant pool entry 152	5000005b
	constant pool entry 130	500001c7
	constant pool entry 106	500003e5
	constant pool entry 78	500006f0
	constant pool entry 46	500001bb
	constant pool entry 34	500001d1
	constant pool entry 30	5000005f
	constant pool entry 26	50000081
	constant pool entry 16	50000125
	constant pool entry 12	50000149
	constant pool entry 11	50000173
	constant pool entry 10	500001bf
	constant pool entry 8	50000142
CLS 500001bd (name=java.security.SecureClassLoader, trace=300000)
	super		500001c7
	constant pool entry 96	500000a2
	constant pool entry 74	500001c6
	constant pool entry 36	500001c7
	constant pool entry 35	500001bd
	constant pool entry 32	50000def
	constant pool entry 16	500001bf
	constant pool entry 13	50000017
	constant pool entry 2	50000125
CLS 50000179 (name=java.net.URLClassLoader, trace=300000)
	super		500001bd
	constant pool entry 392	500001c7
	constant pool entry 383	50000018
	constant pool entry 362	5000017a
	constant pool entry 360	50000151
	constant pool entry 345	50000177
	constant pool entry 337	5000001e
	constant pool entry 335	5000001c
	constant pool entry 333	50000048
	constant pool entry 328	5000012b
	constant pool entry 322	5000003c
	constant pool entry 313	50000020
	constant pool entry 311	500001cd
	constant pool entry 291	5000001a
	constant pool entry 254	50000016
	constant pool entry 247	5000014e
	constant pool entry 243	500001c6
	constant pool entry 147	500001bd
	constant pool entry 143	5000009b
	constant pool entry 140	50000179
	constant pool entry 120	50000de5
	constant pool entry 118	5000079b
	constant pool entry 114	50000012
	constant pool entry 106	50000178
	constant pool entry 101	500003ec
	constant pool entry 89	500005a8
	constant pool entry 80	50000173
	constant pool entry 55	50000180
	constant pool entry 49	500001bb
	constant pool entry 46	500001c9
	constant pool entry 43	50000054
	constant pool entry 11	5000005e
	constant pool entry 5	50000106
CLS 50000174 (name=sun.misc.Launcher$ExtClassLoader, trace=300000)
	super		50000179
	static instance	50000276
	constant pool entry 244	50000156
	constant pool entry 169	500001c7
	constant pool entry 137	500001cd
	constant pool entry 125	500001c6
	constant pool entry 122	5000005e
	constant pool entry 120	5000009c
	constant pool entry 118	5000012b
	constant pool entry 109	5000014e
	constant pool entry 104	50000176
	constant pool entry 61	50000179
	constant pool entry 36	50000178
	constant pool entry 30	50000e2d
	constant pool entry 27	50000142
	constant pool entry 24	5000017a
	constant pool entry 20	50000099
	constant pool entry 18	50000fba
	constant pool entry 5	5000009a
	constant pool entry 3	50000174
CLS 50000175 (name=sun.misc.Launcher$AppClassLoader, trace=300000)
	super		50000179
	constant pool entry 139	500001c9
	constant pool entry 119	50000018
	constant pool entry 104	500001cd
	constant pool entry 102	5000005e
	constant pool entry 99	5000009c
	constant pool entry 97	5000012b
	constant pool entry 92	5000014e
	constant pool entry 86	500001c6
	constant pool entry 51	50000179
	constant pool entry 50	50000175
	constant pool entry 47	50000176
	constant pool entry 27	500003fe
	constant pool entry 26	5000014f
	constant pool entry 8	500001c7
	constant pool entry 5	5000005c
	constant pool entry 1	50000fbf
CLS 50000176 (name=sun.misc.Launcher, trace=300000)
	super		500001d1
	static factory	50000fbe
	static launcher	50000fbd
	static bootClassPath	500006c2
	constant pool entry 229	50000156
	constant pool entry 167	50000087
	constant pool entry 137	500001cd
	constant pool entry 134	500001c6
	constant pool entry 130	500001a9
	constant pool entry 66	50000174
	constant pool entry 64	50000175
	constant pool entry 58	500001d1
	constant pool entry 57	50000fbc
	constant pool entry 55	50000176
	constant pool entry 53	500000a3
	constant pool entry 42	5000017a
	constant pool entry 38	50000178
	constant pool entry 17	50000fbb
CLS 50000177 (name=java.util.jar.Manifest, trace=300000)
	super		500001d1
	constant pool entry 266	50000156
	constant pool entry 147	500001a6
	constant pool entry 78	500001d1
	constant pool entry 72	50000177
	constant pool entry 54	5000001d
	constant pool entry 5	50000125
	constant pool entry 2	5000001e
CLS 50000178 (name=java.net.URL, trace=300000)
	super		500001d1
	static BUILTIN_HANDLERS_PREFIX	50000780
	static protocolPathProp	5000077e
	static handlers	5000078c
	static streamHandlerLock	5000078b
	static serialPersistentFields	5000078a
	constant pool entry 567	50000156
	constant pool entry 450	50000169
	constant pool entry 412	500001c9
	constant pool entry 401	5000014e
	constant pool entry 295	500001c6
	constant pool entry 164	5000015b
	constant pool entry 163	500001d1
	constant pool entry 161	500001a4
	constant pool entry 137	50000789
	constant pool entry 136	50000788
	constant pool entry 135	50000787
	constant pool entry 134	50000786
	constant pool entry 132	50000785
	constant pool entry 131	50000784
	constant pool entry 127	50000783
	constant pool entry 118	50000782
	constant pool entry 117	50000781
	constant pool entry 112	50000099
	constant pool entry 111	50000780
	constant pool entry 110	5000077f
	constant pool entry 109	500001cd
	constant pool entry 106	500003e5
	constant pool entry 105	5000077e
	constant pool entry 104	500000cf
	constant pool entry 102	50000069
	constant pool entry 63	50000178
	constant pool entry 47	500005a8
	constant pool entry 42	5000077d
	constant pool entry 25	5000006a
	constant pool entry 13	50000180
CLS 5000017a (name=java.io.File, trace=300000)
	super		500001d1
	static fs	50000440
	static separator	5000043f
	static pathSeparator	5000043e
	static UNSAFE	5000043d
	constant pool entry 462	500000c3
	constant pool entry 460	500001c9
	constant pool entry 451	5000017f
	constant pool entry 381	500001c6
	constant pool entry 171	500000bc
	constant pool entry 165	500001d1
	constant pool entry 163	5000043c
	constant pool entry 141	5000043b
	constant pool entry 97	500001cd
	constant pool entry 80	500000c2
	constant pool entry 59	50000180
	constant pool entry 46	5000017a
	constant pool entry 11	500003e5
CLS 5000017b (name=java.io.ByteArrayInputStream, trace=300000)
	super		5000017c
CLS 5000017d (name=java.io.Closeable, trace=300000)
CLS 5000017e (name=java.lang.AutoCloseable, trace=300000)
CLS 5000017f (name=sun.misc.Unsafe, trace=300000)
	super		500001d1
	static theUnsafe	5000043d
	constant pool entry 391	50000156
	constant pool entry 292	50000120
	constant pool entry 290	500001c9
	constant pool entry 288	50000126
	constant pool entry 80	500001d1
	constant pool entry 66	50000167
	constant pool entry 64	500001d6
	constant pool entry 62	500001d7
	constant pool entry 60	500001d2
	constant pool entry 58	500001d3
	constant pool entry 56	500001d8
	constant pool entry 54	500001d4
	constant pool entry 52	500001d5
	constant pool entry 49	500001d9
	constant pool entry 46	500005cb
	constant pool entry 45	500001cd
	constant pool entry 44	5000017f
CLS 50000182 (name=java.lang.AbstractStringBuilder, trace=300000)
	super		500001d1
	constant pool entry 319	50000156
	constant pool entry 193	50000101
	constant pool entry 94	500001d1
	constant pool entry 54	50000168
	constant pool entry 35	500001cd
	constant pool entry 8	50000182
	constant pool entry 1	50000169
CLS 50000180 (name=java.lang.StringBuilder, trace=300000)
	super		50000182
	constant pool entry 96	50000182
	constant pool entry 95	50000180
	constant pool entry 41	500001cd
CLS 50000181 (name=java.lang.StringBuffer, trace=300000)
	super		50000182
	static serialPersistentFields	500005b3
	constant pool entry 372	50000156
	constant pool entry 333	50000170
	constant pool entry 331	50000169
	constant pool entry 281	50000101
	constant pool entry 106	50000182
	constant pool entry 105	50000181
	constant pool entry 100	5000015b
	constant pool entry 69	500001d8
	constant pool entry 64	500005b2
	constant pool entry 62	500005b1
	constant pool entry 60	500005b0
	constant pool entry 57	500001cd
CLS 50000183 (name=java.lang.Appendable, trace=300000)
CLS 50000187 (name=java.lang.invoke.CallSite, trace=300000)
	super		500001d1
CLS 50000184 (name=java.lang.invoke.VolatileCallSite, trace=300000)
	super		50000187
CLS 50000185 (name=java.lang.invoke.MutableCallSite, trace=300000)
	super		50000187
CLS 50000186 (name=java.lang.invoke.ConstantCallSite, trace=300000)
	super		50000187
CLS 50000188 (name=java.lang.BootstrapMethodError, trace=300000)
	super		500001ba
CLS 50000189 (name=java.lang.invoke.MethodType, trace=300000)
	super		500001d1
CLS 5000018a (name=java.lang.invoke.LambdaForm, trace=300000)
	super		500001d1
CLS 5000018b (name=java.lang.invoke.MethodHandleNatives, trace=300000)
	super		500001d1
	constant pool entry 355	5000020e
	constant pool entry 124	5000018b
	constant pool entry 43	500001c9
CLS 5000018c (name=java.lang.invoke.MemberName, trace=300000)
	super		500001d1
	static CONSTRUCTOR_NAME	500015ba
	constant pool entry 37	500001c9
	constant pool entry 2	5000018c
CLS 5000018e (name=java.lang.invoke.MethodHandle, trace=300000)
	super		500001d1
	constant pool entry 325	5000017f
	constant pool entry 264	5000026d
	constant pool entry 249	5000020e
	constant pool entry 105	500015a7
	constant pool entry 102	5000018e
	constant pool entry 34	500001c9
CLS 5000018d (name=java.lang.invoke.DirectMethodHandle, trace=300000)
	super		5000018e
CLS 5000018f (name=sun.reflect.CallerSensitive, trace=300000)
CLS 50000190 (name=java.lang.annotation.Annotation, trace=300000)
CLS 50000193 (name=sun.reflect.FieldAccessorImpl, trace=300000)
	super		5000019b
CLS 50000192 (name=sun.reflect.UnsafeFieldAccessorImpl, trace=300000)
	super		50000193
CLS 50000191 (name=sun.reflect.UnsafeStaticFieldAccessorImpl, trace=300000)
	super		50000192
CLS 50000194 (name=sun.reflect.FieldAccessor, trace=300000)
CLS 50000195 (name=sun.reflect.ConstantPool, trace=300000)
	super		500001d1
CLS 50000196 (name=sun.reflect.DelegatingClassLoader, trace=300000)
	super		500001c7
CLS 50000198 (name=sun.reflect.ConstructorAccessor, trace=300000)
CLS 5000019a (name=sun.reflect.MethodAccessor, trace=300000)
CLS 500001a2 (name=java.lang.reflect.AccessibleObject, trace=300000)
	super		500001d1
	static ACCESS_PERMISSION	5000106b
	static reflectionFactory	500003f4
	constant pool entry 120	5000014e
	constant pool entry 86	500001c6
	constant pool entry 35	500001d1
	constant pool entry 34	500001a2
	constant pool entry 32	50000140
	constant pool entry 29	5000014b
	constant pool entry 27	5000106a
	constant pool entry 26	5000014d
	constant pool entry 7	500001c9
	constant pool entry 5	5000019c
CLS 5000019e (name=java.lang.reflect.Executable, trace=300000)
	super		500001a2
	constant pool entry 102	500001a2
CLS 5000019c (name=java.lang.reflect.Constructor, trace=300000)
	super		5000019e
	constant pool entry 243	50000140
	constant pool entry 237	50000198
	constant pool entry 213	50000162
	constant pool entry 207	500001c9
	constant pool entry 75	5000019e
	constant pool entry 30	50000162
	constant pool entry 20	5000019c
CLS 5000019d (name=java.lang.reflect.Method, trace=300000)
	super		5000019e
	constant pool entry 266	50000140
	constant pool entry 257	5000019a
	constant pool entry 229	50000162
	constant pool entry 85	5000019e
	constant pool entry 33	50000162
	constant pool entry 23	5000019d
CLS 5000019f (name=java.lang.reflect.Parameter, trace=300000)
	super		500001d1
CLS 500001a0 (name=java.lang.reflect.Field, trace=300000)
	super		500001a2
	constant pool entry 86	500001a2
	constant pool entry 20	500001a0
CLS 500001a1 (name=java.lang.reflect.Member, trace=300000)
CLS 500001a5 (name=java.util.Dictionary, trace=300000)
	super		500001d1
	constant pool entry 3	500001d1
CLS 500001a4 (name=java.util.Hashtable, trace=300000)
	super		500001a5
	constant pool entry 432	50000156
	constant pool entry 321	5000013b
	constant pool entry 303	500000e7
	constant pool entry 301	5000013a
	constant pool entry 290	500001d1
	constant pool entry 280	5000011d
	constant pool entry 273	5000016d
	constant pool entry 108	500001a5
	constant pool entry 79	500001a6
	constant pool entry 74	500000ec
	constant pool entry 68	500000e6
	constant pool entry 48	50000124
	constant pool entry 20	500001a4
	constant pool entry 19	5000011f
CLS 500001a3 (name=java.util.Properties, trace=300000)
	super		500001a4
	static hexDigit	500006eb
	constant pool entry 274	50000156
	constant pool entry 75	500001a3
	constant pool entry 64	500001a4
	constant pool entry 17	500001cd
	constant pool entry 5	5000049c
CLS 500001a6 (name=java.util.Map, trace=300000)
CLS 500001a7 (name=java.lang.ThreadGroup, trace=300000)
	super		500001d1
	constant pool entry 276	50000156
	constant pool entry 185	500001c6
	constant pool entry 75	500001d1
	constant pool entry 45	500001a7
	constant pool entry 5	500001a9
	constant pool entry 3	500008a8
CLS 500001a8 (name=java.lang.Thread$UncaughtExceptionHandler, trace=300000)
CLS 500001aa (name=java.lang.Runnable, trace=300000)
CLS 500001af (name=java.lang.ref.FinalReference, trace=300000)
	super		500001b2
	constant pool entry 3	500001b2
CLS 500001ac (name=java.lang.ref.Finalizer, trace=300000)
	super		500001af
	static queue	50000243
	static unfinalized	5000039e
	static lock	50001557
	constant pool entry 122	500001a7
	constant pool entry 104	500000a9
	constant pool entry 40	500001af
	constant pool entry 36	500001a9
	constant pool entry 34	5000011c
	constant pool entry 29	500001d1
	constant pool entry 27	500001ab
	constant pool entry 14	500000bd
	constant pool entry 9	500001ac
CLS 500001ae (name=java.lang.ref.PhantomReference, trace=300000)
	super		500001b2
CLS 500001ad (name=sun.misc.Cleaner, trace=300000)
	super		500001ae
	static dummyQueue	500008ab
	constant pool entry 16	500001ab
	constant pool entry 7	500001ad
CLS 500001b3 (name=java.lang.IllegalMonitorStateException, trace=300000)
	super		500001c1
CLS 500001b4 (name=java.lang.StackOverflowError, trace=300000)
	super		500001b6
CLS 500001b5 (name=java.lang.OutOfMemoryError, trace=300000)
	super		500001b6
CLS 500001b7 (name=java.lang.ArrayStoreException, trace=300000)
	super		500001c1
CLS 500001b8 (name=java.lang.ClassCastException, trace=300000)
	super		500001c1
CLS 500001b9 (name=java.lang.NoClassDefFoundError, trace=300000)
	super		500001ba
CLS 500001bb (name=java.lang.ClassNotFoundException, trace=300000)
	super		500001bc
	constant pool entry 6	500001bc
CLS 500001be (name=java.security.AccessControlContext, trace=300000)
	super		500001d1
	constant pool entry 207	5000014e
	constant pool entry 89	500001d1
	constant pool entry 80	500001be
CLS 500001bf (name=java.security.ProtectionDomain, trace=300000)
	super		500001d1
	constant pool entry 288	50000156
	constant pool entry 220	500000a2
	constant pool entry 217	5000012b
	constant pool entry 80	500001d1
	constant pool entry 79	500001bf
	constant pool entry 76	50000063
	constant pool entry 74	50000df8
	constant pool entry 71	50000065
	constant pool entry 54	50000018
	constant pool entry 13	50000061
	constant pool entry 10	50000017
	constant pool entry 4	50000062
CLS 500001c0 (name=java.lang.SecurityManager, trace=300000)
	super		500001d1
CLS 500001c3 (name=java.lang.ThreadDeath, trace=300000)
	super		500001c4
CLS 500001c6 (name=java.lang.System, trace=300000)
	super		500001d1
	static in	50000431
	static out	50000430
	static err	5000042f
	static props	5000042e
	static lineSeparator	5000042c
	constant pool entry 300	500001a7
	constant pool entry 297	500001a9
	constant pool entry 294	500000b2
	constant pool entry 281	500000e2
	constant pool entry 278	500000e4
	constant pool entry 275	50000120
	constant pool entry 265	50000126
	constant pool entry 259	500000e5
	constant pool entry 204	5000012b
	constant pool entry 99	500000a8
	constant pool entry 90	50000429
	constant pool entry 89	50000427
	constant pool entry 87	50000425
	constant pool entry 85	500000db
	constant pool entry 81	500000dd
	constant pool entry 78	500000e3
	constant pool entry 76	50000422
	constant pool entry 70	500000d3
	constant pool entry 69	500000d4
	constant pool entry 48	500003e5
	constant pool entry 43	500001cd
	constant pool entry 31	500001a3
	constant pool entry 7	500001c6
CLS 500001c8 (name=java.lang.Cloneable, trace=300000)
CLS 500001c9 (name=java.lang.Class, trace=300000)
	super		500001d1
	static serialPersistentFields	500003f8
	static reflectionFactory	500003f4
	constant pool entry 1225	50000156
	constant pool entry 774	500001cd
	constant pool entry 729	5000014e
	constant pool entry 711	500001c6
	constant pool entry 708	500001c7
	constant pool entry 706	50000126
	constant pool entry 341	5000010f
	constant pool entry 331	5000015b
	constant pool entry 267	50000111
	constant pool entry 266	50000140
	constant pool entry 264	5000014b
	constant pool entry 251	5000019d
	constant pool entry 224	5000051f
	constant pool entry 216	5000019c
	constant pool entry 211	500001a0
	constant pool entry 187	500001b1
	constant pool entry 183	50000110
	constant pool entry 48	500000fb
	constant pool entry 43	500001c9
CLS 500001ca (name=java.lang.reflect.Type, trace=300000)
CLS 500001cb (name=java.lang.reflect.GenericDeclaration, trace=300000)
CLS 500001cc (name=java.lang.reflect.AnnotatedElement, trace=300000)
CLS 500001cd (name=java.lang.String, trace=300000)
	super		500001d1
	static serialPersistentFields	500003f1
	static CASE_INSENSITIVE_ORDER	500003f0
	constant pool entry 549	50000156
	constant pool entry 436	50000168
	constant pool entry 412	50000085
	constant pool entry 354	5000011d
	constant pool entry 339	500001c6
	constant pool entry 323	500000f7
	constant pool entry 307	50000101
	constant pool entry 147	500001d1
	constant pool entry 145	50000157
	constant pool entry 143	5000015b
	constant pool entry 138	500003ef
	constant pool entry 137	500003ec
	constant pool entry 134	500003c7
	constant pool entry 117	500003eb
	constant pool entry 116	500003ea
	constant pool entry 115	500003e9
	constant pool entry 109	500001ce
	constant pool entry 87	500003e8
	constant pool entry 61	5000016f
	constant pool entry 43	500001cd
	constant pool entry 21	500003e7
	constant pool entry 18	500003e6
	constant pool entry 2	500003e5
CLS 500001ce (name=java.lang.CharSequence, trace=300000)
CLS 500001cf (name=java.lang.Comparable, trace=300000)
CLS 500001d0 (name=java.io.Serializable, trace=300000)
CLS 500001d2 (name=long[], trace=300000)
	super		500001d1
CLS 500001d3 (name=int[], trace=300000)
	super		500001d1
CLS 500001d4 (name=short[], trace=300000)
	super		500001d1
CLS 500001d5 (name=byte[], trace=300000)
	super		500001d1
CLS 500001d6 (name=double[], trace=300000)
	super		500001d1
CLS 500001d7 (name=float[], trace=300000)
	super		500001d1
CLS 500001d8 (name=char[], trace=300000)
	super		500001d1
CLS 500001d9 (name=boolean[], trace=300000)
	super		500001d1
CLS 500001df (name=java.net.SocketAddress, trace=300003)
	super		500001d1
	constant pool entry 3	500001d1
CLS 500001e0 (name=java.net.InetSocketAddress, trace=300003)
	super		500001df
	static serialPersistentFields	500001e3
	static UNSAFE	5000043d
	constant pool entry 249	50000156
	constant pool entry 186	500001c9
	constant pool entry 182	50000169
	constant pool entry 170	5000017f
	constant pool entry 64	500001df
	constant pool entry 58	50001001
	constant pool entry 53	5000015b
	constant pool entry 36	500001f1
	constant pool entry 35	500001cd
	constant pool entry 29	50000785
	constant pool entry 27	5000101d
	constant pool entry 24	5000101c
	constant pool entry 21	500001e0
	constant pool entry 14	50000206
CLS 500001e5 (name=sun.net.spi.DefaultProxySelector$3, trace=300437)
	super		500001d1
	constant pool entry 85	50000445
	constant pool entry 79	500001cd
	constant pool entry 42	500001d1
	constant pool entry 41	500001e5
	constant pool entry 37	50000213
	constant pool entry 12	50001088
	constant pool entry 9	50000180
	constant pool entry 1	5000041d
CLS 500001e6 (name=java.io.Serializable[][], trace=300000)
	super		500001d1
CLS 500001e7 (name=java.lang.Comparable[][], trace=300000)
	super		500001d1
CLS 500001e8 (name=java.lang.CharSequence[][], trace=300000)
	super		500001d1
CLS 500001e9 (name=java.lang.Object[][], trace=300000)
	super		500001d1
CLS 500001ea (name=java.lang.Cloneable[], trace=300000)
	super		500001d1
CLS 500001f1 (name=java.net.InetAddress, trace=300017)
	super		500001d1
	static nameServices	5000028b
	static addressCache	50000263
	static negativeCache	50000266
	static impl	50000289
	static lookupTable	50000269
	static cacheLock	5000029d
	static UNSAFE	5000043d
	static serialPersistentFields	500002a6
	constant pool entry 679	50000156
	constant pool entry 544	50000169
	constant pool entry 529	5000026a
	constant pool entry 524	5000025c
	constant pool entry 506	5000017f
	constant pool entry 472	500001c9
	constant pool entry 424	5000016f
	constant pool entry 417	500002cb
	constant pool entry 409	5000014e
	constant pool entry 369	50000146
	constant pool entry 197	5000015b
	constant pool entry 192	50001001
	constant pool entry 190	500001d1
	constant pool entry 184	5000013c
	constant pool entry 183	50001000
	constant pool entry 180	50000125
	constant pool entry 176	5000025a
	constant pool entry 173	5000020b
	constant pool entry 171	50000170
	constant pool entry 169	50000fff
	constant pool entry 168	50000209
	constant pool entry 152	50000ffe
	constant pool entry 150	50000ffd
	constant pool entry 148	50000ffc
	constant pool entry 142	5000027c
	constant pool entry 126	50000ffb
	constant pool entry 125	500001cd
	constant pool entry 122	50000ffa
	constant pool entry 121	500000cf
	constant pool entry 59	5000029a
	constant pool entry 57	50000be0
	constant pool entry 47	500001f1
	constant pool entry 37	500003e5
	constant pool entry 35	50000180
	constant pool entry 6	500002d4
	constant pool entry 4	50000257
CLS 50000206 (name=java.net.InetSocketAddress$InetSocketAddressHolder, trace=300022)
	super		500001d1
	constant pool entry 84	50000257
	constant pool entry 82	500001f1
	constant pool entry 28	500001d1
	constant pool entry 22	50000206
CLS 50000209 (name=sun.security.action.GetBooleanAction, trace=300025)
	super		500001d1
	constant pool entry 24	50000170
	constant pool entry 7	500001d1
	constant pool entry 6	50000209
CLS 5000020b (name=java.net.InetAddress$1, trace=300027)
	super		500001d1
	constant pool entry 23	500001c6
	constant pool entry 6	500001d1
	constant pool entry 5	5000020b
	constant pool entry 2	5000100d
CLS 5000020e (name=java.lang.invoke.MethodHandleImpl, trace=300030)
	super		500001d1
	static PRODUCE_BLOCK_INLINING_FORM	50000249
	static PRODUCE_REINVOKER_FORM	5000024b
	static FAKE_METHOD_HANDLE_INVOKE	5000024d
	static NO_ARGS_ARRAY	5000024e
	static FILL_ARRAY_TO_RIGHT	5000024f
	static TYPED_COLLECTORS	50000258
	constant pool entry 985	50000156
	constant pool entry 710	5000014e
	constant pool entry 453	5000026b
	constant pool entry 257	50000251
	constant pool entry 255	5000024a
	constant pool entry 253	50000248
	constant pool entry 250	50000223
	constant pool entry 213	50000169
	constant pool entry 44	5000018e
	constant pool entry 41	500001c9
	constant pool entry 30	500001d1
	constant pool entry 1	5000020e
CLS 50000213 (name=java.net.Proxy, trace=300453)
	super		500001d1
	static NO_PROXY	50000216
	constant pool entry 26	50000221
	constant pool entry 25	500001d1
	constant pool entry 19	50000213
CLS 50000221 (name=java.net.Proxy$Type, trace=300457)
	super		500000bd
	static DIRECT	50000222
	static HTTP	50000224
	static SOCKS	50000225
	static $VALUES	50000227
	constant pool entry 53	50000156
	constant pool entry 14	500000bd
	constant pool entry 12	50001016
	constant pool entry 10	50001015
	constant pool entry 7	50001014
	constant pool entry 4	50000221
CLS 50000223 (name=java.lang.invoke.MethodHandleImpl$1, trace=300051)
	super		500001d1
	constant pool entry 38	50000169
	constant pool entry 33	500001c9
	constant pool entry 13	500001d1
	constant pool entry 12	50000223
	constant pool entry 8	500015bc
	constant pool entry 5	5000020e
	constant pool entry 3	50000180
CLS 50000226 (name=java.net.Proxy$Type[], trace=300461)
	super		500001d1
CLS 50000229 (name=java.util.ArrayList$Itr, trace=300462)
	super		500001d1
	constant pool entry 54	5000013c
	constant pool entry 21	500001d1
	constant pool entry 20	50000229
CLS 5000022d (name=sun.net.NetHooks, trace=300464)
	super		500001d1
	static provider	5000023d
	constant pool entry 9	50000235
	constant pool entry 7	5000022d
	constant pool entry 5	50000236
CLS 5000022e (name=java.lang.Shutdown, trace=300000)
	super		500001d1
	static hooks	5000022f
	static lock	50000233
	static haltLock	50000234
	constant pool entry 118	50000156
	constant pool entry 30	50000230
	constant pool entry 29	500001aa
	constant pool entry 18	5000022e
CLS 50000230 (name=java.lang.Shutdown$Lock, trace=300466)
	super		500001d1
	constant pool entry 4	500001d1
	constant pool entry 3	50000230
CLS 50000235 (name=sun.net.NetHooks$Provider, trace=300469)
	super		500001d1
	constant pool entry 3	500001d1
CLS 50000236 (name=sun.net.sdp.SdpProvider, trace=300469)
	super		50000235
	constant pool entry 147	5000014e
	constant pool entry 89	50000235
	constant pool entry 26	50000236
	constant pool entry 3	5000101a
	constant pool entry 2	500000cf
CLS 50000247 (name=java.util.function.Function, trace=300077)
CLS 50000248 (name=java.lang.invoke.MethodHandleImpl$2, trace=300077)
	super		500001d1
	constant pool entry 11	500001d1
CLS 5000024a (name=java.lang.invoke.MethodHandleImpl$3, trace=300079)
	super		500001d1
	constant pool entry 9	500001d1
CLS 5000024c (name=java.lang.invoke.MethodHandle[], trace=300081)
	super		500001d1
CLS 50000250 (name=java.lang.ClassValue, trace=300084)
	super		500001d1
	static EMPTY_CACHE	50000254
	static nextHashCode	50000255
	static CRITICAL_SECTION	50000256
	constant pool entry 178	50000156
	constant pool entry 42	500001d1
	constant pool entry 40	50000112
	constant pool entry 38	50000252
	constant pool entry 11	5000025d
	constant pool entry 8	50000259
	constant pool entry 3	50000250
CLS 50000251 (name=java.lang.invoke.MethodHandleImpl$4, trace=300084)
	super		50000250
	constant pool entry 5	50000250
CLS 50000252 (name=java.lang.ClassValue$Entry, trace=300085)
	super		500001b0
	static DEAD_ENTRY	50000265
	constant pool entry 77	500001c9
	constant pool entry 19	500001b0
	constant pool entry 16	50000250
	constant pool entry 14	50000252
CLS 50000253 (name=java.lang.ClassValue$Entry[], trace=300086)
	super		500001d1
CLS 50000257 (name=java.net.InetAddress$InetAddressHolder, trace=300089)
	super		500001d1
	constant pool entry 7	500001d1
	constant pool entry 6	50000257
CLS 50000259 (name=java.lang.ClassValue$Identity, trace=300091)
	super		500001d1
	constant pool entry 3	500001d1
CLS 5000025a (name=java.net.InetAddress$Cache, trace=300092)
	super		500001d1
	constant pool entry 30	500001d1
	constant pool entry 29	5000025a
	constant pool entry 3	500000bf
CLS 5000025c (name=java.net.InetAddress$Cache$Type, trace=300094)
	super		500000bd
	static Positive	5000025e
	static Negative	5000025f
	static $VALUES	50000262
	constant pool entry 52	50000156
	constant pool entry 12	500000bd
	constant pool entry 10	50001004
	constant pool entry 7	50001002
	constant pool entry 4	5000025c
CLS 5000025d (name=java.lang.ClassValue$Version, trace=300095)
	super		500001d1
	constant pool entry 8	500001d1
	constant pool entry 7	5000025d
	constant pool entry 2	50000252
CLS 50000261 (name=java.net.InetAddress$Cache$Type[], trace=300099)
	super		500001d1
CLS 5000026a (name=java.net.InetAddressImplFactory, trace=300106)
	super		500001d1
	constant pool entry 24	500001f1
	constant pool entry 6	5000026a
	constant pool entry 3	50001009
CLS 5000026b (name=java.lang.invoke.MemberName$Factory, trace=300107)
	super		500001d1
	static INSTANCE	5000026c
	constant pool entry 163	500001c9
	constant pool entry 61	500001d1
	constant pool entry 57	5000026b
	constant pool entry 1	5000018c
CLS 5000026d (name=java.lang.invoke.MethodHandleStatics, trace=300109)
	super		500001d1
	static UNSAFE	5000043d
	constant pool entry 200	50000156
	constant pool entry 151	5000014e
	constant pool entry 145	5000017f
	constant pool entry 56	5000026d
	constant pool entry 47	50000169
	constant pool entry 45	50000170
	constant pool entry 42	5000026f
	constant pool entry 41	500001d1
CLS 5000026f (name=java.lang.invoke.MethodHandleStatics$1, trace=300111)
	super		500001d1
	constant pool entry 53	500001c6
	constant pool entry 47	50000169
	constant pool entry 40	50000170
	constant pool entry 20	500001d1
	constant pool entry 19	5000026f
	constant pool entry 17	500015b0
	constant pool entry 14	500003ec
	constant pool entry 13	500015af
	constant pool entry 12	500015ae
	constant pool entry 11	500015ad
	constant pool entry 9	500015ac
	constant pool entry 8	500015ab
	constant pool entry 7	500015aa
	constant pool entry 6	500015a9
	constant pool entry 3	500015a8
CLS 5000027c (name=java.net.InetAddressImpl, trace=300118)
CLS 5000027d (name=java.net.Inet6AddressImpl, trace=300118)
	super		500001d1
	constant pool entry 26	500001d1
CLS 50000281 (name=sun.misc.PostVMInitHook, trace=300000)
	super		500001d1
	static ORCL_UT_CONFIG_FILE_NAME	500015cc
	constant pool entry 126	50000156
	constant pool entry 95	5000014e
	constant pool entry 69	500001c6
	constant pool entry 36	500015cf
	constant pool entry 35	500015ce
	constant pool entry 33	500015cd
	constant pool entry 32	5000017a
	constant pool entry 29	50000298
	constant pool entry 27	500015cc
	constant pool entry 26	50000281
	constant pool entry 25	500015cb
	constant pool entry 24	500015ca
	constant pool entry 21	500005a7
	constant pool entry 19	50000180
	constant pool entry 17	500015c9
	constant pool entry 16	500001cd
	constant pool entry 14	500015c8
	constant pool entry 13	500015c7
	constant pool entry 11	500002ba
	constant pool entry 9	500015c6
	constant pool entry 7	500015c5
	constant pool entry 3	500010a1
CLS 50000298 (name=sun.misc.PostVMInitHook$1, trace=300140)
	super		500001d1
	constant pool entry 8	500001d1
	constant pool entry 7	50000298
	constant pool entry 3	5000017a
CLS 50000299 (name=sun.net.spi.nameservice.NameService, trace=300141)
CLS 5000029a (name=java.net.InetAddress$2, trace=300141)
	super		500001d1
	constant pool entry 6	500001d1
CLS 500002ba (name=sun.usagetracker.UsageTrackerClient, trace=300151)
	super		500001d1
	static LOCK	500002c5
	static ORCL_UT_CONFIG_FILE_NAME	500015cc
	static ORCL_UT_USAGE_DIR	500015de
	static ORCL_UT_PROPERTY_NAME	500015f2
	static ORCL_UT_PROPERTY_RUN_SYNCHRONOUSLY	500015f1
	static ORCL_UT_PROPERTY_CONFIG_FILE_NAME	500015c9
	static ORCL_UT_LOGTOFILE	500015f0
	static ORCL_UT_LOGFILEMAXSIZE	500015ef
	static ORCL_UT_LOGTOUDP	500015ee
	static ORCL_UT_RECORD_MAXSIZE	500015ed
	static ORCL_UT_RECORD_MAXFIELDSIZE	500015ec
	static ORCL_UT_SEND_TRUNCATED	500015eb
	static ORCL_UT_TRACK_LAST_USAGE	500015ea
	static ORCL_UT_VERBOSE	500015e9
	static ORCL_UT_DEBUG	500015e8
	static ORCL_UT_ADDITIONALPROPERTIES	500015e7
	static ORCL_UT_SEPARATOR	500015e6
	static ORCL_UT_QUOTE	500015e5
	static ORCL_UT_QUOTE_INNER	500015e4
	static DISABLE_LAST_USAGE_PROP_NAME	500015d9
	static DEFAULT_SEP	500015e3
	static DEFAULT_QUOTE	500015e2
	static DEFAULT_QUOTE_INNER	500015e1
	static isFirstRun	500002d2
	static javaHome	50000443
	static userHomeKeyword	500015e0
	constant pool entry 547	50000156
	constant pool entry 398	500001c6
	constant pool entry 381	50000168
	constant pool entry 339	5000014e
	constant pool entry 170	500002ca
	constant pool entry 169	500001d1
	constant pool entry 160	50000794
	constant pool entry 156	500000dd
	constant pool entry 142	500015df
	constant pool entry 140	500015de
	constant pool entry 134	500005a7
	constant pool entry 99	500002e2
	constant pool entry 98	500015dd
	constant pool entry 97	500015dc
	constant pool entry 64	500015db
	constant pool entry 55	500015c5
	constant pool entry 54	500015cf
	constant pool entry 53	500015ce
	constant pool entry 51	5000017a
	constant pool entry 49	500002f9
	constant pool entry 47	500015cc
	constant pool entry 46	500015cb
	constant pool entry 45	50001066
	constant pool entry 41	50000180
	constant pool entry 39	500015c9
	constant pool entry 35	500015da
	constant pool entry 33	500015cd
	constant pool entry 31	500010a1
	constant pool entry 30	500015d9
	constant pool entry 27	500001cd
	constant pool entry 24	500002d3
	constant pool entry 1	500002ba
CLS 500002ca (name=java.util.concurrent.atomic.AtomicBoolean, trace=300155)
	super		500001d1
	static unsafe	5000043d
	constant pool entry 65	500001c9
	constant pool entry 56	5000017f
	constant pool entry 18	500001d1
	constant pool entry 12	500005b0
	constant pool entry 11	500002ca
CLS 500002cb (name=sun.net.util.IPAddressUtil, trace=300156)
	super		500001d1
	constant pool entry 90	50000156
	constant pool entry 55	5000016f
	constant pool entry 52	500001cd
CLS 500002cf (name=java.net.InetAddress[], trace=300158)
	super		500001d1
CLS 500002d3 (name=sun.usagetracker.UsageTrackerClient$1, trace=300160)
	super		500001d1
	constant pool entry 29	500001c6
	constant pool entry 7	500001d1
	constant pool entry 6	500002d3
CLS 500002d4 (name=java.net.Inet4Address, trace=300161)
	super		500001f1
	constant pool entry 111	50000156
	constant pool entry 75	50000257
	constant pool entry 22	50000781
	constant pool entry 19	50000180
	constant pool entry 7	500002d4
	constant pool entry 5	500001f1
CLS 500002e2 (name=sun.usagetracker.UsageTrackerClient$4, trace=300172)
	super		500001d1
	constant pool entry 63	50000170
	constant pool entry 58	500001c6
	constant pool entry 27	500001d1
	constant pool entry 26	500002e2
	constant pool entry 12	50001609
	constant pool entry 8	500003ec
	constant pool entry 7	500015f1
	constant pool entry 1	500002ba
CLS 500002f0 (name=java.net.SocksConsts, trace=300185)
CLS 500002f9 (name=sun.usagetracker.UsageTrackerClient$3, trace=300191)
	super		500001d1
	constant pool entry 8	500001d1
	constant pool entry 7	500002f9
	constant pool entry 3	5000017a
CLS 50000306 (name=java.net.SocketOptions, trace=300185)
CLS 5000030a (name=java.net.SocketImpl, trace=300185)
	super		500001d1
	constant pool entry 38	500001d1
	constant pool entry 37	5000030a
CLS 5000030b (name=java.net.AbstractPlainSocketImpl, trace=300185)
	super		5000030a
	constant pool entry 343	5000014e
	constant pool entry 308	5000022d
	constant pool entry 256	500001f1
	constant pool entry 252	50000004
	constant pool entry 121	5000030a
	constant pool entry 118	5000031d
	constant pool entry 112	5000030b
	constant pool entry 33	500001e0
	constant pool entry 17	500000e2
	constant pool entry 7	500001d1
CLS 5000030d (name=java.net.PlainSocketImpl, trace=300185)
	super		5000030b
	constant pool entry 24	5000030b
	constant pool entry 23	5000030d
CLS 5000030f (name=java.net.SocksSocketImpl, trace=300185)
	super		5000030d
	constant pool entry 462	500001c9
	constant pool entry 393	50000221
	constant pool entry 388	500000e7
	constant pool entry 386	50000146
	constant pool entry 381	50000087
	constant pool entry 311	500001c6
	constant pool entry 304	5000014e
	constant pool entry 171	5000030d
	constant pool entry 170	5000030f
	constant pool entry 110	50000213
	constant pool entry 101	50001013
	constant pool entry 100	5000051c
	constant pool entry 97	50000ef7
	constant pool entry 94	50000345
	constant pool entry 93	5000040e
	constant pool entry 91	50000408
	constant pool entry 67	50000180
	constant pool entry 11	500001e0
CLS 5000031d (name=java.net.AbstractPlainSocketImpl$1, trace=300206)
	super		500001d1
	constant pool entry 23	500001c6
	constant pool entry 6	500001d1
	constant pool entry 5	5000031d
	constant pool entry 2	5000100d
CLS 50000345 (name=java.net.Inet6Address, trace=300217)
	super		500001f1
	static serialPersistentFields	50000352
	static UNSAFE	5000043d
	constant pool entry 403	50000156
	constant pool entry 315	50000170
	constant pool entry 308	50000169
	constant pool entry 280	5000017f
	constant pool entry 252	500001c9
	constant pool entry 109	5000103b
	constant pool entry 103	5000015b
	constant pool entry 61	500001cd
	constant pool entry 60	5000103a
	constant pool entry 59	50001039
	constant pool entry 57	50001038
	constant pool entry 55	50001037
	constant pool entry 54	500001d5
	constant pool entry 52	50001036
	constant pool entry 16	50000345
CLS 5000034e (name=java.io.FileOutputStream$1, trace=300223)
	super		500001d1
	constant pool entry 20	500000dd
	constant pool entry 5	500001d1
	constant pool entry 4	5000034e
CLS 50000351 (name=java.net.Inet6Address$Inet6AddressHolder, trace=300225)
	super		500001d1
CLS 50000357 (name=sun.launcher.LauncherHelper, trace=300000)
	super		500000bd
	static INSTANCE	50000364
	static MAIN_CLASS	500007de
	static outBuf	5000036a
	static INDENT	50001618
	static VM_SETTINGS	50001617
	static PROP_SETTINGS	50001616
	static LOCALE_SETTINGS	50001615
	static diagprop	500005d2
	static defaultBundleName	50001614
	static ostream	5000042f
	static scloader	50000274
	static appClass	5000051b
	static encprop	50001612
	static encoding	50000270
	static $VALUES	50000368
	constant pool entry 721	50000156
	constant pool entry 564	50000120
	constant pool entry 534	5000011b
	constant pool entry 529	50000534
	constant pool entry 523	50000104
	constant pool entry 521	5000019d
	constant pool entry 498	500001c7
	constant pool entry 385	500001c6
	constant pool entry 216	500000bd
	constant pool entry 213	500005d2
	constant pool entry 210	50001613
	constant pool entry 176	50001612
	constant pool entry 162	50000127
	constant pool entry 161	500001c9
	constant pool entry 160	50001611
	constant pool entry 67	500001d1
	constant pool entry 53	500001cd
	constant pool entry 25	50000180
	constant pool entry 6	50000357
	constant pool entry 1	5000051d
CLS 50000367 (name=sun.launcher.LauncherHelper[], trace=300232)
	super		500001d1
CLS 500003f3 (name=sun.misc.URLClassPath$FileLoader$1, trace=300275)
	super		50000020
	constant pool entry 50	5000017a
	constant pool entry 19	50000025
	constant pool entry 11	50000020
	constant pool entry 10	500003f3
	constant pool entry 7	500000e3
CLS 500003f5 (name=java.io.IOException, trace=300278)
	super		500001c2
CLS 500003f9 (name=java.net.SocketException, trace=300278)
	super		500003f5
CLS 50000408 (name=java.net.SocksSocketImpl$3, trace=300290)
	super		500001d1
	constant pool entry 26	5000040e
	constant pool entry 6	500001d1
	constant pool entry 5	50000408
CLS 5000040e (name=java.net.ProxySelector, trace=300294)
	super		500001d1
	static theProxySelector	50000512
	constant pool entry 46	500001c9
	constant pool entry 37	500001c6
	constant pool entry 13	500001d1
	constant pool entry 9	5000040e
	constant pool entry 7	50001042
CLS 5000041d (name=sun.net.spi.DefaultProxySelector, trace=300308)
	super		5000040e
	static props	50000424
	static SOCKS_PROXY_VERSION	5000104f
	constant pool entry 251	50000156
	constant pool entry 161	50000146
	constant pool entry 158	5000014e
	constant pool entry 132	5000051c
	constant pool entry 76	50000558
	constant pool entry 75	5000040e
	constant pool entry 74	5000041d
	constant pool entry 69	50000170
	constant pool entry 67	50000436
	constant pool entry 65	5000104e
	constant pool entry 64	5000104d
	constant pool entry 63	5000104c
	constant pool entry 62	5000104b
	constant pool entry 61	5000104a
	constant pool entry 60	50001049
	constant pool entry 59	50001048
	constant pool entry 58	500001cd
	constant pool entry 57	50000127
	constant pool entry 38	50001047
	constant pool entry 35	50000213
	constant pool entry 32	500001e5
	constant pool entry 29	50001046
	constant pool entry 27	50001045
	constant pool entry 26	50001044
	constant pool entry 23	50001043
	constant pool entry 21	5000013c
CLS 50000423 (name=java.lang.String[][], trace=300309)
	super		500001d1
CLS 50000436 (name=sun.net.spi.DefaultProxySelector$1, trace=300315)
	super		500001d1
	constant pool entry 23	50000445
	constant pool entry 6	500001d1
	constant pool entry 5	50000436
	constant pool entry 2	50001065
CLS 50000445 (name=sun.net.NetProperties, trace=300319)
	super		500001d1
	static props	50000449
	constant pool entry 94	5000014e
	constant pool entry 90	50000170
	constant pool entry 65	500001c6
	constant pool entry 36	50000445
	constant pool entry 33	50000467
	constant pool entry 31	500001a3
	constant pool entry 16	500000db
	constant pool entry 14	500000e3
	constant pool entry 11	50001067
	constant pool entry 9	50001066
	constant pool entry 8	5000017a
	constant pool entry 3	500005a7
CLS 50000467 (name=sun.net.NetProperties$1, trace=300322)
	super		500001d1
	constant pool entry 19	50000445
	constant pool entry 5	500001d1
	constant pool entry 4	50000467
CLS 5000049c (name=java.util.Properties$LineReader, trace=300350)
	super		500001d1
	constant pool entry 77	50000156
	constant pool entry 55	5000017c
	constant pool entry 16	500001d1
	constant pool entry 15	5000049c
CLS 5000051b (name=labs.lab1.examples.First, trace=300398)
	super		500001d1
	loader		50000274
	domain		50000502
	constant pool entry 58	500000d4
	constant pool entry 55	500001cd
	constant pool entry 48	500001c6
	constant pool entry 41	5000013d
	constant pool entry 11	50000fee
	constant pool entry 9	50000180
	constant pool entry 2	50000181
CLS 5000051c (name=java.net.URI, trace=300399)
	super		500001d1
	static hexDigits	50000524
	constant pool entry 757	50000156
	constant pool entry 631	500001c9
	constant pool entry 585	5000011d
	constant pool entry 212	500001d1
	constant pool entry 209	50001024
	constant pool entry 208	50001023
	constant pool entry 205	50001022
	constant pool entry 204	500007a0
	constant pool entry 203	5000079f
	constant pool entry 202	5000079e
	constant pool entry 201	50000781
	constant pool entry 200	5000079b
	constant pool entry 199	5000079d
	constant pool entry 196	5000079c
	constant pool entry 193	5000079a
	constant pool entry 186	50000799
	constant pool entry 139	500001cd
	constant pool entry 100	50001021
	constant pool entry 44	50000535
	constant pool entry 1	5000051c
CLS 5000051d (name=sun.launcher.LauncherHelper$FXHelper, trace=300400)
	super		500001d1
	static JAVAFX_APPLICATION_MARKER	50001626
	static JAVAFX_APPLICATION_CLASS_NAME	50001623
	static JAVAFX_LAUNCHER_CLASS_NAME	500010a5
	static JAVAFX_LAUNCH_MODE_CLASS	50001625
	static JAVAFX_LAUNCH_MODE_JAR	50001624
	constant pool entry 40	50001623
	constant pool entry 12	500001cd
	constant pool entry 11	500001c9
	constant pool entry 6	5000051d
CLS 5000051f (name=java.lang.Class$MethodArray, trace=300402)
	super		500001d1
	constant pool entry 131	50000156
	constant pool entry 31	500001d1
	constant pool entry 30	5000051f
	constant pool entry 6	5000019d
CLS 50000534 (name=java.lang.Void, trace=300417)
	super		500001d1
	static TYPE	500003c5
	constant pool entry 20	500001c9
	constant pool entry 5	50000534
	constant pool entry 2	50001620
CLS 50000535 (name=java.net.URI$Parser, trace=300418)
	super		500001d1
	constant pool entry 273	50000169
	constant pool entry 195	500001cd
	constant pool entry 122	500001d1
	constant pool entry 121	50000535
	constant pool entry 95	5000102e
	constant pool entry 93	500005a8
	constant pool entry 79	5000102d
	constant pool entry 65	5000102c
	constant pool entry 61	5000043b
	constant pool entry 58	5000102b
	constant pool entry 46	500003e5
	constant pool entry 37	5000102a
	constant pool entry 34	50000ef7
	constant pool entry 33	50001029
	constant pool entry 1	5000051c
CLS 50000558 (name=sun.net.spi.DefaultProxySelector$NonProxyInfo, trace=300433)
	super		500001d1
	static defStringVal	5000105e
	static ftpNonProxyInfo	50000559
	static httpNonProxyInfo	5000055a
	static socksNonProxyInfo	500002a4
	constant pool entry 15	500001d1
	constant pool entry 13	50001060
	constant pool entry 11	5000105f
	constant pool entry 8	5000105e
	constant pool entry 7	5000105d
	constant pool entry 6	50000558
HEAP DUMP END
SITES BEGIN (ordered by live bytes) Sun Jul 28 00:19:32 2019
          percent          live          alloc'ed  stack class
 rank   self  accum     bytes objs     bytes  objs trace name
    1 18.51% 18.51%    131544 1244    131544  1244 300000 char[]
    2  4.26% 22.77%     30304 1233     30304  1233 300000 java.lang.String
    3  4.25% 27.03%     30224  572     30224   572 300000 java.lang.Object[]
    4  3.72% 30.75%     26448   34     26448    34 300000 byte[]
    5  0.89% 31.64%      6304   88      6304    88 300000 java.net.URL
    6  0.68% 32.31%      4832  257      4832   257 300000 java.lang.Integer
    7  0.64% 32.95%      4544  120      4544   120 300000 java.util.Hashtable$Entry
    8  0.56% 33.51%      3976   82      3976    82 300000 java.lang.ref.SoftReference
    9  0.45% 33.96%      3168   77      3168    77 300000 java.util.HashMap$Node
   10  0.44% 34.40%      3144   44      3144    44 300000 sun.misc.URLClassPath$JarLoader
   11  0.43% 34.83%      3072   74      3072    74 300000 java.util.concurrent.ConcurrentHashMap$Node
   12  0.42% 35.26%      3008   62      3008    62 300000 java.lang.String[]
   13  0.40% 35.65%      2816   27      2816    27 300000 java.util.WeakHashMap$Entry[]
   14  0.37% 36.03%      2656   41      2656    41 300000 sun.util.locale.LocaleObjectCache$CacheEntry
   15  0.35% 36.38%      2480   18      2480    18 300000 java.util.HashMap$Node[]
   16  0.35% 36.72%      2456   44      2456    44 300000 java.lang.ref.Finalizer
   17  0.34% 37.06%      2432    6      2432     6 300000 int[]
   18  0.33% 37.40%      2368   18      2368    18 300000 java.util.jar.JarFile$JarFileEntry
   19  0.33% 37.72%      2320    1      4632     6 300424 char[]
   20  0.32% 38.05%      2296   40      2296    40 300000 java.util.LinkedHashMap$Entry
   21  0.31% 38.36%      2208   24      2208    24 300000 java.util.jar.JarFile
   22  0.30% 38.66%      2136   26      2136    26 300000 sun.nio.cs.UTF_8$Encoder
   23  0.28% 38.94%      1984   27      1984    27 300000 java.util.WeakHashMap
   24  0.26% 39.20%      1880    5      1880     5 300001 java.lang.Thread
   25  0.26% 39.46%      1864    4      1864     4 300000 java.lang.Thread
   26  0.26% 39.72%      1840   24      1840    24 300000 java.util.HashMap
   27  0.25% 39.97%      1776   27      1776    27 300000 java.io.ObjectStreamField
   28  0.25% 40.22%      1776    2      1776     2 300000 java.lang.Integer[]
   29  0.24% 40.47%      1728    7      1728     7 300000 java.util.Hashtable$Entry[]
   30  0.24% 40.70%      1696   31      1696    31 300000 java.lang.ref.ReferenceQueue
   31  0.24% 40.94%      1672   40      1672    40 300000 java.io.ExpiringCache$Entry
   32  0.24% 41.18%      1672   10      1672    10 300000 java.lang.Class
   33  0.23% 41.40%      1600   55      1600    55 300000 java.lang.Object
   34  0.22% 41.62%      1536   21      1536    21 300000 sun.util.locale.BaseLocale$Key
   35  0.21% 41.83%      1496   20      1496    20 300000 sun.nio.cs.UTF_8$Decoder
   36  0.21% 42.03%      1472   24      1472    24 300000 java.util.zip.ZipCoder
   37  0.20% 42.24%      1456   16      1456    16 300000 java.util.zip.Inflater
   38  0.19% 42.43%      1376   21      1376    21 300000 java.util.Locale
   39  0.19% 42.63%      1376   21      1376    21 300000 sun.util.locale.BaseLocale
   40  0.18% 42.81%      1288   24      1288    24 300000 java.util.ArrayDeque
   41  0.18% 42.98%      1248   33      1248    33 300000 java.lang.ref.ReferenceQueue$Lock
   42  0.17% 43.16%      1240   22      1240    22 300000 java.util.jar.Attributes$Name
   43  0.17% 43.33%      1216   21      1216    21 300000 java.util.Locale$LocaleKey
   44  0.16% 43.49%      1120    7      1120     7 300000 java.nio.DirectByteBuffer
   45  0.16% 43.64%      1120    2      1120     2 300000 com.intellij.rt.execution.application.AppMainV2$1
   46  0.16% 43.80%      1120    7      1120     7 300000 java.util.concurrent.ConcurrentHashMap
   47  0.16% 43.96%      1120    2      1120     2 300000 java.lang.ref.Finalizer$FinalizerThread
   48  0.16% 44.12%      1112    2      1112     2 300000 java.lang.ref.Reference$ReferenceHandler
   49  0.16% 44.27%      1104    4      1104     4 300000 java.util.concurrent.ConcurrentHashMap$Node[]
   50  0.15% 44.43%      1096   16      1096    16 300000 java.util.zip.ZStreamRef
   51  0.15% 44.58%      1088   12      1088    12 300000 java.io.File
   52  0.15% 44.73%      1072    7      1072     7 300000 java.nio.DirectLongBufferU
   53  0.15% 44.88%      1056   11      1056    11 300000 java.lang.OutOfMemoryError
   54  0.15% 45.02%      1040    1      1040     1 300083 java.lang.invoke.MethodHandle[]
   55  0.14% 45.17%      1024   11      1024    11 300000 java.io.ObjectStreamField[]
   56  0.14% 45.31%      1024   13      1024    13 300000 java.util.LinkedList$Node
   57  0.14% 45.46%      1016    8      1016     8 300000 java.security.AccessControlContext
   58  0.14% 45.59%       992    9       992     9 300000 java.util.LinkedList
   59  0.14% 45.73%       976   11       976    11 300000 sun.misc.MetaIndex
   60  0.13% 45.86%       936    6       936     6 300000 java.util.WeakHashMap$Entry
   61  0.13% 45.99%       928    5       928     5 300000 java.util.Hashtable
   62  0.13% 46.12%       928    7       928     7 300000 java.util.Vector
   63  0.12% 46.25%       880    7       880     7 300000 java.util.ArrayList
   64  0.12% 46.37%       880    7       880     7 300000 sun.misc.PerfCounter
   65  0.12% 46.49%       864    3       864     3 300000 java.io.ExpiringCache$1
   66  0.12% 46.61%       856    4       856     4 300000 java.security.ProtectionDomain
   67  0.12% 46.73%       832    3       832     3 300000 java.nio.HeapByteBuffer
   68  0.12% 46.85%       832    3       832     3 300000 sun.misc.URLClassPath
   69  0.12% 46.97%       832    4       832     4 300000 java.io.FileDescriptor
   70  0.12% 47.08%       832    2       832     2 300000 sun.misc.Launcher$AppClassLoader
   71  0.12% 47.20%       832    3       832     3 300000 java.lang.ThreadGroup
   72  0.12% 47.32%       832    4       832     4 300000 java.security.CodeSource
   73  0.12% 47.43%       832    4       832     4 300000 java.util.Stack
   74  0.12% 47.55%       832    3       832     3 300000 sun.nio.cs.StreamEncoder
   75  0.12% 47.67%       832    3       832     3 300000 java.util.Properties
   76  0.12% 47.78%       824    2       824     2 300000 sun.misc.Launcher$ExtClassLoader
   77  0.11% 47.90%       816    3       816     3 300000 java.lang.ClassLoader$NativeLibrary
   78  0.11% 48.01%       816    3       816     3 300000 java.io.BufferedWriter
   79  0.11% 48.13%       816    3       816     3 300000 java.io.ExpiringCache
   80  0.11% 48.24%       816    6       816     6 300000 java.lang.ThreadLocal
   81  0.11% 48.36%       808    4       808     4 300000 sun.misc.Signal
   82  0.11% 48.47%       808    4       808     4 300000 java.util.concurrent.atomic.AtomicLong
   83  0.11% 48.58%       808    4       808     4 300000 java.util.Collections$SynchronizedSet
   84  0.11% 48.70%       808    4       808     4 300000 java.lang.RuntimePermission
   85  0.11% 48.81%       800    3       800     3 300000 java.lang.VirtualMachineError
   86  0.11% 48.92%       800    3       800     3 300000 java.io.PrintStream
   87  0.11% 49.04%       800    3       800     3 300000 java.lang.Thread[]
   88  0.11% 49.15%       800    3       800     3 300000 java.io.FileOutputStream
   89  0.11% 49.26%       800    3       800     3 300000 java.lang.ref.ReferenceQueue$Null
   90  0.11% 49.37%       792    2       792     2 300000 java.lang.Package
   91  0.11% 49.48%       784    3       784     3 300000 sun.misc.JarIndex
   92  0.11% 49.59%       784    4       784     4 300000 java.nio.charset.CodingErrorAction
   93  0.11% 49.70%       784    3       784     3 300000 java.io.OutputStreamWriter
   94  0.11% 49.81%       784    3       784     3 300000 java.nio.charset.CoderResult
   95  0.11% 49.92%       784    3       784     3 300000 java.io.BufferedOutputStream
   96  0.11% 50.03%       784    3       784     3 300000 java.io.File$PathStatus
   97  0.11% 50.14%       784    4       784     4 300000 java.security.Principal[]
   98  0.11% 50.25%       784    4       784     4 300000 java.security.ProtectionDomain$Key
   99  0.11% 50.37%       784    2       784     2 300000 long[]
  100  0.11% 50.48%       784    3       784     3 300000 sun.misc.NativeSignalHandler
  101  0.11% 50.58%       776    2       776     2 300309 java.lang.String[][]
  102  0.11% 50.69%       776    2       776     2 300000 sun.nio.cs.StandardCharsets$Cache
  103  0.11% 50.80%       776    2       776     2 300000 sun.nio.cs.StandardCharsets$Classes
  104  0.11% 50.91%       776    2       776     2 300000 java.io.BufferedInputStream
  105  0.11% 51.02%       776    2       776     2 300000 sun.nio.cs.StandardCharsets$Aliases
  106  0.11% 51.13%       768    2       768     2 300000 java.io.UnixFileSystem
  107  0.11% 51.24%       768    2       768     2 300000 java.lang.ArithmeticException
  108  0.11% 51.35%       768    3       768     3 300000 sun.net.www.protocol.jar.Handler
  109  0.11% 51.45%       768    2       768     2 300000 java.security.BasicPermissionCollection
  110  0.11% 51.56%       768    3       768     3 300000 java.lang.Boolean
  111  0.11% 51.67%       768    2       768     2 300000 java.lang.OutOfMemoryError[]
  112  0.11% 51.78%       768    2       768     2 300000 java.lang.NullPointerException
  113  0.11% 51.89%       768    2       768     2 300000 sun.instrument.InstrumentationImpl
  114  0.11% 51.99%       768    2       768     2 300000 java.io.FileInputStream
  115  0.11% 52.10%       768    2       768     2 300000 java.security.Permissions
  116  0.11% 52.21%       768    2       768     2 300000 sun.nio.cs.StandardCharsets
  117  0.11% 52.32%       768    2       768     2 300000 java.lang.ThreadGroup[]
  118  0.11% 52.43%       768    3       768     3 300000 java.lang.StackTraceElement[]
  119  0.11% 52.53%       768    2       768     2 300000 java.io.FilePermission
  120  0.11% 52.64%       768    3       768     3 300000 java.nio.ByteOrder
  121  0.11% 52.75%       768    2       768     2 300461 java.net.Proxy$Type[]
  122  0.11% 52.86%       768    2       768     2 300000 java.util.concurrent.atomic.AtomicReferenceFieldUpdater$AtomicReferenceFieldUpdaterImpl
  123  0.11% 52.97%       768    3       768     3 300000 java.util.HashSet
  124  0.11% 53.07%       760    2       760     2 300000 sun.nio.cs.UTF_16LE
  125  0.11% 53.18%       760    2       760     2 300000 java.util.BitSet
  126  0.11% 53.29%       760    2       760     2 300000 sun.nio.cs.ThreadLocalCoders$2
  127  0.11% 53.39%       760    2       760     2 300000 java.util.Locale$Cache
  128  0.11% 53.50%       760    2       760     2 300000 sun.instrument.TransformerManager
  129  0.11% 53.61%       760    2       760     2 300000 sun.nio.cs.ThreadLocalCoders$1
  130  0.11% 53.72%       760    2       760     2 300000 java.io.FilePermissionCollection
  131  0.11% 53.82%       760    2       760     2 300000 sun.nio.cs.UTF_8
  132  0.11% 53.93%       760    2       760     2 300000 java.util.Collections$SetFromMap
  133  0.11% 54.04%       760    2       760     2 300000 sun.misc.URLClassPath$FileLoader
  134  0.11% 54.14%       760    2       760     2 300000 java.security.ProtectionDomain[]
  135  0.11% 54.25%       760    2       760     2 300000 sun.nio.cs.UTF_16
  136  0.11% 54.36%       760    2       760     2 300000 java.io.File$PathStatus[]
  137  0.11% 54.46%       760    2       760     2 300000 sun.nio.cs.US_ASCII
  138  0.11% 54.57%       760    2       760     2 300000 java.lang.reflect.ReflectPermission
  139  0.11% 54.68%       760    2       760     2 300000 sun.nio.cs.ISO_8859_1
  140  0.11% 54.78%       760    2       760     2 300000 java.util.Collections$UnmodifiableRandomAccessList
  141  0.11% 54.89%       760    2       760     2 300000 java.util.Collections$EmptyMap
  142  0.11% 55.00%       760    2       760     2 300099 java.net.InetAddress$Cache$Type[]
  143  0.11% 55.11%       760    2       760     2 300086 java.lang.ClassValue$Entry[]
  144  0.11% 55.21%       760    2       760     2 300000 sun.nio.cs.UTF_16BE
  145  0.11% 55.32%       760    2       760     2 300081 java.lang.invoke.MethodHandle[]
  146  0.11% 55.43%       760    2       760     2 300000 sun.util.locale.BaseLocale$Cache
  147  0.11% 55.53%       760    2       760     2 300232 sun.launcher.LauncherHelper[]
  148  0.11% 55.64%       760    2       760     2 300000 java.util.jar.Manifest
  149  0.11% 55.75%       752    2       752     2 300000 java.lang.System$2
  150  0.11% 55.85%       752    2       752     2 300000 sun.misc.Perf
  151  0.11% 55.96%       752    2       752     2 300000 java.util.jar.Attributes
  152  0.11% 56.06%       752    2       752     2 300000 java.nio.charset.CoderResult$1
  153  0.11% 56.17%       752    2       752     2 300000 java.nio.Bits$1
  154  0.11% 56.28%       752    2       752     2 300000 java.security.ProtectionDomain$2
  155  0.11% 56.38%       752    2       752     2 300000 java.nio.charset.CoderResult$2
  156  0.11% 56.49%       752    2       752     2 300000 java.util.zip.ZipFile$1
  157  0.11% 56.59%       752    2       752     2 300000 sun.misc.Launcher$Factory
  158  0.11% 56.70%       752    2       752     2 300000 java.io.FileDescriptor$1
  159  0.11% 56.80%       752    2       752     2 300000 java.util.WeakHashMap$KeySet
  160  0.11% 56.91%       752    2       752     2 300000 java.lang.reflect.ReflectAccess
  161  0.11% 57.02%       752    2       752     2 300000 java.util.Hashtable$EntrySet
  162  0.11% 57.12%       752    2       752     2 300000 java.security.cert.Certificate[]
  163  0.11% 57.23%       752    2       752     2 300000 java.util.Collections$EmptyList
  164  0.11% 57.33%       752    2       752     2 300000 java.lang.ref.Reference$Lock
  165  0.11% 57.44%       752    2       752     2 300000 java.net.URLClassLoader$7
  166  0.11% 57.54%       752    2       752     2 300000 sun.reflect.ReflectionFactory
  167  0.11% 57.65%       752    2       752     2 300000 java.util.Collections$EmptySet
  168  0.11% 57.76%       752    2       752     2 300000 sun.misc.Unsafe
  169  0.11% 57.86%       752    2       752     2 300000 java.lang.Runtime
  170  0.11% 57.97%       752    2       752     2 300000 java.lang.CharacterDataLatin1
  171  0.11% 58.07%       752    2       752     2 300000 java.util.jar.JavaUtilJarAccessImpl
  172  0.11% 58.18%       752    2       752     2 300000 java.lang.Terminator$1
  173  0.11% 58.29%       752    2       752     2 300000 java.lang.String$CaseInsensitiveComparator
  174  0.11% 58.39%       752    2       752     2 300000 java.lang.Throwable[]
  175  0.11% 58.50%       752    2       752     2 300000 java.lang.Class[]
  176  0.11% 58.60%       752    2       752     2 300000 sun.net.www.protocol.file.Handler
  177  0.11% 58.71%       752    2       752     2 300000 java.util.concurrent.atomic.AtomicInteger
  178  0.11% 58.81%       752    2       752     2 300000 sun.misc.Launcher
  179  0.11% 58.92%       752    2       752     2 300000 sun.instrument.TransformerManager$TransformerInfo[]
  180  0.11% 59.03%       752    2       752     2 300000 sun.misc.ASCIICaseInsensitiveComparator
  181  0.11% 59.13%       752    2       752     2 300000 java.lang.ref.Reference$1
  182  0.11% 59.24%       752    2       752     2 300000 java.security.ProtectionDomain$JavaSecurityAccessImpl
  183  0.10% 59.34%       736    1       736     1 300000 java.lang.IncompatibleClassChangeError
  184  0.10% 59.45%       736    1       736     1 300000 sun.misc.SharedSecrets
  185  0.10% 59.55%       736    1       736     1 300000 sun.misc.JavaLangRefAccess
  186  0.10% 59.65%       736    1       736     1 300000 java.lang.Runnable[]
  187  0.10% 59.76%       736    1       736     1 300000 java.util.Collections$UnmodifiableList
  188  0.10% 59.86%       736    1       736     1 300000 java.util.Collections$UnmodifiableCollection
  189  0.10% 59.96%       736    1       736     1 300000 java.util.AbstractMap
  190  0.10% 60.07%       736    1       736     1 300000 java.util.AbstractSet
  191  0.10% 60.17%       736    1       736     1 300000 java.util.Set
  192  0.10% 60.27%       736    1       736     1 300000 java.util.Collections
  193  0.10% 60.38%       736    1       736     1 300000 java.lang.InterruptedException
  194  0.10% 60.48%       736    1       736     1 300000 java.util.AbstractList
  195  0.10% 60.58%       736    1       736     1 300000 java.util.AbstractCollection
  196  0.10% 60.69%       736    1       736     1 300000 java.util.RandomAccess
  197  0.10% 60.79%       736    1       736     1 300000 java.util.List
  198  0.10% 60.89%       736    1       736     1 300000 java.util.Collection
  199  0.10% 61.00%       736    1       736     1 300000 java.lang.Iterable
  200  0.10% 61.10%       736    1       736     1 300000 java.security.cert.Certificate
  201  0.10% 61.21%       736    1       736     1 300000 sun.reflect.ReflectionFactory$GetReflectionFactoryAction
  202  0.10% 61.31%       736    1       736     1 300000 java.security.PrivilegedAction
  203  0.10% 61.41%       736    1       736     1 300000 java.security.AccessController
  204  0.10% 61.52%       736    1       736     1 300000 java.security.BasicPermission
  205  0.10% 61.62%       736    1       736     1 300000 java.security.Permission
  206  0.10% 61.72%       736    1       736     1 300000 java.security.Guard
  207  0.10% 61.83%       736    1       736     1 300000 java.lang.Thread$UncaughtExceptionHandler[]
  208  0.10% 61.93%       736    1       736     1 300000 com.sun.demo.jvmti.hprof.Tracker
  209  0.10% 62.03%       736    1       736     1 300000 java.util.Comparator
  210  0.10% 62.14%       736    1       736     1 300000 java.lang.Comparable[]
  211  0.10% 62.24%       736    1       736     1 300000 java.lang.VirtualMachineError[]
  212  0.10% 62.34%       736    1       736     1 300000 java.lang.Error[]
  213  0.10% 62.45%       736    1       736     1 300000 java.io.Serializable[]
  214  0.10% 62.55%       736    1       736     1 300000 java.lang.reflect.GenericDeclaration[]
  215  0.10% 62.66%       736    1       736     1 300000 java.lang.reflect.AnnotatedElement[]
  216  0.10% 62.76%       736    1       736     1 300000 java.lang.reflect.Type[]
  217  0.10% 62.86%       736    1       736     1 300000 java.lang.Long
  218  0.10% 62.97%       736    1       736     1 300000 java.lang.Short
  219  0.10% 63.07%       736    1       736     1 300000 java.lang.Byte
  220  0.10% 63.17%       736    1       736     1 300000 java.lang.Double
  221  0.10% 63.28%       736    1       736     1 300000 java.lang.Float
  222  0.10% 63.38%       736    1       736     1 300000 java.lang.Number
  223  0.10% 63.48%       736    1       736     1 300000 java.lang.Character
  224  0.10% 63.59%       736    1       736     1 300000 java.nio.Buffer
  225  0.10% 63.69%       736    1       736     1 300000 java.lang.StackTraceElement
  226  0.10% 63.79%       736    1       736     1 300000 java.net.URLClassLoader
  227  0.10% 63.90%       736    1       736     1 300000 java.io.ByteArrayInputStream
  228  0.10% 64.00%       736    1       736     1 300000 java.io.InputStream
  229  0.10% 64.11%       736    1       736     1 300000 java.io.Closeable
  230  0.10% 64.21%       736    1       736     1 300000 java.lang.AutoCloseable
  231  0.10% 64.31%       736    1       736     1 300000 java.lang.StringBuilder
  232  0.10% 64.42%       736    1       736     1 300000 java.lang.StringBuffer
  233  0.10% 64.52%       736    1       736     1 300000 java.lang.AbstractStringBuilder
  234  0.10% 64.62%       736    1       736     1 300000 java.lang.Appendable
  235  0.10% 64.73%       736    1       736     1 300000 java.lang.invoke.VolatileCallSite
  236  0.10% 64.83%       736    1       736     1 300000 java.lang.invoke.MutableCallSite
  237  0.10% 64.93%       736    1       736     1 300000 java.lang.invoke.ConstantCallSite
  238  0.10% 65.04%       736    1       736     1 300000 java.lang.invoke.CallSite
  239  0.10% 65.14%       736    1       736     1 300000 java.lang.BootstrapMethodError
  240  0.10% 65.24%       736    1       736     1 300000 java.lang.invoke.MethodType
  241  0.10% 65.35%       736    1       736     1 300000 java.lang.invoke.LambdaForm
  242  0.10% 65.45%       736    1       736     1 300000 java.lang.invoke.MethodHandleNatives
  243  0.10% 65.56%       736    1       736     1 300000 java.lang.invoke.MemberName
  244  0.10% 65.66%       736    1       736     1 300000 java.lang.invoke.DirectMethodHandle
  245  0.10% 65.76%       736    1       736     1 300000 java.lang.invoke.MethodHandle
  246  0.10% 65.87%       736    1       736     1 300000 sun.reflect.CallerSensitive
  247  0.10% 65.97%       736    1       736     1 300000 java.lang.annotation.Annotation
  248  0.10% 66.07%       736    1       736     1 300000 sun.reflect.UnsafeStaticFieldAccessorImpl
  249  0.10% 66.18%       736    1       736     1 300000 sun.reflect.UnsafeFieldAccessorImpl
  250  0.10% 66.28%       736    1       736     1 300000 sun.reflect.FieldAccessorImpl
  251  0.10% 66.38%       736    1       736     1 300000 sun.reflect.FieldAccessor
  252  0.10% 66.49%       736    1       736     1 300000 sun.reflect.ConstantPool
  253  0.10% 66.59%       736    1       736     1 300000 sun.reflect.DelegatingClassLoader
  254  0.10% 66.69%       736    1       736     1 300000 sun.reflect.ConstructorAccessorImpl
  255  0.10% 66.80%       736    1       736     1 300000 sun.reflect.ConstructorAccessor
  256  0.10% 66.90%       736    1       736     1 300000 sun.reflect.MethodAccessorImpl
  257  0.10% 67.01%       736    1       736     1 300000 sun.reflect.MethodAccessor
  258  0.10% 67.11%       736    1       736     1 300000 sun.reflect.MagicAccessorImpl
  259  0.10% 67.21%       736    1       736     1 300000 java.lang.reflect.Constructor
  260  0.10% 67.32%       736    1       736     1 300000 java.lang.reflect.Method
  261  0.10% 67.42%       736    1       736     1 300000 java.lang.reflect.Executable
  262  0.10% 67.52%       736    1       736     1 300000 java.lang.reflect.Parameter
  263  0.10% 67.63%       736    1       736     1 300000 java.lang.reflect.Field
  264  0.10% 67.73%       736    1       736     1 300000 java.lang.reflect.Member
  265  0.10% 67.83%       736    1       736     1 300000 java.lang.reflect.AccessibleObject
  266  0.10% 67.94%       736    1       736     1 300000 java.util.Dictionary
  267  0.10% 68.04%       736    1       736     1 300000 java.util.Map
  268  0.10% 68.14%       736    1       736     1 300000 java.lang.Thread$UncaughtExceptionHandler
  269  0.10% 68.25%       736    1       736     1 300000 java.lang.Runnable
  270  0.10% 68.35%       736    1       736     1 300000 sun.misc.Cleaner
  271  0.10% 68.46%       736    1       736     1 300000 java.lang.ref.PhantomReference
  272  0.10% 68.56%       736    1       736     1 300000 java.lang.ref.FinalReference
  273  0.10% 68.66%       736    1       736     1 300000 java.lang.ref.WeakReference
  274  0.10% 68.77%       736    1       736     1 300000 java.lang.ref.Reference
  275  0.10% 68.87%       736    1       736     1 300000 java.lang.IllegalMonitorStateException
  276  0.10% 68.97%       736    1       736     1 300000 java.lang.StackOverflowError
  277  0.10% 69.08%       736    1       736     1 300000 java.lang.ArrayStoreException
  278  0.10% 69.18%       736    1       736     1 300000 java.lang.ClassCastException
  279  0.10% 69.28%       736    1       736     1 300000 java.lang.NoClassDefFoundError
  280  0.10% 69.39%       736    1       736     1 300000 java.lang.LinkageError
  281  0.10% 69.49%       736    1       736     1 300000 java.lang.ClassNotFoundException
  282  0.10% 69.59%       736    1       736     1 300000 java.lang.ReflectiveOperationException
  283  0.10% 69.70%       736    1       736     1 300000 java.security.SecureClassLoader
  284  0.10% 69.80%       736    1       736     1 300000 java.lang.SecurityManager
  285  0.10% 69.90%       736    1       736     1 300000 java.lang.RuntimeException
  286  0.10% 70.01%       736    1       736     1 300000 java.lang.Exception
  287  0.10% 70.11%       736    1       736     1 300000 java.lang.ThreadDeath
  288  0.10% 70.22%       736    1       736     1 300000 java.lang.Error
  289  0.10% 70.32%       736    1       736     1 300000 java.lang.Throwable
  290  0.10% 70.42%       736    1       736     1 300000 java.lang.System
  291  0.10% 70.53%       736    1       736     1 300000 java.lang.ClassLoader
  292  0.10% 70.63%       736    1       736     1 300000 java.lang.Cloneable
  293  0.10% 70.73%       736    1       736     1 300000 java.lang.reflect.Type
  294  0.10% 70.84%       736    1       736     1 300000 java.lang.reflect.GenericDeclaration
  295  0.10% 70.94%       736    1       736     1 300000 java.lang.reflect.AnnotatedElement
  296  0.10% 71.04%       736    1       736     1 300000 java.lang.CharSequence
  297  0.10% 71.15%       736    1       736     1 300000 java.lang.Comparable
  298  0.10% 71.25%       736    1       736     1 300000 java.io.Serializable
  299  0.10% 71.35%       736    1       736     1 300000 short[]
  300  0.10% 71.46%       736    1       736     1 300000 double[]
  301  0.10% 71.56%       736    1       736     1 300000 float[]
  302  0.10% 71.67%       736    1       736     1 300000 boolean[]
  303  0.10% 71.77%       736    1       736     1 300469 sun.net.sdp.SdpProvider
  304  0.10% 71.87%       736    1       736     1 300003 java.net.SocketAddress
  305  0.10% 71.98%       736    1       736     1 300003 java.net.InetSocketAddress
  306  0.10% 72.08%       736    1       736     1 300469 sun.net.NetHooks$Provider
  307  0.10% 72.18%       736    1       736     1 300466 java.lang.Shutdown$Lock
  308  0.10% 72.29%       736    1       736     1 300000 java.lang.Shutdown
  309  0.10% 72.39%       736    1       736     1 300464 sun.net.NetHooks
  310  0.10% 72.49%       736    1       736     1 300462 java.util.ArrayList$Itr
  311  0.10% 72.60%       736    1       736     1 300457 java.net.Proxy$Type
  312  0.10% 72.70%       736    1       736     1 300453 java.net.Proxy
  313  0.10% 72.80%       736    1       736     1 300017 java.net.InetAddress
  314  0.10% 72.91%       736    1       736     1 300000 java.lang.Cloneable[]
  315  0.10% 73.01%       736    1       736     1 300022 java.net.InetSocketAddress$InetSocketAddressHolder
  316  0.10% 73.12%       736    1       736     1 300000 java.lang.Object[][]
  317  0.10% 73.22%       736    1       736     1 300000 java.lang.CharSequence[][]
  318  0.10% 73.32%       736    1       736     1 300025 sun.security.action.GetBooleanAction
  319  0.10% 73.43%       736    1       736     1 300000 java.lang.Comparable[][]
  320  0.10% 73.53%       736    1       736     1 300027 java.net.InetAddress$1
  321  0.10% 73.63%       736    1       736     1 300000 java.io.Serializable[][]
  322  0.10% 73.74%       736    1       736     1 300437 sun.net.spi.DefaultProxySelector$3
  323  0.10% 73.84%       736    1       736     1 300030 java.lang.invoke.MethodHandleImpl
  324  0.10% 73.94%       736    1       736     1 300433 sun.net.spi.DefaultProxySelector$NonProxyInfo
  325  0.10% 74.05%       736    1       736     1 300111 java.lang.invoke.MethodHandleStatics$1
  326  0.10% 74.15%       736    1       736     1 300118 java.net.InetAddressImpl
  327  0.10% 74.25%       736    1       736     1 300000 com.intellij.rt.execution.application.AppMainV2
  328  0.10% 74.36%       736    1       736     1 300000 com.intellij.rt.execution.application.AppMainV2$Agent
  329  0.10% 74.46%       736    1       736     1 300000 java.net.Socket
  330  0.10% 74.57%       736    1       736     1 300000 java.lang.NoSuchMethodException
  331  0.10% 74.67%       736    1       736     1 300000 java.lang.reflect.InvocationTargetException
  332  0.10% 74.77%       736    1       736     1 300000 java.util.concurrent.ConcurrentHashMap$ForwardingNode
  333  0.10% 74.88%       736    1       736     1 300000 sun.reflect.DelegatingMethodAccessorImpl
  334  0.10% 74.98%       736    1       736     1 300000 sun.reflect.NativeMethodAccessorImpl
  335  0.10% 75.08%       736    1       736     1 300000 sun.instrument.InstrumentationImpl$1
  336  0.10% 75.19%       736    1       736     1 300000 java.lang.reflect.Method[]
  337  0.10% 75.29%       736    1       736     1 300000 java.security.UnresolvedPermission
  338  0.10% 75.39%       736    1       736     1 300000 java.security.AllPermission
  339  0.10% 75.50%       736    1       736     1 300000 java.io.FilePermission$1
  340  0.10% 75.60%       736    1       736     1 300000 sun.net.www.MessageHeader
  341  0.10% 75.70%       736    1       736     1 300000 sun.net.www.protocol.file.FileURLConnection
  342  0.10% 75.81%       736    1       736     1 300000 sun.net.www.URLConnection
  343  0.10% 75.91%       736    1       736     1 300000 java.net.URLConnection
  344  0.10% 76.02%       736    1       736     1 300000 java.security.PermissionCollection
  345  0.10% 76.12%       736    1       736     1 300000 sun.nio.ByteBuffered
  346  0.10% 76.22%       736    1       736     1 300000 java.util.jar.Manifest$FastInputStream
  347  0.10% 76.33%       736    1       736     1 300000 sun.misc.URLClassPath$JarLoader$2
  348  0.10% 76.43%       736    1       736     1 300000 sun.misc.Resource
  349  0.10% 76.53%       736    1       736     1 300000 sun.nio.cs.ThreadLocalCoders$Cache
  350  0.10% 76.64%       736    1       736     1 300000 sun.nio.cs.ThreadLocalCoders
  351  0.10% 76.74%       736    1       736     1 300000 sun.misc.IOUtils
  352  0.10% 76.84%       736    1       736     1 300000 sun.misc.ExtensionDependency
  353  0.10% 76.95%       736    1       736     1 300000 java.util.AbstractSequentialList
  354  0.10% 77.05%       736    1       736     1 300000 java.util.zip.ZipFile$ZipFileInflaterInputStream
  355  0.10% 77.15%       736    1       736     1 300000 java.util.zip.InflaterInputStream
  356  0.10% 77.26%       736    1       736     1 300000 java.util.zip.ZipFile$ZipFileInputStream
  357  0.10% 77.36%       736    1       736     1 300000 java.util.jar.JarEntry
  358  0.10% 77.46%       736    1       736     1 300000 java.util.zip.ZipEntry
  359  0.10% 77.57%       736    1       736     1 300000 java.nio.LongBuffer
  360  0.10% 77.67%       736    1       736     1 300000 java.nio.MappedByteBuffer
  361  0.10% 77.78%       736    1       736     1 300000 sun.nio.ch.DirectBuffer
  362  0.10% 77.88%       736    1       736     1 300000 sun.misc.PerfCounter$CoreCounters
  363  0.10% 77.98%       736    1       736     1 300000 sun.misc.Perf$GetPerfAction
  364  0.10% 78.09%       736    1       736     1 300000 java.util.Deque
  365  0.10% 78.19%       736    1       736     1 300000 java.util.Queue
  366  0.10% 78.29%       736    1       736     1 300000 java.nio.charset.StandardCharsets
  367  0.10% 78.40%       736    1       736     1 300000 sun.misc.JavaUtilJarAccess
  368  0.10% 78.50%       736    1       736     1 300000 sun.misc.FileURLMapper
  369  0.10% 78.60%       736    1       736     1 300000 sun.misc.URLClassPath$JarLoader$1
  370  0.10% 78.71%       736    1       736     1 300000 sun.misc.JavaUtilZipFileAccess
  371  0.10% 78.81%       736    1       736     1 300000 java.util.zip.ZipFile
  372  0.10% 78.91%       736    1       736     1 300000 java.util.zip.ZipConstants
  373  0.10% 79.02%       736    1       736     1 300000 sun.misc.URLClassPath$Loader
  374  0.10% 79.12%       736    1       736     1 300000 sun.misc.URLClassPath$3
  375  0.10% 79.23%       736    1       736     1 300000 sun.net.util.URLUtil
  376  0.10% 79.33%       736    1       736     1 300000 java.net.URLClassLoader$1
  377  0.10% 79.43%       736    1       736     1 300000 sun.instrument.TransformerManager$TransformerInfo
  378  0.10% 79.54%       736    1       736     1 300000 java.lang.instrument.Instrumentation
  379  0.10% 79.64%       736    1       736     1 300000 java.lang.InternalError
  380  0.10% 79.74%       736    1       736     1 300000 java.lang.SystemClassLoaderAction
  381  0.10% 79.85%       736    1       736     1 300000 sun.misc.Launcher$AppClassLoader$1
  382  0.10% 79.95%       736    1       736     1 300000 java.security.Principal
  383  0.10% 80.05%       736    1       736     1 300000 sun.misc.JavaSecurityProtectionDomainAccess
  384  0.10% 80.16%       736    1       736     1 300000 sun.misc.JavaSecurityAccess
  385  0.10% 80.26%       736    1       736     1 300000 java.net.URL[]
  386  0.10% 80.36%       736    1       736     1 300000 java.net.URLStreamHandler
  387  0.10% 80.47%       736    1       736     1 300000 java.net.Parts
  388  0.10% 80.57%       736    1       736     1 300000 java.lang.CharacterData
  389  0.10% 80.68%       736    1       736     1 300000 sun.util.locale.LocaleUtils
  390  0.10% 80.78%       736    1       736     1 300000 java.util.concurrent.ConcurrentHashMap$EntrySetView
  391  0.10% 80.88%       736    1       736     1 300000 java.util.concurrent.ConcurrentHashMap$ValuesView
  392  0.10% 80.99%       736    1       736     1 300000 java.util.concurrent.ConcurrentHashMap$KeySetView
  393  0.10% 81.09%       736    1       736     1 300000 java.util.concurrent.ConcurrentHashMap$CollectionView
  394  0.10% 81.19%       736    1       736     1 300000 java.util.concurrent.ConcurrentHashMap$CounterCell[]
  395  0.10% 81.30%       736    1       736     1 300000 java.util.concurrent.ConcurrentHashMap$CounterCell
  396  0.10% 81.40%       736    1       736     1 300000 java.util.concurrent.ConcurrentHashMap$Segment[]
  397  0.10% 81.50%       736    1       736     1 300000 java.util.concurrent.locks.ReentrantLock[]
  398  0.10% 81.61%       736    1       736     1 300000 java.util.concurrent.locks.Lock[]
  399  0.10% 81.71%       736    1       736     1 300000 java.util.concurrent.ConcurrentHashMap$Segment
  400  0.10% 81.81%       736    1       736     1 300000 java.util.concurrent.locks.ReentrantLock
  401  0.10% 81.92%       736    1       736     1 300000 java.util.concurrent.locks.Lock
  402  0.10% 82.02%       736    1       736     1 300000 java.util.concurrent.ConcurrentMap
  403  0.10% 82.13%       736    1       736     1 300000 sun.util.locale.LocaleObjectCache
  404  0.10% 82.23%       736    1       736     1 300000 sun.net.www.ParseUtil
  405  0.10% 82.33%       736    1       736     1 300000 java.io.FileInputStream$1
  406  0.10% 82.44%       736    1       736     1 300000 java.util.HashMap$TreeNode
  407  0.10% 82.54%       736    1       736     1 300000 java.lang.reflect.Array
  408  0.10% 82.64%       736    1       736     1 300000 java.nio.charset.CoderResult$Cache
  409  0.10% 82.75%       736    1       736     1 300000 java.nio.HeapCharBuffer
  410  0.10% 82.85%       736    1       736     1 300000 java.nio.CharBuffer
  411  0.10% 82.95%       736    1       736     1 300000 sun.nio.cs.StreamDecoder
  412  0.10% 83.06%       736    1       736     1 300000 java.io.FileReader
  413  0.10% 83.16%       736    1       736     1 300000 java.io.InputStreamReader
  414  0.10% 83.26%       736    1       736     1 300000 java.io.BufferedReader
  415  0.10% 83.37%       736    1       736     1 300000 java.io.Reader
  416  0.10% 83.47%       736    1       736     1 300000 java.lang.Readable
  417  0.10% 83.58%       736    1       736     1 300000 java.io.File[]
  418  0.10% 83.68%       736    1       736     1 300000 java.util.StringTokenizer
  419  0.10% 83.78%       736    1       736     1 300000 sun.misc.Launcher$ExtClassLoader$1
  420  0.10% 83.89%       736    1       736     1 300000 sun.misc.JavaNetAccess
  421  0.10% 83.99%       736    1       736     1 300000 java.lang.ClassLoader$ParallelLoaders
  422  0.10% 84.09%       736    1       736     1 300000 sun.security.util.Debug
  423  0.10% 84.20%       736    1       736     1 300000 java.net.URLStreamHandlerFactory
  424  0.10% 84.30%       736    1       736     1 300000 java.lang.Compiler$1
  425  0.10% 84.40%       736    1       736     1 300000 java.lang.Compiler
  426  0.10% 84.51%       736    1       736     1 300000 java.lang.IllegalArgumentException
  427  0.10% 84.61%       736    1       736     1 300000 sun.misc.JavaLangAccess
  428  0.10% 84.71%       736    1       736     1 300000 sun.misc.OSEnvironment
  429  0.10% 84.82%       736    1       736     1 300000 java.lang.Number[]
  430  0.10% 84.92%       736    1       736     1 300000 java.lang.Integer$IntegerCache
  431  0.10% 85.03%       736    1       736     1 300000 sun.misc.SignalHandler
  432  0.10% 85.13%       736    1       736     1 300000 java.lang.Terminator
  433  0.10% 85.23%       736    1       736     1 300000 java.lang.Enum[]
  434  0.10% 85.34%       736    1       736     1 300000 java.lang.ClassLoader$3
  435  0.10% 85.44%       736    1       736     1 300000 java.lang.StringCoding$StringEncoder
  436  0.10% 85.54%       736    1       736     1 300000 java.nio.file.Path
  437  0.10% 85.65%       736    1       736     1 300000 java.nio.file.Watchable
  438  0.10% 85.75%       736    1       736     1 300000 java.lang.Enum
  439  0.10% 85.85%       736    1       736     1 300000 java.util.LinkedHashMap
  440  0.10% 85.96%       736    1       736     1 300000 java.io.FileSystem
  441  0.10% 86.06%       736    1       736     1 300000 java.io.DefaultFileSystem
  442  0.10% 86.16%       736    1       736     1 300000 sun.misc.JavaNioAccess
  443  0.10% 86.27%       736    1       736     1 300000 java.nio.Bits
  444  0.10% 86.37%       736    1       736     1 300000 java.nio.ByteBuffer
  445  0.10% 86.47%       736    1       736     1 300000 java.nio.charset.CharsetEncoder
  446  0.10% 86.58%       736    1       736     1 300000 sun.nio.cs.ArrayEncoder
  447  0.10% 86.68%       736    1       736     1 300000 sun.security.action.GetPropertyAction
  448  0.10% 86.79%       736    1       736     1 300000 java.io.Writer
  449  0.10% 86.89%       736    1       736     1 300000 java.io.FilterOutputStream
  450  0.10% 86.99%       736    1       736     1 300000 sun.reflect.misc.ReflectUtil
  451  0.10% 87.10%       736    1       736     1 300000 java.util.concurrent.atomic.AtomicReferenceFieldUpdater$AtomicReferenceFieldUpdaterImpl$1
  452  0.10% 87.20%       736    1       736     1 300000 java.security.PrivilegedExceptionAction
  453  0.10% 87.30%       736    1       736     1 300000 java.util.concurrent.atomic.AtomicReferenceFieldUpdater
  454  0.10% 87.41%       736    1       736     1 300000 java.io.FilterInputStream
  455  0.10% 87.51%       736    1       736     1 300000 java.io.OutputStream
  456  0.10% 87.61%       736    1       736     1 300000 java.io.Flushable
  457  0.10% 87.72%       736    1       736     1 300000 sun.misc.JavaIOFileDescriptorAccess
  458  0.10% 87.82%       736    1       736     1 300000 sun.misc.Version
  459  0.10% 87.92%       736    1       736     1 300000 java.util.Hashtable$Enumerator
  460  0.10% 88.03%       736    1       736     1 300000 java.util.Iterator
  461  0.10% 88.13%       736    1       736     1 300000 java.util.Enumeration
  462  0.10% 88.24%       736    1       736     1 300000 java.util.Objects
  463  0.10% 88.34%       736    1       736     1 300000 java.util.Collections$SynchronizedCollection
  464  0.10% 88.44%       736    1       736     1 300000 java.nio.charset.CharsetDecoder
  465  0.10% 88.55%       736    1       736     1 300000 sun.nio.cs.ArrayDecoder
  466  0.10% 88.65%       736    1       736     1 300000 java.lang.StringCoding$StringDecoder
  467  0.10% 88.75%       736    1       736     1 300000 java.lang.ThreadLocal$ThreadLocalMap$Entry[]
  468  0.10% 88.86%       736    1       736     1 300000 java.lang.ref.WeakReference[]
  469  0.10% 88.96%       736    1       736     1 300000 java.lang.ref.Reference[]
  470  0.10% 89.06%       736    1       736     1 300000 java.lang.ThreadLocal$ThreadLocalMap$Entry
  471  0.10% 89.17%       736    1       736     1 300000 java.lang.ThreadLocal$ThreadLocalMap
  472  0.10% 89.27%       736    1       736     1 300000 java.lang.StringCoding
  473  0.10% 89.37%       736    1       736     1 300000 sun.reflect.DelegatingConstructorAccessorImpl
  474  0.10% 89.48%       736    1       736     1 300000 sun.reflect.NativeConstructorAccessorImpl
  475  0.10% 89.58%       736    1       736     1 300000 sun.reflect.ReflectionFactory$1
  476  0.10% 89.69%       736    1       736     1 300000 java.lang.Class$1
  477  0.10% 89.79%       736    1       736     1 300000 java.lang.reflect.Constructor[]
  478  0.10% 89.89%       736    1       736     1 300000 java.lang.reflect.Executable[]
  479  0.10% 90.00%       736    1       736     1 300000 sun.nio.cs.Unicode
  480  0.10% 90.10%       736    1       736     1 300000 sun.nio.cs.HistoricallyNamedCharset
  481  0.10% 90.20%       736    1       736     1 300000 java.util.Arrays
  482  0.10% 90.31%       736    1       736     1 300000 sun.reflect.LangReflectAccess
  483  0.10% 90.41%       736    1       736     1 300000 java.lang.reflect.Modifier
  484  0.10% 90.51%       736    1       736     1 300000 java.lang.ClassValue$ClassValueMap
  485  0.10% 90.62%       736    1       736     1 300000 sun.reflect.annotation.AnnotationType
  486  0.10% 90.72%       736    1       736     1 300000 java.lang.Class$AnnotationData
  487  0.10% 90.82%       736    1       736     1 300000 sun.reflect.generics.repository.ClassRepository
  488  0.10% 90.93%       736    1       736     1 300000 sun.reflect.generics.repository.GenericDeclRepository
  489  0.10% 91.03%       736    1       736     1 300000 sun.reflect.generics.repository.AbstractRepository
  490  0.10% 91.14%       736    1       736     1 300000 java.lang.reflect.Field[]
  491  0.10% 91.24%       736    1       736     1 300000 java.lang.reflect.Member[]
  492  0.10% 91.34%       736    1       736     1 300000 java.lang.reflect.AccessibleObject[]
  493  0.10% 91.45%       736    1       736     1 300000 java.lang.Class$Atomic
  494  0.10% 91.55%       736    1       736     1 300000 java.lang.Class$ReflectionData
  495  0.10% 91.65%       736    1       736     1 300000 java.lang.Class$3
  496  0.10% 91.76%       736    1       736     1 300000 sun.util.PreHashedMap
  497  0.10% 91.86%       736    1       736     1 300000 sun.nio.cs.FastCharsetProvider
  498  0.10% 91.96%       736    1       736     1 300000 java.nio.charset.spi.CharsetProvider
  499  0.10% 92.07%       736    1       736     1 300000 java.nio.charset.Charset
  500  0.10% 92.17%       736    1       736     1 300000 java.lang.Math
  501  0.10% 92.27%       736    1       736     1 300000 sun.misc.VM
  502  0.10% 92.38%       736    1       736     1 300000 java.util.Map$Entry[]
  503  0.10% 92.48%       736    1       736     1 300000 java.util.Map$Entry
  504  0.10% 92.59%       736    1       736     1 300000 sun.reflect.Reflection
  505  0.10% 92.69%       736    1       736     1 300000 java.lang.CharSequence[]
  506  0.10% 92.79%       736    1       736     1 300000 java.lang.NoSuchMethodError
  507  0.10% 92.90%       736    1       736     1 300079 java.lang.invoke.MethodHandleImpl$3
  508  0.10% 93.00%       736    1       736     1 300191 sun.usagetracker.UsageTrackerClient$3
  509  0.10% 93.10%       736    1       736     1 300185 java.net.SocksConsts
  510  0.10% 93.21%       736    1       736     1 300084 java.lang.ClassValue
  511  0.10% 93.31%       736    1       736     1 300084 java.lang.invoke.MethodHandleImpl$4
  512  0.10% 93.41%       736    1       736     1 300085 java.lang.ClassValue$Entry
  513  0.10% 93.52%       736    1       736     1 300172 sun.usagetracker.UsageTrackerClient$4
  514  0.10% 93.62%       736    1       736     1 300161 java.net.Inet4Address
  515  0.10% 93.72%       736    1       736     1 300089 java.net.InetAddress$InetAddressHolder
  516  0.10% 93.83%       736    1       736     1 300160 sun.usagetracker.UsageTrackerClient$1
  517  0.10% 93.93%       736    1       736     1 300091 java.lang.ClassValue$Identity
  518  0.10% 94.04%       736    1       736     1 300092 java.net.InetAddress$Cache
  519  0.10% 94.14%       736    1       760     2 300158 java.net.InetAddress[]
  520  0.10% 94.24%       736    1       736     1 300094 java.net.InetAddress$Cache$Type
  521  0.10% 94.35%       736    1       736     1 300095 java.lang.ClassValue$Version
  522  0.10% 94.45%       736    1       736     1 300156 sun.net.util.IPAddressUtil
  523  0.10% 94.55%       736    1       736     1 300155 java.util.concurrent.atomic.AtomicBoolean
  524  0.10% 94.66%       736    1       736     1 300151 sun.usagetracker.UsageTrackerClient
  525  0.10% 94.76%       736    1       736     1 300141 java.net.InetAddress$2
  526  0.10% 94.86%       736    1       736     1 300141 sun.net.spi.nameservice.NameService
  527  0.10% 94.97%       736    1       736     1 300140 sun.misc.PostVMInitHook$1
  528  0.10% 95.07%       736    1       736     1 300106 java.net.InetAddressImplFactory
  529  0.10% 95.17%       736    1       736     1 300107 java.lang.invoke.MemberName$Factory
  530  0.10% 95.28%       736    1       736     1 300000 sun.misc.PostVMInitHook
  531  0.10% 95.38%       736    1       736     1 300109 java.lang.invoke.MethodHandleStatics
  532  0.10% 95.48%       736    1       736     1 300118 java.net.Inet6AddressImpl
  533  0.10% 95.59%       736    1       736     1 300418 java.net.URI$Parser
  534  0.10% 95.69%       736    1       736     1 300417 java.lang.Void
  535  0.10% 95.80%       736    1       736     1 300402 java.lang.Class$MethodArray
  536  0.10% 95.90%       736    1       736     1 300400 sun.launcher.LauncherHelper$FXHelper
  537  0.10% 96.00%       736    1       736     1 300399 java.net.URI
  538  0.10% 96.11%       736    1       736     1 300398 labs.lab1.examples.First
  539  0.10% 96.21%       736    1       736     1 300350 java.util.Properties$LineReader
  540  0.10% 96.31%       736    1       736     1 300322 sun.net.NetProperties$1
  541  0.10% 96.42%       736    1       736     1 300051 java.lang.invoke.MethodHandleImpl$1
  542  0.10% 96.52%       736    1       736     1 300319 sun.net.NetProperties
  543  0.10% 96.62%       736    1       736     1 300315 sun.net.spi.DefaultProxySelector$1
  544  0.10% 96.73%       736    1       736     1 300308 sun.net.spi.DefaultProxySelector
  545  0.10% 96.83%       736    1       736     1 300294 java.net.ProxySelector
  546  0.10% 96.93%       736    1       736     1 300290 java.net.SocksSocketImpl$3
  547  0.10% 97.04%       736    1       736     1 300278 java.net.SocketException
  548  0.10% 97.14%       736    1       736     1 300278 java.io.IOException
  549  0.10% 97.25%       736    1       736     1 300275 sun.misc.URLClassPath$FileLoader$1
  550  0.10% 97.35%       736    1       736     1 300000 sun.launcher.LauncherHelper
  551  0.10% 97.45%       736    1       736     1 300225 java.net.Inet6Address$Inet6AddressHolder
  552  0.10% 97.56%       736    1       736     1 300223 java.io.FileOutputStream$1
  553  0.10% 97.66%       736    1       736     1 300217 java.net.Inet6Address
  554  0.10% 97.76%       736    1       736     1 300206 java.net.AbstractPlainSocketImpl$1
  555  0.10% 97.87%       736    1       736     1 300185 java.net.SocksSocketImpl
  556  0.10% 97.97%       736    1       736     1 300185 java.net.PlainSocketImpl
  557  0.10% 98.07%       736    1       736     1 300185 java.net.AbstractPlainSocketImpl
  558  0.10% 98.18%       736    1       736     1 300185 java.net.SocketImpl
  559  0.10% 98.28%       736    1       736     1 300077 java.util.function.Function
  560  0.10% 98.38%       736    1       736     1 300077 java.lang.invoke.MethodHandleImpl$2
  561  0.10% 98.49%       736    1       736     1 300185 java.net.SocketOptions
  562  0.08% 98.56%       544    2       544     2 300438 java.util.concurrent.ConcurrentHashMap$Node[]
  563  0.05% 98.62%       384    2       384     2 300065 char[]
  564  0.05% 98.67%       384    2       384     2 300061 char[]
  565  0.05% 98.72%       360    5       360     5 300356 char[]
  566  0.05% 98.77%       344    2      1080     6 300035 char[]
  567  0.05% 98.82%       320    8       320     8 300021 java.lang.ref.SoftReference
  568  0.04% 98.86%       280    5       280     5 300020 java.lang.Class$ReflectionData
  569  0.04% 98.89%       256    8       256     8 300239 java.util.concurrent.ConcurrentHashMap$Node
  570  0.03% 98.92%       224    5       224     5 300358 char[]
  571  0.03% 98.95%       200    5       200     5 300069 java.lang.ref.Finalizer
  572  0.03% 98.98%       192    6       192     6 300285 java.util.HashMap$Node
  573  0.02% 99.00%       176    4       304     9 300421 char[]
  574  0.02% 99.03%       168    1       168     1 300371 char[]
  575  0.02% 99.05%       168    1       168     1 300367 char[]
  576  0.02% 99.07%       160    2       160     2 300121 java.lang.reflect.Constructor
  577  0.02% 99.10%       160    5       160     5 300359 java.util.Hashtable$Entry
  578  0.02% 99.11%       128    4       128     4 300441 java.util.concurrent.ConcurrentHashMap$Node
  579  0.02% 99.13%       128    4       128     4 300440 java.util.concurrent.ConcurrentHashMap$Node
  580  0.02% 99.15%       120    5       120     5 300357 java.lang.String
  581  0.02% 99.17%       120    5       120     5 300355 java.lang.String
  582  0.02% 99.18%       120    3       120     3 300067 java.util.LinkedHashMap$Entry
  583  0.02% 99.20%       112    2       112     2 300143 java.lang.Object[]
  584  0.02% 99.21%       112    2       112     2 300101 java.util.LinkedHashMap
  585  0.02% 99.23%       112    1       112     1 300255 java.net.SocksSocketImpl
  586  0.02% 99.25%       112    2       112     2 300120 java.lang.Class$ReflectionData
  587  0.01% 99.26%        96    2        96     2 300456 java.nio.HeapCharBuffer
  588  0.01% 99.27%        88    1      6816    41 300012 char[]
  589  0.01% 99.28%        88    2       400    11 300016 char[]
  590  0.01% 99.30%        80    1        80     1 300039 java.lang.ThreadLocal$ThreadLocalMap$Entry[]
  591  0.01% 99.31%        80    1        80     1 300379 java.util.HashMap$Node[]
  592  0.01% 99.32%        80    1        80     1 300374 java.util.HashMap$Node[]
  593  0.01% 99.33%        80    5        80     5 300002 java.lang.Object
  594  0.01% 99.34%        80    1        80     1 300415 java.net.URI
  595  0.01% 99.35%        80    5        80     5 300240 java.lang.Object
  596  0.01% 99.36%        80    5        80     5 300238 java.lang.Object
SITES END
